Archive member included because of file (symbol)

../../lib/cc3-ilp\libcc3-ilp_lpc2106-cmucam3.a(cc3_ilp.o)
                              lpc2106-cmucam3_buildfiles/main.o (cc3_get_pixel)
../../lib/cc3-ilp\libcc3-ilp_lpc2106-cmucam3.a(cc3_math.o)
                              lpc2106-cmucam3_buildfiles/main.o (cc3_linear_reg)
../../lib/cc3-ilp\libcc3-ilp_lpc2106-cmucam3.a(cc3_conv.o)
                              lpc2106-cmucam3_buildfiles/polly.o (cc3_convolve_img)
../../lib/cc3-ilp\libcc3-ilp_lpc2106-cmucam3.a(cc3_img_writer.o)
                              lpc2106-cmucam3_buildfiles/main.o (cc3_img_write_file_create)
../../hal/lpc2106-cmucam3\libhal-lpc2106-cmucam3.a(interrupt.o)
                              (--whole-archive)
../../hal/lpc2106-cmucam3\libhal-lpc2106-cmucam3.a(cc3.o)
                              (--whole-archive)
../../hal/lpc2106-cmucam3\libhal-lpc2106-cmucam3.a(cc3_hal.o)
                              (--whole-archive)
../../hal/lpc2106-cmucam3\libhal-lpc2106-cmucam3.a(syscalls.o)
                              (--whole-archive)
../../hal/lpc2106-cmucam3\libhal-lpc2106-cmucam3.a(serial.o)
                              (--whole-archive)
../../hal/lpc2106-cmucam3\libhal-lpc2106-cmucam3.a(servo.o)
                              (--whole-archive)
../../hal/lpc2106-cmucam3\libhal-lpc2106-cmucam3.a(rdcf2.o)
                              (--whole-archive)
../../hal/lpc2106-cmucam3\libhal-lpc2106-cmucam3.a(mmc_hardware.o)
                              (--whole-archive)
../../hal/lpc2106-cmucam3\libhal-lpc2106-cmucam3.a(mmc_driver.o)
                              (--whole-archive)
../../hal/lpc2106-cmucam3\libhal-lpc2106-cmucam3.a(gpio.o)
                              (--whole-archive)
../../hal/lpc2106-cmucam3\libhal-lpc2106-cmucam3.a(devices.o)
                              (--whole-archive)
../../hal/lpc2106-cmucam3\libhal-lpc2106-cmucam3.a(uart_driver.o)
                              (--whole-archive)
../../hal/lpc2106-cmucam3\libhal-lpc2106-cmucam3.a(startup.o)
                              (--whole-archive)
c:/sourcery_codebench_lite_for_arm_eabi/bin/../lib/gcc/arm-none-eabi/4.8.1\libgcc.a(_udivsi3.o)
                              ../../lib/cc3-ilp\libcc3-ilp_lpc2106-cmucam3.a(cc3_math.o) (__aeabi_uidiv)
c:/sourcery_codebench_lite_for_arm_eabi/bin/../lib/gcc/arm-none-eabi/4.8.1\libgcc.a(_divsi3.o)
                              ../../hal/lpc2106-cmucam3\libhal-lpc2106-cmucam3.a(cc3.o) (__aeabi_idiv)
c:/sourcery_codebench_lite_for_arm_eabi/bin/../lib/gcc/arm-none-eabi/4.8.1\libgcc.a(_dvmd_tls.o)
                              c:/sourcery_codebench_lite_for_arm_eabi/bin/../lib/gcc/arm-none-eabi/4.8.1\libgcc.a(_udivsi3.o) (__aeabi_idiv0)
c:/sourcery_codebench_lite_for_arm_eabi/bin/../lib/gcc/arm-none-eabi/4.8.1\libgcc.a(_arm_addsubdf3.o)
                              lpc2106-cmucam3_buildfiles/main.o (__aeabi_dsub)
c:/sourcery_codebench_lite_for_arm_eabi/bin/../lib/gcc/arm-none-eabi/4.8.1\libgcc.a(_arm_muldivdf3.o)
                              lpc2106-cmucam3_buildfiles/main.o (__aeabi_dmul)
c:/sourcery_codebench_lite_for_arm_eabi/bin/../lib/gcc/arm-none-eabi/4.8.1\libgcc.a(_arm_fixdfsi.o)
                              lpc2106-cmucam3_buildfiles/main.o (__aeabi_d2iz)
c:/sourcery_codebench_lite_for_arm_eabi/bin/../lib/gcc/arm-none-eabi/4.8.1\libgcc.a(_arm_fixunsdfsi.o)
                              lpc2106-cmucam3_buildfiles/main.o (__aeabi_d2uiz)
c:/sourcery_codebench_lite_for_arm_eabi/bin/../lib/gcc/arm-none-eabi/4.8.1/../../../../arm-none-eabi/lib\libc.a(lib_a-calloc.o)
                              ../../hal/lpc2106-cmucam3\libhal-lpc2106-cmucam3.a(mmc_hardware.o) (calloc)
c:/sourcery_codebench_lite_for_arm_eabi/bin/../lib/gcc/arm-none-eabi/4.8.1/../../../../arm-none-eabi/lib\libc.a(lib_a-callocr.o)
                              c:/sourcery_codebench_lite_for_arm_eabi/bin/../lib/gcc/arm-none-eabi/4.8.1/../../../../arm-none-eabi/lib\libc.a(lib_a-calloc.o) (_calloc_r)
c:/sourcery_codebench_lite_for_arm_eabi/bin/../lib/gcc/arm-none-eabi/4.8.1/../../../../arm-none-eabi/lib\libc.a(lib_a-ctype_.o)
                              ../../hal/lpc2106-cmucam3\libhal-lpc2106-cmucam3.a(syscalls.o) (__ctype_ptr__)
c:/sourcery_codebench_lite_for_arm_eabi/bin/../lib/gcc/arm-none-eabi/4.8.1/../../../../arm-none-eabi/lib\libc.a(lib_a-exit.o)
                              lpc2106-cmucam3_buildfiles/main.o (exit)
c:/sourcery_codebench_lite_for_arm_eabi/bin/../lib/gcc/arm-none-eabi/4.8.1/../../../../arm-none-eabi/lib\libc.a(lib_a-fclose.o)
                              lpc2106-cmucam3_buildfiles/polly.o (fclose)
c:/sourcery_codebench_lite_for_arm_eabi/bin/../lib/gcc/arm-none-eabi/4.8.1/../../../../arm-none-eabi/lib\libc.a(lib_a-fflush.o)
                              c:/sourcery_codebench_lite_for_arm_eabi/bin/../lib/gcc/arm-none-eabi/4.8.1/../../../../arm-none-eabi/lib\libc.a(lib_a-fclose.o) (_fflush_r)
[...]
Memory Configuration

Name             Origin             Length             Attributes
ROM              0x00000000         0x0001e000         xr
RAM              0x40000000         0x00010000         rw
*default*        0x00000000         0xffffffff

Linker script and memory map

LOAD c:/sourcery_codebench_lite_for_arm_eabi/bin/../lib/gcc/arm-none-eabi/4.8.1/crti.o
LOAD c:/sourcery_codebench_lite_for_arm_eabi/bin/../lib/gcc/arm-none-eabi/4.8.1/crtbegin.o
LOAD lpc2106-cmucam3_buildfiles/main.o
LOAD lpc2106-cmucam3_buildfiles/polly.o
LOAD ../../lib/cc3-ilp\libcc3-ilp_lpc2106-cmucam3.a
LOAD ../../hal/lpc2106-cmucam3\libhal-lpc2106-cmucam3.a
LOAD c:/sourcery_codebench_lite_for_arm_eabi/bin/../lib/gcc/arm-none-eabi/4.8.1/../../../../arm-none-eabi/lib\libm.a
START GROUP
LOAD c:/sourcery_codebench_lite_for_arm_eabi/bin/../lib/gcc/arm-none-eabi/4.8.1\libgcc.a
LOAD c:/sourcery_codebench_lite_for_arm_eabi/bin/../lib/gcc/arm-none-eabi/4.8.1/../../../../arm-none-eabi/lib\libc.a
END GROUP
LOAD c:/sourcery_codebench_lite_for_arm_eabi/bin/../lib/gcc/arm-none-eabi/4.8.1/crtend.o
LOAD c:/sourcery_codebench_lite_for_arm_eabi/bin/../lib/gcc/arm-none-eabi/4.8.1/crtn.o
                0x00002400                STACK_SIZE = 0x2400

.text           0x00000000     0xc9c0
 *(.boot)
 .boot          0x00000000      0x140 ../../hal/lpc2106-cmucam3\libhal-lpc2106-cmucam3.a(startup.o)
                0x00000000                _boot
                0x0000006c                _start
                0x0000006c                start
                0x0000006c                _mainCRTStartup
 *(.text .text.* .gnu.linkonce.t.*)
 .text          0x00000140      0x128 c:/sourcery_codebench_lite_for_arm_eabi/bin/../lib/gcc/arm-none-eabi/4.8.1/crtbegin.o
 .text.startup.main
                0x00000268      0x4fc lpc2106-cmucam3_buildfiles/main.o
                0x00000268                main
 .text.count    0x00000764      0x370 lpc2106-cmucam3_buildfiles/polly.o
                0x00000764                count
 .text.reduce   0x00000ad4      0x3bc lpc2106-cmucam3_buildfiles/polly.o
                0x00000ad4                reduce
 .text.connected_component_reduce
                0x00000e90      0x174 lpc2106-cmucam3_buildfiles/polly.o
                0x00000e90                connected_component_reduce
 .text.generate_polly_histogram
                0x00001004      0x16c lpc2106-cmucam3_buildfiles/polly.o
                0x00001004                generate_polly_histogram
 .text.polly    0x00001170      0x3d8 lpc2106-cmucam3_buildfiles/polly.o
                0x00001170                polly
 .text.cc3_get_pixel
                0x00001548       0x7c ../../lib/cc3-ilp\libcc3-ilp_lpc2106-cmucam3.a(cc3_ilp.o)
                0x00001548                cc3_get_pixel
 .text.cc3_set_pixel
                0x000015c4       0x7c ../../lib/cc3-ilp\libcc3-ilp_lpc2106-cmucam3.a(cc3_ilp.o)
                0x000015c4                cc3_set_pixel
 .text.cc3_linear_reg
                0x00001640      0x3b4 ../../lib/cc3-ilp\libcc3-ilp_lpc2106-cmucam3.a(cc3_math.o)
                0x00001640                cc3_linear_reg
 .text.cc3_convolve_img
                0x000019f4      0x194 ../../lib/cc3-ilp\libcc3-ilp_lpc2106-cmucam3.a(cc3_conv.o)
                0x000019f4                cc3_convolve_img
 .text.panic_blink
                0x00001b88       0x6c ../../hal/lpc2106-cmucam3\libhal-lpc2106-cmucam3.a(interrupt.o)
 .text.enable_ext_interrupt
                0x00001bf4       0x20 ../../hal/lpc2106-cmucam3\libhal-lpc2106-cmucam3.a(interrupt.o)
                0x00001bf4                enable_ext_interrupt
 .text.enable_button_interrupt
                0x00001c14       0x28 ../../hal/lpc2106-cmucam3\libhal-lpc2106-cmucam3.a(interrupt.o)
                0x00001c14                enable_button_interrupt
 .text.disable_button_interrupt
                0x00001c3c       0x34 ../../hal/lpc2106-cmucam3\libhal-lpc2106-cmucam3.a(interrupt.o)
                0x00001c3c                disable_button_interrupt
 .text.interrupt
                0x00001c70       0xc4 ../../hal/lpc2106-cmucam3\libhal-lpc2106-cmucam3.a(interrupt.o)
                0x00001c70                interrupt
 .text.swi      0x00001d34       0x18 ../../hal/lpc2106-cmucam3\libhal-lpc2106-cmucam3.a(interrupt.o)
                0x00001d34                swi
 .text.undefined
                0x00001d4c        0xc ../../hal/lpc2106-cmucam3\libhal-lpc2106-cmucam3.a(interrupt.o)
                0x00001d4c                undefined
 .text.prefetch_abort
                0x00001d58       0x24 ../../hal/lpc2106-cmucam3\libhal-lpc2106-cmucam3.a(interrupt.o)
                0x00001d58                prefetch_abort
 .text.data_abort
                0x00001d7c       0x24 ../../hal/lpc2106-cmucam3\libhal-lpc2106-cmucam3.a(interrupt.o)
                0x00001d7c                data_abort
 .text.cc3_pixbuf_rewind
                0x00001da0       0x80 ../../hal/lpc2106-cmucam3\libhal-lpc2106-cmucam3.a(cc3.o)
                0x00001da0                cc3_pixbuf_rewind
 .text.cc3_pixbuf_load
                0x00001e20       0xa4 ../../hal/lpc2106-cmucam3\libhal-lpc2106-cmucam3.a(cc3.o)
                0x00001e20                cc3_pixbuf_load
 .text.cc3_led_set_state
                0x00001ec4       0x8c ../../hal/lpc2106-cmucam3\libhal-lpc2106-cmucam3.a(cc3.o)
                0x00001ec4                cc3_led_set_state
 .text.cc3_malloc_rows
                0x00001f50       0x28 ../../hal/lpc2106-cmucam3\libhal-lpc2106-cmucam3.a(cc3.o)
                0x00001f50                cc3_malloc_rows
 .text.cc3_pixbuf_read_rows
                0x00001f78      0x630 ../../hal/lpc2106-cmucam3\libhal-lpc2106-cmucam3.a(cc3.o)
                0x00001f78                cc3_pixbuf_read_rows
 .text.cc3_timer_wait_ms
                0x000025a8       0x20 ../../hal/lpc2106-cmucam3\libhal-lpc2106-cmucam3.a(cc3.o)
                0x000025a8                cc3_timer_wait_ms
 .text.cc3_pixbuf_frame_set_subsample
                0x000025c8       0x94 ../../hal/lpc2106-cmucam3\libhal-lpc2106-cmucam3.a(cc3.o)
                0x000025c8                cc3_pixbuf_frame_set_subsample
 .text.cc3_pixbuf_frame_set_coi
                0x0000265c       0x34 ../../hal/lpc2106-cmucam3\libhal-lpc2106-cmucam3.a(cc3.o)
                0x0000265c                cc3_pixbuf_frame_set_coi
 .text.cc3_pixbuf_frame_reset
                0x00002690       0x58 ../../hal/lpc2106-cmucam3\libhal-lpc2106-cmucam3.a(cc3.o)
                0x00002690                cc3_pixbuf_frame_reset
 .text.cc3_camera_set_raw_register
                0x000026e8      0x180 ../../hal/lpc2106-cmucam3\libhal-lpc2106-cmucam3.a(cc3.o)
                0x000026e8                cc3_camera_set_raw_register
 .text._cc3_set_register_state
                0x00002868      0x148 ../../hal/lpc2106-cmucam3\libhal-lpc2106-cmucam3.a(cc3.o)
 .text.cc3_camera_init
                0x000029b0       0x88 ../../hal/lpc2106-cmucam3\libhal-lpc2106-cmucam3.a(cc3.o)
                0x000029b0                cc3_camera_init
 .text.cc3_camera_set_resolution
                0x00002a38       0x10 ../../hal/lpc2106-cmucam3\libhal-lpc2106-cmucam3.a(cc3.o)
                0x00002a38                cc3_camera_set_resolution
 .text.cc3_camera_set_colorspace
                0x00002a48       0x10 ../../hal/lpc2106-cmucam3\libhal-lpc2106-cmucam3.a(cc3.o)
                0x00002a48                cc3_camera_set_colorspace
 .text.cc3_camera_set_auto_exposure
                0x00002a58       0x10 ../../hal/lpc2106-cmucam3\libhal-lpc2106-cmucam3.a(cc3.o)
                0x00002a58                cc3_camera_set_auto_exposure
 .text.cc3_camera_set_auto_white_balance
                0x00002a68       0x10 ../../hal/lpc2106-cmucam3\libhal-lpc2106-cmucam3.a(cc3.o)
                0x00002a68                cc3_camera_set_auto_white_balance
 .text._cc3_system_setup
                0x00002a78       0xa8 ../../hal/lpc2106-cmucam3\libhal-lpc2106-cmucam3.a(cc3_hal.o)
                0x00002a78                _cc3_system_setup
 .text._cc3_delay_us_4
                0x00002b20       0x60 ../../hal/lpc2106-cmucam3\libhal-lpc2106-cmucam3.a(cc3_hal.o)
                0x00002b20                _cc3_delay_us_4
 .text._cc3_camera_reset
                0x00002b80       0x38 ../../hal/lpc2106-cmucam3\libhal-lpc2106-cmucam3.a(cc3_hal.o)
                0x00002b80                _cc3_camera_reset
 .text._cc3_fifo_reset
                0x00002bb8       0x60 ../../hal/lpc2106-cmucam3\libhal-lpc2106-cmucam3.a(cc3_hal.o)
                0x00002bb8                _cc3_fifo_reset
 .text._cc3_delay_sccb
                0x00002c18       0x38 ../../hal/lpc2106-cmucam3\libhal-lpc2106-cmucam3.a(cc3_hal.o)
                0x00002c18                _cc3_delay_sccb
 .text._cc3_pixbuf_write_rewind
                0x00002c50       0x30 ../../hal/lpc2106-cmucam3\libhal-lpc2106-cmucam3.a(cc3_hal.o)
                0x00002c50                _cc3_pixbuf_write_rewind
 .text._write   0x00002c80       0x58 ../../hal/lpc2106-cmucam3\libhal-lpc2106-cmucam3.a(syscalls.o)
                0x00002c80                _write
 .text._read    0x00002cd8       0x58 ../../hal/lpc2106-cmucam3\libhal-lpc2106-cmucam3.a(syscalls.o)
                0x00002cd8                _read
 .text._exit    0x00002d30        0x4 ../../hal/lpc2106-cmucam3\libhal-lpc2106-cmucam3.a(syscalls.o)
                0x00002d30                _exit
 .text._close   0x00002d34       0x48 ../../hal/lpc2106-cmucam3\libhal-lpc2106-cmucam3.a(syscalls.o)
                0x00002d34                _close
 .text._lseek   0x00002d7c       0x58 ../../hal/lpc2106-cmucam3\libhal-lpc2106-cmucam3.a(syscalls.o)
                0x00002d7c                _lseek
 .text._fstat   0x00002dd4       0x50 ../../hal/lpc2106-cmucam3\libhal-lpc2106-cmucam3.a(syscalls.o)
                0x00002dd4                _fstat
 .text._isatty  0x00002e24       0x2c ../../hal/lpc2106-cmucam3\libhal-lpc2106-cmucam3.a(syscalls.o)
                0x00002e24                _isatty
 .text._gettimeofday
                0x00002e50        0x8 ../../hal/lpc2106-cmucam3\libhal-lpc2106-cmucam3.a(syscalls.o)
                0x00002e50                _gettimeofday
 .text._sbrk    0x00002e58       0x50 ../../hal/lpc2106-cmucam3\libhal-lpc2106-cmucam3.a(syscalls.o)
                0x00002e58                _sbrk
 .text.cc3_uart_get_count
                0x00002ea8        0x8 ../../hal/lpc2106-cmucam3\libhal-lpc2106-cmucam3.a(serial.o)
                0x00002ea8                cc3_uart_get_count
 .text.cc3_uart_init
                0x00002eb0      0x180 ../../hal/lpc2106-cmucam3\libhal-lpc2106-cmucam3.a(serial.o)
                0x00002eb0                cc3_uart_init
 .text.uart0_putc
                0x00003030       0x20 ../../hal/lpc2106-cmucam3\libhal-lpc2106-cmucam3.a(serial.o)
                0x00003030                uart0_putc
 .text.uart1_putc
                0x00003050       0x20 ../../hal/lpc2106-cmucam3\libhal-lpc2106-cmucam3.a(serial.o)
                0x00003050                uart1_putc
 .text.uart0_getc
                0x00003070       0x20 ../../hal/lpc2106-cmucam3\libhal-lpc2106-cmucam3.a(serial.o)
                0x00003070                uart0_getc
 .text.uart1_getc
                0x00003090       0x20 ../../hal/lpc2106-cmucam3\libhal-lpc2106-cmucam3.a(serial.o)
                0x00003090                uart1_getc
 .text.uart0_write
                0x000030b0       0x38 ../../hal/lpc2106-cmucam3\libhal-lpc2106-cmucam3.a(serial.o)
                0x000030b0                uart0_write
 .text.uart0_write_hex
                0x000030e8       0xcc ../../hal/lpc2106-cmucam3\libhal-lpc2106-cmucam3.a(serial.o)
                0x000030e8                uart0_write_hex
 .text._cc3_servo_int
                0x000031b4      0x12c ../../hal/lpc2106-cmucam3\libhal-lpc2106-cmucam3.a(servo.o)
                0x000031b4                _cc3_servo_int
 .text.name_extension_to_spec
                0x000032e0       0x64 ../../hal/lpc2106-cmucam3\libhal-lpc2106-cmucam3.a(rdcf2.o)
 .text.read_file_system_information
                0x00003344       0x88 ../../hal/lpc2106-cmucam3\libhal-lpc2106-cmucam3.a(rdcf2.o)
 .text.rdcf_get_date_and_time
                0x000033cc       0xb4 ../../hal/lpc2106-cmucam3\libhal-lpc2106-cmucam3.a(rdcf2.o)
 .text.first_sector_in_cluster
                0x00003480       0x40 ../../hal/lpc2106-cmucam3\libhal-lpc2106-cmucam3.a(rdcf2.o)
 .text.check_file_character
                0x000034c0       0x34 ../../hal/lpc2106-cmucam3\libhal-lpc2106-cmucam3.a(rdcf2.o)
 .text.spec_to_name_extension
                0x000034f4      0x14c ../../hal/lpc2106-cmucam3\libhal-lpc2106-cmucam3.a(rdcf2.o)
 .text.write_sector
                0x00003640       0x40 ../../hal/lpc2106-cmucam3\libhal-lpc2106-cmucam3.a(rdcf2.o)
 .text.flush_buffer.part.0
                0x00003680       0x68 ../../hal/lpc2106-cmucam3\libhal-lpc2106-cmucam3.a(rdcf2.o)
 .text.read_buffer
                0x000036e8       0x78 ../../hal/lpc2106-cmucam3\libhal-lpc2106-cmucam3.a(rdcf2.o)
 .text.find_directory
                0x00003760       0x54 ../../hal/lpc2106-cmucam3\libhal-lpc2106-cmucam3.a(rdcf2.o)
 .text.update_directory_entry
                0x000037b4       0xdc ../../hal/lpc2106-cmucam3\libhal-lpc2106-cmucam3.a(rdcf2.o)
 .text.FAT_entry
                0x00003890       0xa8 ../../hal/lpc2106-cmucam3\libhal-lpc2106-cmucam3.a(rdcf2.o)
 .text.find_file_in_directory_or_find_volume
                0x00003938      0x240 ../../hal/lpc2106-cmucam3\libhal-lpc2106-cmucam3.a(rdcf2.o)
 .text.find_file
                0x00003b78       0x88 ../../hal/lpc2106-cmucam3\libhal-lpc2106-cmucam3.a(rdcf2.o)
 .text.set_FAT_entry
                0x00003c00      0x100 ../../hal/lpc2106-cmucam3\libhal-lpc2106-cmucam3.a(rdcf2.o)
 .text.release_FAT_entries
                0x00003d00       0x9c ../../hal/lpc2106-cmucam3\libhal-lpc2106-cmucam3.a(rdcf2.o)
 .text.add_new_cluster
                0x00003d9c       0xac ../../hal/lpc2106-cmucam3\libhal-lpc2106-cmucam3.a(rdcf2.o)
 .text.rdcf_close
                0x00003e48       0xb8 ../../hal/lpc2106-cmucam3\libhal-lpc2106-cmucam3.a(rdcf2.o)
                0x00003e48                rdcf_close
 .text.rdcf_delete
                0x00003f00      0x1c4 ../../hal/lpc2106-cmucam3\libhal-lpc2106-cmucam3.a(rdcf2.o)
                0x00003f00                rdcf_delete
 .text.rdcf_rename
                0x000040c4      0x128 ../../hal/lpc2106-cmucam3\libhal-lpc2106-cmucam3.a(rdcf2.o)
                0x000040c4                rdcf_rename
 .text.rdcf_read
                0x000041ec      0x230 ../../hal/lpc2106-cmucam3\libhal-lpc2106-cmucam3.a(rdcf2.o)
                0x000041ec                rdcf_read
 .text.rdcf_seek
                0x0000441c       0xfc ../../hal/lpc2106-cmucam3\libhal-lpc2106-cmucam3.a(rdcf2.o)
                0x0000441c                rdcf_seek
 .text.rdcf_open
                0x00004518      0x2e4 ../../hal/lpc2106-cmucam3\libhal-lpc2106-cmucam3.a(rdcf2.o)
                0x00004518                rdcf_open
 .text.real_rdcf_write
                0x000047fc      0x2e4 ../../hal/lpc2106-cmucam3\libhal-lpc2106-cmucam3.a(rdcf2.o)
 .text.rdcf_write
                0x00004ae0       0x34 ../../hal/lpc2106-cmucam3\libhal-lpc2106-cmucam3.a(rdcf2.o)
                0x00004ae0                rdcf_write
 .text.unselectMMC
                0x00004b14       0x3c ../../hal/lpc2106-cmucam3\libhal-lpc2106-cmucam3.a(mmc_hardware.o)
 .text._cc3_mmc_block_read
                0x00004b50      0x1fc ../../hal/lpc2106-cmucam3\libhal-lpc2106-cmucam3.a(mmc_hardware.o)
                0x00004b50                _cc3_mmc_block_read
 .text._cc3_mmc_block_write
                0x00004d4c      0x248 ../../hal/lpc2106-cmucam3\libhal-lpc2106-cmucam3.a(mmc_hardware.o)
                0x00004d4c                _cc3_mmc_block_write
 .text._cc3_mmc_init
                0x00004f94      0x438 ../../hal/lpc2106-cmucam3\libhal-lpc2106-cmucam3.a(mmc_hardware.o)
                0x00004f94                _cc3_mmc_init
 .text._cc3_mmc_idle
                0x000053cc       0x18 ../../hal/lpc2106-cmucam3\libhal-lpc2106-cmucam3.a(mmc_hardware.o)
                0x000053cc                _cc3_mmc_idle
 .text.mmc_recognize
                0x000053e4       0x34 ../../hal/lpc2106-cmucam3\libhal-lpc2106-cmucam3.a(mmc_driver.o)
 .text.mmc_fstat
                0x00005418       0x18 ../../hal/lpc2106-cmucam3\libhal-lpc2106-cmucam3.a(mmc_driver.o)
 .text.allocate_1_fcb
                0x00005430       0x34 ../../hal/lpc2106-cmucam3\libhal-lpc2106-cmucam3.a(mmc_driver.o)
 .text.mmc_rename
                0x00005464       0xa0 ../../hal/lpc2106-cmucam3\libhal-lpc2106-cmucam3.a(mmc_driver.o)
 .text.mmc_unlink
                0x00005504       0x98 ../../hal/lpc2106-cmucam3\libhal-lpc2106-cmucam3.a(mmc_driver.o)
 .text.mmc_lseek
                0x0000559c       0xd0 ../../hal/lpc2106-cmucam3\libhal-lpc2106-cmucam3.a(mmc_driver.o)
 .text.mmc_write
                0x0000566c       0x8c ../../hal/lpc2106-cmucam3\libhal-lpc2106-cmucam3.a(mmc_driver.o)
 .text.mmc_read
                0x000056f8       0x8c ../../hal/lpc2106-cmucam3\libhal-lpc2106-cmucam3.a(mmc_driver.o)
 .text.mmc_close
                0x00005784       0xcc ../../hal/lpc2106-cmucam3\libhal-lpc2106-cmucam3.a(mmc_driver.o)
 .text.mmc_open
                0x00005850       0xe0 ../../hal/lpc2106-cmucam3\libhal-lpc2106-cmucam3.a(mmc_driver.o)
 .text.cc3_filesystem_init
                0x00005930       0x18 ../../hal/lpc2106-cmucam3\libhal-lpc2106-cmucam3.a(devices.o)
                0x00005930                cc3_filesystem_init
 .text._cc3_get_internal_file_number
                0x00005948        0x8 ../../hal/lpc2106-cmucam3\libhal-lpc2106-cmucam3.a(devices.o)
                0x00005948                _cc3_get_internal_file_number
 .text._cc3_get_driver_for_file_number
                0x00005950       0x20 ../../hal/lpc2106-cmucam3\libhal-lpc2106-cmucam3.a(devices.o)
                0x00005950                _cc3_get_driver_for_file_number
 .text.uart_close
                0x00005970        0x8 ../../hal/lpc2106-cmucam3\libhal-lpc2106-cmucam3.a(uart_driver.o)
 .text.uart_read
                0x00005978       0xf0 ../../hal/lpc2106-cmucam3\libhal-lpc2106-cmucam3.a(uart_driver.o)
 .text.uart_write
                0x00005a68      0x104 ../../hal/lpc2106-cmucam3\libhal-lpc2106-cmucam3.a(uart_driver.o)
 .text.uart_lseek
                0x00005b6c       0x18 ../../hal/lpc2106-cmucam3\libhal-lpc2106-cmucam3.a(uart_driver.o)
 .text.uart_fstat
                0x00005b84       0x10 ../../hal/lpc2106-cmucam3\libhal-lpc2106-cmucam3.a(uart_driver.o)
 .text.uart_unlink
                0x00005b94       0x18 ../../hal/lpc2106-cmucam3\libhal-lpc2106-cmucam3.a(uart_driver.o)
 .text.uart_rename
                0x00005bac       0x18 ../../hal/lpc2106-cmucam3\libhal-lpc2106-cmucam3.a(uart_driver.o)
 .text.process_uart_filename
                0x00005bc4       0x74 ../../hal/lpc2106-cmucam3\libhal-lpc2106-cmucam3.a(uart_driver.o)
 .text.uart_open
                0x00005c38       0x40 ../../hal/lpc2106-cmucam3\libhal-lpc2106-cmucam3.a(uart_driver.o)
 .text.uart_recognize
                0x00005c78       0x18 ../../hal/lpc2106-cmucam3\libhal-lpc2106-cmucam3.a(uart_driver.o)
 .text          0x00005c90      0x114 c:/sourcery_codebench_lite_for_arm_eabi/bin/../lib/gcc/arm-none-eabi/4.8.1\libgcc.a(_udivsi3.o)
                0x00005c90                __aeabi_uidiv
                0x00005c90                __udivsi3
                0x00005d84                __aeabi_uidivmod
 .text          0x00005da4      0x148 c:/sourcery_codebench_lite_for_arm_eabi/bin/../lib/gcc/arm-none-eabi/4.8.1\libgcc.a(_divsi3.o)
                0x00005da4                __divsi3
                0x00005da4                __aeabi_idiv
                0x00005ecc                __aeabi_idivmod
 .text          0x00005eec        0x4 c:/sourcery_codebench_lite_for_arm_eabi/bin/../lib/gcc/arm-none-eabi/4.8.1\libgcc.a(_dvmd_tls.o)
                0x00005eec                __aeabi_idiv0
                0x00005eec                __aeabi_ldiv0
 .text          0x00005ef0      0x41c c:/sourcery_codebench_lite_for_arm_eabi/bin/../lib/gcc/arm-none-eabi/4.8.1\libgcc.a(_arm_addsubdf3.o)
                0x00005ef0                __aeabi_drsub
                0x00005ef8                __aeabi_dsub
                0x00005ef8                __subdf3
                0x00005efc                __aeabi_dadd
                0x00005efc                __adddf3
                0x0000620c                __floatunsidf
                0x0000620c                __aeabi_ui2d
                0x00006230                __floatsidf
                0x00006230                __aeabi_i2d
                0x00006258                __aeabi_f2d
                0x00006258                __extendsfdf2
                0x00006298                __floatundidf
                0x00006298                __aeabi_ul2d
                0x000062ac                __floatdidf
                0x000062ac                __aeabi_l2d
 .text          0x0000630c      0x49c c:/sourcery_codebench_lite_for_arm_eabi/bin/../lib/gcc/arm-none-eabi/4.8.1\libgcc.a(_arm_muldivdf3.o)
                0x0000630c                __aeabi_dmul
                0x0000630c                __muldf3
                0x0000659c                __divdf3
                0x0000659c                __aeabi_ddiv
 .text          0x000067a8       0x5c c:/sourcery_codebench_lite_for_arm_eabi/bin/../lib/gcc/arm-none-eabi/4.8.1\libgcc.a(_arm_fixdfsi.o)
                0x000067a8                __aeabi_d2iz
                0x000067a8                __fixdfsi
 .text          0x00006804       0x24 c:/sourcery_codebench_lite_for_arm_eabi/bin/../lib/gcc/arm-none-eabi/4.8.1/../../../../arm-none-eabi/lib\libc.a(lib_a-calloc.o)
                0x00006804                calloc
 .text          0x00006828       0x9c c:/sourcery_codebench_lite_for_arm_eabi/bin/../lib/gcc/arm-none-eabi/4.8.1/../../../../arm-none-eabi/lib\libc.a(lib_a-callocr.o)
                0x00006828                _calloc_r
 .text          0x000068c4       0x34 c:/sourcery_codebench_lite_for_arm_eabi/bin/../lib/gcc/arm-none-eabi/4.8.1/../../../../arm-none-eabi/lib\libc.a(lib_a-exit.o)
                0x000068c4                exit
 .text          0x000068f8      0x104 c:/sourcery_codebench_lite_for_arm_eabi/bin/../lib/gcc/arm-none-eabi/4.8.1/../../../../arm-none-eabi/lib\libc.a(lib_a-fclose.o)
                0x000068f8                _fclose_r
                0x000069e8                fclose
 .text          0x000069fc      0x2d4 c:/sourcery_codebench_lite_for_arm_eabi/bin/../lib/gcc/arm-none-eabi/4.8.1/../../../../arm-none-eabi/lib\libc.a(lib_a-fflush.o)
                0x000069fc                __sflush_r
                0x00006c40                _fflush_r
                0x00006c94                fflush
 .text          0x00006cd0      0x354 c:/sourcery_codebench_lite_for_arm_eabi/bin/../lib/gcc/arm-none-eabi/4.8.1/../../../../arm-none-eabi/lib\libc.a(lib_a-findfp.o)
                0x00006ce0                _cleanup_r
                0x00006cf8                __sfmoreglue
                0x00006d48                _cleanup
                0x00006d6c                __sinit
                0x00006ed4                __sfp
                0x00006fcc                __sfp_lock_acquire
                0x00006fd0                __sfp_lock_release
                0x00006fd4                __sinit_lock_acquire
                0x00006fd8                __sinit_lock_release
                0x00006fdc                __fp_lock_all
                0x00007000                __fp_unlock_all
 .text          0x00007024      0x36c c:/sourcery_codebench_lite_for_arm_eabi/bin/../lib/gcc/arm-none-eabi/4.8.1/../../../../arm-none-eabi/lib\libc.a(lib_a-freer.o)
                0x00007024                _malloc_trim_r
                0x00007124                _free_r
 .text          0x00007390       0x40 c:/sourcery_codebench_lite_for_arm_eabi/bin/../lib/gcc/arm-none-eabi/4.8.1/../../../../arm-none-eabi/lib\libc.a(lib_a-fstatr.o)
                0x00007390                _fstat_r
 .text          0x000073d0      0x110 c:/sourcery_codebench_lite_for_arm_eabi/bin/../lib/gcc/arm-none-eabi/4.8.1/../../../../arm-none-eabi/lib\libc.a(lib_a-fwalk.o)
                0x000073d0                _fwalk
                0x00007454                _fwalk_reent
 .text          0x000074e0       0x74 c:/sourcery_codebench_lite_for_arm_eabi/bin/../lib/gcc/arm-none-eabi/4.8.1/../../../../arm-none-eabi/lib\libc.a(lib_a-iprintf.o)
                0x000074e0                iprintf
                0x00007520                _iprintf_r
 .text          0x00007554       0x14 c:/sourcery_codebench_lite_for_arm_eabi/bin/../lib/gcc/arm-none-eabi/4.8.1/../../../../arm-none-eabi/lib\libc.a(lib_a-lcltime_r.o)
                0x00007554                localtime_r
 .text          0x00007568      0x174 c:/sourcery_codebench_lite_for_arm_eabi/bin/../lib/gcc/arm-none-eabi/4.8.1/../../../../arm-none-eabi/lib\libc.a(lib_a-makebuf.o)
                0x00007568                __smakebuf_r
 .text          0x000076dc       0x40 c:/sourcery_codebench_lite_for_arm_eabi/bin/../lib/gcc/arm-none-eabi/4.8.1/../../../../arm-none-eabi/lib\libc.a(lib_a-malloc.o)
                0x000076dc                malloc
                0x000076fc                free
 .text          0x0000771c      0x72c c:/sourcery_codebench_lite_for_arm_eabi/bin/../lib/gcc/arm-none-eabi/4.8.1/../../../../arm-none-eabi/lib\libc.a(lib_a-mallocr.o)
                0x0000771c                _malloc_r
 .text          0x00007e48       0xb4 c:/sourcery_codebench_lite_for_arm_eabi/bin/../lib/gcc/arm-none-eabi/4.8.1/../../../../arm-none-eabi/lib\libc.a(lib_a-memcmp.o)
                0x00007e48                memcmp
 .text          0x00007efc       0xf0 c:/sourcery_codebench_lite_for_arm_eabi/bin/../lib/gcc/arm-none-eabi/4.8.1/../../../../arm-none-eabi/lib\libc.a(lib_a-memcpy-stub.o)
                0x00007efc                memcpy
 .text          0x00007fec       0xf4 c:/sourcery_codebench_lite_for_arm_eabi/bin/../lib/gcc/arm-none-eabi/4.8.1/../../../../arm-none-eabi/lib\libc.a(lib_a-memset.o)
                0x00007fec                memset
 .text          0x000080e0      0x748 c:/sourcery_codebench_lite_for_arm_eabi/bin/../lib/gcc/arm-none-eabi/4.8.1/../../../../arm-none-eabi/lib\libc.a(lib_a-mktm_r.o)
                0x000080e0                __tzcalc_limits
                0x00008320                _mktm_r
 .text          0x00008828        0x8 c:/sourcery_codebench_lite_for_arm_eabi/bin/../lib/gcc/arm-none-eabi/4.8.1/../../../../arm-none-eabi/lib\libc.a(lib_a-mlock.o)
                0x00008828                __malloc_lock
                0x0000882c                __malloc_unlock
 .text          0x00008830       0x44 c:/sourcery_codebench_lite_for_arm_eabi/bin/../lib/gcc/arm-none-eabi/4.8.1/../../../../arm-none-eabi/lib\libc.a(lib_a-sbrkr.o)
                0x00008830                _sbrk_r
 .text          0x00008874       0x20 c:/sourcery_codebench_lite_for_arm_eabi/bin/../lib/gcc/arm-none-eabi/4.8.1/../../../../arm-none-eabi/lib\libc.a(lib_a-setbuf.o)
                0x00008874                setbuf
 .text          0x00008894       0x2c c:/sourcery_codebench_lite_for_arm_eabi/bin/../lib/gcc/arm-none-eabi/4.8.1/../../../../arm-none-eabi/lib\libc.a(lib_a-setjmp.o)
                0x00008894                setjmp
                0x000088a8                longjmp
 .text          0x000088c0      0x174 c:/sourcery_codebench_lite_for_arm_eabi/bin/../lib/gcc/arm-none-eabi/4.8.1/../../../../arm-none-eabi/lib\libc.a(lib_a-setvbuf.o)
                0x000088c0                setvbuf
 .text          0x00008a34       0xd8 c:/sourcery_codebench_lite_for_arm_eabi/bin/../lib/gcc/arm-none-eabi/4.8.1/../../../../arm-none-eabi/lib\libc.a(lib_a-stdio.o)
                0x00008a34                __sread
                0x00008a68                __seofread
                0x00008a70                __swrite
                0x00008ac8                __sseek
                0x00008af8                __sclose
 .text          0x00008b0c       0x60 c:/sourcery_codebench_lite_for_arm_eabi/bin/../lib/gcc/arm-none-eabi/4.8.1/../../../../arm-none-eabi/lib\libc.a(lib_a-strlen.o)
                0x00008b0c                strlen
 .text          0x00008b6c      0x1f8 c:/sourcery_codebench_lite_for_arm_eabi/bin/../lib/gcc/arm-none-eabi/4.8.1/../../../../arm-none-eabi/lib\libc.a(lib_a-strtol.o)
                0x00008b6c                _strtol_r
                0x00008d3c                strtol
 .text          0x00008d64       0x24 c:/sourcery_codebench_lite_for_arm_eabi/bin/../lib/gcc/arm-none-eabi/4.8.1/../../../../arm-none-eabi/lib\libc.a(lib_a-sysgettod.o)
                0x00008d64                gettimeofday
 .text          0x00008d88        0x8 c:/sourcery_codebench_lite_for_arm_eabi/bin/../lib/gcc/arm-none-eabi/4.8.1/../../../../arm-none-eabi/lib\libc.a(lib_a-tzlock.o)
                0x00008d88                __tz_lock
                0x00008d8c                __tz_unlock
 .text          0x00008d90     0x1410 c:/sourcery_codebench_lite_for_arm_eabi/bin/../lib/gcc/arm-none-eabi/4.8.1/../../../../arm-none-eabi/lib\libc.a(lib_a-vfiprintf.o)
                0x00008e3c                __sprint_r
                0x00008e54                _vfiprintf_r
                0x0000a0a8                vfiprintf
 .text          0x0000a1a0       0x44 c:/sourcery_codebench_lite_for_arm_eabi/bin/../lib/gcc/arm-none-eabi/4.8.1/../../../../arm-none-eabi/lib\libc.a(lib_a-writer.o)
                0x0000a1a0                _write_r
 .text          0x0000a1e4      0x15c c:/sourcery_codebench_lite_for_arm_eabi/bin/../lib/gcc/arm-none-eabi/4.8.1/../../../../arm-none-eabi/lib\libc.a(lib_a-wsetup.o)
                0x0000a1e4                __swsetup_r
 .text          0x0000a340      0x170 c:/sourcery_codebench_lite_for_arm_eabi/bin/../lib/gcc/arm-none-eabi/4.8.1/../../../../arm-none-eabi/lib\libc.a(lib_a-__call_atexit.o)
                0x0000a340                __call_exitprocs
 .text.startup  0x0000a4b0       0x24 c:/sourcery_codebench_lite_for_arm_eabi/bin/../lib/gcc/arm-none-eabi/4.8.1/../../../../arm-none-eabi/lib\libc.a(lib_a-__call_atexit.o)
 .text          0x0000a4d4       0x20 c:/sourcery_codebench_lite_for_arm_eabi/bin/../lib/gcc/arm-none-eabi/4.8.1/../../../../arm-none-eabi/lib\libc.a(lib_a-atexit.o)
                0x0000a4d4                atexit
 .text          0x0000a4f4       0x3c c:/sourcery_codebench_lite_for_arm_eabi/bin/../lib/gcc/arm-none-eabi/4.8.1/../../../../arm-none-eabi/lib\libc.a(lib_a-closer.o)
                0x0000a4f4                _close_r
 .text          0x0000a530       0x48 c:/sourcery_codebench_lite_for_arm_eabi/bin/../lib/gcc/arm-none-eabi/4.8.1/../../../../arm-none-eabi/lib\libc.a(lib_a-fini.o)
                0x0000a530                __libc_fini_array
 .text          0x0000a578      0x188 c:/sourcery_codebench_lite_for_arm_eabi/bin/../lib/gcc/arm-none-eabi/4.8.1/../../../../arm-none-eabi/lib\libc.a(lib_a-fputwc.o)
                0x0000a578                _fputwc_r
                0x0000a6bc                fputwc
 .text          0x0000a700      0x4d0 c:/sourcery_codebench_lite_for_arm_eabi/bin/../lib/gcc/arm-none-eabi/4.8.1/../../../../arm-none-eabi/lib\libc.a(lib_a-fvwrite.o)
                0x0000a700                __sfvwrite_r
 .text          0x0000abd0       0x40 c:/sourcery_codebench_lite_for_arm_eabi/bin/../lib/gcc/arm-none-eabi/4.8.1/../../../../arm-none-eabi/lib\libc.a(lib_a-gettimeofdayr.o)
                0x0000abd0                _gettimeofday_r
 .text          0x0000ac10        0xc c:/sourcery_codebench_lite_for_arm_eabi/bin/../lib/gcc/arm-none-eabi/4.8.1/../../../../arm-none-eabi/lib\libc.a(lib_a-gettzinfo.o)
                0x0000ac10                __gettzinfo
 .text          0x0000ac1c       0x3c c:/sourcery_codebench_lite_for_arm_eabi/bin/../lib/gcc/arm-none-eabi/4.8.1/../../../../arm-none-eabi/lib\libc.a(lib_a-isattyr.o)
                0x0000ac1c                _isatty_r
 .text          0x0000ac58       0xd0 c:/sourcery_codebench_lite_for_arm_eabi/bin/../lib/gcc/arm-none-eabi/4.8.1/../../../../arm-none-eabi/lib\libc.a(lib_a-locale.o)
                0x0000ac58                _setlocale_r
                0x0000acc8                __locale_charset
                0x0000acd4                __locale_mb_cur_max
                0x0000ace4                __locale_msgcharset
                0x0000acf0                __locale_cjk_lang
                0x0000acf8                _localeconv_r
                0x0000ad04                setlocale
                0x0000ad1c                localeconv
 .text          0x0000ad28       0x44 c:/sourcery_codebench_lite_for_arm_eabi/bin/../lib/gcc/arm-none-eabi/4.8.1/../../../../arm-none-eabi/lib\libc.a(lib_a-lseekr.o)
                0x0000ad28                _lseek_r
 .text          0x0000ad6c      0x114 c:/sourcery_codebench_lite_for_arm_eabi/bin/../lib/gcc/arm-none-eabi/4.8.1/../../../../arm-none-eabi/lib\libc.a(lib_a-memchr-stub.o)
                0x0000ad6c                memchr
 .text          0x0000ae80      0x134 c:/sourcery_codebench_lite_for_arm_eabi/bin/../lib/gcc/arm-none-eabi/4.8.1/../../../../arm-none-eabi/lib\libc.a(lib_a-memmove.o)
                0x0000ae80                memmove
 .text          0x0000afb4       0x44 c:/sourcery_codebench_lite_for_arm_eabi/bin/../lib/gcc/arm-none-eabi/4.8.1/../../../../arm-none-eabi/lib\libc.a(lib_a-readr.o)
                0x0000afb4                _read_r
 .text          0x0000aff8      0x56c c:/sourcery_codebench_lite_for_arm_eabi/bin/../lib/gcc/arm-none-eabi/4.8.1/../../../../arm-none-eabi/lib\libc.a(lib_a-reallocr.o)
                0x0000aff8                _realloc_r
 .text          0x0000b564      0x230 c:/sourcery_codebench_lite_for_arm_eabi/bin/../lib/gcc/arm-none-eabi/4.8.1/../../../../arm-none-eabi/lib\libc.a(lib_a-strcmp.o)
                0x0000b564                strcmp
 .text          0x0000b794      0x13c c:/sourcery_codebench_lite_for_arm_eabi/bin/../lib/gcc/arm-none-eabi/4.8.1/../../../../arm-none-eabi/lib\libc.a(lib_a-wbuf.o)
                0x0000b794                __swbuf_r
                0x0000b8b8                __swbuf
 .text          0x0000b8d0      0x128 c:/sourcery_codebench_lite_for_arm_eabi/bin/../lib/gcc/arm-none-eabi/4.8.1/../../../../arm-none-eabi/lib\libc.a(lib_a-wcrtomb.o)
                0x0000b8d0                _wcrtomb_r
                0x0000b960                wcrtomb
 .text          0x0000b9f8       0x7c c:/sourcery_codebench_lite_for_arm_eabi/bin/../lib/gcc/arm-none-eabi/4.8.1/../../../../arm-none-eabi/lib\libc.a(lib_a-wctomb_r.o)
                0x0000b9f8                __ascii_wctomb
                0x0000ba24                _wctomb_r
 .text          0x0000ba74       0xf0 c:/sourcery_codebench_lite_for_arm_eabi/bin/../lib/gcc/arm-none-eabi/4.8.1/../../../../arm-none-eabi/lib\libc.a(lib_a-__atexit.o)
                0x0000ba74                __register_exitproc
 .text          0x0000bb64       0x3c c:/sourcery_codebench_lite_for_arm_eabi/bin/../lib/gcc/arm-none-eabi/4.8.1\libgcc.a(_aeabi_uldivmod.o)
                0x0000bb64                __aeabi_uldivmod
 .text          0x0000bba0       0x84 c:/sourcery_codebench_lite_for_arm_eabi/bin/../lib/gcc/arm-none-eabi/4.8.1\libgcc.a(bpabi.o)
                0x0000bba0                __gnu_ldivmod_helper
                0x0000bbe4                __gnu_uldivmod_helper
 .text          0x0000bc24      0x4d0 c:/sourcery_codebench_lite_for_arm_eabi/bin/../lib/gcc/arm-none-eabi/4.8.1\libgcc.a(_divdi3.o)
                0x0000bc24                __divdi3
 .text          0x0000c0f4      0x470 c:/sourcery_codebench_lite_for_arm_eabi/bin/../lib/gcc/arm-none-eabi/4.8.1\libgcc.a(_udivdi3.o)
                0x0000c0f4                __udivdi3
 .text          0x0000c564       0x48 c:/sourcery_codebench_lite_for_arm_eabi/bin/../lib/gcc/arm-none-eabi/4.8.1\libgcc.a(_clzsi2.o)
                0x0000c564                __clzsi2
 *(.plt)
 *(.gnu.warning)
 *(.glue_7t)
 .glue_7t       0x00000000        0x0 linker stubs
 *(.glue_7)
 .glue_7        0x00000000        0x0 linker stubs
 *(.vfp11_veneer)
 .vfp11_veneer  0x00000000        0x0 linker stubs
 *(.rodata .rodata.* .gnu.linkonce.r.*)
 .rodata.str1.4
                0x0000c5ac       0x6d lpc2106-cmucam3_buildfiles/main.o
                                 0x70 (size before relaxing)
 *fill*         0x0000c619        0x3 
 .rodata.str1.4
                0x0000c61c       0xb4 lpc2106-cmucam3_buildfiles/polly.o
                                 0xb8 (size before relaxing)
 .rodata.str1.4
                0x0000c6d0       0x2a ../../hal/lpc2106-cmucam3\libhal-lpc2106-cmucam3.a(interrupt.o)
                                 0x2c (size before relaxing)
 *fill*         0x0000c6fa        0x2 
 .rodata.CSWTCH.8
                0x0000c6fc        0xc ../../hal/lpc2106-cmucam3\libhal-lpc2106-cmucam3.a(serial.o)
 .rodata.str1.4
                0x0000c708        0xb ../../hal/lpc2106-cmucam3\libhal-lpc2106-cmucam3.a(serial.o)
                                 0x10 (size before relaxing)
 *fill*         0x0000c713        0x1 
 .rodata._cc3_servo_map
                0x0000c714       0x10 ../../hal/lpc2106-cmucam3\libhal-lpc2106-cmucam3.a(servo.o)
                0x0000c714                _cc3_servo_map
 .rodata.table.5062
                0x0000c724       0x20 ../../hal/lpc2106-cmucam3\libhal-lpc2106-cmucam3.a(rdcf2.o)
 .rodata.cmdReset
                0x0000c744        0x8 ../../hal/lpc2106-cmucam3\libhal-lpc2106-cmucam3.a(mmc_hardware.o)
 .rodata.cmdSetBlock
                0x0000c74c        0x8 ../../hal/lpc2106-cmucam3\libhal-lpc2106-cmucam3.a(mmc_hardware.o)
 .rodata.cmdInitCard
                0x0000c754        0x8 ../../hal/lpc2106-cmucam3\libhal-lpc2106-cmucam3.a(mmc_hardware.o)
 .rodata._cc3_mmc_driver
                0x0000c75c       0x2c ../../hal/lpc2106-cmucam3\libhal-lpc2106-cmucam3.a(mmc_driver.o)
                0x0000c75c                _cc3_mmc_driver
 .rodata._cc3_uart_driver
                0x0000c788       0x2c ../../hal/lpc2106-cmucam3\libhal-lpc2106-cmucam3.a(uart_driver.o)
                0x0000c788                _cc3_uart_driver
 .rodata        0x0000c7b4      0x104 c:/sourcery_codebench_lite_for_arm_eabi/bin/../lib/gcc/arm-none-eabi/4.8.1/../../../../arm-none-eabi/lib\libc.a(lib_a-ctype_.o)
                0x0000c7b4                _ctype_
 .rodata        0x0000c8b8        0x4 c:/sourcery_codebench_lite_for_arm_eabi/bin/../lib/gcc/arm-none-eabi/4.8.1/../../../../arm-none-eabi/lib\libc.a(lib_a-impure.o)
                0x0000c8b8                _global_impure_ptr
 .rodata.str1.4
                0x0000c8bc        0x2 c:/sourcery_codebench_lite_for_arm_eabi/bin/../lib/gcc/arm-none-eabi/4.8.1/../../../../arm-none-eabi/lib\libc.a(lib_a-impure.o)
                                  0x4 (size before relaxing)
 *fill*         0x0000c8be        0x2 
 .rodata        0x0000c8c0       0x68 c:/sourcery_codebench_lite_for_arm_eabi/bin/../lib/gcc/arm-none-eabi/4.8.1/../../../../arm-none-eabi/lib\libc.a(lib_a-mktm_r.o)
 .rodata        0x0000c928       0x20 c:/sourcery_codebench_lite_for_arm_eabi/bin/../lib/gcc/arm-none-eabi/4.8.1/../../../../arm-none-eabi/lib\libc.a(lib_a-vfiprintf.o)
 .rodata.str1.4
                0x0000c948       0x2f c:/sourcery_codebench_lite_for_arm_eabi/bin/../lib/gcc/arm-none-eabi/4.8.1/../../../../arm-none-eabi/lib\libc.a(lib_a-vfiprintf.o)
                                 0x30 (size before relaxing)
 *fill*         0x0000c977        0x1 
 .rodata.str1.4
                0x0000c978        0xc c:/sourcery_codebench_lite_for_arm_eabi/bin/../lib/gcc/arm-none-eabi/4.8.1/../../../../arm-none-eabi/lib\libc.a(lib_a-locale.o)
                                 0x14 (size before relaxing)
 *(.ARM.extab* .gnu.linkonce.armextab.*)
 *(.gcc_except_table)
 *(.eh_frame_hdr)
 *(.eh_frame)
 .eh_frame      0x0000c984        0x0 c:/sourcery_codebench_lite_for_arm_eabi/bin/../lib/gcc/arm-none-eabi/4.8.1/crtbegin.o
                0x0000c984                . = ALIGN (0x4)
 *(.init)
 .init          0x0000c984        0xc c:/sourcery_codebench_lite_for_arm_eabi/bin/../lib/gcc/arm-none-eabi/4.8.1/crti.o
                0x0000c984                _init
 .init          0x0000c990        0xc c:/sourcery_codebench_lite_for_arm_eabi/bin/../lib/gcc/arm-none-eabi/4.8.1/crtn.o
                0x0000c99c                . = ALIGN (0x4)
                0x0000c99c                __preinit_array_start = .
 *(.preinit_array)
                0x0000c99c                __preinit_array_end = .
                0x0000c99c                . = ALIGN (0x4)
                0x0000c99c                __init_array_start = .
 *(SORT(.init_array.*))
 .init_array.00000
                0x0000c99c        0x4 c:/sourcery_codebench_lite_for_arm_eabi/bin/../lib/gcc/arm-none-eabi/4.8.1/../../../../arm-none-eabi/lib\libc.a(lib_a-__call_atexit.o)
 *(.init_array)
 .init_array    0x0000c9a0        0x4 c:/sourcery_codebench_lite_for_arm_eabi/bin/../lib/gcc/arm-none-eabi/4.8.1/crtbegin.o
                0x0000c9a4                __init_array_end = .
                0x0000c9a4                . = ALIGN (0x4)
 *crtbegin.o(.ctors)
 *(EXCLUDE_FILE(*crtend.o) .ctors)
 *(SORT(.ctors.*))
 *crtend.o(.ctors)
                0x0000c9a4                . = ALIGN (0x4)
 *(.fini)
 .fini          0x0000c9a4        0xc c:/sourcery_codebench_lite_for_arm_eabi/bin/../lib/gcc/arm-none-eabi/4.8.1/crti.o
                0x0000c9a4                _fini
 .fini          0x0000c9b0        0xc c:/sourcery_codebench_lite_for_arm_eabi/bin/../lib/gcc/arm-none-eabi/4.8.1/crtn.o
                0x0000c9bc                . = ALIGN (0x4)
                0x0000c9bc                __fini_array_start = .
 *(.fini_array)
 .fini_array    0x0000c9bc        0x4 c:/sourcery_codebench_lite_for_arm_eabi/bin/../lib/gcc/arm-none-eabi/4.8.1/crtbegin.o
 *(SORT(.fini_array.*))
                0x0000c9c0                __fini_array_end = .
 *crtbegin.o(.dtors)
 *(EXCLUDE_FILE(*crtend.o) .dtors)
 *(SORT(.dtors.*))
 *crtend.o(.dtors)
                0x0000c9c0                __exidx_start = .

.v4_bx          0x0000c9c0        0x0
 .v4_bx         0x00000000        0x0 linker stubs

.iplt           0x0000c9c0        0x0
 .iplt          0x00000000        0x0 c:/sourcery_codebench_lite_for_arm_eabi/bin/../lib/gcc/arm-none-eabi/4.8.1/crtbegin.o

.ARM.exidx      0x0000c9c0        0x8
 *(.ARM.exidx* .gnu.linkonce.armexidx.*)
 .ARM.exidx     0x0000c9c0        0x8 c:/sourcery_codebench_lite_for_arm_eabi/bin/../lib/gcc/arm-none-eabi/4.8.1\libgcc.a(_divdi3.o)
 .ARM.exidx     0x0000c9c8        0x0 c:/sourcery_codebench_lite_for_arm_eabi/bin/../lib/gcc/arm-none-eabi/4.8.1\libgcc.a(_udivdi3.o)
                                  0x8 (size before relaxing)
                0x0000c9c8                __exidx_end = .

.rel.dyn        0x0000c9c8        0x0
 .rel.iplt      0x00000000        0x0 c:/sourcery_codebench_lite_for_arm_eabi/bin/../lib/gcc/arm-none-eabi/4.8.1/crtbegin.o

.text.align     0x0000c9c8        0x0
                0x0000c9c8                . = ALIGN (0x8)
                0x0000c9c8                _etext = .

.stack          0x40000000     0x2400
                0x40002400                . = (. + STACK_SIZE)
 *fill*         0x40000000     0x2400 
                0x40002400                _stack = .

.data           0x40002400      0x918 load address 0x0000c9c8
                0x40002400                _data = .
 *(.jcr)
 .jcr           0x40002400        0x0 c:/sourcery_codebench_lite_for_arm_eabi/bin/../lib/gcc/arm-none-eabi/4.8.1/crtbegin.o
 .jcr           0x40002400        0x4 c:/sourcery_codebench_lite_for_arm_eabi/bin/../lib/gcc/arm-none-eabi/4.8.1/crtend.o
 *(.got.plt)
 *(.got)
 *(.shdata)
 *(.data .data.* .gnu.linkonce.d.*)
 .data.servo_val
                0x40002404        0x4 ../../hal/lpc2106-cmucam3\libhal-lpc2106-cmucam3.a(servo.o)
 .data.device_driver_table
                0x40002408        0x8 ../../hal/lpc2106-cmucam3\libhal-lpc2106-cmucam3.a(devices.o)
 .data          0x40002410        0x4 c:/sourcery_codebench_lite_for_arm_eabi/bin/../lib/gcc/arm-none-eabi/4.8.1/../../../../arm-none-eabi/lib\libc.a(lib_a-ctype_.o)
                0x40002410                __ctype_ptr__
 *fill*         0x40002414        0x4 
 .data          0x40002418      0x430 c:/sourcery_codebench_lite_for_arm_eabi/bin/../lib/gcc/arm-none-eabi/4.8.1/../../../../arm-none-eabi/lib\libc.a(lib_a-impure.o)
                0x40002418                _impure_ptr
 .data          0x40002848      0x410 c:/sourcery_codebench_lite_for_arm_eabi/bin/../lib/gcc/arm-none-eabi/4.8.1/../../../../arm-none-eabi/lib\libc.a(lib_a-mallocr.o)
                0x40002848                __malloc_av_
                0x40002c50                __malloc_sbrk_base
                0x40002c54                __malloc_trim_threshold
 .data          0x40002c58       0x40 c:/sourcery_codebench_lite_for_arm_eabi/bin/../lib/gcc/arm-none-eabi/4.8.1/../../../../arm-none-eabi/lib\libc.a(lib_a-gettzinfo.o)
 .data          0x40002c98       0x7c c:/sourcery_codebench_lite_for_arm_eabi/bin/../lib/gcc/arm-none-eabi/4.8.1/../../../../arm-none-eabi/lib\libc.a(lib_a-locale.o)
                0x40002cb8                __mb_cur_max
 .data          0x40002d14        0x4 c:/sourcery_codebench_lite_for_arm_eabi/bin/../lib/gcc/arm-none-eabi/4.8.1/../../../../arm-none-eabi/lib\libc.a(lib_a-wctomb_r.o)
                0x40002d14                __wctomb
 *(.ram)
                0x40002d18                . = ALIGN (0x8)
                0x40002d18                _edata = .

.tm_clone_table
                0x40002d18        0x0 load address 0x0000d2e0
 .tm_clone_table
                0x40002d18        0x0 c:/sourcery_codebench_lite_for_arm_eabi/bin/../lib/gcc/arm-none-eabi/4.8.1/crtbegin.o
 .tm_clone_table
                0x40002d18        0x0 c:/sourcery_codebench_lite_for_arm_eabi/bin/../lib/gcc/arm-none-eabi/4.8.1/crtend.o

.igot.plt       0x40002d18        0x0 load address 0x0000d2e0
 .igot.plt      0x00000000        0x0 c:/sourcery_codebench_lite_for_arm_eabi/bin/../lib/gcc/arm-none-eabi/4.8.1/crtbegin.o

.bss            0x40002d18       0xe0 load address 0x0000d2e0
                0x40002d18                _bss = .
 *(.shbss)
 *(.bss .bss.* .gnu.linkonce.b.*)
 .bss           0x40002d18       0x1c c:/sourcery_codebench_lite_for_arm_eabi/bin/../lib/gcc/arm-none-eabi/4.8.1/crtbegin.o
 .bss._cc3_g_current_camera_state
                0x40002d34        0xc ../../hal/lpc2106-cmucam3\libhal-lpc2106-cmucam3.a(cc3.o)
 .bss._cc3_second_green_valid
                0x40002d40        0x1 ../../hal/lpc2106-cmucam3\libhal-lpc2106-cmucam3.a(cc3.o)
 .bss._cc3_second_green
                0x40002d41        0x1 ../../hal/lpc2106-cmucam3\libhal-lpc2106-cmucam3.a(cc3.o)
 *fill*         0x40002d42        0x2 
 .bss.heap_ptr  0x40002d44        0x4 ../../hal/lpc2106-cmucam3\libhal-lpc2106-cmucam3.a(syscalls.o)
 .bss.started.4748
                0x40002d48        0x1 ../../hal/lpc2106-cmucam3\libhal-lpc2106-cmucam3.a(serial.o)
 *fill*         0x40002d49        0x3 
 .bss.servo_mask
                0x40002d4c        0x4 ../../hal/lpc2106-cmucam3\libhal-lpc2106-cmucam3.a(servo.o)
 .bss.servo_tmp
                0x40002d50        0x4 ../../hal/lpc2106-cmucam3\libhal-lpc2106-cmucam3.a(servo.o)
 .bss.fcbs      0x40002d54       0x14 ../../hal/lpc2106-cmucam3\libhal-lpc2106-cmucam3.a(mmc_driver.o)
 .bss           0x40002d68       0x34 c:/sourcery_codebench_lite_for_arm_eabi/bin/../lib/gcc/arm-none-eabi/4.8.1/../../../../arm-none-eabi/lib\libc.a(lib_a-mallocr.o)
                0x40002d68                __malloc_top_pad
                0x40002d6c                __malloc_current_mallinfo
                0x40002d94                __malloc_max_sbrked_mem
                0x40002d98                __malloc_max_total_mem
 .bss           0x40002d9c        0x8 c:/sourcery_codebench_lite_for_arm_eabi/bin/../lib/gcc/arm-none-eabi/4.8.1/../../../../arm-none-eabi/lib\libc.a(lib_a-tzvars.o)
                0x40002d9c                _timezone
                0x40002da0                _daylight
 *(COMMON)
 COMMON         0x40002da4        0x3 lpc2106-cmucam3_buildfiles/polly.o
                0x40002da4                g_cc_conf
 COMMON         0x40002da7        0x1 ../../hal/lpc2106-cmucam3\libhal-lpc2106-cmucam3.a(interrupt.o)
                0x40002da7                _cc3_button_trigger
 COMMON         0x40002da8       0x1b ../../hal/lpc2106-cmucam3\libhal-lpc2106-cmucam3.a(cc3.o)
                0x40002da8                cc3_g_pixbuf_frame
                0x40002dc0                cc3_g_current_pixel
 COMMON         0x40002dc3        0x2 ../../hal/lpc2106-cmucam3\libhal-lpc2106-cmucam3.a(serial.o)
                0x40002dc3                _cc3_uart1_binmode
                0x40002dc4                _cc3_uart0_binmode
 *fill*         0x40002dc5        0x3 
 COMMON         0x40002dc8       0x28 ../../hal/lpc2106-cmucam3\libhal-lpc2106-cmucam3.a(mmc_hardware.o)
                0x40002dc8                DriveDesc
 COMMON         0x40002df0        0x4 c:/sourcery_codebench_lite_for_arm_eabi/bin/../lib/gcc/arm-none-eabi/4.8.1/../../../../arm-none-eabi/lib\libc.a(lib_a-reent.o)
                0x40002df0                errno
 *(.ram.b)
                0x40002df8                . = ALIGN (0x8)
 *fill*         0x40002df4        0x4 
                0x40002df8                _end = .
                0x40002df8                __end = .
                0x40010000                _heap_end = (ORIGIN (RAM) + 0x10000)

.stab
 *(.stab)

.stabstr
 *(.stabstr)

.debug
 *(.debug)

.line
 *(.line)

.debug_srcinfo
 *(.debug_srcinfo)

.debug_sfnames
 *(.debug_sfnames)

.debug_aranges  0x00000000      0x6d0
 *(.debug_aranges)
 .debug_aranges
                0x00000000       0x28 lpc2106-cmucam3_buildfiles/main.o
 .debug_aranges
                0x00000028       0x50 lpc2106-cmucam3_buildfiles/polly.o
 .debug_aranges
                0x00000078       0x30 ../../lib/cc3-ilp\libcc3-ilp_lpc2106-cmucam3.a(cc3_ilp.o)
 .debug_aranges
                0x000000a8       0x30 ../../lib/cc3-ilp\libcc3-ilp_lpc2106-cmucam3.a(cc3_math.o)
 .debug_aranges
                0x000000d8       0x20 ../../lib/cc3-ilp\libcc3-ilp_lpc2106-cmucam3.a(cc3_conv.o)
 .debug_aranges
                0x000000f8       0x30 ../../lib/cc3-ilp\libcc3-ilp_lpc2106-cmucam3.a(cc3_img_writer.o)
 .debug_aranges
                0x00000128       0x78 ../../hal/lpc2106-cmucam3\libhal-lpc2106-cmucam3.a(interrupt.o)
 .debug_aranges
                0x000001a0       0xd8 ../../hal/lpc2106-cmucam3\libhal-lpc2106-cmucam3.a(cc3.o)
 .debug_aranges
                0x00000278       0x48 ../../hal/lpc2106-cmucam3\libhal-lpc2106-cmucam3.a(cc3_hal.o)
 .debug_aranges
                0x000002c0       0xc0 ../../hal/lpc2106-cmucam3\libhal-lpc2106-cmucam3.a(syscalls.o)
 .debug_aranges
                0x00000380       0x88 ../../hal/lpc2106-cmucam3\libhal-lpc2106-cmucam3.a(serial.o)
 .debug_aranges
                0x00000408       0x38 ../../hal/lpc2106-cmucam3\libhal-lpc2106-cmucam3.a(servo.o)
 .debug_aranges
                0x00000440       0xe8 ../../hal/lpc2106-cmucam3\libhal-lpc2106-cmucam3.a(rdcf2.o)
 .debug_aranges
                0x00000528       0x40 ../../hal/lpc2106-cmucam3\libhal-lpc2106-cmucam3.a(mmc_hardware.o)
 .debug_aranges
                0x00000568       0x68 ../../hal/lpc2106-cmucam3\libhal-lpc2106-cmucam3.a(mmc_driver.o)
 .debug_aranges
                0x000005d0       0x38 ../../hal/lpc2106-cmucam3\libhal-lpc2106-cmucam3.a(gpio.o)
 .debug_aranges
                0x00000608       0x40 ../../hal/lpc2106-cmucam3\libhal-lpc2106-cmucam3.a(devices.o)
 .debug_aranges
                0x00000648       0x68 ../../hal/lpc2106-cmucam3\libhal-lpc2106-cmucam3.a(uart_driver.o)
 .debug_aranges
                0x000006b0       0x20 ../../hal/lpc2106-cmucam3\libhal-lpc2106-cmucam3.a(startup.o)

.debug_pubnames
 *(.debug_pubnames)

.debug_info     0x00000000     0xd628
 *(.debug_info .gnu.linkonce.wi.*)
 .debug_info    0x00000000     0x14bc lpc2106-cmucam3_buildfiles/main.o
 .debug_info    0x000014bc     0x1e88 lpc2106-cmucam3_buildfiles/polly.o
 .debug_info    0x00003344      0x1ea ../../lib/cc3-ilp\libcc3-ilp_lpc2106-cmucam3.a(cc3_ilp.o)
 .debug_info    0x0000352e      0x394 ../../lib/cc3-ilp\libcc3-ilp_lpc2106-cmucam3.a(cc3_math.o)
 .debug_info    0x000038c2      0x2a3 ../../lib/cc3-ilp\libcc3-ilp_lpc2106-cmucam3.a(cc3_conv.o)
 .debug_info    0x00003b65      0xdf9 ../../lib/cc3-ilp\libcc3-ilp_lpc2106-cmucam3.a(cc3_img_writer.o)
 .debug_info    0x0000495e      0x34a ../../hal/lpc2106-cmucam3\libhal-lpc2106-cmucam3.a(interrupt.o)
 .debug_info    0x00004ca8     0x1891 ../../hal/lpc2106-cmucam3\libhal-lpc2106-cmucam3.a(cc3.o)
 .debug_info    0x00006539      0x1b1 ../../hal/lpc2106-cmucam3\libhal-lpc2106-cmucam3.a(cc3_hal.o)
 .debug_info    0x000066ea      0xda1 ../../hal/lpc2106-cmucam3\libhal-lpc2106-cmucam3.a(syscalls.o)
 .debug_info    0x0000748b      0xe46 ../../hal/lpc2106-cmucam3\libhal-lpc2106-cmucam3.a(serial.o)
 .debug_info    0x000082d1      0x2c4 ../../hal/lpc2106-cmucam3\libhal-lpc2106-cmucam3.a(servo.o)
 .debug_info    0x00008595     0x2248 ../../hal/lpc2106-cmucam3\libhal-lpc2106-cmucam3.a(rdcf2.o)
 .debug_info    0x0000a7dd      0xfe9 ../../hal/lpc2106-cmucam3\libhal-lpc2106-cmucam3.a(mmc_hardware.o)
 .debug_info    0x0000b7c6      0xed2 ../../hal/lpc2106-cmucam3\libhal-lpc2106-cmucam3.a(mmc_driver.o)
 .debug_info    0x0000c698      0x1b3 ../../hal/lpc2106-cmucam3\libhal-lpc2106-cmucam3.a(gpio.o)
 .debug_info    0x0000c84b      0x549 ../../hal/lpc2106-cmucam3\libhal-lpc2106-cmucam3.a(devices.o)
 .debug_info    0x0000cd94      0x806 ../../hal/lpc2106-cmucam3\libhal-lpc2106-cmucam3.a(uart_driver.o)
 .debug_info    0x0000d59a       0x8e ../../hal/lpc2106-cmucam3\libhal-lpc2106-cmucam3.a(startup.o)

.debug_abbrev   0x00000000     0x2c73
 *(.debug_abbrev)
 .debug_abbrev  0x00000000      0x308 lpc2106-cmucam3_buildfiles/main.o
 .debug_abbrev  0x00000308      0x393 lpc2106-cmucam3_buildfiles/polly.o
 .debug_abbrev  0x0000069b       0xff ../../lib/cc3-ilp\libcc3-ilp_lpc2106-cmucam3.a(cc3_ilp.o)
 .debug_abbrev  0x0000079a      0x17e ../../lib/cc3-ilp\libcc3-ilp_lpc2106-cmucam3.a(cc3_math.o)
 .debug_abbrev  0x00000918      0x141 ../../lib/cc3-ilp\libcc3-ilp_lpc2106-cmucam3.a(cc3_conv.o)
 .debug_abbrev  0x00000a59      0x27a ../../lib/cc3-ilp\libcc3-ilp_lpc2106-cmucam3.a(cc3_img_writer.o)
 .debug_abbrev  0x00000cd3      0x1a6 ../../hal/lpc2106-cmucam3\libhal-lpc2106-cmucam3.a(interrupt.o)
 .debug_abbrev  0x00000e79      0x4a2 ../../hal/lpc2106-cmucam3\libhal-lpc2106-cmucam3.a(cc3.o)
 .debug_abbrev  0x0000131b       0xb7 ../../hal/lpc2106-cmucam3\libhal-lpc2106-cmucam3.a(cc3_hal.o)
 .debug_abbrev  0x000013d2      0x2eb ../../hal/lpc2106-cmucam3\libhal-lpc2106-cmucam3.a(syscalls.o)
 .debug_abbrev  0x000016bd      0x415 ../../hal/lpc2106-cmucam3\libhal-lpc2106-cmucam3.a(serial.o)
 .debug_abbrev  0x00001ad2      0x193 ../../hal/lpc2106-cmucam3\libhal-lpc2106-cmucam3.a(servo.o)
 .debug_abbrev  0x00001c65      0x49a ../../hal/lpc2106-cmucam3\libhal-lpc2106-cmucam3.a(rdcf2.o)
 .debug_abbrev  0x000020ff      0x36f ../../hal/lpc2106-cmucam3\libhal-lpc2106-cmucam3.a(mmc_hardware.o)
 .debug_abbrev  0x0000246e      0x2ee ../../hal/lpc2106-cmucam3\libhal-lpc2106-cmucam3.a(mmc_driver.o)
 .debug_abbrev  0x0000275c      0x148 ../../hal/lpc2106-cmucam3\libhal-lpc2106-cmucam3.a(gpio.o)
 .debug_abbrev  0x000028a4      0x164 ../../hal/lpc2106-cmucam3\libhal-lpc2106-cmucam3.a(devices.o)
 .debug_abbrev  0x00002a08      0x257 ../../hal/lpc2106-cmucam3\libhal-lpc2106-cmucam3.a(uart_driver.o)
 .debug_abbrev  0x00002c5f       0x14 ../../hal/lpc2106-cmucam3\libhal-lpc2106-cmucam3.a(startup.o)

.debug_line     0x00000000     0x355b
 *(.debug_line)
 .debug_line    0x00000000      0x2cc lpc2106-cmucam3_buildfiles/main.o
 .debug_line    0x000002cc      0x46c lpc2106-cmucam3_buildfiles/polly.o
 .debug_line    0x00000738      0x107 ../../lib/cc3-ilp\libcc3-ilp_lpc2106-cmucam3.a(cc3_ilp.o)
 .debug_line    0x0000083f      0x1be ../../lib/cc3-ilp\libcc3-ilp_lpc2106-cmucam3.a(cc3_math.o)
 .debug_line    0x000009fd      0x132 ../../lib/cc3-ilp\libcc3-ilp_lpc2106-cmucam3.a(cc3_conv.o)
 .debug_line    0x00000b2f      0x23a ../../lib/cc3-ilp\libcc3-ilp_lpc2106-cmucam3.a(cc3_img_writer.o)
 .debug_line    0x00000d69      0x239 ../../hal/lpc2106-cmucam3\libhal-lpc2106-cmucam3.a(interrupt.o)
 .debug_line    0x00000fa2      0x728 ../../hal/lpc2106-cmucam3\libhal-lpc2106-cmucam3.a(cc3.o)
 .debug_line    0x000016ca       0xfd ../../hal/lpc2106-cmucam3\libhal-lpc2106-cmucam3.a(cc3_hal.o)
 .debug_line    0x000017c7      0x386 ../../hal/lpc2106-cmucam3\libhal-lpc2106-cmucam3.a(syscalls.o)
 .debug_line    0x00001b4d      0x37e ../../hal/lpc2106-cmucam3\libhal-lpc2106-cmucam3.a(serial.o)
 .debug_line    0x00001ecb      0x15c ../../hal/lpc2106-cmucam3\libhal-lpc2106-cmucam3.a(servo.o)
 .debug_line    0x00002027      0x8b1 ../../hal/lpc2106-cmucam3\libhal-lpc2106-cmucam3.a(rdcf2.o)
 .debug_line    0x000028d8      0x3d0 ../../hal/lpc2106-cmucam3\libhal-lpc2106-cmucam3.a(mmc_hardware.o)
 .debug_line    0x00002ca8      0x328 ../../hal/lpc2106-cmucam3\libhal-lpc2106-cmucam3.a(mmc_driver.o)
 .debug_line    0x00002fd0      0x106 ../../hal/lpc2106-cmucam3\libhal-lpc2106-cmucam3.a(gpio.o)
 .debug_line    0x000030d6      0x165 ../../hal/lpc2106-cmucam3\libhal-lpc2106-cmucam3.a(devices.o)
 .debug_line    0x0000323b      0x28e ../../hal/lpc2106-cmucam3\libhal-lpc2106-cmucam3.a(uart_driver.o)
 .debug_line    0x000034c9       0x92 ../../hal/lpc2106-cmucam3\libhal-lpc2106-cmucam3.a(startup.o)

.debug_frame    0x00000000     0x21d4
 *(.debug_frame)
 .debug_frame   0x00000000       0x64 lpc2106-cmucam3_buildfiles/main.o
 .debug_frame   0x00000064      0x12c lpc2106-cmucam3_buildfiles/polly.o
 .debug_frame   0x00000190       0x50 ../../lib/cc3-ilp\libcc3-ilp_lpc2106-cmucam3.a(cc3_ilp.o)
 .debug_frame   0x000001e0       0x64 ../../lib/cc3-ilp\libcc3-ilp_lpc2106-cmucam3.a(cc3_math.o)
 .debug_frame   0x00000244       0x3c ../../lib/cc3-ilp\libcc3-ilp_lpc2106-cmucam3.a(cc3_conv.o)
 .debug_frame   0x00000280       0x80 ../../lib/cc3-ilp\libcc3-ilp_lpc2106-cmucam3.a(cc3_img_writer.o)
 .debug_frame   0x00000300      0x10c ../../hal/lpc2106-cmucam3\libhal-lpc2106-cmucam3.a(interrupt.o)
 .debug_frame   0x0000040c      0x20c ../../hal/lpc2106-cmucam3\libhal-lpc2106-cmucam3.a(cc3.o)
 .debug_frame   0x00000618       0xa0 ../../hal/lpc2106-cmucam3\libhal-lpc2106-cmucam3.a(cc3_hal.o)
 .debug_frame   0x000006b8      0x1d0 ../../hal/lpc2106-cmucam3\libhal-lpc2106-cmucam3.a(syscalls.o)
 .debug_frame   0x00000888      0x134 ../../hal/lpc2106-cmucam3\libhal-lpc2106-cmucam3.a(serial.o)
 .debug_frame   0x000009bc       0x64 ../../hal/lpc2106-cmucam3\libhal-lpc2106-cmucam3.a(servo.o)
 .debug_frame   0x00000a20      0x320 ../../hal/lpc2106-cmucam3\libhal-lpc2106-cmucam3.a(rdcf2.o)
 .debug_frame   0x00000d40       0x98 ../../hal/lpc2106-cmucam3\libhal-lpc2106-cmucam3.a(mmc_hardware.o)
 .debug_frame   0x00000dd8      0x114 ../../hal/lpc2106-cmucam3\libhal-lpc2106-cmucam3.a(mmc_driver.o)
 .debug_frame   0x00000eec       0x58 ../../hal/lpc2106-cmucam3\libhal-lpc2106-cmucam3.a(gpio.o)
 .debug_frame   0x00000f44       0x70 ../../hal/lpc2106-cmucam3\libhal-lpc2106-cmucam3.a(devices.o)
 .debug_frame   0x00000fb4       0xe8 ../../hal/lpc2106-cmucam3\libhal-lpc2106-cmucam3.a(uart_driver.o)
 .debug_frame   0x0000109c       0x20 c:/sourcery_codebench_lite_for_arm_eabi/bin/../lib/gcc/arm-none-eabi/4.8.1\libgcc.a(_udivsi3.o)
 .debug_frame   0x000010bc       0x20 c:/sourcery_codebench_lite_for_arm_eabi/bin/../lib/gcc/arm-none-eabi/4.8.1\libgcc.a(_divsi3.o)
 .debug_frame   0x000010dc       0x28 c:/sourcery_codebench_lite_for_arm_eabi/bin/../lib/gcc/arm-none-eabi/4.8.1/../../../../arm-none-eabi/lib\libc.a(lib_a-calloc.o)
 .debug_frame   0x00001104       0x28 c:/sourcery_codebench_lite_for_arm_eabi/bin/../lib/gcc/arm-none-eabi/4.8.1/../../../../arm-none-eabi/lib\libc.a(lib_a-callocr.o)
 .debug_frame   0x0000112c       0x28 c:/sourcery_codebench_lite_for_arm_eabi/bin/../lib/gcc/arm-none-eabi/4.8.1/../../../../arm-none-eabi/lib\libc.a(lib_a-exit.o)
 .debug_frame   0x00001154       0x3c c:/sourcery_codebench_lite_for_arm_eabi/bin/../lib/gcc/arm-none-eabi/4.8.1/../../../../arm-none-eabi/lib\libc.a(lib_a-fclose.o)
 .debug_frame   0x00001190       0x64 c:/sourcery_codebench_lite_for_arm_eabi/bin/../lib/gcc/arm-none-eabi/4.8.1/../../../../arm-none-eabi/lib\libc.a(lib_a-fflush.o)
 .debug_frame   0x000011f4      0x130 c:/sourcery_codebench_lite_for_arm_eabi/bin/../lib/gcc/arm-none-eabi/4.8.1/../../../../arm-none-eabi/lib\libc.a(lib_a-findfp.o)
 .debug_frame   0x00001324       0x54 c:/sourcery_codebench_lite_for_arm_eabi/bin/../lib/gcc/arm-none-eabi/4.8.1/../../../../arm-none-eabi/lib\libc.a(lib_a-fiprintf.o)
 .debug_frame   0x00001378       0x40 c:/sourcery_codebench_lite_for_arm_eabi/bin/../lib/gcc/arm-none-eabi/4.8.1/../../../../arm-none-eabi/lib\libc.a(lib_a-fopen.o)
 .debug_frame   0x000013b8       0x50 c:/sourcery_codebench_lite_for_arm_eabi/bin/../lib/gcc/arm-none-eabi/4.8.1/../../../../arm-none-eabi/lib\libc.a(lib_a-freer.o)
 .debug_frame   0x00001408       0x40 c:/sourcery_codebench_lite_for_arm_eabi/bin/../lib/gcc/arm-none-eabi/4.8.1/../../../../arm-none-eabi/lib\libc.a(lib_a-fseek.o)
 .debug_frame   0x00001448       0x50 c:/sourcery_codebench_lite_for_arm_eabi/bin/../lib/gcc/arm-none-eabi/4.8.1/../../../../arm-none-eabi/lib\libc.a(lib_a-fseeko.o)
 .debug_frame   0x00001498       0x2c c:/sourcery_codebench_lite_for_arm_eabi/bin/../lib/gcc/arm-none-eabi/4.8.1/../../../../arm-none-eabi/lib\libc.a(lib_a-fstatr.o)
 .debug_frame   0x000014c4       0x54 c:/sourcery_codebench_lite_for_arm_eabi/bin/../lib/gcc/arm-none-eabi/4.8.1/../../../../arm-none-eabi/lib\libc.a(lib_a-fwalk.o)
 .debug_frame   0x00001518       0x58 c:/sourcery_codebench_lite_for_arm_eabi/bin/../lib/gcc/arm-none-eabi/4.8.1/../../../../arm-none-eabi/lib\libc.a(lib_a-iprintf.o)
 .debug_frame   0x00001570       0x28 c:/sourcery_codebench_lite_for_arm_eabi/bin/../lib/gcc/arm-none-eabi/4.8.1/../../../../arm-none-eabi/lib\libc.a(lib_a-lcltime_r.o)
 .debug_frame   0x00001598       0x30 c:/sourcery_codebench_lite_for_arm_eabi/bin/../lib/gcc/arm-none-eabi/4.8.1/../../../../arm-none-eabi/lib\libc.a(lib_a-makebuf.o)
 .debug_frame   0x000015c8       0x40 c:/sourcery_codebench_lite_for_arm_eabi/bin/../lib/gcc/arm-none-eabi/4.8.1/../../../../arm-none-eabi/lib\libc.a(lib_a-malloc.o)
 .debug_frame   0x00001608       0x38 c:/sourcery_codebench_lite_for_arm_eabi/bin/../lib/gcc/arm-none-eabi/4.8.1/../../../../arm-none-eabi/lib\libc.a(lib_a-mallocr.o)
 .debug_frame   0x00001640       0x28 c:/sourcery_codebench_lite_for_arm_eabi/bin/../lib/gcc/arm-none-eabi/4.8.1/../../../../arm-none-eabi/lib\libc.a(lib_a-memcmp.o)
 .debug_frame   0x00001668       0x2c c:/sourcery_codebench_lite_for_arm_eabi/bin/../lib/gcc/arm-none-eabi/4.8.1/../../../../arm-none-eabi/lib\libc.a(lib_a-memcpy-stub.o)
 .debug_frame   0x00001694       0x2c c:/sourcery_codebench_lite_for_arm_eabi/bin/../lib/gcc/arm-none-eabi/4.8.1/../../../../arm-none-eabi/lib\libc.a(lib_a-memset.o)
 .debug_frame   0x000016c0       0x5c c:/sourcery_codebench_lite_for_arm_eabi/bin/../lib/gcc/arm-none-eabi/4.8.1/../../../../arm-none-eabi/lib\libc.a(lib_a-mktm_r.o)
 .debug_frame   0x0000171c       0x30 c:/sourcery_codebench_lite_for_arm_eabi/bin/../lib/gcc/arm-none-eabi/4.8.1/../../../../arm-none-eabi/lib\libc.a(lib_a-mlock.o)
 .debug_frame   0x0000174c       0x2c c:/sourcery_codebench_lite_for_arm_eabi/bin/../lib/gcc/arm-none-eabi/4.8.1/../../../../arm-none-eabi/lib\libc.a(lib_a-openr.o)
 .debug_frame   0x00001778       0x48 c:/sourcery_codebench_lite_for_arm_eabi/bin/../lib/gcc/arm-none-eabi/4.8.1/../../../../arm-none-eabi/lib\libc.a(lib_a-reent.o)
 .debug_frame   0x000017c0       0x48 c:/sourcery_codebench_lite_for_arm_eabi/bin/../lib/gcc/arm-none-eabi/4.8.1/../../../../arm-none-eabi/lib\libc.a(lib_a-refill.o)
 .debug_frame   0x00001808       0x2c c:/sourcery_codebench_lite_for_arm_eabi/bin/../lib/gcc/arm-none-eabi/4.8.1/../../../../arm-none-eabi/lib\libc.a(lib_a-sbrkr.o)
 .debug_frame   0x00001834       0x28 c:/sourcery_codebench_lite_for_arm_eabi/bin/../lib/gcc/arm-none-eabi/4.8.1/../../../../arm-none-eabi/lib\libc.a(lib_a-setbuf.o)
 .debug_frame   0x0000185c       0x34 c:/sourcery_codebench_lite_for_arm_eabi/bin/../lib/gcc/arm-none-eabi/4.8.1/../../../../arm-none-eabi/lib\libc.a(lib_a-setvbuf.o)
 .debug_frame   0x00001890       0x60 c:/sourcery_codebench_lite_for_arm_eabi/bin/../lib/gcc/arm-none-eabi/4.8.1/../../../../arm-none-eabi/lib\libc.a(lib_a-siprintf.o)
 .debug_frame   0x000018f0       0x5c c:/sourcery_codebench_lite_for_arm_eabi/bin/../lib/gcc/arm-none-eabi/4.8.1/../../../../arm-none-eabi/lib\libc.a(lib_a-sniprintf.o)
 .debug_frame   0x0000194c       0x88 c:/sourcery_codebench_lite_for_arm_eabi/bin/../lib/gcc/arm-none-eabi/4.8.1/../../../../arm-none-eabi/lib\libc.a(lib_a-stdio.o)
 .debug_frame   0x000019d4       0x28 c:/sourcery_codebench_lite_for_arm_eabi/bin/../lib/gcc/arm-none-eabi/4.8.1/../../../../arm-none-eabi/lib\libc.a(lib_a-strdup.o)
 .debug_frame   0x000019fc       0x2c c:/sourcery_codebench_lite_for_arm_eabi/bin/../lib/gcc/arm-none-eabi/4.8.1/../../../../arm-none-eabi/lib\libc.a(lib_a-strdup_r.o)
 .debug_frame   0x00001a28       0x20 c:/sourcery_codebench_lite_for_arm_eabi/bin/../lib/gcc/arm-none-eabi/4.8.1/../../../../arm-none-eabi/lib\libc.a(lib_a-strlen.o)
 .debug_frame   0x00001a48       0x50 c:/sourcery_codebench_lite_for_arm_eabi/bin/../lib/gcc/arm-none-eabi/4.8.1/../../../../arm-none-eabi/lib\libc.a(lib_a-strtol.o)
 .debug_frame   0x00001a98       0x64 c:/sourcery_codebench_lite_for_arm_eabi/bin/../lib/gcc/arm-none-eabi/4.8.1/../../../../arm-none-eabi/lib\libc.a(lib_a-svfiprintf.o)
 .debug_frame   0x00001afc       0x28 c:/sourcery_codebench_lite_for_arm_eabi/bin/../lib/gcc/arm-none-eabi/4.8.1/../../../../arm-none-eabi/lib\libc.a(lib_a-sysgettod.o)
 .debug_frame   0x00001b24       0x30 c:/sourcery_codebench_lite_for_arm_eabi/bin/../lib/gcc/arm-none-eabi/4.8.1/../../../../arm-none-eabi/lib\libc.a(lib_a-tzlock.o)
 .debug_frame   0x00001b54       0xb8 c:/sourcery_codebench_lite_for_arm_eabi/bin/../lib/gcc/arm-none-eabi/4.8.1/../../../../arm-none-eabi/lib\libc.a(lib_a-vfiprintf.o)
 .debug_frame   0x00001c0c       0x2c c:/sourcery_codebench_lite_for_arm_eabi/bin/../lib/gcc/arm-none-eabi/4.8.1/../../../../arm-none-eabi/lib\libc.a(lib_a-writer.o)
 .debug_frame   0x00001c38       0x2c c:/sourcery_codebench_lite_for_arm_eabi/bin/../lib/gcc/arm-none-eabi/4.8.1/../../../../arm-none-eabi/lib\libc.a(lib_a-wsetup.o)
 .debug_frame   0x00001c64       0x50 c:/sourcery_codebench_lite_for_arm_eabi/bin/../lib/gcc/arm-none-eabi/4.8.1/../../../../arm-none-eabi/lib\libc.a(lib_a-__call_atexit.o)
 .debug_frame   0x00001cb4       0x28 c:/sourcery_codebench_lite_for_arm_eabi/bin/../lib/gcc/arm-none-eabi/4.8.1/../../../../arm-none-eabi/lib\libc.a(lib_a-atexit.o)
 .debug_frame   0x00001cdc       0x2c c:/sourcery_codebench_lite_for_arm_eabi/bin/../lib/gcc/arm-none-eabi/4.8.1/../../../../arm-none-eabi/lib\libc.a(lib_a-closer.o)
 .debug_frame   0x00001d08       0x2c c:/sourcery_codebench_lite_for_arm_eabi/bin/../lib/gcc/arm-none-eabi/4.8.1/../../../../arm-none-eabi/lib\libc.a(lib_a-fini.o)
 .debug_frame   0x00001d34       0x28 c:/sourcery_codebench_lite_for_arm_eabi/bin/../lib/gcc/arm-none-eabi/4.8.1/../../../../arm-none-eabi/lib\libc.a(lib_a-flags.o)
 .debug_frame   0x00001d5c       0x50 c:/sourcery_codebench_lite_for_arm_eabi/bin/../lib/gcc/arm-none-eabi/4.8.1/../../../../arm-none-eabi/lib\libc.a(lib_a-fputwc.o)
 .debug_frame   0x00001dac       0x38 c:/sourcery_codebench_lite_for_arm_eabi/bin/../lib/gcc/arm-none-eabi/4.8.1/../../../../arm-none-eabi/lib\libc.a(lib_a-fvwrite.o)
 .debug_frame   0x00001de4       0x2c c:/sourcery_codebench_lite_for_arm_eabi/bin/../lib/gcc/arm-none-eabi/4.8.1/../../../../arm-none-eabi/lib\libc.a(lib_a-gettimeofdayr.o)
 .debug_frame   0x00001e10       0x20 c:/sourcery_codebench_lite_for_arm_eabi/bin/../lib/gcc/arm-none-eabi/4.8.1/../../../../arm-none-eabi/lib\libc.a(lib_a-gettzinfo.o)
 .debug_frame   0x00001e30       0x2c c:/sourcery_codebench_lite_for_arm_eabi/bin/../lib/gcc/arm-none-eabi/4.8.1/../../../../arm-none-eabi/lib\libc.a(lib_a-isattyr.o)
 .debug_frame   0x00001e5c       0x98 c:/sourcery_codebench_lite_for_arm_eabi/bin/../lib/gcc/arm-none-eabi/4.8.1/../../../../arm-none-eabi/lib\libc.a(lib_a-locale.o)
 .debug_frame   0x00001ef4       0x2c c:/sourcery_codebench_lite_for_arm_eabi/bin/../lib/gcc/arm-none-eabi/4.8.1/../../../../arm-none-eabi/lib\libc.a(lib_a-lseekr.o)
 .debug_frame   0x00001f20       0x2c c:/sourcery_codebench_lite_for_arm_eabi/bin/../lib/gcc/arm-none-eabi/4.8.1/../../../../arm-none-eabi/lib\libc.a(lib_a-memchr-stub.o)
 .debug_frame   0x00001f4c       0x2c c:/sourcery_codebench_lite_for_arm_eabi/bin/../lib/gcc/arm-none-eabi/4.8.1/../../../../arm-none-eabi/lib\libc.a(lib_a-memmove.o)
 .debug_frame   0x00001f78       0x2c c:/sourcery_codebench_lite_for_arm_eabi/bin/../lib/gcc/arm-none-eabi/4.8.1/../../../../arm-none-eabi/lib\libc.a(lib_a-readr.o)
 .debug_frame   0x00001fa4       0x38 c:/sourcery_codebench_lite_for_arm_eabi/bin/../lib/gcc/arm-none-eabi/4.8.1/../../../../arm-none-eabi/lib\libc.a(lib_a-reallocr.o)
 .debug_frame   0x00001fdc       0x3c c:/sourcery_codebench_lite_for_arm_eabi/bin/../lib/gcc/arm-none-eabi/4.8.1/../../../../arm-none-eabi/lib\libc.a(lib_a-wbuf.o)
 .debug_frame   0x00002018       0x58 c:/sourcery_codebench_lite_for_arm_eabi/bin/../lib/gcc/arm-none-eabi/4.8.1/../../../../arm-none-eabi/lib\libc.a(lib_a-wcrtomb.o)
 .debug_frame   0x00002070       0x44 c:/sourcery_codebench_lite_for_arm_eabi/bin/../lib/gcc/arm-none-eabi/4.8.1/../../../../arm-none-eabi/lib\libc.a(lib_a-wctomb_r.o)
 .debug_frame   0x000020b4       0x30 c:/sourcery_codebench_lite_for_arm_eabi/bin/../lib/gcc/arm-none-eabi/4.8.1/../../../../arm-none-eabi/lib\libc.a(lib_a-__atexit.o)
 .debug_frame   0x000020e4       0x28 c:/sourcery_codebench_lite_for_arm_eabi/bin/../lib/gcc/arm-none-eabi/4.8.1\libgcc.a(_aeabi_uldivmod.o)
 .debug_frame   0x0000210c       0x58 c:/sourcery_codebench_lite_for_arm_eabi/bin/../lib/gcc/arm-none-eabi/4.8.1\libgcc.a(bpabi.o)
 .debug_frame   0x00002164       0x38 c:/sourcery_codebench_lite_for_arm_eabi/bin/../lib/gcc/arm-none-eabi/4.8.1\libgcc.a(_divdi3.o)
 .debug_frame   0x0000219c       0x38 c:/sourcery_codebench_lite_for_arm_eabi/bin/../lib/gcc/arm-none-eabi/4.8.1\libgcc.a(_udivdi3.o)

.debug_str      0x00000000     0x2395
 *(.debug_str)
 .debug_str     0x00000000      0xbfd lpc2106-cmucam3_buildfiles/main.o
                                0xcdb (size before relaxing)
 .debug_str     0x00000bfd      0x12c lpc2106-cmucam3_buildfiles/polly.o
                                0x988 (size before relaxing)
 .debug_str     0x00000d29       0x7e ../../lib/cc3-ilp\libcc3-ilp_lpc2106-cmucam3.a(cc3_ilp.o)
                                0x224 (size before relaxing)
 .debug_str     0x00000da7       0x6c ../../lib/cc3-ilp\libcc3-ilp_lpc2106-cmucam3.a(cc3_math.o)
                                0x23b (size before relaxing)
 .debug_str     0x00000e13       0x1a ../../lib/cc3-ilp\libcc3-ilp_lpc2106-cmucam3.a(cc3_conv.o)
                                0x242 (size before relaxing)
 .debug_str     0x00000e2d       0x35 ../../lib/cc3-ilp\libcc3-ilp_lpc2106-cmucam3.a(cc3_img_writer.o)
                                0x6fd (size before relaxing)
 .debug_str     0x00000e62      0x18c ../../hal/lpc2106-cmucam3\libhal-lpc2106-cmucam3.a(interrupt.o)
                                0x2fc (size before relaxing)
 .debug_str     0x00000fee      0x37e ../../hal/lpc2106-cmucam3\libhal-lpc2106-cmucam3.a(cc3.o)
                                0x988 (size before relaxing)
 .debug_str     0x0000136c       0x1c ../../hal/lpc2106-cmucam3\libhal-lpc2106-cmucam3.a(cc3_hal.o)
                                0x228 (size before relaxing)
 .debug_str     0x00001388      0x2c8 ../../hal/lpc2106-cmucam3\libhal-lpc2106-cmucam3.a(syscalls.o)
                                0x57d (size before relaxing)
 .debug_str     0x00001650      0x10f ../../hal/lpc2106-cmucam3\libhal-lpc2106-cmucam3.a(serial.o)
                                0x8f7 (size before relaxing)
 .debug_str     0x0000175f       0xca ../../hal/lpc2106-cmucam3\libhal-lpc2106-cmucam3.a(servo.o)
                                0x2be (size before relaxing)
 .debug_str     0x00001829      0x5a8 ../../hal/lpc2106-cmucam3\libhal-lpc2106-cmucam3.a(rdcf2.o)
                                0x8b7 (size before relaxing)
 .debug_str     0x00001dd1      0x35f ../../hal/lpc2106-cmucam3\libhal-lpc2106-cmucam3.a(mmc_hardware.o)
                                0x654 (size before relaxing)
 .debug_str     0x00002130       0xb9 ../../hal/lpc2106-cmucam3\libhal-lpc2106-cmucam3.a(mmc_driver.o)
                                0x76a (size before relaxing)
 .debug_str     0x000021e9       0xa7 ../../hal/lpc2106-cmucam3\libhal-lpc2106-cmucam3.a(gpio.o)
                                0x27d (size before relaxing)
 .debug_str     0x00002290       0x2f ../../hal/lpc2106-cmucam3\libhal-lpc2106-cmucam3.a(devices.o)
                                0x415 (size before relaxing)
 .debug_str     0x000022bf       0xd6 ../../hal/lpc2106-cmucam3\libhal-lpc2106-cmucam3.a(uart_driver.o)
                                0x4cc (size before relaxing)

.debug_loc      0x00000000     0x7471
 *(.debug_loc)
 .debug_loc     0x00000000      0x2b3 lpc2106-cmucam3_buildfiles/main.o
 .debug_loc     0x000002b3      0xa9c lpc2106-cmucam3_buildfiles/polly.o
 .debug_loc     0x00000d4f      0x19b ../../lib/cc3-ilp\libcc3-ilp_lpc2106-cmucam3.a(cc3_ilp.o)
 .debug_loc     0x00000eea      0xa96 ../../lib/cc3-ilp\libcc3-ilp_lpc2106-cmucam3.a(cc3_math.o)
 .debug_loc     0x00001980      0x183 ../../lib/cc3-ilp\libcc3-ilp_lpc2106-cmucam3.a(cc3_conv.o)
 .debug_loc     0x00001b03      0x3f4 ../../lib/cc3-ilp\libcc3-ilp_lpc2106-cmucam3.a(cc3_img_writer.o)
 .debug_loc     0x00001ef7       0x7b ../../hal/lpc2106-cmucam3\libhal-lpc2106-cmucam3.a(interrupt.o)
 .debug_loc     0x00001f72      0xd63 ../../hal/lpc2106-cmucam3\libhal-lpc2106-cmucam3.a(cc3.o)
 .debug_loc     0x00002cd5      0x92d ../../hal/lpc2106-cmucam3\libhal-lpc2106-cmucam3.a(syscalls.o)
 .debug_loc     0x00003602      0x4a7 ../../hal/lpc2106-cmucam3\libhal-lpc2106-cmucam3.a(serial.o)
 .debug_loc     0x00003aa9      0x266 ../../hal/lpc2106-cmucam3\libhal-lpc2106-cmucam3.a(servo.o)
 .debug_loc     0x00003d0f     0x1e1f ../../hal/lpc2106-cmucam3\libhal-lpc2106-cmucam3.a(rdcf2.o)
 .debug_loc     0x00005b2e      0x9db ../../hal/lpc2106-cmucam3\libhal-lpc2106-cmucam3.a(mmc_hardware.o)
 .debug_loc     0x00006509      0x755 ../../hal/lpc2106-cmucam3\libhal-lpc2106-cmucam3.a(mmc_driver.o)
 .debug_loc     0x00006c5e       0xe5 ../../hal/lpc2106-cmucam3\libhal-lpc2106-cmucam3.a(gpio.o)
 .debug_loc     0x00006d43      0x129 ../../hal/lpc2106-cmucam3\libhal-lpc2106-cmucam3.a(devices.o)
 .debug_loc     0x00006e6c      0x605 ../../hal/lpc2106-cmucam3\libhal-lpc2106-cmucam3.a(uart_driver.o)

.debug_macinfo
 *(.debug_macinfo)

.debug_weaknames
 *(.debug_weaknames)

.debug_funcnames
 *(.debug_funcnames)

.debug_typenames
 *(.debug_typenames)

.debug_varnames
 *(.debug_varnames)

.note.gnu.arm.ident
 *(.note.gnu.arm.ident)

.ARM.attributes
                0x00000000       0x2c
 *(.ARM.attributes)
 .ARM.attributes
                0x00000000       0x16 c:/sourcery_codebench_lite_for_arm_eabi/bin/../lib/gcc/arm-none-eabi/4.8.1/crti.o
 .ARM.attributes
                0x00000016       0x30 c:/sourcery_codebench_lite_for_arm_eabi/bin/../lib/gcc/arm-none-eabi/4.8.1/crtbegin.o
 .ARM.attributes
                0x00000046       0x32 lpc2106-cmucam3_buildfiles/main.o
 .ARM.attributes
                0x00000078       0x32 lpc2106-cmucam3_buildfiles/polly.o
 .ARM.attributes
                0x000000aa       0x32 ../../lib/cc3-ilp\libcc3-ilp_lpc2106-cmucam3.a(cc3_ilp.o)
 .ARM.attributes
                0x000000dc       0x32 ../../lib/cc3-ilp\libcc3-ilp_lpc2106-cmucam3.a(cc3_math.o)
 .ARM.attributes
                0x0000010e       0x32 ../../lib/cc3-ilp\libcc3-ilp_lpc2106-cmucam3.a(cc3_conv.o)
 .ARM.attributes
                0x00000140       0x32 ../../lib/cc3-ilp\libcc3-ilp_lpc2106-cmucam3.a(cc3_img_writer.o)
 .ARM.attributes
                0x00000172       0x32 ../../hal/lpc2106-cmucam3\libhal-lpc2106-cmucam3.a(interrupt.o)
 .ARM.attributes
                0x000001a4       0x32 ../../hal/lpc2106-cmucam3\libhal-lpc2106-cmucam3.a(cc3.o)
 .ARM.attributes
                0x000001d6       0x32 ../../hal/lpc2106-cmucam3\libhal-lpc2106-cmucam3.a(cc3_hal.o)
 .ARM.attributes
                0x00000208       0x32 ../../hal/lpc2106-cmucam3\libhal-lpc2106-cmucam3.a(syscalls.o)
 .ARM.attributes
                0x0000023a       0x32 ../../hal/lpc2106-cmucam3\libhal-lpc2106-cmucam3.a(serial.o)
 .ARM.attributes
                0x0000026c       0x32 ../../hal/lpc2106-cmucam3\libhal-lpc2106-cmucam3.a(servo.o)
 .ARM.attributes
                0x0000029e       0x32 ../../hal/lpc2106-cmucam3\libhal-lpc2106-cmucam3.a(rdcf2.o)
 .ARM.attributes
                0x000002d0       0x32 ../../hal/lpc2106-cmucam3\libhal-lpc2106-cmucam3.a(mmc_hardware.o)
 .ARM.attributes
                0x00000302       0x32 ../../hal/lpc2106-cmucam3\libhal-lpc2106-cmucam3.a(mmc_driver.o)
 .ARM.attributes
                0x00000334       0x32 ../../hal/lpc2106-cmucam3\libhal-lpc2106-cmucam3.a(gpio.o)
 .ARM.attributes
                0x00000366       0x32 ../../hal/lpc2106-cmucam3\libhal-lpc2106-cmucam3.a(devices.o)
 .ARM.attributes
                0x00000398       0x32 ../../hal/lpc2106-cmucam3\libhal-lpc2106-cmucam3.a(uart_driver.o)
 .ARM.attributes
                0x000003ca       0x22 ../../hal/lpc2106-cmucam3\libhal-lpc2106-cmucam3.a(startup.o)
 .ARM.attributes
                0x000003ec       0x18 c:/sourcery_codebench_lite_for_arm_eabi/bin/../lib/gcc/arm-none-eabi/4.8.1\libgcc.a(_udivsi3.o)
 .ARM.attributes
                0x00000404       0x18 c:/sourcery_codebench_lite_for_arm_eabi/bin/../lib/gcc/arm-none-eabi/4.8.1\libgcc.a(_divsi3.o)
 .ARM.attributes
                0x0000041c       0x18 c:/sourcery_codebench_lite_for_arm_eabi/bin/../lib/gcc/arm-none-eabi/4.8.1\libgcc.a(_dvmd_tls.o)
 .ARM.attributes
                0x00000434       0x18 c:/sourcery_codebench_lite_for_arm_eabi/bin/../lib/gcc/arm-none-eabi/4.8.1\libgcc.a(_arm_addsubdf3.o)
 .ARM.attributes
                0x0000044c       0x18 c:/sourcery_codebench_lite_for_arm_eabi/bin/../lib/gcc/arm-none-eabi/4.8.1\libgcc.a(_arm_muldivdf3.o)
 .ARM.attributes
                0x00000464       0x18 c:/sourcery_codebench_lite_for_arm_eabi/bin/../lib/gcc/arm-none-eabi/4.8.1\libgcc.a(_arm_fixdfsi.o)
 .ARM.attributes
                0x0000047c       0x18 c:/sourcery_codebench_lite_for_arm_eabi/bin/../lib/gcc/arm-none-eabi/4.8.1\libgcc.a(_arm_fixunsdfsi.o)
 .ARM.attributes
                0x00000494       0x30 c:/sourcery_codebench_lite_for_arm_eabi/bin/../lib/gcc/arm-none-eabi/4.8.1/../../../../arm-none-eabi/lib\libc.a(lib_a-calloc.o)
 .ARM.attributes
                0x000004c4       0x30 c:/sourcery_codebench_lite_for_arm_eabi/bin/../lib/gcc/arm-none-eabi/4.8.1/../../../../arm-none-eabi/lib\libc.a(lib_a-callocr.o)
 .ARM.attributes
                0x000004f4       0x30 c:/sourcery_codebench_lite_for_arm_eabi/bin/../lib/gcc/arm-none-eabi/4.8.1/../../../../arm-none-eabi/lib\libc.a(lib_a-ctype_.o)
 .ARM.attributes
                0x00000524       0x30 c:/sourcery_codebench_lite_for_arm_eabi/bin/../lib/gcc/arm-none-eabi/4.8.1/../../../../arm-none-eabi/lib\libc.a(lib_a-exit.o)
 .ARM.attributes
                0x00000554       0x30 c:/sourcery_codebench_lite_for_arm_eabi/bin/../lib/gcc/arm-none-eabi/4.8.1/../../../../arm-none-eabi/lib\libc.a(lib_a-fclose.o)
 .ARM.attributes
                0x00000584       0x30 c:/sourcery_codebench_lite_for_arm_eabi/bin/../lib/gcc/arm-none-eabi/4.8.1/../../../../arm-none-eabi/lib\libc.a(lib_a-fflush.o)
 .ARM.attributes
                0x000005b4       0x30 c:/sourcery_codebench_lite_for_arm_eabi/bin/../lib/gcc/arm-none-eabi/4.8.1/../../../../arm-none-eabi/lib\libc.a(lib_a-findfp.o)
 .ARM.attributes
                0x000005e4       0x30 c:/sourcery_codebench_lite_for_arm_eabi/bin/../lib/gcc/arm-none-eabi/4.8.1/../../../../arm-none-eabi/lib\libc.a(lib_a-fiprintf.o)
 .ARM.attributes
                0x00000614       0x30 c:/sourcery_codebench_lite_for_arm_eabi/bin/../lib/gcc/arm-none-eabi/4.8.1/../../../../arm-none-eabi/lib\libc.a(lib_a-fopen.o)
 .ARM.attributes
                0x00000644       0x30 c:/sourcery_codebench_lite_for_arm_eabi/bin/../lib/gcc/arm-none-eabi/4.8.1/../../../../arm-none-eabi/lib\libc.a(lib_a-freer.o)
 .ARM.attributes
                0x00000674       0x30 c:/sourcery_codebench_lite_for_arm_eabi/bin/../lib/gcc/arm-none-eabi/4.8.1/../../../../arm-none-eabi/lib\libc.a(lib_a-fseek.o)
 .ARM.attributes
                0x000006a4       0x30 c:/sourcery_codebench_lite_for_arm_eabi/bin/../lib/gcc/arm-none-eabi/4.8.1/../../../../arm-none-eabi/lib\libc.a(lib_a-fseeko.o)
 .ARM.attributes
                0x000006d4       0x30 c:/sourcery_codebench_lite_for_arm_eabi/bin/../lib/gcc/arm-none-eabi/4.8.1/../../../../arm-none-eabi/lib\libc.a(lib_a-fstatr.o)
 .ARM.attributes
                0x00000704       0x30 c:/sourcery_codebench_lite_for_arm_eabi/bin/../lib/gcc/arm-none-eabi/4.8.1/../../../../arm-none-eabi/lib\libc.a(lib_a-fwalk.o)
 .ARM.attributes
                0x00000734       0x30 c:/sourcery_codebench_lite_for_arm_eabi/bin/../lib/gcc/arm-none-eabi/4.8.1/../../../../arm-none-eabi/lib\libc.a(lib_a-impure.o)
 .ARM.attributes
                0x00000764       0x30 c:/sourcery_codebench_lite_for_arm_eabi/bin/../lib/gcc/arm-none-eabi/4.8.1/../../../../arm-none-eabi/lib\libc.a(lib_a-iprintf.o)
 .ARM.attributes
                0x00000794       0x30 c:/sourcery_codebench_lite_for_arm_eabi/bin/../lib/gcc/arm-none-eabi/4.8.1/../../../../arm-none-eabi/lib\libc.a(lib_a-lcltime_r.o)
 .ARM.attributes
                0x000007c4       0x30 c:/sourcery_codebench_lite_for_arm_eabi/bin/../lib/gcc/arm-none-eabi/4.8.1/../../../../arm-none-eabi/lib\libc.a(lib_a-makebuf.o)
 .ARM.attributes
                0x000007f4       0x30 c:/sourcery_codebench_lite_for_arm_eabi/bin/../lib/gcc/arm-none-eabi/4.8.1/../../../../arm-none-eabi/lib\libc.a(lib_a-malloc.o)
 .ARM.attributes
                0x00000824       0x30 c:/sourcery_codebench_lite_for_arm_eabi/bin/../lib/gcc/arm-none-eabi/4.8.1/../../../../arm-none-eabi/lib\libc.a(lib_a-mallocr.o)
 .ARM.attributes
                0x00000854       0x30 c:/sourcery_codebench_lite_for_arm_eabi/bin/../lib/gcc/arm-none-eabi/4.8.1/../../../../arm-none-eabi/lib\libc.a(lib_a-memcmp.o)
 .ARM.attributes
                0x00000884       0x30 c:/sourcery_codebench_lite_for_arm_eabi/bin/../lib/gcc/arm-none-eabi/4.8.1/../../../../arm-none-eabi/lib\libc.a(lib_a-memcpy-stub.o)
 .ARM.attributes
                0x000008b4       0x30 c:/sourcery_codebench_lite_for_arm_eabi/bin/../lib/gcc/arm-none-eabi/4.8.1/../../../../arm-none-eabi/lib\libc.a(lib_a-memset.o)
 .ARM.attributes
                0x000008e4       0x30 c:/sourcery_codebench_lite_for_arm_eabi/bin/../lib/gcc/arm-none-eabi/4.8.1/../../../../arm-none-eabi/lib\libc.a(lib_a-mktm_r.o)
 .ARM.attributes
                0x00000914       0x30 c:/sourcery_codebench_lite_for_arm_eabi/bin/../lib/gcc/arm-none-eabi/4.8.1/../../../../arm-none-eabi/lib\libc.a(lib_a-mlock.o)
 .ARM.attributes
                0x00000944       0x30 c:/sourcery_codebench_lite_for_arm_eabi/bin/../lib/gcc/arm-none-eabi/4.8.1/../../../../arm-none-eabi/lib\libc.a(lib_a-openr.o)
 .ARM.attributes
                0x00000974       0x30 c:/sourcery_codebench_lite_for_arm_eabi/bin/../lib/gcc/arm-none-eabi/4.8.1/../../../../arm-none-eabi/lib\libc.a(lib_a-reent.o)
 .ARM.attributes
                0x000009a4       0x30 c:/sourcery_codebench_lite_for_arm_eabi/bin/../lib/gcc/arm-none-eabi/4.8.1/../../../../arm-none-eabi/lib\libc.a(lib_a-refill.o)
 .ARM.attributes
                0x000009d4       0x30 c:/sourcery_codebench_lite_for_arm_eabi/bin/../lib/gcc/arm-none-eabi/4.8.1/../../../../arm-none-eabi/lib\libc.a(lib_a-sbrkr.o)
 .ARM.attributes
                0x00000a04       0x30 c:/sourcery_codebench_lite_for_arm_eabi/bin/../lib/gcc/arm-none-eabi/4.8.1/../../../../arm-none-eabi/lib\libc.a(lib_a-setbuf.o)
 .ARM.attributes
                0x00000a34       0x14 c:/sourcery_codebench_lite_for_arm_eabi/bin/../lib/gcc/arm-none-eabi/4.8.1/../../../../arm-none-eabi/lib\libc.a(lib_a-setjmp.o)
 .ARM.attributes
                0x00000a48       0x30 c:/sourcery_codebench_lite_for_arm_eabi/bin/../lib/gcc/arm-none-eabi/4.8.1/../../../../arm-none-eabi/lib\libc.a(lib_a-setvbuf.o)
 .ARM.attributes
                0x00000a78       0x30 c:/sourcery_codebench_lite_for_arm_eabi/bin/../lib/gcc/arm-none-eabi/4.8.1/../../../../arm-none-eabi/lib\libc.a(lib_a-siprintf.o)
 .ARM.attributes
                0x00000aa8       0x30 c:/sourcery_codebench_lite_for_arm_eabi/bin/../lib/gcc/arm-none-eabi/4.8.1/../../../../arm-none-eabi/lib\libc.a(lib_a-sniprintf.o)
 .ARM.attributes
                0x00000ad8       0x30 c:/sourcery_codebench_lite_for_arm_eabi/bin/../lib/gcc/arm-none-eabi/4.8.1/../../../../arm-none-eabi/lib\libc.a(lib_a-stdio.o)
 .ARM.attributes
                0x00000b08       0x30 c:/sourcery_codebench_lite_for_arm_eabi/bin/../lib/gcc/arm-none-eabi/4.8.1/../../../../arm-none-eabi/lib\libc.a(lib_a-strdup.o)
 .ARM.attributes
                0x00000b38       0x30 c:/sourcery_codebench_lite_for_arm_eabi/bin/../lib/gcc/arm-none-eabi/4.8.1/../../../../arm-none-eabi/lib\libc.a(lib_a-strdup_r.o)
 .ARM.attributes
                0x00000b68       0x30 c:/sourcery_codebench_lite_for_arm_eabi/bin/../lib/gcc/arm-none-eabi/4.8.1/../../../../arm-none-eabi/lib\libc.a(lib_a-strlen.o)
 .ARM.attributes
                0x00000b98       0x30 c:/sourcery_codebench_lite_for_arm_eabi/bin/../lib/gcc/arm-none-eabi/4.8.1/../../../../arm-none-eabi/lib\libc.a(lib_a-strtol.o)
 .ARM.attributes
                0x00000bc8       0x30 c:/sourcery_codebench_lite_for_arm_eabi/bin/../lib/gcc/arm-none-eabi/4.8.1/../../../../arm-none-eabi/lib\libc.a(lib_a-svfiprintf.o)
 .ARM.attributes
                0x00000bf8       0x30 c:/sourcery_codebench_lite_for_arm_eabi/bin/../lib/gcc/arm-none-eabi/4.8.1/../../../../arm-none-eabi/lib\libc.a(lib_a-sysgettod.o)
 .ARM.attributes
                0x00000c28       0x30 c:/sourcery_codebench_lite_for_arm_eabi/bin/../lib/gcc/arm-none-eabi/4.8.1/../../../../arm-none-eabi/lib\libc.a(lib_a-tzlock.o)
 .ARM.attributes
                0x00000c58       0x30 c:/sourcery_codebench_lite_for_arm_eabi/bin/../lib/gcc/arm-none-eabi/4.8.1/../../../../arm-none-eabi/lib\libc.a(lib_a-tzvars.o)
 .ARM.attributes
                0x00000c88       0x30 c:/sourcery_codebench_lite_for_arm_eabi/bin/../lib/gcc/arm-none-eabi/4.8.1/../../../../arm-none-eabi/lib\libc.a(lib_a-vfiprintf.o)
 .ARM.attributes
                0x00000cb8       0x30 c:/sourcery_codebench_lite_for_arm_eabi/bin/../lib/gcc/arm-none-eabi/4.8.1/../../../../arm-none-eabi/lib\libc.a(lib_a-writer.o)
 .ARM.attributes
                0x00000ce8       0x30 c:/sourcery_codebench_lite_for_arm_eabi/bin/../lib/gcc/arm-none-eabi/4.8.1/../../../../arm-none-eabi/lib\libc.a(lib_a-wsetup.o)
 .ARM.attributes
                0x00000d18       0x30 c:/sourcery_codebench_lite_for_arm_eabi/bin/../lib/gcc/arm-none-eabi/4.8.1/../../../../arm-none-eabi/lib\libc.a(lib_a-__call_atexit.o)
 .ARM.attributes
                0x00000d48       0x30 c:/sourcery_codebench_lite_for_arm_eabi/bin/../lib/gcc/arm-none-eabi/4.8.1/../../../../arm-none-eabi/lib\libc.a(lib_a-atexit.o)
 .ARM.attributes
                0x00000d78       0x30 c:/sourcery_codebench_lite_for_arm_eabi/bin/../lib/gcc/arm-none-eabi/4.8.1/../../../../arm-none-eabi/lib\libc.a(lib_a-closer.o)
 .ARM.attributes
                0x00000da8       0x30 c:/sourcery_codebench_lite_for_arm_eabi/bin/../lib/gcc/arm-none-eabi/4.8.1/../../../../arm-none-eabi/lib\libc.a(lib_a-fini.o)
 .ARM.attributes
                0x00000dd8       0x30 c:/sourcery_codebench_lite_for_arm_eabi/bin/../lib/gcc/arm-none-eabi/4.8.1/../../../../arm-none-eabi/lib\libc.a(lib_a-flags.o)
 .ARM.attributes
                0x00000e08       0x30 c:/sourcery_codebench_lite_for_arm_eabi/bin/../lib/gcc/arm-none-eabi/4.8.1/../../../../arm-none-eabi/lib\libc.a(lib_a-fputwc.o)
 .ARM.attributes
                0x00000e38       0x30 c:/sourcery_codebench_lite_for_arm_eabi/bin/../lib/gcc/arm-none-eabi/4.8.1/../../../../arm-none-eabi/lib\libc.a(lib_a-fvwrite.o)
 .ARM.attributes
                0x00000e68       0x30 c:/sourcery_codebench_lite_for_arm_eabi/bin/../lib/gcc/arm-none-eabi/4.8.1/../../../../arm-none-eabi/lib\libc.a(lib_a-gettimeofdayr.o)
 .ARM.attributes
                0x00000e98       0x30 c:/sourcery_codebench_lite_for_arm_eabi/bin/../lib/gcc/arm-none-eabi/4.8.1/../../../../arm-none-eabi/lib\libc.a(lib_a-gettzinfo.o)
 .ARM.attributes
                0x00000ec8       0x30 c:/sourcery_codebench_lite_for_arm_eabi/bin/../lib/gcc/arm-none-eabi/4.8.1/../../../../arm-none-eabi/lib\libc.a(lib_a-isattyr.o)
 .ARM.attributes
                0x00000ef8       0x30 c:/sourcery_codebench_lite_for_arm_eabi/bin/../lib/gcc/arm-none-eabi/4.8.1/../../../../arm-none-eabi/lib\libc.a(lib_a-locale.o)
 .ARM.attributes
                0x00000f28       0x30 c:/sourcery_codebench_lite_for_arm_eabi/bin/../lib/gcc/arm-none-eabi/4.8.1/../../../../arm-none-eabi/lib\libc.a(lib_a-lseekr.o)
 .ARM.attributes
                0x00000f58       0x30 c:/sourcery_codebench_lite_for_arm_eabi/bin/../lib/gcc/arm-none-eabi/4.8.1/../../../../arm-none-eabi/lib\libc.a(lib_a-memchr-stub.o)
 .ARM.attributes
                0x00000f88       0x30 c:/sourcery_codebench_lite_for_arm_eabi/bin/../lib/gcc/arm-none-eabi/4.8.1/../../../../arm-none-eabi/lib\libc.a(lib_a-memmove.o)
 .ARM.attributes
                0x00000fb8       0x30 c:/sourcery_codebench_lite_for_arm_eabi/bin/../lib/gcc/arm-none-eabi/4.8.1/../../../../arm-none-eabi/lib\libc.a(lib_a-readr.o)
 .ARM.attributes
                0x00000fe8       0x30 c:/sourcery_codebench_lite_for_arm_eabi/bin/../lib/gcc/arm-none-eabi/4.8.1/../../../../arm-none-eabi/lib\libc.a(lib_a-reallocr.o)
 .ARM.attributes
                0x00001018       0x16 c:/sourcery_codebench_lite_for_arm_eabi/bin/../lib/gcc/arm-none-eabi/4.8.1/../../../../arm-none-eabi/lib\libc.a(lib_a-strcmp.o)
 .ARM.attributes
                0x0000102e       0x30 c:/sourcery_codebench_lite_for_arm_eabi/bin/../lib/gcc/arm-none-eabi/4.8.1/../../../../arm-none-eabi/lib\libc.a(lib_a-wbuf.o)
 .ARM.attributes
                0x0000105e       0x30 c:/sourcery_codebench_lite_for_arm_eabi/bin/../lib/gcc/arm-none-eabi/4.8.1/../../../../arm-none-eabi/lib\libc.a(lib_a-wcrtomb.o)
 .ARM.attributes
                0x0000108e       0x30 c:/sourcery_codebench_lite_for_arm_eabi/bin/../lib/gcc/arm-none-eabi/4.8.1/../../../../arm-none-eabi/lib\libc.a(lib_a-wctomb_r.o)
 .ARM.attributes
                0x000010be       0x30 c:/sourcery_codebench_lite_for_arm_eabi/bin/../lib/gcc/arm-none-eabi/4.8.1/../../../../arm-none-eabi/lib\libc.a(lib_a-__atexit.o)
 .ARM.attributes
                0x000010ee       0x18 c:/sourcery_codebench_lite_for_arm_eabi/bin/../lib/gcc/arm-none-eabi/4.8.1\libgcc.a(_aeabi_uldivmod.o)
 .ARM.attributes
                0x00001106       0x30 c:/sourcery_codebench_lite_for_arm_eabi/bin/../lib/gcc/arm-none-eabi/4.8.1\libgcc.a(bpabi.o)
 .ARM.attributes
                0x00001136       0x30 c:/sourcery_codebench_lite_for_arm_eabi/bin/../lib/gcc/arm-none-eabi/4.8.1\libgcc.a(_divdi3.o)
 .ARM.attributes
                0x00001166       0x30 c:/sourcery_codebench_lite_for_arm_eabi/bin/../lib/gcc/arm-none-eabi/4.8.1\libgcc.a(_udivdi3.o)
 .ARM.attributes
                0x00001196       0x18 c:/sourcery_codebench_lite_for_arm_eabi/bin/../lib/gcc/arm-none-eabi/4.8.1\libgcc.a(_clzsi2.o)
 .ARM.attributes
                0x000011ae       0x30 c:/sourcery_codebench_lite_for_arm_eabi/bin/../lib/gcc/arm-none-eabi/4.8.1/crtend.o
 .ARM.attributes
                0x000011de       0x18 c:/sourcery_codebench_lite_for_arm_eabi/bin/../lib/gcc/arm-none-eabi/4.8.1/crtn.o

/DISCARD/
 *(.note.GNU-stack)
OUTPUT(edge-follow_lpc2106-cmucam3 elf32-littlearm)

.debug_ranges   0x00000000     0x11d8
 .debug_ranges  0x00000000       0x30 lpc2106-cmucam3_buildfiles/main.o
 .debug_ranges  0x00000030       0xb8 lpc2106-cmucam3_buildfiles/polly.o
 .debug_ranges  0x000000e8       0x20 ../../lib/cc3-ilp\libcc3-ilp_lpc2106-cmucam3.a(cc3_ilp.o)
 .debug_ranges  0x00000108       0x60 ../../lib/cc3-ilp\libcc3-ilp_lpc2106-cmucam3.a(cc3_math.o)
 .debug_ranges  0x00000168       0x28 ../../lib/cc3-ilp\libcc3-ilp_lpc2106-cmucam3.a(cc3_conv.o)
 .debug_ranges  0x00000190       0x20 ../../lib/cc3-ilp\libcc3-ilp_lpc2106-cmucam3.a(cc3_img_writer.o)
 .debug_ranges  0x000001b0       0x80 ../../hal/lpc2106-cmucam3\libhal-lpc2106-cmucam3.a(interrupt.o)
 .debug_ranges  0x00000230      0x468 ../../hal/lpc2106-cmucam3\libhal-lpc2106-cmucam3.a(cc3.o)
 .debug_ranges  0x00000698       0x38 ../../hal/lpc2106-cmucam3\libhal-lpc2106-cmucam3.a(cc3_hal.o)
 .debug_ranges  0x000006d0       0xc8 ../../hal/lpc2106-cmucam3\libhal-lpc2106-cmucam3.a(syscalls.o)
 .debug_ranges  0x00000798       0xf8 ../../hal/lpc2106-cmucam3\libhal-lpc2106-cmucam3.a(serial.o)
 .debug_ranges  0x00000890       0x58 ../../hal/lpc2106-cmucam3\libhal-lpc2106-cmucam3.a(servo.o)
 .debug_ranges  0x000008e8      0x468 ../../hal/lpc2106-cmucam3\libhal-lpc2106-cmucam3.a(rdcf2.o)
 .debug_ranges  0x00000d50      0x350 ../../hal/lpc2106-cmucam3\libhal-lpc2106-cmucam3.a(mmc_hardware.o)
 .debug_ranges  0x000010a0       0x70 ../../hal/lpc2106-cmucam3\libhal-lpc2106-cmucam3.a(mmc_driver.o)
 .debug_ranges  0x00001110       0x28 ../../hal/lpc2106-cmucam3\libhal-lpc2106-cmucam3.a(gpio.o)
 .debug_ranges  0x00001138       0x48 ../../hal/lpc2106-cmucam3\libhal-lpc2106-cmucam3.a(devices.o)
 .debug_ranges  0x00001180       0x58 ../../hal/lpc2106-cmucam3\libhal-lpc2106-cmucam3.a(uart_driver.o)

.comment        0x00000000       0x30
 .comment       0x00000000       0x30 lpc2106-cmucam3_buildfiles/main.o
                                 0x31 (size before relaxing)
 .comment       0x00000000       0x31 lpc2106-cmucam3_buildfiles/polly.o
 .comment       0x00000000       0x31 ../../lib/cc3-ilp\libcc3-ilp_lpc2106-cmucam3.a(cc3_ilp.o)
 .comment       0x00000000       0x31 ../../lib/cc3-ilp\libcc3-ilp_lpc2106-cmucam3.a(cc3_math.o)
 .comment       0x00000000       0x31 ../../lib/cc3-ilp\libcc3-ilp_lpc2106-cmucam3.a(cc3_conv.o)
 .comment       0x00000000       0x31 ../../lib/cc3-ilp\libcc3-ilp_lpc2106-cmucam3.a(cc3_img_writer.o)