Archive member included because of file (symbol)

../../lib/cc3-ilp\libcc3-ilp_lpc2106-cmucam3.a(cc3_color_info.o)
                              lpc2106-cmucam3_buildfiles/main.o (cc3_color_info_scanline_start)
../../lib/cc3-ilp\libcc3-ilp_lpc2106-cmucam3.a(cc3_histogram.o)
                              lpc2106-cmucam3_buildfiles/main.o (cc3_histogram_scanline_start)
../../lib/cc3-ilp\libcc3-ilp_lpc2106-cmucam3.a(cc3_frame_diff.o)
                              lpc2106-cmucam3_buildfiles/main.o (cc3_frame_diff_scanline_start)
../../lib/cc3-ilp\libcc3-ilp_lpc2106-cmucam3.a(cc3_ilp.o)
                              ../../lib/cc3-ilp\libcc3-ilp_lpc2106-cmucam3.a(cc3_color_info.o) (cc3_get_pixel)
../../hal/lpc2106-cmucam3\libhal-lpc2106-cmucam3.a(interrupt.o)
                              (--whole-archive)
../../hal/lpc2106-cmucam3\libhal-lpc2106-cmucam3.a(cc3.o)
                              (--whole-archive)
../../hal/lpc2106-cmucam3\libhal-lpc2106-cmucam3.a(cc3_hal.o)
                              (--whole-archive)
../../hal/lpc2106-cmucam3\libhal-lpc2106-cmucam3.a(syscalls.o)
                              (--whole-archive)
../../hal/lpc2106-cmucam3\libhal-lpc2106-cmucam3.a(serial.o)
                              (--whole-archive)
../../hal/lpc2106-cmucam3\libhal-lpc2106-cmucam3.a(servo.o)
                              (--whole-archive)
../../hal/lpc2106-cmucam3\libhal-lpc2106-cmucam3.a(rdcf2.o)
                              (--whole-archive)
../../hal/lpc2106-cmucam3\libhal-lpc2106-cmucam3.a(mmc_hardware.o)
                              (--whole-archive)
../../hal/lpc2106-cmucam3\libhal-lpc2106-cmucam3.a(mmc_driver.o)
                              (--whole-archive)
../../hal/lpc2106-cmucam3\libhal-lpc2106-cmucam3.a(gpio.o)
                              (--whole-archive)
../../hal/lpc2106-cmucam3\libhal-lpc2106-cmucam3.a(devices.o)
                              (--whole-archive)
../../hal/lpc2106-cmucam3\libhal-lpc2106-cmucam3.a(uart_driver.o)
                              (--whole-archive)
../../hal/lpc2106-cmucam3\libhal-lpc2106-cmucam3.a(startup.o)
                              (--whole-archive)
c:/sourcery_codebench_lite_for_arm_eabi/bin/../lib/gcc/arm-none-eabi/4.8.1\libgcc.a(_udivsi3.o)
                              ../../lib/cc3-ilp\libcc3-ilp_lpc2106-cmucam3.a(cc3_color_info.o) (__aeabi_uidiv)
c:/sourcery_codebench_lite_for_arm_eabi/bin/../lib/gcc/arm-none-eabi/4.8.1\libgcc.a(_divsi3.o)
                              ../../hal/lpc2106-cmucam3\libhal-lpc2106-cmucam3.a(cc3.o) (__aeabi_idiv)
c:/sourcery_codebench_lite_for_arm_eabi/bin/../lib/gcc/arm-none-eabi/4.8.1\libgcc.a(_dvmd_tls.o)
                              c:/sourcery_codebench_lite_for_arm_eabi/bin/../lib/gcc/arm-none-eabi/4.8.1\libgcc.a(_udivsi3.o) (__aeabi_idiv0)
c:/sourcery_codebench_lite_for_arm_eabi/bin/../lib/gcc/arm-none-eabi/4.8.1/../../../../arm-none-eabi/lib\libc.a(lib_a-calloc.o)
                              ../../hal/lpc2106-cmucam3\libhal-lpc2106-cmucam3.a(mmc_hardware.o) (calloc)
c:/sourcery_codebench_lite_for_arm_eabi/bin/../lib/gcc/arm-none-eabi/4.8.1/../../../../arm-none-eabi/lib\libc.a(lib_a-callocr.o)
                              c:/sourcery_codebench_lite_for_arm_eabi/bin/../lib/gcc/arm-none-eabi/4.8.1/../../../../arm-none-eabi/lib\libc.a(lib_a-calloc.o) (_calloc_r)
c:/sourcery_codebench_lite_for_arm_eabi/bin/../lib/gcc/arm-none-eabi/4.8.1/../../../../arm-none-eabi/lib\libc.a(lib_a-ctype_.o)
                              ../../hal/lpc2106-cmucam3\libhal-lpc2106-cmucam3.a(syscalls.o) (__ctype_ptr__)
c:/sourcery_codebench_lite_for_arm_eabi/bin/../lib/gcc/arm-none-eabi/4.8.1/../../../../arm-none-eabi/lib\libc.a(lib_a-exit.o)
                              ../../hal/lpc2106-cmucam3\libhal-lpc2106-cmucam3.a(interrupt.o) (exit)
c:/sourcery_codebench_lite_for_arm_eabi/bin/../lib/gcc/arm-none-eabi/4.8.1/../../../../arm-none-eabi/lib\libc.a(lib_a-fiprintf.o)
                              lpc2106-cmucam3_buildfiles/main.o (fiprintf)
c:/sourcery_codebench_lite_for_arm_eabi/bin/../lib/gcc/arm-none-eabi/4.8.1/../../../../arm-none-eabi/lib\libc.a(lib_a-fopen.o)
                              ../../hal/lpc2106-cmucam3\libhal-lpc2106-cmucam3.a(serial.o) (fopen)
c:/sourcery_codebench_lite_for_arm_eabi/bin/../lib/gcc/arm-none-eabi/4.8.1/../../../../arm-none-eabi/lib\libc.a(lib_a-fseek.o)
                              c:/sourcery_codebench_lite_for_arm_eabi/bin/../lib/gcc/arm-none-eabi/4.8.1/../../../../arm-none-eabi/lib\libc.a(lib_a-fopen.o) (_fseek_r)
c:/sourcery_codebench_lite_for_arm_eabi/bin/../lib/gcc/arm-none-eabi/4.8.1/../../../../arm-none-eabi/lib\libc.a(lib_a-fseeko.o)
                              c:/sourcery_codebench_lite_for_arm_eabi/bin/../lib/gcc/arm-none-eabi/4.8.1/../../../../arm-none-eabi/lib\libc.a(lib_a-fseek.o) (_fseeko_r)
c:/sourcery_codebench_lite_for_arm_eabi/bin/../lib/gcc/arm-none-eabi/4.8.1/../../../../arm-none-eabi/lib\libc.a(lib_a-fstatr.o)
[...]
Memory Configuration

Name             Origin             Length             Attributes
ROM              0x00000000         0x0001e000         xr
RAM              0x40000000         0x00010000         rw
*default*        0x00000000         0xffffffff

Linker script and memory map

LOAD c:/sourcery_codebench_lite_for_arm_eabi/bin/../lib/gcc/arm-none-eabi/4.8.1/crti.o
LOAD c:/sourcery_codebench_lite_for_arm_eabi/bin/../lib/gcc/arm-none-eabi/4.8.1/crtbegin.o
LOAD lpc2106-cmucam3_buildfiles/main.o
LOAD ../../lib/cc3-ilp\libcc3-ilp_lpc2106-cmucam3.a
LOAD ../../hal/lpc2106-cmucam3\libhal-lpc2106-cmucam3.a
LOAD c:/sourcery_codebench_lite_for_arm_eabi/bin/../lib/gcc/arm-none-eabi/4.8.1/../../../../arm-none-eabi/lib\libm.a
START GROUP
LOAD c:/sourcery_codebench_lite_for_arm_eabi/bin/../lib/gcc/arm-none-eabi/4.8.1\libgcc.a
LOAD c:/sourcery_codebench_lite_for_arm_eabi/bin/../lib/gcc/arm-none-eabi/4.8.1/../../../../arm-none-eabi/lib\libc.a
END GROUP
LOAD c:/sourcery_codebench_lite_for_arm_eabi/bin/../lib/gcc/arm-none-eabi/4.8.1/crtend.o
LOAD c:/sourcery_codebench_lite_for_arm_eabi/bin/../lib/gcc/arm-none-eabi/4.8.1/crtn.o
                0x00002400                STACK_SIZE = 0x2400

.text           0x00000000     0xa148
 *(.boot)
 .boot          0x00000000      0x140 ../../hal/lpc2106-cmucam3\libhal-lpc2106-cmucam3.a(startup.o)
                0x00000000                _boot
                0x0000006c                _start
                0x0000006c                start
                0x0000006c                _mainCRTStartup
 *(.text .text.* .gnu.linkonce.t.*)
 .text          0x00000140      0x128 c:/sourcery_codebench_lite_for_arm_eabi/bin/../lib/gcc/arm-none-eabi/4.8.1/crtbegin.o
 .text.frame_diff
                0x00000268       0xa0 lpc2106-cmucam3_buildfiles/main.o
                0x00000268                frame_diff
 .text.get_mean
                0x00000308       0x78 lpc2106-cmucam3_buildfiles/main.o
                0x00000308                get_mean
 .text.led_test
                0x00000380       0xb0 lpc2106-cmucam3_buildfiles/main.o
                0x00000380                led_test
 .text.startup.main
                0x00000430      0x270 lpc2106-cmucam3_buildfiles/main.o
                0x00000430                main
 .text.cc3_color_info_scanline_start
                0x000006a0       0x60 ../../lib/cc3-ilp\libcc3-ilp_lpc2106-cmucam3.a(cc3_color_info.o)
                0x000006a0                cc3_color_info_scanline_start
 .text.cc3_color_info_scanline
                0x00000700      0x14c ../../lib/cc3-ilp\libcc3-ilp_lpc2106-cmucam3.a(cc3_color_info.o)
                0x00000700                cc3_color_info_scanline
 .text.cc3_color_info_scanline_finish
                0x0000084c       0x64 ../../lib/cc3-ilp\libcc3-ilp_lpc2106-cmucam3.a(cc3_color_info.o)
                0x0000084c                cc3_color_info_scanline_finish
 .text.cc3_frame_diff_scanline_start
                0x000008b0       0xf0 ../../lib/cc3-ilp\libcc3-ilp_lpc2106-cmucam3.a(cc3_frame_diff.o)
                0x000008b0                cc3_frame_diff_scanline_start
 .text.cc3_frame_diff_scanline
                0x000009a0      0x108 ../../lib/cc3-ilp\libcc3-ilp_lpc2106-cmucam3.a(cc3_frame_diff.o)
                0x000009a0                cc3_frame_diff_scanline
 .text.cc3_frame_diff_scanline_finish
                0x00000aa8      0x204 ../../lib/cc3-ilp\libcc3-ilp_lpc2106-cmucam3.a(cc3_frame_diff.o)
                0x00000aa8                cc3_frame_diff_scanline_finish
 .text.cc3_get_pixel
                0x00000cac       0x7c ../../lib/cc3-ilp\libcc3-ilp_lpc2106-cmucam3.a(cc3_ilp.o)
                0x00000cac                cc3_get_pixel
 .text.panic_blink
                0x00000d28       0x6c ../../hal/lpc2106-cmucam3\libhal-lpc2106-cmucam3.a(interrupt.o)
 .text.enable_ext_interrupt
                0x00000d94       0x20 ../../hal/lpc2106-cmucam3\libhal-lpc2106-cmucam3.a(interrupt.o)
                0x00000d94                enable_ext_interrupt
 .text.enable_servo_interrupt
                0x00000db4       0x10 ../../hal/lpc2106-cmucam3\libhal-lpc2106-cmucam3.a(interrupt.o)
                0x00000db4                enable_servo_interrupt
 .text.disable_servo_interrupt
                0x00000dc4       0x10 ../../hal/lpc2106-cmucam3\libhal-lpc2106-cmucam3.a(interrupt.o)
                0x00000dc4                disable_servo_interrupt
 .text.enable_button_interrupt
                0x00000dd4       0x28 ../../hal/lpc2106-cmucam3\libhal-lpc2106-cmucam3.a(interrupt.o)
                0x00000dd4                enable_button_interrupt
 .text.interrupt
                0x00000dfc       0xc4 ../../hal/lpc2106-cmucam3\libhal-lpc2106-cmucam3.a(interrupt.o)
                0x00000dfc                interrupt
 .text.swi      0x00000ec0       0x18 ../../hal/lpc2106-cmucam3\libhal-lpc2106-cmucam3.a(interrupt.o)
                0x00000ec0                swi
 .text.undefined
                0x00000ed8        0xc ../../hal/lpc2106-cmucam3\libhal-lpc2106-cmucam3.a(interrupt.o)
                0x00000ed8                undefined
 .text.prefetch_abort
                0x00000ee4       0x24 ../../hal/lpc2106-cmucam3\libhal-lpc2106-cmucam3.a(interrupt.o)
                0x00000ee4                prefetch_abort
 .text.data_abort
                0x00000f08       0x24 ../../hal/lpc2106-cmucam3\libhal-lpc2106-cmucam3.a(interrupt.o)
                0x00000f08                data_abort
 .text.cc3_pixbuf_rewind
                0x00000f2c       0x80 ../../hal/lpc2106-cmucam3\libhal-lpc2106-cmucam3.a(cc3.o)
                0x00000f2c                cc3_pixbuf_rewind
 .text.cc3_pixbuf_load
                0x00000fac       0xa4 ../../hal/lpc2106-cmucam3\libhal-lpc2106-cmucam3.a(cc3.o)
                0x00000fac                cc3_pixbuf_load
 .text.cc3_led_set_state
                0x00001050       0x8c ../../hal/lpc2106-cmucam3\libhal-lpc2106-cmucam3.a(cc3.o)
                0x00001050                cc3_led_set_state
 .text.cc3_pixbuf_read_rows
                0x000010dc      0x630 ../../hal/lpc2106-cmucam3\libhal-lpc2106-cmucam3.a(cc3.o)
                0x000010dc                cc3_pixbuf_read_rows
 .text.cc3_timer_wait_ms
                0x0000170c       0x20 ../../hal/lpc2106-cmucam3\libhal-lpc2106-cmucam3.a(cc3.o)
                0x0000170c                cc3_timer_wait_ms
 .text.cc3_timer_get_current_ms
                0x0000172c       0x10 ../../hal/lpc2106-cmucam3\libhal-lpc2106-cmucam3.a(cc3.o)
                0x0000172c                cc3_timer_get_current_ms
 .text.cc3_pixbuf_frame_set_coi
                0x0000173c       0x34 ../../hal/lpc2106-cmucam3\libhal-lpc2106-cmucam3.a(cc3.o)
                0x0000173c                cc3_pixbuf_frame_set_coi
 .text.cc3_pixbuf_frame_reset
                0x00001770       0x58 ../../hal/lpc2106-cmucam3\libhal-lpc2106-cmucam3.a(cc3.o)
                0x00001770                cc3_pixbuf_frame_reset
 .text.cc3_camera_set_raw_register
                0x000017c8      0x180 ../../hal/lpc2106-cmucam3\libhal-lpc2106-cmucam3.a(cc3.o)
                0x000017c8                cc3_camera_set_raw_register
 .text._cc3_set_register_state
                0x00001948      0x148 ../../hal/lpc2106-cmucam3\libhal-lpc2106-cmucam3.a(cc3.o)
 .text.cc3_camera_init
                0x00001a90       0x88 ../../hal/lpc2106-cmucam3\libhal-lpc2106-cmucam3.a(cc3.o)
                0x00001a90                cc3_camera_init
 .text.cc3_camera_set_resolution
                0x00001b18       0x10 ../../hal/lpc2106-cmucam3\libhal-lpc2106-cmucam3.a(cc3.o)
                0x00001b18                cc3_camera_set_resolution
 .text.cc3_camera_set_colorspace
                0x00001b28       0x10 ../../hal/lpc2106-cmucam3\libhal-lpc2106-cmucam3.a(cc3.o)
                0x00001b28                cc3_camera_set_colorspace
 .text.cc3_camera_set_auto_exposure
                0x00001b38       0x10 ../../hal/lpc2106-cmucam3\libhal-lpc2106-cmucam3.a(cc3.o)
                0x00001b38                cc3_camera_set_auto_exposure
 .text.cc3_camera_set_auto_white_balance
                0x00001b48       0x10 ../../hal/lpc2106-cmucam3\libhal-lpc2106-cmucam3.a(cc3.o)
                0x00001b48                cc3_camera_set_auto_white_balance
 .text._cc3_system_setup
                0x00001b58       0xa8 ../../hal/lpc2106-cmucam3\libhal-lpc2106-cmucam3.a(cc3_hal.o)
                0x00001b58                _cc3_system_setup
 .text._cc3_delay_us_4
                0x00001c00       0x60 ../../hal/lpc2106-cmucam3\libhal-lpc2106-cmucam3.a(cc3_hal.o)
                0x00001c00                _cc3_delay_us_4
 .text._cc3_camera_reset
                0x00001c60       0x38 ../../hal/lpc2106-cmucam3\libhal-lpc2106-cmucam3.a(cc3_hal.o)
                0x00001c60                _cc3_camera_reset
 .text._cc3_fifo_reset
                0x00001c98       0x60 ../../hal/lpc2106-cmucam3\libhal-lpc2106-cmucam3.a(cc3_hal.o)
                0x00001c98                _cc3_fifo_reset
 .text._cc3_delay_sccb
                0x00001cf8       0x38 ../../hal/lpc2106-cmucam3\libhal-lpc2106-cmucam3.a(cc3_hal.o)
                0x00001cf8                _cc3_delay_sccb
 .text._cc3_pixbuf_write_rewind
                0x00001d30       0x30 ../../hal/lpc2106-cmucam3\libhal-lpc2106-cmucam3.a(cc3_hal.o)
                0x00001d30                _cc3_pixbuf_write_rewind
 .text.normalize_filename
                0x00001d60       0x60 ../../hal/lpc2106-cmucam3\libhal-lpc2106-cmucam3.a(syscalls.o)
 .text._write   0x00001dc0       0x58 ../../hal/lpc2106-cmucam3\libhal-lpc2106-cmucam3.a(syscalls.o)
                0x00001dc0                _write
 .text._read    0x00001e18       0x58 ../../hal/lpc2106-cmucam3\libhal-lpc2106-cmucam3.a(syscalls.o)
                0x00001e18                _read
 .text._exit    0x00001e70        0x4 ../../hal/lpc2106-cmucam3\libhal-lpc2106-cmucam3.a(syscalls.o)
                0x00001e70                _exit
 .text._close   0x00001e74       0x48 ../../hal/lpc2106-cmucam3\libhal-lpc2106-cmucam3.a(syscalls.o)
                0x00001e74                _close
 .text._lseek   0x00001ebc       0x58 ../../hal/lpc2106-cmucam3\libhal-lpc2106-cmucam3.a(syscalls.o)
                0x00001ebc                _lseek
 .text._fstat   0x00001f14       0x50 ../../hal/lpc2106-cmucam3\libhal-lpc2106-cmucam3.a(syscalls.o)
                0x00001f14                _fstat
 .text._isatty  0x00001f64       0x2c ../../hal/lpc2106-cmucam3\libhal-lpc2106-cmucam3.a(syscalls.o)
                0x00001f64                _isatty
 .text._open    0x00001f90       0x90 ../../hal/lpc2106-cmucam3\libhal-lpc2106-cmucam3.a(syscalls.o)
                0x00001f90                _open
 .text._sbrk    0x00002020       0x50 ../../hal/lpc2106-cmucam3\libhal-lpc2106-cmucam3.a(syscalls.o)
                0x00002020                _sbrk
 .text.cc3_uart_get_count
                0x00002070        0x8 ../../hal/lpc2106-cmucam3\libhal-lpc2106-cmucam3.a(serial.o)
                0x00002070                cc3_uart_get_count
 .text.cc3_uart_init
                0x00002078      0x180 ../../hal/lpc2106-cmucam3\libhal-lpc2106-cmucam3.a(serial.o)
                0x00002078                cc3_uart_init
 .text.cc3_uart_fopen
                0x000021f8       0x3c ../../hal/lpc2106-cmucam3\libhal-lpc2106-cmucam3.a(serial.o)
                0x000021f8                cc3_uart_fopen
 .text.uart0_putc
                0x00002234       0x20 ../../hal/lpc2106-cmucam3\libhal-lpc2106-cmucam3.a(serial.o)
                0x00002234                uart0_putc
 .text.uart1_putc
                0x00002254       0x20 ../../hal/lpc2106-cmucam3\libhal-lpc2106-cmucam3.a(serial.o)
                0x00002254                uart1_putc
 .text.uart0_getc
                0x00002274       0x20 ../../hal/lpc2106-cmucam3\libhal-lpc2106-cmucam3.a(serial.o)
                0x00002274                uart0_getc
 .text.uart1_getc
                0x00002294       0x20 ../../hal/lpc2106-cmucam3\libhal-lpc2106-cmucam3.a(serial.o)
                0x00002294                uart1_getc
 .text.uart0_write
                0x000022b4       0x38 ../../hal/lpc2106-cmucam3\libhal-lpc2106-cmucam3.a(serial.o)
                0x000022b4                uart0_write
 .text.uart0_write_hex
                0x000022ec       0xcc ../../hal/lpc2106-cmucam3\libhal-lpc2106-cmucam3.a(serial.o)
                0x000022ec                uart0_write_hex
 .text._cc3_servo_enable
                0x000023b8       0xd8 ../../hal/lpc2106-cmucam3\libhal-lpc2106-cmucam3.a(servo.o)
                0x000023b8                _cc3_servo_enable
 .text._cc3_servo_int
                0x00002490      0x12c ../../hal/lpc2106-cmucam3\libhal-lpc2106-cmucam3.a(servo.o)
                0x00002490                _cc3_servo_int
 .text.cc3_gpio_set_mode
                0x000025bc       0x78 ../../hal/lpc2106-cmucam3\libhal-lpc2106-cmucam3.a(gpio.o)
                0x000025bc                cc3_gpio_set_mode
 .text._cc3_get_driver_for_name
                0x00002634       0x54 ../../hal/lpc2106-cmucam3\libhal-lpc2106-cmucam3.a(devices.o)
                0x00002634                _cc3_get_driver_for_name
 .text._cc3_get_internal_file_number
                0x00002688        0x8 ../../hal/lpc2106-cmucam3\libhal-lpc2106-cmucam3.a(devices.o)
                0x00002688                _cc3_get_internal_file_number
 .text._cc3_get_driver_for_file_number
                0x00002690       0x20 ../../hal/lpc2106-cmucam3\libhal-lpc2106-cmucam3.a(devices.o)
                0x00002690                _cc3_get_driver_for_file_number
 .text._cc3_make_file_number
                0x000026b0       0x14 ../../hal/lpc2106-cmucam3\libhal-lpc2106-cmucam3.a(devices.o)
                0x000026b0                _cc3_make_file_number
 .text.uart_close
                0x000026c4        0x8 ../../hal/lpc2106-cmucam3\libhal-lpc2106-cmucam3.a(uart_driver.o)
 .text.uart_read
                0x000026cc       0xf0 ../../hal/lpc2106-cmucam3\libhal-lpc2106-cmucam3.a(uart_driver.o)
 .text.uart_write
                0x000027bc      0x104 ../../hal/lpc2106-cmucam3\libhal-lpc2106-cmucam3.a(uart_driver.o)
 .text.uart_lseek
                0x000028c0       0x18 ../../hal/lpc2106-cmucam3\libhal-lpc2106-cmucam3.a(uart_driver.o)
 .text.uart_fstat
                0x000028d8       0x10 ../../hal/lpc2106-cmucam3\libhal-lpc2106-cmucam3.a(uart_driver.o)
 .text.uart_unlink
                0x000028e8       0x18 ../../hal/lpc2106-cmucam3\libhal-lpc2106-cmucam3.a(uart_driver.o)
 .text.uart_rename
                0x00002900       0x18 ../../hal/lpc2106-cmucam3\libhal-lpc2106-cmucam3.a(uart_driver.o)
 .text.process_uart_filename
                0x00002918       0x74 ../../hal/lpc2106-cmucam3\libhal-lpc2106-cmucam3.a(uart_driver.o)
 .text.uart_open
                0x0000298c       0x40 ../../hal/lpc2106-cmucam3\libhal-lpc2106-cmucam3.a(uart_driver.o)
 .text.uart_recognize
                0x000029cc       0x18 ../../hal/lpc2106-cmucam3\libhal-lpc2106-cmucam3.a(uart_driver.o)
 .text          0x000029e4      0x114 c:/sourcery_codebench_lite_for_arm_eabi/bin/../lib/gcc/arm-none-eabi/4.8.1\libgcc.a(_udivsi3.o)
                0x000029e4                __aeabi_uidiv
                0x000029e4                __udivsi3
                0x00002ad8                __aeabi_uidivmod
 .text          0x00002af8      0x148 c:/sourcery_codebench_lite_for_arm_eabi/bin/../lib/gcc/arm-none-eabi/4.8.1\libgcc.a(_divsi3.o)
                0x00002af8                __divsi3
                0x00002af8                __aeabi_idiv
                0x00002c20                __aeabi_idivmod
 .text          0x00002c40        0x4 c:/sourcery_codebench_lite_for_arm_eabi/bin/../lib/gcc/arm-none-eabi/4.8.1\libgcc.a(_dvmd_tls.o)
                0x00002c40                __aeabi_idiv0
                0x00002c40                __aeabi_ldiv0
 .text          0x00002c44       0x34 c:/sourcery_codebench_lite_for_arm_eabi/bin/../lib/gcc/arm-none-eabi/4.8.1/../../../../arm-none-eabi/lib\libc.a(lib_a-exit.o)
                0x00002c44                exit
 .text          0x00002c78       0x70 c:/sourcery_codebench_lite_for_arm_eabi/bin/../lib/gcc/arm-none-eabi/4.8.1/../../../../arm-none-eabi/lib\libc.a(lib_a-fiprintf.o)
                0x00002c78                _fiprintf_r
                0x00002ca8                fiprintf
 .text          0x00002ce8      0x10c c:/sourcery_codebench_lite_for_arm_eabi/bin/../lib/gcc/arm-none-eabi/4.8.1/../../../../arm-none-eabi/lib\libc.a(lib_a-fopen.o)
                0x00002ce8                _fopen_r
                0x00002ddc                fopen
 .text          0x00002df4       0x3c c:/sourcery_codebench_lite_for_arm_eabi/bin/../lib/gcc/arm-none-eabi/4.8.1/../../../../arm-none-eabi/lib\libc.a(lib_a-fseek.o)
                0x00002df4                _fseek_r
                0x00002e04                fseek
 .text          0x00002e30      0x49c c:/sourcery_codebench_lite_for_arm_eabi/bin/../lib/gcc/arm-none-eabi/4.8.1/../../../../arm-none-eabi/lib\libc.a(lib_a-fseeko.o)
                0x00002e30                _fseeko_r
                0x000032a4                fseeko
 .text          0x000032cc       0x40 c:/sourcery_codebench_lite_for_arm_eabi/bin/../lib/gcc/arm-none-eabi/4.8.1/../../../../arm-none-eabi/lib\libc.a(lib_a-fstatr.o)
                0x000032cc                _fstat_r
 .text          0x0000330c       0x74 c:/sourcery_codebench_lite_for_arm_eabi/bin/../lib/gcc/arm-none-eabi/4.8.1/../../../../arm-none-eabi/lib\libc.a(lib_a-iprintf.o)
                0x0000330c                iprintf
                0x0000334c                _iprintf_r
 .text          0x00003380      0x174 c:/sourcery_codebench_lite_for_arm_eabi/bin/../lib/gcc/arm-none-eabi/4.8.1/../../../../arm-none-eabi/lib\libc.a(lib_a-makebuf.o)
                0x00003380                __smakebuf_r
 .text          0x000034f4       0x40 c:/sourcery_codebench_lite_for_arm_eabi/bin/../lib/gcc/arm-none-eabi/4.8.1/../../../../arm-none-eabi/lib\libc.a(lib_a-malloc.o)
                0x000034f4                malloc
                0x00003514                free
 .text          0x00003534      0x72c c:/sourcery_codebench_lite_for_arm_eabi/bin/../lib/gcc/arm-none-eabi/4.8.1/../../../../arm-none-eabi/lib\libc.a(lib_a-mallocr.o)
                0x00003534                _malloc_r
 .text          0x00003c60       0xf0 c:/sourcery_codebench_lite_for_arm_eabi/bin/../lib/gcc/arm-none-eabi/4.8.1/../../../../arm-none-eabi/lib\libc.a(lib_a-memcpy-stub.o)
                0x00003c60                memcpy
 .text          0x00003d50       0xf4 c:/sourcery_codebench_lite_for_arm_eabi/bin/../lib/gcc/arm-none-eabi/4.8.1/../../../../arm-none-eabi/lib\libc.a(lib_a-memset.o)
                0x00003d50                memset
 .text          0x00003e44        0x8 c:/sourcery_codebench_lite_for_arm_eabi/bin/../lib/gcc/arm-none-eabi/4.8.1/../../../../arm-none-eabi/lib\libc.a(lib_a-mlock.o)
                0x00003e44                __malloc_lock
                0x00003e48                __malloc_unlock
 .text          0x00003e4c       0x44 c:/sourcery_codebench_lite_for_arm_eabi/bin/../lib/gcc/arm-none-eabi/4.8.1/../../../../arm-none-eabi/lib\libc.a(lib_a-openr.o)
                0x00003e4c                _open_r
 .text          0x00003e90      0x20c c:/sourcery_codebench_lite_for_arm_eabi/bin/../lib/gcc/arm-none-eabi/4.8.1/../../../../arm-none-eabi/lib\libc.a(lib_a-refill.o)
                0x00003ebc                __srefill_r
 .text          0x0000409c       0x44 c:/sourcery_codebench_lite_for_arm_eabi/bin/../lib/gcc/arm-none-eabi/4.8.1/../../../../arm-none-eabi/lib\libc.a(lib_a-sbrkr.o)
                0x0000409c                _sbrk_r
 .text          0x000040e0       0x20 c:/sourcery_codebench_lite_for_arm_eabi/bin/../lib/gcc/arm-none-eabi/4.8.1/../../../../arm-none-eabi/lib\libc.a(lib_a-setbuf.o)
                0x000040e0                setbuf
 .text          0x00004100      0x174 c:/sourcery_codebench_lite_for_arm_eabi/bin/../lib/gcc/arm-none-eabi/4.8.1/../../../../arm-none-eabi/lib\libc.a(lib_a-setvbuf.o)
                0x00004100                setvbuf
 .text          0x00004274      0x130 c:/sourcery_codebench_lite_for_arm_eabi/bin/../lib/gcc/arm-none-eabi/4.8.1/../../../../arm-none-eabi/lib\libc.a(lib_a-sniprintf.o)
                0x00004274                _sniprintf_r
                0x00004308                sniprintf
 .text          0x000043a4       0xd8 c:/sourcery_codebench_lite_for_arm_eabi/bin/../lib/gcc/arm-none-eabi/4.8.1/../../../../arm-none-eabi/lib\libc.a(lib_a-stdio.o)
                0x000043a4                __sread
                0x000043d8                __seofread
                0x000043e0                __swrite
                0x00004438                __sseek
                0x00004468                __sclose
 .text          0x0000447c       0x20 c:/sourcery_codebench_lite_for_arm_eabi/bin/../lib/gcc/arm-none-eabi/4.8.1/../../../../arm-none-eabi/lib\libc.a(lib_a-strdup.o)
                0x0000447c                strdup
 .text          0x0000449c       0x40 c:/sourcery_codebench_lite_for_arm_eabi/bin/../lib/gcc/arm-none-eabi/4.8.1/../../../../arm-none-eabi/lib\libc.a(lib_a-strdup_r.o)
                0x0000449c                _strdup_r
 .text          0x000044dc       0x60 c:/sourcery_codebench_lite_for_arm_eabi/bin/../lib/gcc/arm-none-eabi/4.8.1/../../../../arm-none-eabi/lib\libc.a(lib_a-strlen.o)
                0x000044dc                strlen
 .text          0x0000453c      0x1f8 c:/sourcery_codebench_lite_for_arm_eabi/bin/../lib/gcc/arm-none-eabi/4.8.1/../../../../arm-none-eabi/lib\libc.a(lib_a-strtol.o)
                0x0000453c                _strtol_r
                0x0000470c                strtol
 .text          0x00004734     0x128c c:/sourcery_codebench_lite_for_arm_eabi/bin/../lib/gcc/arm-none-eabi/4.8.1/../../../../arm-none-eabi/lib\libc.a(lib_a-svfiprintf.o)
                0x00004734                __ssprint_r
                0x000048e0                _svfiprintf_r
 .text          0x000059c0     0x1410 c:/sourcery_codebench_lite_for_arm_eabi/bin/../lib/gcc/arm-none-eabi/4.8.1/../../../../arm-none-eabi/lib\libc.a(lib_a-vfiprintf.o)
                0x00005a6c                __sprint_r
                0x00005a84                _vfiprintf_r
                0x00006cd8                vfiprintf
 .text          0x00006dd0       0x44 c:/sourcery_codebench_lite_for_arm_eabi/bin/../lib/gcc/arm-none-eabi/4.8.1/../../../../arm-none-eabi/lib\libc.a(lib_a-writer.o)
                0x00006dd0                _write_r
 .text          0x00006e14      0x15c c:/sourcery_codebench_lite_for_arm_eabi/bin/../lib/gcc/arm-none-eabi/4.8.1/../../../../arm-none-eabi/lib\libc.a(lib_a-wsetup.o)
                0x00006e14                __swsetup_r
 .text          0x00006f70      0x170 c:/sourcery_codebench_lite_for_arm_eabi/bin/../lib/gcc/arm-none-eabi/4.8.1/../../../../arm-none-eabi/lib\libc.a(lib_a-__call_atexit.o)
                0x00006f70                __call_exitprocs
 .text.startup  0x000070e0       0x24 c:/sourcery_codebench_lite_for_arm_eabi/bin/../lib/gcc/arm-none-eabi/4.8.1/../../../../arm-none-eabi/lib\libc.a(lib_a-__call_atexit.o)
 .text          0x00007104       0x20 c:/sourcery_codebench_lite_for_arm_eabi/bin/../lib/gcc/arm-none-eabi/4.8.1/../../../../arm-none-eabi/lib\libc.a(lib_a-atexit.o)
                0x00007104                atexit
 .text          0x00007124       0x3c c:/sourcery_codebench_lite_for_arm_eabi/bin/../lib/gcc/arm-none-eabi/4.8.1/../../../../arm-none-eabi/lib\libc.a(lib_a-closer.o)
                0x00007124                _close_r
 .text          0x00007160      0x2d4 c:/sourcery_codebench_lite_for_arm_eabi/bin/../lib/gcc/arm-none-eabi/4.8.1/../../../../arm-none-eabi/lib\libc.a(lib_a-fflush.o)
                0x00007160                __sflush_r
                0x000073a4                _fflush_r
                0x000073f8                fflush
 .text          0x00007434      0x354 c:/sourcery_codebench_lite_for_arm_eabi/bin/../lib/gcc/arm-none-eabi/4.8.1/../../../../arm-none-eabi/lib\libc.a(lib_a-findfp.o)
                0x00007444                _cleanup_r
                0x0000745c                __sfmoreglue
                0x000074ac                _cleanup
                0x000074d0                __sinit
                0x00007638                __sfp
                0x00007730                __sfp_lock_acquire
                0x00007734                __sfp_lock_release
                0x00007738                __sinit_lock_acquire
                0x0000773c                __sinit_lock_release
                0x00007740                __fp_lock_all
                0x00007764                __fp_unlock_all
 .text          0x00007788       0x48 c:/sourcery_codebench_lite_for_arm_eabi/bin/../lib/gcc/arm-none-eabi/4.8.1/../../../../arm-none-eabi/lib\libc.a(lib_a-fini.o)
                0x00007788                __libc_fini_array
 .text          0x000077d0       0xb0 c:/sourcery_codebench_lite_for_arm_eabi/bin/../lib/gcc/arm-none-eabi/4.8.1/../../../../arm-none-eabi/lib\libc.a(lib_a-flags.o)
                0x000077d0                __sflags
 .text          0x00007880      0x188 c:/sourcery_codebench_lite_for_arm_eabi/bin/../lib/gcc/arm-none-eabi/4.8.1/../../../../arm-none-eabi/lib\libc.a(lib_a-fputwc.o)
                0x00007880                _fputwc_r
                0x000079c4                fputwc
 .text          0x00007a08      0x36c c:/sourcery_codebench_lite_for_arm_eabi/bin/../lib/gcc/arm-none-eabi/4.8.1/../../../../arm-none-eabi/lib\libc.a(lib_a-freer.o)
                0x00007a08                _malloc_trim_r
                0x00007b08                _free_r
 .text          0x00007d74      0x4d0 c:/sourcery_codebench_lite_for_arm_eabi/bin/../lib/gcc/arm-none-eabi/4.8.1/../../../../arm-none-eabi/lib\libc.a(lib_a-fvwrite.o)
                0x00007d74                __sfvwrite_r
 .text          0x00008244      0x110 c:/sourcery_codebench_lite_for_arm_eabi/bin/../lib/gcc/arm-none-eabi/4.8.1/../../../../arm-none-eabi/lib\libc.a(lib_a-fwalk.o)
                0x00008244                _fwalk
                0x000082c8                _fwalk_reent
 .text          0x00008354       0x3c c:/sourcery_codebench_lite_for_arm_eabi/bin/../lib/gcc/arm-none-eabi/4.8.1/../../../../arm-none-eabi/lib\libc.a(lib_a-isattyr.o)
                0x00008354                _isatty_r
 .text          0x00008390       0xd0 c:/sourcery_codebench_lite_for_arm_eabi/bin/../lib/gcc/arm-none-eabi/4.8.1/../../../../arm-none-eabi/lib\libc.a(lib_a-locale.o)
                0x00008390                _setlocale_r
                0x00008400                __locale_charset
                0x0000840c                __locale_mb_cur_max
                0x0000841c                __locale_msgcharset
                0x00008428                __locale_cjk_lang
                0x00008430                _localeconv_r
                0x0000843c                setlocale
                0x00008454                localeconv
 .text          0x00008460       0x44 c:/sourcery_codebench_lite_for_arm_eabi/bin/../lib/gcc/arm-none-eabi/4.8.1/../../../../arm-none-eabi/lib\libc.a(lib_a-lseekr.o)
                0x00008460                _lseek_r
 .text          0x000084a4      0x114 c:/sourcery_codebench_lite_for_arm_eabi/bin/../lib/gcc/arm-none-eabi/4.8.1/../../../../arm-none-eabi/lib\libc.a(lib_a-memchr-stub.o)
                0x000084a4                memchr
 .text          0x000085b8      0x134 c:/sourcery_codebench_lite_for_arm_eabi/bin/../lib/gcc/arm-none-eabi/4.8.1/../../../../arm-none-eabi/lib\libc.a(lib_a-memmove.o)
                0x000085b8                memmove
 .text          0x000086ec       0x44 c:/sourcery_codebench_lite_for_arm_eabi/bin/../lib/gcc/arm-none-eabi/4.8.1/../../../../arm-none-eabi/lib\libc.a(lib_a-readr.o)
                0x000086ec                _read_r
 .text          0x00008730      0x56c c:/sourcery_codebench_lite_for_arm_eabi/bin/../lib/gcc/arm-none-eabi/4.8.1/../../../../arm-none-eabi/lib\libc.a(lib_a-reallocr.o)
                0x00008730                _realloc_r
 .text          0x00008c9c      0x230 c:/sourcery_codebench_lite_for_arm_eabi/bin/../lib/gcc/arm-none-eabi/4.8.1/../../../../arm-none-eabi/lib\libc.a(lib_a-strcmp.o)
                0x00008c9c                strcmp
 .text          0x00008ecc      0x13c c:/sourcery_codebench_lite_for_arm_eabi/bin/../lib/gcc/arm-none-eabi/4.8.1/../../../../arm-none-eabi/lib\libc.a(lib_a-wbuf.o)
                0x00008ecc                __swbuf_r
                0x00008ff0                __swbuf
 .text          0x00009008      0x128 c:/sourcery_codebench_lite_for_arm_eabi/bin/../lib/gcc/arm-none-eabi/4.8.1/../../../../arm-none-eabi/lib\libc.a(lib_a-wcrtomb.o)
                0x00009008                _wcrtomb_r
                0x00009098                wcrtomb
 .text          0x00009130       0x7c c:/sourcery_codebench_lite_for_arm_eabi/bin/../lib/gcc/arm-none-eabi/4.8.1/../../../../arm-none-eabi/lib\libc.a(lib_a-wctomb_r.o)
                0x00009130                __ascii_wctomb
                0x0000915c                _wctomb_r
 .text          0x000091ac       0xf0 c:/sourcery_codebench_lite_for_arm_eabi/bin/../lib/gcc/arm-none-eabi/4.8.1/../../../../arm-none-eabi/lib\libc.a(lib_a-__atexit.o)
                0x000091ac                __register_exitproc
 .text          0x0000929c      0x104 c:/sourcery_codebench_lite_for_arm_eabi/bin/../lib/gcc/arm-none-eabi/4.8.1/../../../../arm-none-eabi/lib\libc.a(lib_a-fclose.o)
                0x0000929c                _fclose_r
                0x0000938c                fclose
 .text          0x000093a0       0x3c c:/sourcery_codebench_lite_for_arm_eabi/bin/../lib/gcc/arm-none-eabi/4.8.1\libgcc.a(_aeabi_uldivmod.o)
                0x000093a0                __aeabi_uldivmod
 .text          0x000093dc       0x84 c:/sourcery_codebench_lite_for_arm_eabi/bin/../lib/gcc/arm-none-eabi/4.8.1\libgcc.a(bpabi.o)
                0x000093dc                __gnu_ldivmod_helper
                0x00009420                __gnu_uldivmod_helper
 .text          0x00009460      0x4d0 c:/sourcery_codebench_lite_for_arm_eabi/bin/../lib/gcc/arm-none-eabi/4.8.1\libgcc.a(_divdi3.o)
                0x00009460                __divdi3
 .text          0x00009930      0x470 c:/sourcery_codebench_lite_for_arm_eabi/bin/../lib/gcc/arm-none-eabi/4.8.1\libgcc.a(_udivdi3.o)
                0x00009930                __udivdi3
 .text          0x00009da0       0x48 c:/sourcery_codebench_lite_for_arm_eabi/bin/../lib/gcc/arm-none-eabi/4.8.1\libgcc.a(_clzsi2.o)
                0x00009da0                __clzsi2
 *(.plt)
 *(.gnu.warning)
 *(.glue_7t)
 .glue_7t       0x00000000        0x0 linker stubs
 *(.glue_7)
 .glue_7        0x00000000        0x0 linker stubs
 *(.vfp11_veneer)
 .vfp11_veneer  0x00000000        0x0 linker stubs
 *(.rodata .rodata.* .gnu.linkonce.r.*)
 .rodata.str1.4
                0x00009de8      0x11c lpc2106-cmucam3_buildfiles/main.o
                                0x120 (size before relaxing)
 .rodata.str1.4
                0x00009f04       0x2a ../../hal/lpc2106-cmucam3\libhal-lpc2106-cmucam3.a(interrupt.o)
                                 0x2c (size before relaxing)
 *fill*         0x00009f2e        0x2 
 .rodata.CSWTCH.8
                0x00009f30        0xc ../../hal/lpc2106-cmucam3\libhal-lpc2106-cmucam3.a(serial.o)
 .rodata.str1.4
                0x00009f3c        0xb ../../hal/lpc2106-cmucam3\libhal-lpc2106-cmucam3.a(serial.o)
                                 0x10 (size before relaxing)
 *fill*         0x00009f47        0x1 
 .rodata._cc3_servo_map
                0x00009f48       0x10 ../../hal/lpc2106-cmucam3\libhal-lpc2106-cmucam3.a(servo.o)
                0x00009f48                _cc3_servo_map
 .rodata._cc3_uart_driver
                0x00009f58       0x2c ../../hal/lpc2106-cmucam3\libhal-lpc2106-cmucam3.a(uart_driver.o)
                0x00009f58                _cc3_uart_driver
 .rodata        0x00009f84      0x104 c:/sourcery_codebench_lite_for_arm_eabi/bin/../lib/gcc/arm-none-eabi/4.8.1/../../../../arm-none-eabi/lib\libc.a(lib_a-ctype_.o)
                0x00009f84                _ctype_
 .rodata        0x0000a088        0x4 c:/sourcery_codebench_lite_for_arm_eabi/bin/../lib/gcc/arm-none-eabi/4.8.1/../../../../arm-none-eabi/lib\libc.a(lib_a-impure.o)
                0x0000a088                _global_impure_ptr
 .rodata.str1.4
                0x0000a08c        0x2 c:/sourcery_codebench_lite_for_arm_eabi/bin/../lib/gcc/arm-none-eabi/4.8.1/../../../../arm-none-eabi/lib\libc.a(lib_a-impure.o)
                                  0x4 (size before relaxing)
 *fill*         0x0000a08e        0x2 
 .rodata        0x0000a090       0x20 c:/sourcery_codebench_lite_for_arm_eabi/bin/../lib/gcc/arm-none-eabi/4.8.1/../../../../arm-none-eabi/lib\libc.a(lib_a-svfiprintf.o)
 .rodata.str1.4
                0x0000a0b0       0x2f c:/sourcery_codebench_lite_for_arm_eabi/bin/../lib/gcc/arm-none-eabi/4.8.1/../../../../arm-none-eabi/lib\libc.a(lib_a-svfiprintf.o)
                                 0x30 (size before relaxing)
 *fill*         0x0000a0df        0x1 
 .rodata        0x0000a0e0       0x20 c:/sourcery_codebench_lite_for_arm_eabi/bin/../lib/gcc/arm-none-eabi/4.8.1/../../../../arm-none-eabi/lib\libc.a(lib_a-vfiprintf.o)
 .rodata.str1.4
                0x00000000       0x30 c:/sourcery_codebench_lite_for_arm_eabi/bin/../lib/gcc/arm-none-eabi/4.8.1/../../../../arm-none-eabi/lib\libc.a(lib_a-vfiprintf.o)
 .rodata.str1.4
                0x0000a100        0xc c:/sourcery_codebench_lite_for_arm_eabi/bin/../lib/gcc/arm-none-eabi/4.8.1/../../../../arm-none-eabi/lib\libc.a(lib_a-locale.o)
                                 0x14 (size before relaxing)
 *(.ARM.extab* .gnu.linkonce.armextab.*)
 *(.gcc_except_table)
 *(.eh_frame_hdr)
 *(.eh_frame)
 .eh_frame      0x0000a10c        0x0 c:/sourcery_codebench_lite_for_arm_eabi/bin/../lib/gcc/arm-none-eabi/4.8.1/crtbegin.o
                0x0000a10c                . = ALIGN (0x4)
 *(.init)
 .init          0x0000a10c        0xc c:/sourcery_codebench_lite_for_arm_eabi/bin/../lib/gcc/arm-none-eabi/4.8.1/crti.o
                0x0000a10c                _init
 .init          0x0000a118        0xc c:/sourcery_codebench_lite_for_arm_eabi/bin/../lib/gcc/arm-none-eabi/4.8.1/crtn.o
                0x0000a124                . = ALIGN (0x4)
                0x0000a124                __preinit_array_start = .
 *(.preinit_array)
                0x0000a124                __preinit_array_end = .
                0x0000a124                . = ALIGN (0x4)
                0x0000a124                __init_array_start = .
 *(SORT(.init_array.*))
 .init_array.00000
                0x0000a124        0x4 c:/sourcery_codebench_lite_for_arm_eabi/bin/../lib/gcc/arm-none-eabi/4.8.1/../../../../arm-none-eabi/lib\libc.a(lib_a-__call_atexit.o)
 *(.init_array)
 .init_array    0x0000a128        0x4 c:/sourcery_codebench_lite_for_arm_eabi/bin/../lib/gcc/arm-none-eabi/4.8.1/crtbegin.o
                0x0000a12c                __init_array_end = .
                0x0000a12c                . = ALIGN (0x4)
 *crtbegin.o(.ctors)
 *(EXCLUDE_FILE(*crtend.o) .ctors)
 *(SORT(.ctors.*))
 *crtend.o(.ctors)
                0x0000a12c                . = ALIGN (0x4)
 *(.fini)
 .fini          0x0000a12c        0xc c:/sourcery_codebench_lite_for_arm_eabi/bin/../lib/gcc/arm-none-eabi/4.8.1/crti.o
                0x0000a12c                _fini
 .fini          0x0000a138        0xc c:/sourcery_codebench_lite_for_arm_eabi/bin/../lib/gcc/arm-none-eabi/4.8.1/crtn.o
                0x0000a144                . = ALIGN (0x4)
                0x0000a144                __fini_array_start = .
 *(.fini_array)
 .fini_array    0x0000a144        0x4 c:/sourcery_codebench_lite_for_arm_eabi/bin/../lib/gcc/arm-none-eabi/4.8.1/crtbegin.o
 *(SORT(.fini_array.*))
                0x0000a148                __fini_array_end = .
 *crtbegin.o(.dtors)
 *(EXCLUDE_FILE(*crtend.o) .dtors)
 *(SORT(.dtors.*))
 *crtend.o(.dtors)
                0x0000a148                __exidx_start = .

.v4_bx          0x0000a148        0x0
 .v4_bx         0x00000000        0x0 linker stubs

.iplt           0x0000a148        0x0
 .iplt          0x00000000        0x0 c:/sourcery_codebench_lite_for_arm_eabi/bin/../lib/gcc/arm-none-eabi/4.8.1/crtbegin.o

.ARM.exidx      0x0000a148        0x8
 *(.ARM.exidx* .gnu.linkonce.armexidx.*)
 .ARM.exidx     0x0000a148        0x8 c:/sourcery_codebench_lite_for_arm_eabi/bin/../lib/gcc/arm-none-eabi/4.8.1\libgcc.a(_divdi3.o)
 .ARM.exidx     0x0000a150        0x0 c:/sourcery_codebench_lite_for_arm_eabi/bin/../lib/gcc/arm-none-eabi/4.8.1\libgcc.a(_udivdi3.o)
                                  0x8 (size before relaxing)
                0x0000a150                __exidx_end = .

.rel.dyn        0x0000a150        0x0
 .rel.iplt      0x00000000        0x0 c:/sourcery_codebench_lite_for_arm_eabi/bin/../lib/gcc/arm-none-eabi/4.8.1/crtbegin.o

.text.align     0x0000a150        0x0
                0x0000a150                . = ALIGN (0x8)
                0x0000a150                _etext = .

.stack          0x40000000     0x2400
                0x40002400                . = (. + STACK_SIZE)
 *fill*         0x40000000     0x2400 
                0x40002400                _stack = .

.data           0x40002400      0x8d8 load address 0x0000a150
                0x40002400                _data = .
 *(.jcr)
 .jcr           0x40002400        0x0 c:/sourcery_codebench_lite_for_arm_eabi/bin/../lib/gcc/arm-none-eabi/4.8.1/crtbegin.o
 .jcr           0x40002400        0x4 c:/sourcery_codebench_lite_for_arm_eabi/bin/../lib/gcc/arm-none-eabi/4.8.1/crtend.o
 *(.got.plt)
 *(.got)
 *(.shdata)
 *(.data .data.* .gnu.linkonce.d.*)
 .data.servo_val
                0x40002404        0x4 ../../hal/lpc2106-cmucam3\libhal-lpc2106-cmucam3.a(servo.o)
 .data.device_driver_table
                0x40002408        0x8 ../../hal/lpc2106-cmucam3\libhal-lpc2106-cmucam3.a(devices.o)
 .data          0x40002410        0x4 c:/sourcery_codebench_lite_for_arm_eabi/bin/../lib/gcc/arm-none-eabi/4.8.1/../../../../arm-none-eabi/lib\libc.a(lib_a-ctype_.o)
                0x40002410                __ctype_ptr__
 *fill*         0x40002414        0x4 
 .data          0x40002418      0x430 c:/sourcery_codebench_lite_for_arm_eabi/bin/../lib/gcc/arm-none-eabi/4.8.1/../../../../arm-none-eabi/lib\libc.a(lib_a-impure.o)
                0x40002418                _impure_ptr
 .data          0x40002848      0x410 c:/sourcery_codebench_lite_for_arm_eabi/bin/../lib/gcc/arm-none-eabi/4.8.1/../../../../arm-none-eabi/lib\libc.a(lib_a-mallocr.o)
                0x40002848                __malloc_av_
                0x40002c50                __malloc_sbrk_base
                0x40002c54                __malloc_trim_threshold
 .data          0x40002c58       0x7c c:/sourcery_codebench_lite_for_arm_eabi/bin/../lib/gcc/arm-none-eabi/4.8.1/../../../../arm-none-eabi/lib\libc.a(lib_a-locale.o)
                0x40002c78                __mb_cur_max
 .data          0x40002cd4        0x4 c:/sourcery_codebench_lite_for_arm_eabi/bin/../lib/gcc/arm-none-eabi/4.8.1/../../../../arm-none-eabi/lib\libc.a(lib_a-wctomb_r.o)
                0x40002cd4                __wctomb
 *(.ram)
                0x40002cd8                . = ALIGN (0x8)
                0x40002cd8                _edata = .

.tm_clone_table
                0x40002cd8        0x0 load address 0x0000aa28
 .tm_clone_table
                0x40002cd8        0x0 c:/sourcery_codebench_lite_for_arm_eabi/bin/../lib/gcc/arm-none-eabi/4.8.1/crtbegin.o
 .tm_clone_table
                0x40002cd8        0x0 c:/sourcery_codebench_lite_for_arm_eabi/bin/../lib/gcc/arm-none-eabi/4.8.1/crtend.o

.igot.plt       0x40002cd8        0x0 load address 0x0000aa28
 .igot.plt      0x00000000        0x0 c:/sourcery_codebench_lite_for_arm_eabi/bin/../lib/gcc/arm-none-eabi/4.8.1/crtbegin.o

.bss            0x40002cd8      0x4b8 load address 0x0000aa28
                0x40002cd8                _bss = .
 *(.shbss)
 *(.bss .bss.* .gnu.linkonce.b.*)
 .bss           0x40002cd8       0x1c c:/sourcery_codebench_lite_for_arm_eabi/bin/../lib/gcc/arm-none-eabi/4.8.1/crtbegin.o
 .bss._cc3_g_current_camera_state
                0x40002cf4        0xc ../../hal/lpc2106-cmucam3\libhal-lpc2106-cmucam3.a(cc3.o)
 .bss._cc3_second_green_valid
                0x40002d00        0x1 ../../hal/lpc2106-cmucam3\libhal-lpc2106-cmucam3.a(cc3.o)
 .bss._cc3_second_green
                0x40002d01        0x1 ../../hal/lpc2106-cmucam3\libhal-lpc2106-cmucam3.a(cc3.o)
 *fill*         0x40002d02        0x2 
 .bss.heap_ptr  0x40002d04        0x4 ../../hal/lpc2106-cmucam3\libhal-lpc2106-cmucam3.a(syscalls.o)
 .bss.started.4748
                0x40002d08        0x1 ../../hal/lpc2106-cmucam3\libhal-lpc2106-cmucam3.a(serial.o)
 *fill*         0x40002d09        0x3 
 .bss.servo_mask
                0x40002d0c        0x4 ../../hal/lpc2106-cmucam3\libhal-lpc2106-cmucam3.a(servo.o)
 .bss.servo_tmp
                0x40002d10        0x4 ../../hal/lpc2106-cmucam3\libhal-lpc2106-cmucam3.a(servo.o)
 .bss           0x40002d14       0x34 c:/sourcery_codebench_lite_for_arm_eabi/bin/../lib/gcc/arm-none-eabi/4.8.1/../../../../arm-none-eabi/lib\libc.a(lib_a-mallocr.o)
                0x40002d14                __malloc_top_pad
                0x40002d18                __malloc_current_mallinfo
                0x40002d40                __malloc_max_sbrked_mem
                0x40002d44                __malloc_max_total_mem
 *(COMMON)
 COMMON         0x40002d48      0x420 lpc2106-cmucam3_buildfiles/main.o
                0x40002d48                tempBuffer
 COMMON         0x40003168        0x1 ../../hal/lpc2106-cmucam3\libhal-lpc2106-cmucam3.a(interrupt.o)
                0x40003168                _cc3_button_trigger
 *fill*         0x40003169        0x3 
 COMMON         0x4000316c       0x1b ../../hal/lpc2106-cmucam3\libhal-lpc2106-cmucam3.a(cc3.o)
                0x4000316c                cc3_g_pixbuf_frame
                0x40003184                cc3_g_current_pixel
 COMMON         0x40003187        0x2 ../../hal/lpc2106-cmucam3\libhal-lpc2106-cmucam3.a(serial.o)
                0x40003187                _cc3_uart1_binmode
                0x40003188                _cc3_uart0_binmode
 *fill*         0x40003189        0x3 
 COMMON         0x4000318c        0x4 c:/sourcery_codebench_lite_for_arm_eabi/bin/../lib/gcc/arm-none-eabi/4.8.1/../../../../arm-none-eabi/lib\libc.a(lib_a-reent.o)
                0x4000318c                errno
 *(.ram.b)
                0x40003190                . = ALIGN (0x8)
                0x40003190                _end = .
                0x40003190                __end = .
                0x40010000                _heap_end = (ORIGIN (RAM) + 0x10000)

.stab
 *(.stab)

.stabstr
 *(.stabstr)

.debug
 *(.debug)

.line
 *(.line)

.debug_srcinfo
 *(.debug_srcinfo)

.debug_sfnames
 *(.debug_sfnames)

.debug_aranges  0x00000000      0x6a8
 *(.debug_aranges)
 .debug_aranges
                0x00000000       0x40 lpc2106-cmucam3_buildfiles/main.o
 .debug_aranges
                0x00000040       0x30 ../../lib/cc3-ilp\libcc3-ilp_lpc2106-cmucam3.a(cc3_color_info.o)
 .debug_aranges
                0x00000070       0x30 ../../lib/cc3-ilp\libcc3-ilp_lpc2106-cmucam3.a(cc3_histogram.o)
 .debug_aranges
                0x000000a0       0x30 ../../lib/cc3-ilp\libcc3-ilp_lpc2106-cmucam3.a(cc3_frame_diff.o)
 .debug_aranges
                0x000000d0       0x30 ../../lib/cc3-ilp\libcc3-ilp_lpc2106-cmucam3.a(cc3_ilp.o)
 .debug_aranges
                0x00000100       0x78 ../../hal/lpc2106-cmucam3\libhal-lpc2106-cmucam3.a(interrupt.o)
 .debug_aranges
                0x00000178       0xd8 ../../hal/lpc2106-cmucam3\libhal-lpc2106-cmucam3.a(cc3.o)
 .debug_aranges
                0x00000250       0x48 ../../hal/lpc2106-cmucam3\libhal-lpc2106-cmucam3.a(cc3_hal.o)
 .debug_aranges
                0x00000298       0xc0 ../../hal/lpc2106-cmucam3\libhal-lpc2106-cmucam3.a(syscalls.o)
 .debug_aranges
                0x00000358       0x88 ../../hal/lpc2106-cmucam3\libhal-lpc2106-cmucam3.a(serial.o)
 .debug_aranges
                0x000003e0       0x38 ../../hal/lpc2106-cmucam3\libhal-lpc2106-cmucam3.a(servo.o)
 .debug_aranges
                0x00000418       0xe8 ../../hal/lpc2106-cmucam3\libhal-lpc2106-cmucam3.a(rdcf2.o)
 .debug_aranges
                0x00000500       0x40 ../../hal/lpc2106-cmucam3\libhal-lpc2106-cmucam3.a(mmc_hardware.o)
 .debug_aranges
                0x00000540       0x68 ../../hal/lpc2106-cmucam3\libhal-lpc2106-cmucam3.a(mmc_driver.o)
 .debug_aranges
                0x000005a8       0x38 ../../hal/lpc2106-cmucam3\libhal-lpc2106-cmucam3.a(gpio.o)
 .debug_aranges
                0x000005e0       0x40 ../../hal/lpc2106-cmucam3\libhal-lpc2106-cmucam3.a(devices.o)
 .debug_aranges
                0x00000620       0x68 ../../hal/lpc2106-cmucam3\libhal-lpc2106-cmucam3.a(uart_driver.o)
 .debug_aranges
                0x00000688       0x20 ../../hal/lpc2106-cmucam3\libhal-lpc2106-cmucam3.a(startup.o)

.debug_pubnames
 *(.debug_pubnames)

.debug_info     0x00000000     0xb1d9
 *(.debug_info .gnu.linkonce.wi.*)
 .debug_info    0x00000000     0x173b lpc2106-cmucam3_buildfiles/main.o
 .debug_info    0x0000173b      0x43e ../../lib/cc3-ilp\libcc3-ilp_lpc2106-cmucam3.a(cc3_color_info.o)
 .debug_info    0x00001b79      0x3d5 ../../lib/cc3-ilp\libcc3-ilp_lpc2106-cmucam3.a(cc3_histogram.o)
 .debug_info    0x00001f4e      0x3d7 ../../lib/cc3-ilp\libcc3-ilp_lpc2106-cmucam3.a(cc3_frame_diff.o)
 .debug_info    0x00002325      0x1ea ../../lib/cc3-ilp\libcc3-ilp_lpc2106-cmucam3.a(cc3_ilp.o)
 .debug_info    0x0000250f      0x34a ../../hal/lpc2106-cmucam3\libhal-lpc2106-cmucam3.a(interrupt.o)
 .debug_info    0x00002859     0x1891 ../../hal/lpc2106-cmucam3\libhal-lpc2106-cmucam3.a(cc3.o)
 .debug_info    0x000040ea      0x1b1 ../../hal/lpc2106-cmucam3\libhal-lpc2106-cmucam3.a(cc3_hal.o)
 .debug_info    0x0000429b      0xda1 ../../hal/lpc2106-cmucam3\libhal-lpc2106-cmucam3.a(syscalls.o)
 .debug_info    0x0000503c      0xe46 ../../hal/lpc2106-cmucam3\libhal-lpc2106-cmucam3.a(serial.o)
 .debug_info    0x00005e82      0x2c4 ../../hal/lpc2106-cmucam3\libhal-lpc2106-cmucam3.a(servo.o)
 .debug_info    0x00006146     0x2248 ../../hal/lpc2106-cmucam3\libhal-lpc2106-cmucam3.a(rdcf2.o)
 .debug_info    0x0000838e      0xfe9 ../../hal/lpc2106-cmucam3\libhal-lpc2106-cmucam3.a(mmc_hardware.o)
 .debug_info    0x00009377      0xed2 ../../hal/lpc2106-cmucam3\libhal-lpc2106-cmucam3.a(mmc_driver.o)
 .debug_info    0x0000a249      0x1b3 ../../hal/lpc2106-cmucam3\libhal-lpc2106-cmucam3.a(gpio.o)
 .debug_info    0x0000a3fc      0x549 ../../hal/lpc2106-cmucam3\libhal-lpc2106-cmucam3.a(devices.o)
 .debug_info    0x0000a945      0x806 ../../hal/lpc2106-cmucam3\libhal-lpc2106-cmucam3.a(uart_driver.o)
 .debug_info    0x0000b14b       0x8e ../../hal/lpc2106-cmucam3\libhal-lpc2106-cmucam3.a(startup.o)

.debug_abbrev   0x00000000     0x277f
 *(.debug_abbrev)
 .debug_abbrev  0x00000000      0x322 lpc2106-cmucam3_buildfiles/main.o
 .debug_abbrev  0x00000322      0x153 ../../lib/cc3-ilp\libcc3-ilp_lpc2106-cmucam3.a(cc3_color_info.o)
 .debug_abbrev  0x00000475      0x148 ../../lib/cc3-ilp\libcc3-ilp_lpc2106-cmucam3.a(cc3_histogram.o)
 .debug_abbrev  0x000005bd      0x123 ../../lib/cc3-ilp\libcc3-ilp_lpc2106-cmucam3.a(cc3_frame_diff.o)
 .debug_abbrev  0x000006e0       0xff ../../lib/cc3-ilp\libcc3-ilp_lpc2106-cmucam3.a(cc3_ilp.o)
 .debug_abbrev  0x000007df      0x1a6 ../../hal/lpc2106-cmucam3\libhal-lpc2106-cmucam3.a(interrupt.o)
 .debug_abbrev  0x00000985      0x4a2 ../../hal/lpc2106-cmucam3\libhal-lpc2106-cmucam3.a(cc3.o)
 .debug_abbrev  0x00000e27       0xb7 ../../hal/lpc2106-cmucam3\libhal-lpc2106-cmucam3.a(cc3_hal.o)
 .debug_abbrev  0x00000ede      0x2eb ../../hal/lpc2106-cmucam3\libhal-lpc2106-cmucam3.a(syscalls.o)
 .debug_abbrev  0x000011c9      0x415 ../../hal/lpc2106-cmucam3\libhal-lpc2106-cmucam3.a(serial.o)
 .debug_abbrev  0x000015de      0x193 ../../hal/lpc2106-cmucam3\libhal-lpc2106-cmucam3.a(servo.o)
 .debug_abbrev  0x00001771      0x49a ../../hal/lpc2106-cmucam3\libhal-lpc2106-cmucam3.a(rdcf2.o)
 .debug_abbrev  0x00001c0b      0x36f ../../hal/lpc2106-cmucam3\libhal-lpc2106-cmucam3.a(mmc_hardware.o)
 .debug_abbrev  0x00001f7a      0x2ee ../../hal/lpc2106-cmucam3\libhal-lpc2106-cmucam3.a(mmc_driver.o)
 .debug_abbrev  0x00002268      0x148 ../../hal/lpc2106-cmucam3\libhal-lpc2106-cmucam3.a(gpio.o)
 .debug_abbrev  0x000023b0      0x164 ../../hal/lpc2106-cmucam3\libhal-lpc2106-cmucam3.a(devices.o)
 .debug_abbrev  0x00002514      0x257 ../../hal/lpc2106-cmucam3\libhal-lpc2106-cmucam3.a(uart_driver.o)
 .debug_abbrev  0x0000276b       0x14 ../../hal/lpc2106-cmucam3\libhal-lpc2106-cmucam3.a(startup.o)

.debug_line     0x00000000     0x309e
 *(.debug_line)
 .debug_line    0x00000000      0x30f lpc2106-cmucam3_buildfiles/main.o
 .debug_line    0x0000030f      0x194 ../../lib/cc3-ilp\libcc3-ilp_lpc2106-cmucam3.a(cc3_color_info.o)
 .debug_line    0x000004a3      0x14d ../../lib/cc3-ilp\libcc3-ilp_lpc2106-cmucam3.a(cc3_histogram.o)
 .debug_line    0x000005f0      0x1b5 ../../lib/cc3-ilp\libcc3-ilp_lpc2106-cmucam3.a(cc3_frame_diff.o)
 .debug_line    0x000007a5      0x107 ../../lib/cc3-ilp\libcc3-ilp_lpc2106-cmucam3.a(cc3_ilp.o)
 .debug_line    0x000008ac      0x239 ../../hal/lpc2106-cmucam3\libhal-lpc2106-cmucam3.a(interrupt.o)
 .debug_line    0x00000ae5      0x728 ../../hal/lpc2106-cmucam3\libhal-lpc2106-cmucam3.a(cc3.o)
 .debug_line    0x0000120d       0xfd ../../hal/lpc2106-cmucam3\libhal-lpc2106-cmucam3.a(cc3_hal.o)
 .debug_line    0x0000130a      0x386 ../../hal/lpc2106-cmucam3\libhal-lpc2106-cmucam3.a(syscalls.o)
 .debug_line    0x00001690      0x37e ../../hal/lpc2106-cmucam3\libhal-lpc2106-cmucam3.a(serial.o)
 .debug_line    0x00001a0e      0x15c ../../hal/lpc2106-cmucam3\libhal-lpc2106-cmucam3.a(servo.o)
 .debug_line    0x00001b6a      0x8b1 ../../hal/lpc2106-cmucam3\libhal-lpc2106-cmucam3.a(rdcf2.o)
 .debug_line    0x0000241b      0x3d0 ../../hal/lpc2106-cmucam3\libhal-lpc2106-cmucam3.a(mmc_hardware.o)
 .debug_line    0x000027eb      0x328 ../../hal/lpc2106-cmucam3\libhal-lpc2106-cmucam3.a(mmc_driver.o)
 .debug_line    0x00002b13      0x106 ../../hal/lpc2106-cmucam3\libhal-lpc2106-cmucam3.a(gpio.o)
 .debug_line    0x00002c19      0x165 ../../hal/lpc2106-cmucam3\libhal-lpc2106-cmucam3.a(devices.o)
 .debug_line    0x00002d7e      0x28e ../../hal/lpc2106-cmucam3\libhal-lpc2106-cmucam3.a(uart_driver.o)
 .debug_line    0x0000300c       0x92 ../../hal/lpc2106-cmucam3\libhal-lpc2106-cmucam3.a(startup.o)

.debug_frame    0x00000000     0x20bc
 *(.debug_frame)
 .debug_frame   0x00000000       0xa8 lpc2106-cmucam3_buildfiles/main.o
 .debug_frame   0x000000a8       0x74 ../../lib/cc3-ilp\libcc3-ilp_lpc2106-cmucam3.a(cc3_color_info.o)
 .debug_frame   0x0000011c       0x5c ../../lib/cc3-ilp\libcc3-ilp_lpc2106-cmucam3.a(cc3_histogram.o)
 .debug_frame   0x00000178       0x80 ../../lib/cc3-ilp\libcc3-ilp_lpc2106-cmucam3.a(cc3_frame_diff.o)
 .debug_frame   0x000001f8       0x50 ../../lib/cc3-ilp\libcc3-ilp_lpc2106-cmucam3.a(cc3_ilp.o)
 .debug_frame   0x00000248      0x10c ../../hal/lpc2106-cmucam3\libhal-lpc2106-cmucam3.a(interrupt.o)
 .debug_frame   0x00000354      0x20c ../../hal/lpc2106-cmucam3\libhal-lpc2106-cmucam3.a(cc3.o)
 .debug_frame   0x00000560       0xa0 ../../hal/lpc2106-cmucam3\libhal-lpc2106-cmucam3.a(cc3_hal.o)
 .debug_frame   0x00000600      0x1d0 ../../hal/lpc2106-cmucam3\libhal-lpc2106-cmucam3.a(syscalls.o)
 .debug_frame   0x000007d0      0x134 ../../hal/lpc2106-cmucam3\libhal-lpc2106-cmucam3.a(serial.o)
 .debug_frame   0x00000904       0x64 ../../hal/lpc2106-cmucam3\libhal-lpc2106-cmucam3.a(servo.o)
 .debug_frame   0x00000968      0x320 ../../hal/lpc2106-cmucam3\libhal-lpc2106-cmucam3.a(rdcf2.o)
 .debug_frame   0x00000c88       0x98 ../../hal/lpc2106-cmucam3\libhal-lpc2106-cmucam3.a(mmc_hardware.o)
 .debug_frame   0x00000d20      0x114 ../../hal/lpc2106-cmucam3\libhal-lpc2106-cmucam3.a(mmc_driver.o)
 .debug_frame   0x00000e34       0x58 ../../hal/lpc2106-cmucam3\libhal-lpc2106-cmucam3.a(gpio.o)
 .debug_frame   0x00000e8c       0x70 ../../hal/lpc2106-cmucam3\libhal-lpc2106-cmucam3.a(devices.o)
 .debug_frame   0x00000efc       0xe8 ../../hal/lpc2106-cmucam3\libhal-lpc2106-cmucam3.a(uart_driver.o)
 .debug_frame   0x00000fe4       0x20 c:/sourcery_codebench_lite_for_arm_eabi/bin/../lib/gcc/arm-none-eabi/4.8.1\libgcc.a(_udivsi3.o)
 .debug_frame   0x00001004       0x20 c:/sourcery_codebench_lite_for_arm_eabi/bin/../lib/gcc/arm-none-eabi/4.8.1\libgcc.a(_divsi3.o)
 .debug_frame   0x00001024       0x28 c:/sourcery_codebench_lite_for_arm_eabi/bin/../lib/gcc/arm-none-eabi/4.8.1/../../../../arm-none-eabi/lib\libc.a(lib_a-calloc.o)
 .debug_frame   0x0000104c       0x28 c:/sourcery_codebench_lite_for_arm_eabi/bin/../lib/gcc/arm-none-eabi/4.8.1/../../../../arm-none-eabi/lib\libc.a(lib_a-callocr.o)
 .debug_frame   0x00001074       0x28 c:/sourcery_codebench_lite_for_arm_eabi/bin/../lib/gcc/arm-none-eabi/4.8.1/../../../../arm-none-eabi/lib\libc.a(lib_a-exit.o)
 .debug_frame   0x0000109c       0x54 c:/sourcery_codebench_lite_for_arm_eabi/bin/../lib/gcc/arm-none-eabi/4.8.1/../../../../arm-none-eabi/lib\libc.a(lib_a-fiprintf.o)
 .debug_frame   0x000010f0       0x40 c:/sourcery_codebench_lite_for_arm_eabi/bin/../lib/gcc/arm-none-eabi/4.8.1/../../../../arm-none-eabi/lib\libc.a(lib_a-fopen.o)
 .debug_frame   0x00001130       0x40 c:/sourcery_codebench_lite_for_arm_eabi/bin/../lib/gcc/arm-none-eabi/4.8.1/../../../../arm-none-eabi/lib\libc.a(lib_a-fseek.o)
 .debug_frame   0x00001170       0x50 c:/sourcery_codebench_lite_for_arm_eabi/bin/../lib/gcc/arm-none-eabi/4.8.1/../../../../arm-none-eabi/lib\libc.a(lib_a-fseeko.o)
 .debug_frame   0x000011c0       0x2c c:/sourcery_codebench_lite_for_arm_eabi/bin/../lib/gcc/arm-none-eabi/4.8.1/../../../../arm-none-eabi/lib\libc.a(lib_a-fstatr.o)
 .debug_frame   0x000011ec       0x58 c:/sourcery_codebench_lite_for_arm_eabi/bin/../lib/gcc/arm-none-eabi/4.8.1/../../../../arm-none-eabi/lib\libc.a(lib_a-iprintf.o)
 .debug_frame   0x00001244       0x28 c:/sourcery_codebench_lite_for_arm_eabi/bin/../lib/gcc/arm-none-eabi/4.8.1/../../../../arm-none-eabi/lib\libc.a(lib_a-lcltime_r.o)
 .debug_frame   0x0000126c       0x30 c:/sourcery_codebench_lite_for_arm_eabi/bin/../lib/gcc/arm-none-eabi/4.8.1/../../../../arm-none-eabi/lib\libc.a(lib_a-makebuf.o)
 .debug_frame   0x0000129c       0x40 c:/sourcery_codebench_lite_for_arm_eabi/bin/../lib/gcc/arm-none-eabi/4.8.1/../../../../arm-none-eabi/lib\libc.a(lib_a-malloc.o)
 .debug_frame   0x000012dc       0x38 c:/sourcery_codebench_lite_for_arm_eabi/bin/../lib/gcc/arm-none-eabi/4.8.1/../../../../arm-none-eabi/lib\libc.a(lib_a-mallocr.o)
 .debug_frame   0x00001314       0x28 c:/sourcery_codebench_lite_for_arm_eabi/bin/../lib/gcc/arm-none-eabi/4.8.1/../../../../arm-none-eabi/lib\libc.a(lib_a-memcmp.o)
 .debug_frame   0x0000133c       0x2c c:/sourcery_codebench_lite_for_arm_eabi/bin/../lib/gcc/arm-none-eabi/4.8.1/../../../../arm-none-eabi/lib\libc.a(lib_a-memcpy-stub.o)
 .debug_frame   0x00001368       0x2c c:/sourcery_codebench_lite_for_arm_eabi/bin/../lib/gcc/arm-none-eabi/4.8.1/../../../../arm-none-eabi/lib\libc.a(lib_a-memset.o)
 .debug_frame   0x00001394       0x5c c:/sourcery_codebench_lite_for_arm_eabi/bin/../lib/gcc/arm-none-eabi/4.8.1/../../../../arm-none-eabi/lib\libc.a(lib_a-mktm_r.o)
 .debug_frame   0x000013f0       0x30 c:/sourcery_codebench_lite_for_arm_eabi/bin/../lib/gcc/arm-none-eabi/4.8.1/../../../../arm-none-eabi/lib\libc.a(lib_a-mlock.o)
 .debug_frame   0x00001420       0x2c c:/sourcery_codebench_lite_for_arm_eabi/bin/../lib/gcc/arm-none-eabi/4.8.1/../../../../arm-none-eabi/lib\libc.a(lib_a-openr.o)
 .debug_frame   0x0000144c       0x48 c:/sourcery_codebench_lite_for_arm_eabi/bin/../lib/gcc/arm-none-eabi/4.8.1/../../../../arm-none-eabi/lib\libc.a(lib_a-reent.o)
 .debug_frame   0x00001494       0x48 c:/sourcery_codebench_lite_for_arm_eabi/bin/../lib/gcc/arm-none-eabi/4.8.1/../../../../arm-none-eabi/lib\libc.a(lib_a-refill.o)
 .debug_frame   0x000014dc       0x2c c:/sourcery_codebench_lite_for_arm_eabi/bin/../lib/gcc/arm-none-eabi/4.8.1/../../../../arm-none-eabi/lib\libc.a(lib_a-sbrkr.o)
 .debug_frame   0x00001508       0x28 c:/sourcery_codebench_lite_for_arm_eabi/bin/../lib/gcc/arm-none-eabi/4.8.1/../../../../arm-none-eabi/lib\libc.a(lib_a-setbuf.o)
 .debug_frame   0x00001530       0x34 c:/sourcery_codebench_lite_for_arm_eabi/bin/../lib/gcc/arm-none-eabi/4.8.1/../../../../arm-none-eabi/lib\libc.a(lib_a-setvbuf.o)
 .debug_frame   0x00001564       0x5c c:/sourcery_codebench_lite_for_arm_eabi/bin/../lib/gcc/arm-none-eabi/4.8.1/../../../../arm-none-eabi/lib\libc.a(lib_a-sniprintf.o)
 .debug_frame   0x000015c0       0x88 c:/sourcery_codebench_lite_for_arm_eabi/bin/../lib/gcc/arm-none-eabi/4.8.1/../../../../arm-none-eabi/lib\libc.a(lib_a-stdio.o)
 .debug_frame   0x00001648       0x28 c:/sourcery_codebench_lite_for_arm_eabi/bin/../lib/gcc/arm-none-eabi/4.8.1/../../../../arm-none-eabi/lib\libc.a(lib_a-strdup.o)
 .debug_frame   0x00001670       0x2c c:/sourcery_codebench_lite_for_arm_eabi/bin/../lib/gcc/arm-none-eabi/4.8.1/../../../../arm-none-eabi/lib\libc.a(lib_a-strdup_r.o)
 .debug_frame   0x0000169c       0x20 c:/sourcery_codebench_lite_for_arm_eabi/bin/../lib/gcc/arm-none-eabi/4.8.1/../../../../arm-none-eabi/lib\libc.a(lib_a-strlen.o)
 .debug_frame   0x000016bc       0x50 c:/sourcery_codebench_lite_for_arm_eabi/bin/../lib/gcc/arm-none-eabi/4.8.1/../../../../arm-none-eabi/lib\libc.a(lib_a-strtol.o)
 .debug_frame   0x0000170c       0x64 c:/sourcery_codebench_lite_for_arm_eabi/bin/../lib/gcc/arm-none-eabi/4.8.1/../../../../arm-none-eabi/lib\libc.a(lib_a-svfiprintf.o)
 .debug_frame   0x00001770       0x28 c:/sourcery_codebench_lite_for_arm_eabi/bin/../lib/gcc/arm-none-eabi/4.8.1/../../../../arm-none-eabi/lib\libc.a(lib_a-sysgettod.o)
 .debug_frame   0x00001798       0x30 c:/sourcery_codebench_lite_for_arm_eabi/bin/../lib/gcc/arm-none-eabi/4.8.1/../../../../arm-none-eabi/lib\libc.a(lib_a-tzlock.o)
 .debug_frame   0x000017c8       0xb8 c:/sourcery_codebench_lite_for_arm_eabi/bin/../lib/gcc/arm-none-eabi/4.8.1/../../../../arm-none-eabi/lib\libc.a(lib_a-vfiprintf.o)
 .debug_frame   0x00001880       0x2c c:/sourcery_codebench_lite_for_arm_eabi/bin/../lib/gcc/arm-none-eabi/4.8.1/../../../../arm-none-eabi/lib\libc.a(lib_a-writer.o)
 .debug_frame   0x000018ac       0x2c c:/sourcery_codebench_lite_for_arm_eabi/bin/../lib/gcc/arm-none-eabi/4.8.1/../../../../arm-none-eabi/lib\libc.a(lib_a-wsetup.o)
 .debug_frame   0x000018d8       0x50 c:/sourcery_codebench_lite_for_arm_eabi/bin/../lib/gcc/arm-none-eabi/4.8.1/../../../../arm-none-eabi/lib\libc.a(lib_a-__call_atexit.o)
 .debug_frame   0x00001928       0x28 c:/sourcery_codebench_lite_for_arm_eabi/bin/../lib/gcc/arm-none-eabi/4.8.1/../../../../arm-none-eabi/lib\libc.a(lib_a-atexit.o)
 .debug_frame   0x00001950       0x2c c:/sourcery_codebench_lite_for_arm_eabi/bin/../lib/gcc/arm-none-eabi/4.8.1/../../../../arm-none-eabi/lib\libc.a(lib_a-closer.o)
 .debug_frame   0x0000197c       0x64 c:/sourcery_codebench_lite_for_arm_eabi/bin/../lib/gcc/arm-none-eabi/4.8.1/../../../../arm-none-eabi/lib\libc.a(lib_a-fflush.o)
 .debug_frame   0x000019e0      0x130 c:/sourcery_codebench_lite_for_arm_eabi/bin/../lib/gcc/arm-none-eabi/4.8.1/../../../../arm-none-eabi/lib\libc.a(lib_a-findfp.o)
 .debug_frame   0x00001b10       0x2c c:/sourcery_codebench_lite_for_arm_eabi/bin/../lib/gcc/arm-none-eabi/4.8.1/../../../../arm-none-eabi/lib\libc.a(lib_a-fini.o)
 .debug_frame   0x00001b3c       0x28 c:/sourcery_codebench_lite_for_arm_eabi/bin/../lib/gcc/arm-none-eabi/4.8.1/../../../../arm-none-eabi/lib\libc.a(lib_a-flags.o)
 .debug_frame   0x00001b64       0x50 c:/sourcery_codebench_lite_for_arm_eabi/bin/../lib/gcc/arm-none-eabi/4.8.1/../../../../arm-none-eabi/lib\libc.a(lib_a-fputwc.o)
 .debug_frame   0x00001bb4       0x50 c:/sourcery_codebench_lite_for_arm_eabi/bin/../lib/gcc/arm-none-eabi/4.8.1/../../../../arm-none-eabi/lib\libc.a(lib_a-freer.o)
 .debug_frame   0x00001c04       0x38 c:/sourcery_codebench_lite_for_arm_eabi/bin/../lib/gcc/arm-none-eabi/4.8.1/../../../../arm-none-eabi/lib\libc.a(lib_a-fvwrite.o)
 .debug_frame   0x00001c3c       0x54 c:/sourcery_codebench_lite_for_arm_eabi/bin/../lib/gcc/arm-none-eabi/4.8.1/../../../../arm-none-eabi/lib\libc.a(lib_a-fwalk.o)
 .debug_frame   0x00001c90       0x2c c:/sourcery_codebench_lite_for_arm_eabi/bin/../lib/gcc/arm-none-eabi/4.8.1/../../../../arm-none-eabi/lib\libc.a(lib_a-gettimeofdayr.o)
 .debug_frame   0x00001cbc       0x20 c:/sourcery_codebench_lite_for_arm_eabi/bin/../lib/gcc/arm-none-eabi/4.8.1/../../../../arm-none-eabi/lib\libc.a(lib_a-gettzinfo.o)
 .debug_frame   0x00001cdc       0x2c c:/sourcery_codebench_lite_for_arm_eabi/bin/../lib/gcc/arm-none-eabi/4.8.1/../../../../arm-none-eabi/lib\libc.a(lib_a-isattyr.o)
 .debug_frame   0x00001d08       0x98 c:/sourcery_codebench_lite_for_arm_eabi/bin/../lib/gcc/arm-none-eabi/4.8.1/../../../../arm-none-eabi/lib\libc.a(lib_a-locale.o)
 .debug_frame   0x00001da0       0x2c c:/sourcery_codebench_lite_for_arm_eabi/bin/../lib/gcc/arm-none-eabi/4.8.1/../../../../arm-none-eabi/lib\libc.a(lib_a-lseekr.o)
 .debug_frame   0x00001dcc       0x2c c:/sourcery_codebench_lite_for_arm_eabi/bin/../lib/gcc/arm-none-eabi/4.8.1/../../../../arm-none-eabi/lib\libc.a(lib_a-memchr-stub.o)
 .debug_frame   0x00001df8       0x2c c:/sourcery_codebench_lite_for_arm_eabi/bin/../lib/gcc/arm-none-eabi/4.8.1/../../../../arm-none-eabi/lib\libc.a(lib_a-memmove.o)
 .debug_frame   0x00001e24       0x2c c:/sourcery_codebench_lite_for_arm_eabi/bin/../lib/gcc/arm-none-eabi/4.8.1/../../../../arm-none-eabi/lib\libc.a(lib_a-readr.o)
 .debug_frame   0x00001e50       0x38 c:/sourcery_codebench_lite_for_arm_eabi/bin/../lib/gcc/arm-none-eabi/4.8.1/../../../../arm-none-eabi/lib\libc.a(lib_a-reallocr.o)
 .debug_frame   0x00001e88       0x3c c:/sourcery_codebench_lite_for_arm_eabi/bin/../lib/gcc/arm-none-eabi/4.8.1/../../../../arm-none-eabi/lib\libc.a(lib_a-wbuf.o)
 .debug_frame   0x00001ec4       0x58 c:/sourcery_codebench_lite_for_arm_eabi/bin/../lib/gcc/arm-none-eabi/4.8.1/../../../../arm-none-eabi/lib\libc.a(lib_a-wcrtomb.o)
 .debug_frame   0x00001f1c       0x44 c:/sourcery_codebench_lite_for_arm_eabi/bin/../lib/gcc/arm-none-eabi/4.8.1/../../../../arm-none-eabi/lib\libc.a(lib_a-wctomb_r.o)
 .debug_frame   0x00001f60       0x30 c:/sourcery_codebench_lite_for_arm_eabi/bin/../lib/gcc/arm-none-eabi/4.8.1/../../../../arm-none-eabi/lib\libc.a(lib_a-__atexit.o)
 .debug_frame   0x00001f90       0x3c c:/sourcery_codebench_lite_for_arm_eabi/bin/../lib/gcc/arm-none-eabi/4.8.1/../../../../arm-none-eabi/lib\libc.a(lib_a-fclose.o)
 .debug_frame   0x00001fcc       0x28 c:/sourcery_codebench_lite_for_arm_eabi/bin/../lib/gcc/arm-none-eabi/4.8.1\libgcc.a(_aeabi_uldivmod.o)
 .debug_frame   0x00001ff4       0x58 c:/sourcery_codebench_lite_for_arm_eabi/bin/../lib/gcc/arm-none-eabi/4.8.1\libgcc.a(bpabi.o)
 .debug_frame   0x0000204c       0x38 c:/sourcery_codebench_lite_for_arm_eabi/bin/../lib/gcc/arm-none-eabi/4.8.1\libgcc.a(_divdi3.o)
 .debug_frame   0x00002084       0x38 c:/sourcery_codebench_lite_for_arm_eabi/bin/../lib/gcc/arm-none-eabi/4.8.1\libgcc.a(_udivdi3.o)

.debug_str      0x00000000     0x2344
 *(.debug_str)
 .debug_str     0x00000000      0xd92 lpc2106-cmucam3_buildfiles/main.o
                                0xe55 (size before relaxing)
 .debug_str     0x00000d92       0x72 ../../lib/cc3-ilp\libcc3-ilp_lpc2106-cmucam3.a(cc3_color_info.o)
                                0x410 (size before relaxing)
 .debug_str     0x00000e04       0x10 ../../lib/cc3-ilp\libcc3-ilp_lpc2106-cmucam3.a(cc3_histogram.o)
                                0x3eb (size before relaxing)
 .debug_str     0x00000e14       0x1b ../../lib/cc3-ilp\libcc3-ilp_lpc2106-cmucam3.a(cc3_frame_diff.o)
                                0x337 (size before relaxing)
 .debug_str     0x00000e2f       0x39 ../../lib/cc3-ilp\libcc3-ilp_lpc2106-cmucam3.a(cc3_ilp.o)
                                0x224 (size before relaxing)
 .debug_str     0x00000e68      0x18c ../../hal/lpc2106-cmucam3\libhal-lpc2106-cmucam3.a(interrupt.o)
                                0x2fc (size before relaxing)
 .debug_str     0x00000ff4      0x37c ../../hal/lpc2106-cmucam3\libhal-lpc2106-cmucam3.a(cc3.o)
                                0x988 (size before relaxing)
 .debug_str     0x00001370       0x1c ../../hal/lpc2106-cmucam3\libhal-lpc2106-cmucam3.a(cc3_hal.o)
                                0x228 (size before relaxing)
 .debug_str     0x0000138c      0x2cd ../../hal/lpc2106-cmucam3\libhal-lpc2106-cmucam3.a(syscalls.o)
                                0x57d (size before relaxing)
 .debug_str     0x00001659      0x100 ../../hal/lpc2106-cmucam3\libhal-lpc2106-cmucam3.a(serial.o)
                                0x8f7 (size before relaxing)
 .debug_str     0x00001759       0xca ../../hal/lpc2106-cmucam3\libhal-lpc2106-cmucam3.a(servo.o)
                                0x2be (size before relaxing)
 .debug_str     0x00001823      0x5a8 ../../hal/lpc2106-cmucam3\libhal-lpc2106-cmucam3.a(rdcf2.o)
                                0x8b7 (size before relaxing)
 .debug_str     0x00001dcb      0x35f ../../hal/lpc2106-cmucam3\libhal-lpc2106-cmucam3.a(mmc_hardware.o)
                                0x654 (size before relaxing)
 .debug_str     0x0000212a       0xb9 ../../hal/lpc2106-cmucam3\libhal-lpc2106-cmucam3.a(mmc_driver.o)
                                0x76a (size before relaxing)
 .debug_str     0x000021e3       0x48 ../../hal/lpc2106-cmucam3\libhal-lpc2106-cmucam3.a(gpio.o)
                                0x27d (size before relaxing)
 .debug_str     0x0000222b       0x43 ../../hal/lpc2106-cmucam3\libhal-lpc2106-cmucam3.a(devices.o)
                                0x415 (size before relaxing)
 .debug_str     0x0000226e       0xd6 ../../hal/lpc2106-cmucam3\libhal-lpc2106-cmucam3.a(uart_driver.o)
                                0x4cc (size before relaxing)

.debug_loc      0x00000000     0x5e93
 *(.debug_loc)
 .debug_loc     0x00000000      0x1bc lpc2106-cmucam3_buildfiles/main.o
 .debug_loc     0x000001bc      0x179 ../../lib/cc3-ilp\libcc3-ilp_lpc2106-cmucam3.a(cc3_color_info.o)
 .debug_loc     0x00000335      0x186 ../../lib/cc3-ilp\libcc3-ilp_lpc2106-cmucam3.a(cc3_histogram.o)
 .debug_loc     0x000004bb      0x2c3 ../../lib/cc3-ilp\libcc3-ilp_lpc2106-cmucam3.a(cc3_frame_diff.o)
 .debug_loc     0x0000077e      0x19b ../../lib/cc3-ilp\libcc3-ilp_lpc2106-cmucam3.a(cc3_ilp.o)
 .debug_loc     0x00000919       0x7b ../../hal/lpc2106-cmucam3\libhal-lpc2106-cmucam3.a(interrupt.o)
 .debug_loc     0x00000994      0xd63 ../../hal/lpc2106-cmucam3\libhal-lpc2106-cmucam3.a(cc3.o)
 .debug_loc     0x000016f7      0x92d ../../hal/lpc2106-cmucam3\libhal-lpc2106-cmucam3.a(syscalls.o)
 .debug_loc     0x00002024      0x4a7 ../../hal/lpc2106-cmucam3\libhal-lpc2106-cmucam3.a(serial.o)
 .debug_loc     0x000024cb      0x266 ../../hal/lpc2106-cmucam3\libhal-lpc2106-cmucam3.a(servo.o)
 .debug_loc     0x00002731     0x1e1f ../../hal/lpc2106-cmucam3\libhal-lpc2106-cmucam3.a(rdcf2.o)
 .debug_loc     0x00004550      0x9db ../../hal/lpc2106-cmucam3\libhal-lpc2106-cmucam3.a(mmc_hardware.o)
 .debug_loc     0x00004f2b      0x755 ../../hal/lpc2106-cmucam3\libhal-lpc2106-cmucam3.a(mmc_driver.o)
 .debug_loc     0x00005680       0xe5 ../../hal/lpc2106-cmucam3\libhal-lpc2106-cmucam3.a(gpio.o)
 .debug_loc     0x00005765      0x129 ../../hal/lpc2106-cmucam3\libhal-lpc2106-cmucam3.a(devices.o)
 .debug_loc     0x0000588e      0x605 ../../hal/lpc2106-cmucam3\libhal-lpc2106-cmucam3.a(uart_driver.o)

.debug_macinfo
 *(.debug_macinfo)

.debug_weaknames
 *(.debug_weaknames)

.debug_funcnames
 *(.debug_funcnames)

.debug_typenames
 *(.debug_typenames)

.debug_varnames
 *(.debug_varnames)

.note.gnu.arm.ident
 *(.note.gnu.arm.ident)

.ARM.attributes
                0x00000000       0x2c
 *(.ARM.attributes)
 .ARM.attributes
                0x00000000       0x16 c:/sourcery_codebench_lite_for_arm_eabi/bin/../lib/gcc/arm-none-eabi/4.8.1/crti.o
 .ARM.attributes
                0x00000016       0x30 c:/sourcery_codebench_lite_for_arm_eabi/bin/../lib/gcc/arm-none-eabi/4.8.1/crtbegin.o
 .ARM.attributes
                0x00000046       0x32 lpc2106-cmucam3_buildfiles/main.o
 .ARM.attributes
                0x00000078       0x32 ../../lib/cc3-ilp\libcc3-ilp_lpc2106-cmucam3.a(cc3_color_info.o)
 .ARM.attributes
                0x000000aa       0x32 ../../lib/cc3-ilp\libcc3-ilp_lpc2106-cmucam3.a(cc3_histogram.o)
 .ARM.attributes
                0x000000dc       0x32 ../../lib/cc3-ilp\libcc3-ilp_lpc2106-cmucam3.a(cc3_frame_diff.o)
 .ARM.attributes
                0x0000010e       0x32 ../../lib/cc3-ilp\libcc3-ilp_lpc2106-cmucam3.a(cc3_ilp.o)
 .ARM.attributes
                0x00000140       0x32 ../../hal/lpc2106-cmucam3\libhal-lpc2106-cmucam3.a(interrupt.o)
 .ARM.attributes
                0x00000172       0x32 ../../hal/lpc2106-cmucam3\libhal-lpc2106-cmucam3.a(cc3.o)
 .ARM.attributes
                0x000001a4       0x32 ../../hal/lpc2106-cmucam3\libhal-lpc2106-cmucam3.a(cc3_hal.o)
 .ARM.attributes
                0x000001d6       0x32 ../../hal/lpc2106-cmucam3\libhal-lpc2106-cmucam3.a(syscalls.o)
 .ARM.attributes
                0x00000208       0x32 ../../hal/lpc2106-cmucam3\libhal-lpc2106-cmucam3.a(serial.o)
 .ARM.attributes
                0x0000023a       0x32 ../../hal/lpc2106-cmucam3\libhal-lpc2106-cmucam3.a(servo.o)
 .ARM.attributes
                0x0000026c       0x32 ../../hal/lpc2106-cmucam3\libhal-lpc2106-cmucam3.a(rdcf2.o)
 .ARM.attributes
                0x0000029e       0x32 ../../hal/lpc2106-cmucam3\libhal-lpc2106-cmucam3.a(mmc_hardware.o)
 .ARM.attributes
                0x000002d0       0x32 ../../hal/lpc2106-cmucam3\libhal-lpc2106-cmucam3.a(mmc_driver.o)
 .ARM.attributes
                0x00000302       0x32 ../../hal/lpc2106-cmucam3\libhal-lpc2106-cmucam3.a(gpio.o)
 .ARM.attributes
                0x00000334       0x32 ../../hal/lpc2106-cmucam3\libhal-lpc2106-cmucam3.a(devices.o)
 .ARM.attributes
                0x00000366       0x32 ../../hal/lpc2106-cmucam3\libhal-lpc2106-cmucam3.a(uart_driver.o)
 .ARM.attributes
                0x00000398       0x22 ../../hal/lpc2106-cmucam3\libhal-lpc2106-cmucam3.a(startup.o)
 .ARM.attributes
                0x000003ba       0x18 c:/sourcery_codebench_lite_for_arm_eabi/bin/../lib/gcc/arm-none-eabi/4.8.1\libgcc.a(_udivsi3.o)
 .ARM.attributes
                0x000003d2       0x18 c:/sourcery_codebench_lite_for_arm_eabi/bin/../lib/gcc/arm-none-eabi/4.8.1\libgcc.a(_divsi3.o)
 .ARM.attributes
                0x000003ea       0x18 c:/sourcery_codebench_lite_for_arm_eabi/bin/../lib/gcc/arm-none-eabi/4.8.1\libgcc.a(_dvmd_tls.o)
 .ARM.attributes
                0x00000402       0x30 c:/sourcery_codebench_lite_for_arm_eabi/bin/../lib/gcc/arm-none-eabi/4.8.1/../../../../arm-none-eabi/lib\libc.a(lib_a-calloc.o)
 .ARM.attributes
                0x00000432       0x30 c:/sourcery_codebench_lite_for_arm_eabi/bin/../lib/gcc/arm-none-eabi/4.8.1/../../../../arm-none-eabi/lib\libc.a(lib_a-callocr.o)
 .ARM.attributes
                0x00000462       0x30 c:/sourcery_codebench_lite_for_arm_eabi/bin/../lib/gcc/arm-none-eabi/4.8.1/../../../../arm-none-eabi/lib\libc.a(lib_a-ctype_.o)
 .ARM.attributes
                0x00000492       0x30 c:/sourcery_codebench_lite_for_arm_eabi/bin/../lib/gcc/arm-none-eabi/4.8.1/../../../../arm-none-eabi/lib\libc.a(lib_a-exit.o)
 .ARM.attributes
                0x000004c2       0x30 c:/sourcery_codebench_lite_for_arm_eabi/bin/../lib/gcc/arm-none-eabi/4.8.1/../../../../arm-none-eabi/lib\libc.a(lib_a-fiprintf.o)
 .ARM.attributes
                0x000004f2       0x30 c:/sourcery_codebench_lite_for_arm_eabi/bin/../lib/gcc/arm-none-eabi/4.8.1/../../../../arm-none-eabi/lib\libc.a(lib_a-fopen.o)
 .ARM.attributes
                0x00000522       0x30 c:/sourcery_codebench_lite_for_arm_eabi/bin/../lib/gcc/arm-none-eabi/4.8.1/../../../../arm-none-eabi/lib\libc.a(lib_a-fseek.o)
 .ARM.attributes
                0x00000552       0x30 c:/sourcery_codebench_lite_for_arm_eabi/bin/../lib/gcc/arm-none-eabi/4.8.1/../../../../arm-none-eabi/lib\libc.a(lib_a-fseeko.o)
 .ARM.attributes
                0x00000582       0x30 c:/sourcery_codebench_lite_for_arm_eabi/bin/../lib/gcc/arm-none-eabi/4.8.1/../../../../arm-none-eabi/lib\libc.a(lib_a-fstatr.o)
 .ARM.attributes
                0x000005b2       0x30 c:/sourcery_codebench_lite_for_arm_eabi/bin/../lib/gcc/arm-none-eabi/4.8.1/../../../../arm-none-eabi/lib\libc.a(lib_a-impure.o)
 .ARM.attributes
                0x000005e2       0x30 c:/sourcery_codebench_lite_for_arm_eabi/bin/../lib/gcc/arm-none-eabi/4.8.1/../../../../arm-none-eabi/lib\libc.a(lib_a-iprintf.o)
 .ARM.attributes
                0x00000612       0x30 c:/sourcery_codebench_lite_for_arm_eabi/bin/../lib/gcc/arm-none-eabi/4.8.1/../../../../arm-none-eabi/lib\libc.a(lib_a-lcltime_r.o)
 .ARM.attributes
                0x00000642       0x30 c:/sourcery_codebench_lite_for_arm_eabi/bin/../lib/gcc/arm-none-eabi/4.8.1/../../../../arm-none-eabi/lib\libc.a(lib_a-makebuf.o)
 .ARM.attributes
                0x00000672       0x30 c:/sourcery_codebench_lite_for_arm_eabi/bin/../lib/gcc/arm-none-eabi/4.8.1/../../../../arm-none-eabi/lib\libc.a(lib_a-malloc.o)
 .ARM.attributes
                0x000006a2       0x30 c:/sourcery_codebench_lite_for_arm_eabi/bin/../lib/gcc/arm-none-eabi/4.8.1/../../../../arm-none-eabi/lib\libc.a(lib_a-mallocr.o)
 .ARM.attributes
                0x000006d2       0x30 c:/sourcery_codebench_lite_for_arm_eabi/bin/../lib/gcc/arm-none-eabi/4.8.1/../../../../arm-none-eabi/lib\libc.a(lib_a-memcmp.o)
 .ARM.attributes
                0x00000702       0x30 c:/sourcery_codebench_lite_for_arm_eabi/bin/../lib/gcc/arm-none-eabi/4.8.1/../../../../arm-none-eabi/lib\libc.a(lib_a-memcpy-stub.o)
 .ARM.attributes
                0x00000732       0x30 c:/sourcery_codebench_lite_for_arm_eabi/bin/../lib/gcc/arm-none-eabi/4.8.1/../../../../arm-none-eabi/lib\libc.a(lib_a-memset.o)
 .ARM.attributes
                0x00000762       0x30 c:/sourcery_codebench_lite_for_arm_eabi/bin/../lib/gcc/arm-none-eabi/4.8.1/../../../../arm-none-eabi/lib\libc.a(lib_a-mktm_r.o)
 .ARM.attributes
                0x00000792       0x30 c:/sourcery_codebench_lite_for_arm_eabi/bin/../lib/gcc/arm-none-eabi/4.8.1/../../../../arm-none-eabi/lib\libc.a(lib_a-mlock.o)
 .ARM.attributes
                0x000007c2       0x30 c:/sourcery_codebench_lite_for_arm_eabi/bin/../lib/gcc/arm-none-eabi/4.8.1/../../../../arm-none-eabi/lib\libc.a(lib_a-openr.o)
 .ARM.attributes
                0x000007f2       0x30 c:/sourcery_codebench_lite_for_arm_eabi/bin/../lib/gcc/arm-none-eabi/4.8.1/../../../../arm-none-eabi/lib\libc.a(lib_a-reent.o)
 .ARM.attributes
                0x00000822       0x30 c:/sourcery_codebench_lite_for_arm_eabi/bin/../lib/gcc/arm-none-eabi/4.8.1/../../../../arm-none-eabi/lib\libc.a(lib_a-refill.o)
 .ARM.attributes
                0x00000852       0x30 c:/sourcery_codebench_lite_for_arm_eabi/bin/../lib/gcc/arm-none-eabi/4.8.1/../../../../arm-none-eabi/lib\libc.a(lib_a-sbrkr.o)
 .ARM.attributes
                0x00000882       0x30 c:/sourcery_codebench_lite_for_arm_eabi/bin/../lib/gcc/arm-none-eabi/4.8.1/../../../../arm-none-eabi/lib\libc.a(lib_a-setbuf.o)
 .ARM.attributes
                0x000008b2       0x14 c:/sourcery_codebench_lite_for_arm_eabi/bin/../lib/gcc/arm-none-eabi/4.8.1/../../../../arm-none-eabi/lib\libc.a(lib_a-setjmp.o)
 .ARM.attributes
                0x000008c6       0x30 c:/sourcery_codebench_lite_for_arm_eabi/bin/../lib/gcc/arm-none-eabi/4.8.1/../../../../arm-none-eabi/lib\libc.a(lib_a-setvbuf.o)
 .ARM.attributes
                0x000008f6       0x30 c:/sourcery_codebench_lite_for_arm_eabi/bin/../lib/gcc/arm-none-eabi/4.8.1/../../../../arm-none-eabi/lib\libc.a(lib_a-sniprintf.o)
 .ARM.attributes
                0x00000926       0x30 c:/sourcery_codebench_lite_for_arm_eabi/bin/../lib/gcc/arm-none-eabi/4.8.1/../../../../arm-none-eabi/lib\libc.a(lib_a-stdio.o)
 .ARM.attributes
                0x00000956       0x30 c:/sourcery_codebench_lite_for_arm_eabi/bin/../lib/gcc/arm-none-eabi/4.8.1/../../../../arm-none-eabi/lib\libc.a(lib_a-strdup.o)
 .ARM.attributes
                0x00000986       0x30 c:/sourcery_codebench_lite_for_arm_eabi/bin/../lib/gcc/arm-none-eabi/4.8.1/../../../../arm-none-eabi/lib\libc.a(lib_a-strdup_r.o)
 .ARM.attributes
                0x000009b6       0x30 c:/sourcery_codebench_lite_for_arm_eabi/bin/../lib/gcc/arm-none-eabi/4.8.1/../../../../arm-none-eabi/lib\libc.a(lib_a-strlen.o)
 .ARM.attributes
                0x000009e6       0x30 c:/sourcery_codebench_lite_for_arm_eabi/bin/../lib/gcc/arm-none-eabi/4.8.1/../../../../arm-none-eabi/lib\libc.a(lib_a-strtol.o)
 .ARM.attributes
                0x00000a16       0x30 c:/sourcery_codebench_lite_for_arm_eabi/bin/../lib/gcc/arm-none-eabi/4.8.1/../../../../arm-none-eabi/lib\libc.a(lib_a-svfiprintf.o)
 .ARM.attributes
                0x00000a46       0x30 c:/sourcery_codebench_lite_for_arm_eabi/bin/../lib/gcc/arm-none-eabi/4.8.1/../../../../arm-none-eabi/lib\libc.a(lib_a-sysgettod.o)
 .ARM.attributes
                0x00000a76       0x30 c:/sourcery_codebench_lite_for_arm_eabi/bin/../lib/gcc/arm-none-eabi/4.8.1/../../../../arm-none-eabi/lib\libc.a(lib_a-tzlock.o)
 .ARM.attributes
                0x00000aa6       0x30 c:/sourcery_codebench_lite_for_arm_eabi/bin/../lib/gcc/arm-none-eabi/4.8.1/../../../../arm-none-eabi/lib\libc.a(lib_a-tzvars.o)
 .ARM.attributes
                0x00000ad6       0x30 c:/sourcery_codebench_lite_for_arm_eabi/bin/../lib/gcc/arm-none-eabi/4.8.1/../../../../arm-none-eabi/lib\libc.a(lib_a-vfiprintf.o)
 .ARM.attributes
                0x00000b06       0x30 c:/sourcery_codebench_lite_for_arm_eabi/bin/../lib/gcc/arm-none-eabi/4.8.1/../../../../arm-none-eabi/lib\libc.a(lib_a-writer.o)
 .ARM.attributes
                0x00000b36       0x30 c:/sourcery_codebench_lite_for_arm_eabi/bin/../lib/gcc/arm-none-eabi/4.8.1/../../../../arm-none-eabi/lib\libc.a(lib_a-wsetup.o)
 .ARM.attributes
                0x00000b66       0x30 c:/sourcery_codebench_lite_for_arm_eabi/bin/../lib/gcc/arm-none-eabi/4.8.1/../../../../arm-none-eabi/lib\libc.a(lib_a-__call_atexit.o)
 .ARM.attributes
                0x00000b96       0x30 c:/sourcery_codebench_lite_for_arm_eabi/bin/../lib/gcc/arm-none-eabi/4.8.1/../../../../arm-none-eabi/lib\libc.a(lib_a-atexit.o)
 .ARM.attributes
                0x00000bc6       0x30 c:/sourcery_codebench_lite_for_arm_eabi/bin/../lib/gcc/arm-none-eabi/4.8.1/../../../../arm-none-eabi/lib\libc.a(lib_a-closer.o)
 .ARM.attributes
                0x00000bf6       0x30 c:/sourcery_codebench_lite_for_arm_eabi/bin/../lib/gcc/arm-none-eabi/4.8.1/../../../../arm-none-eabi/lib\libc.a(lib_a-fflush.o)
 .ARM.attributes
                0x00000c26       0x30 c:/sourcery_codebench_lite_for_arm_eabi/bin/../lib/gcc/arm-none-eabi/4.8.1/../../../../arm-none-eabi/lib\libc.a(lib_a-findfp.o)
 .ARM.attributes
                0x00000c56       0x30 c:/sourcery_codebench_lite_for_arm_eabi/bin/../lib/gcc/arm-none-eabi/4.8.1/../../../../arm-none-eabi/lib\libc.a(lib_a-fini.o)
 .ARM.attributes
                0x00000c86       0x30 c:/sourcery_codebench_lite_for_arm_eabi/bin/../lib/gcc/arm-none-eabi/4.8.1/../../../../arm-none-eabi/lib\libc.a(lib_a-flags.o)
 .ARM.attributes
                0x00000cb6       0x30 c:/sourcery_codebench_lite_for_arm_eabi/bin/../lib/gcc/arm-none-eabi/4.8.1/../../../../arm-none-eabi/lib\libc.a(lib_a-fputwc.o)
 .ARM.attributes
                0x00000ce6       0x30 c:/sourcery_codebench_lite_for_arm_eabi/bin/../lib/gcc/arm-none-eabi/4.8.1/../../../../arm-none-eabi/lib\libc.a(lib_a-freer.o)
 .ARM.attributes
                0x00000d16       0x30 c:/sourcery_codebench_lite_for_arm_eabi/bin/../lib/gcc/arm-none-eabi/4.8.1/../../../../arm-none-eabi/lib\libc.a(lib_a-fvwrite.o)
 .ARM.attributes
                0x00000d46       0x30 c:/sourcery_codebench_lite_for_arm_eabi/bin/../lib/gcc/arm-none-eabi/4.8.1/../../../../arm-none-eabi/lib\libc.a(lib_a-fwalk.o)
 .ARM.attributes
                0x00000d76       0x30 c:/sourcery_codebench_lite_for_arm_eabi/bin/../lib/gcc/arm-none-eabi/4.8.1/../../../../arm-none-eabi/lib\libc.a(lib_a-gettimeofdayr.o)
 .ARM.attributes
                0x00000da6       0x30 c:/sourcery_codebench_lite_for_arm_eabi/bin/../lib/gcc/arm-none-eabi/4.8.1/../../../../arm-none-eabi/lib\libc.a(lib_a-gettzinfo.o)
 .ARM.attributes
                0x00000dd6       0x30 c:/sourcery_codebench_lite_for_arm_eabi/bin/../lib/gcc/arm-none-eabi/4.8.1/../../../../arm-none-eabi/lib\libc.a(lib_a-isattyr.o)
 .ARM.attributes
                0x00000e06       0x30 c:/sourcery_codebench_lite_for_arm_eabi/bin/../lib/gcc/arm-none-eabi/4.8.1/../../../../arm-none-eabi/lib\libc.a(lib_a-locale.o)
 .ARM.attributes
                0x00000e36       0x30 c:/sourcery_codebench_lite_for_arm_eabi/bin/../lib/gcc/arm-none-eabi/4.8.1/../../../../arm-none-eabi/lib\libc.a(lib_a-lseekr.o)
 .ARM.attributes
                0x00000e66       0x30 c:/sourcery_codebench_lite_for_arm_eabi/bin/../lib/gcc/arm-none-eabi/4.8.1/../../../../arm-none-eabi/lib\libc.a(lib_a-memchr-stub.o)
 .ARM.attributes
                0x00000e96       0x30 c:/sourcery_codebench_lite_for_arm_eabi/bin/../lib/gcc/arm-none-eabi/4.8.1/../../../../arm-none-eabi/lib\libc.a(lib_a-memmove.o)
 .ARM.attributes
                0x00000ec6       0x30 c:/sourcery_codebench_lite_for_arm_eabi/bin/../lib/gcc/arm-none-eabi/4.8.1/../../../../arm-none-eabi/lib\libc.a(lib_a-readr.o)
 .ARM.attributes
                0x00000ef6       0x30 c:/sourcery_codebench_lite_for_arm_eabi/bin/../lib/gcc/arm-none-eabi/4.8.1/../../../../arm-none-eabi/lib\libc.a(lib_a-reallocr.o)
 .ARM.attributes
                0x00000f26       0x16 c:/sourcery_codebench_lite_for_arm_eabi/bin/../lib/gcc/arm-none-eabi/4.8.1/../../../../arm-none-eabi/lib\libc.a(lib_a-strcmp.o)
 .ARM.attributes
                0x00000f3c       0x30 c:/sourcery_codebench_lite_for_arm_eabi/bin/../lib/gcc/arm-none-eabi/4.8.1/../../../../arm-none-eabi/lib\libc.a(lib_a-wbuf.o)
 .ARM.attributes
                0x00000f6c       0x30 c:/sourcery_codebench_lite_for_arm_eabi/bin/../lib/gcc/arm-none-eabi/4.8.1/../../../../arm-none-eabi/lib\libc.a(lib_a-wcrtomb.o)
 .ARM.attributes
                0x00000f9c       0x30 c:/sourcery_codebench_lite_for_arm_eabi/bin/../lib/gcc/arm-none-eabi/4.8.1/../../../../arm-none-eabi/lib\libc.a(lib_a-wctomb_r.o)
 .ARM.attributes
                0x00000fcc       0x30 c:/sourcery_codebench_lite_for_arm_eabi/bin/../lib/gcc/arm-none-eabi/4.8.1/../../../../arm-none-eabi/lib\libc.a(lib_a-__atexit.o)
 .ARM.attributes
                0x00000ffc       0x30 c:/sourcery_codebench_lite_for_arm_eabi/bin/../lib/gcc/arm-none-eabi/4.8.1/../../../../arm-none-eabi/lib\libc.a(lib_a-fclose.o)
 .ARM.attributes
                0x0000102c       0x18 c:/sourcery_codebench_lite_for_arm_eabi/bin/../lib/gcc/arm-none-eabi/4.8.1\libgcc.a(_aeabi_uldivmod.o)
 .ARM.attributes
                0x00001044       0x30 c:/sourcery_codebench_lite_for_arm_eabi/bin/../lib/gcc/arm-none-eabi/4.8.1\libgcc.a(bpabi.o)
 .ARM.attributes
                0x00001074       0x30 c:/sourcery_codebench_lite_for_arm_eabi/bin/../lib/gcc/arm-none-eabi/4.8.1\libgcc.a(_divdi3.o)
 .ARM.attributes
                0x000010a4       0x30 c:/sourcery_codebench_lite_for_arm_eabi/bin/../lib/gcc/arm-none-eabi/4.8.1\libgcc.a(_udivdi3.o)
 .ARM.attributes
                0x000010d4       0x18 c:/sourcery_codebench_lite_for_arm_eabi/bin/../lib/gcc/arm-none-eabi/4.8.1\libgcc.a(_clzsi2.o)
 .ARM.attributes
                0x000010ec       0x30 c:/sourcery_codebench_lite_for_arm_eabi/bin/../lib/gcc/arm-none-eabi/4.8.1/crtend.o
 .ARM.attributes
                0x0000111c       0x18 c:/sourcery_codebench_lite_for_arm_eabi/bin/../lib/gcc/arm-none-eabi/4.8.1/crtn.o

/DISCARD/
 *(.note.GNU-stack)
OUTPUT(burt_lpc2106-cmucam3 elf32-littlearm)

.debug_ranges   0x00000000     0x1110
 .debug_ranges  0x00000000       0x30 lpc2106-cmucam3_buildfiles/main.o
 .debug_ranges  0x00000030       0x38 ../../lib/cc3-ilp\libcc3-ilp_lpc2106-cmucam3.a(cc3_color_info.o)
 .debug_ranges  0x00000068       0x40 ../../lib/cc3-ilp\libcc3-ilp_lpc2106-cmucam3.a(cc3_histogram.o)
 .debug_ranges  0x000000a8       0x20 ../../lib/cc3-ilp\libcc3-ilp_lpc2106-cmucam3.a(cc3_frame_diff.o)
 .debug_ranges  0x000000c8       0x20 ../../lib/cc3-ilp\libcc3-ilp_lpc2106-cmucam3.a(cc3_ilp.o)
 .debug_ranges  0x000000e8       0x80 ../../hal/lpc2106-cmucam3\libhal-lpc2106-cmucam3.a(interrupt.o)
 .debug_ranges  0x00000168      0x468 ../../hal/lpc2106-cmucam3\libhal-lpc2106-cmucam3.a(cc3.o)
 .debug_ranges  0x000005d0       0x38 ../../hal/lpc2106-cmucam3\libhal-lpc2106-cmucam3.a(cc3_hal.o)
 .debug_ranges  0x00000608       0xc8 ../../hal/lpc2106-cmucam3\libhal-lpc2106-cmucam3.a(syscalls.o)
 .debug_ranges  0x000006d0       0xf8 ../../hal/lpc2106-cmucam3\libhal-lpc2106-cmucam3.a(serial.o)
 .debug_ranges  0x000007c8       0x58 ../../hal/lpc2106-cmucam3\libhal-lpc2106-cmucam3.a(servo.o)
 .debug_ranges  0x00000820      0x468 ../../hal/lpc2106-cmucam3\libhal-lpc2106-cmucam3.a(rdcf2.o)
 .debug_ranges  0x00000c88      0x350 ../../hal/lpc2106-cmucam3\libhal-lpc2106-cmucam3.a(mmc_hardware.o)
 .debug_ranges  0x00000fd8       0x70 ../../hal/lpc2106-cmucam3\libhal-lpc2106-cmucam3.a(mmc_driver.o)
 .debug_ranges  0x00001048       0x28 ../../hal/lpc2106-cmucam3\libhal-lpc2106-cmucam3.a(gpio.o)
 .debug_ranges  0x00001070       0x48 ../../hal/lpc2106-cmucam3\libhal-lpc2106-cmucam3.a(devices.o)
 .debug_ranges  0x000010b8       0x58 ../../hal/lpc2106-cmucam3\libhal-lpc2106-cmucam3.a(uart_driver.o)

.comment        0x00000000       0x30
 .comment       0x00000000       0x30 lpc2106-cmucam3_buildfiles/main.o
                                 0x31 (size before relaxing)
 .comment       0x00000000       0x31 ../../lib/cc3-ilp\libcc3-ilp_lpc2106-cmucam3.a(cc3_color_info.o)
 .comment       0x00000000       0x31 ../../lib/cc3-ilp\libcc3-ilp_lpc2106-cmucam3.a(cc3_histogram.o)
 .comment       0x00000000       0x31 ../../lib/cc3-ilp\libcc3-ilp_lpc2106-cmucam3.a(cc3_frame_diff.o)
 .comment       0x00000000       0x31 ../../lib/cc3-ilp\libcc3-ilp_lpc2106-cmucam3.a(cc3_ilp.o)
 .comment       0x00000000       0x31 ../../hal/lpc2106-cmucam3\libhal-lpc2106-cmucam3.a(interrupt.o)
 .comment       0x00000000       0x31 ../../hal/lpc2106-cmucam3\libhal-lpc2106-cmucam3.a(cc3.o)
 .comment       0x00000000       0x31 ../../hal/lpc2106-cmucam3\libhal-lpc2106-cmucam3.a(cc3_hal.o)
 .comment       0x00000000       0x31 ../../hal/lpc2106-cmucam3\libhal-lpc2106-cmucam3.a(syscalls.o)
 .comment       0x00000000       0x31 ../../hal/lpc2106-cmucam3\libhal-lpc2106-cmucam3.a(serial.o)
 .comment       0x00000000       0x31 ../../hal/lpc2106-cmucam3\libhal-lpc2106-cmucam3.a(servo.o)
 .comment       0x00000000       0x31 ../../hal/lpc2106-cmucam3\libhal-lpc2106-cmucam3.a(rdcf2.o)
 .comment       0x00000000       0x31 ../../hal/lpc2106-cmucam3\libhal-lpc2106-cmucam3.a(mmc_hardware.o)
 .comment       0x00000000       0x31 ../../hal/lpc2106-cmucam3\libhal-lpc2106-cmucam3.a(mmc_driver.o)
 .comment       0x00000000       0x31 ../../hal/lpc2106-cmucam3\libhal-lpc2106-cmucam3.a(gpio.o)
 .comment       0x00000000       0x31 ../../hal/lpc2106-cmucam3\libhal-lpc2106-cmucam3.a(devices.o)
 .comment       0x00000000       0x31 ../../hal/lpc2106-cmucam3\libhal-lpc2106-cmucam3.a(uart_driver.o)

Cross Reference Table

Symbol                                            File
DriveDesc                                         ../../hal/lpc2106-cmucam3\libhal-lpc2106-cmucam3.a(mmc_hardware.o)
                                                  ../../hal/lpc2106-cmucam3\libhal-lpc2106-cmucam3.a(mmc_driver.o)
                                                  ../../hal/lpc2106-cmucam3\libhal-lpc2106-cmucam3.a(rdcf2.o)
_ITM_deregisterTMCloneTable                       c:/sourcery_codebench_lite_for_arm_eabi/bin/../lib/gcc/arm-none-eabi/4.8.1/crtbegin.o
_ITM_registerTMCloneTable                         c:/sourcery_codebench_lite_for_arm_eabi/bin/../lib/gcc/arm-none-eabi/4.8.1/crtbegin.o
_Jv_RegisterClasses                               c:/sourcery_codebench_lite_for_arm_eabi/bin/../lib/gcc/arm-none-eabi/4.8.1/crtbegin.o
_PathLocale                                       c:/sourcery_codebench_lite_for_arm_eabi/bin/../lib/gcc/arm-none-eabi/4.8.1/../../../../arm-none-eabi/lib\libc.a(lib_a-locale.o)
__TMC_END__                                       c:/sourcery_codebench_lite_for_arm_eabi/bin/../lib/gcc/arm-none-eabi/4.8.1/crtend.o
                                                  c:/sourcery_codebench_lite_for_arm_eabi/bin/../lib/gcc/arm-none-eabi/4.8.1/crtbegin.o
__aeabi_idiv                                      c:/sourcery_codebench_lite_for_arm_eabi/bin/../lib/gcc/arm-none-eabi/4.8.1\libgcc.a(_divsi3.o)
                                                  ../../hal/lpc2106-cmucam3\libhal-lpc2106-cmucam3.a(cc3.o)
__aeabi_idiv0                                     c:/sourcery_codebench_lite_for_arm_eabi/bin/../lib/gcc/arm-none-eabi/4.8.1\libgcc.a(_dvmd_tls.o)
                                                  c:/sourcery_codebench_lite_for_arm_eabi/bin/../lib/gcc/arm-none-eabi/4.8.1\libgcc.a(_divsi3.o)
                                                  c:/sourcery_codebench_lite_for_arm_eabi/bin/../lib/gcc/arm-none-eabi/4.8.1\libgcc.a(_udivsi3.o)
__aeabi_idivmod                                   c:/sourcery_codebench_lite_for_arm_eabi/bin/../lib/gcc/arm-none-eabi/4.8.1\libgcc.a(_divsi3.o)
__aeabi_ldiv0                                     c:/sourcery_codebench_lite_for_arm_eabi/bin/../lib/gcc/arm-none-eabi/4.8.1\libgcc.a(_dvmd_tls.o)
                                                  c:/sourcery_codebench_lite_for_arm_eabi/bin/../lib/gcc/arm-none-eabi/4.8.1\libgcc.a(_aeabi_uldivmod.o)
__aeabi_uidiv                                     c:/sourcery_codebench_lite_for_arm_eabi/bin/../lib/gcc/arm-none-eabi/4.8.1\libgcc.a(_udivsi3.o)
                                                  c:/sourcery_codebench_lite_for_arm_eabi/bin/../lib/gcc/arm-none-eabi/4.8.1\libgcc.a(_udivdi3.o)
                                                  c:/sourcery_codebench_lite_for_arm_eabi/bin/../lib/gcc/arm-none-eabi/4.8.1\libgcc.a(_divdi3.o)
                                                  c:/sourcery_codebench_lite_for_arm_eabi/bin/../lib/gcc/arm-none-eabi/4.8.1/../../../../arm-none-eabi/lib\libc.a(lib_a-strtol.o)
                                                  ../../hal/lpc2106-cmucam3\libhal-lpc2106-cmucam3.a(rdcf2.o)
                                                  ../../hal/lpc2106-cmucam3\libhal-lpc2106-cmucam3.a(serial.o)
                                                  ../../lib/cc3-ilp\libcc3-ilp_lpc2106-cmucam3.a(cc3_frame_diff.o)
                                                  ../../lib/cc3-ilp\libcc3-ilp_lpc2106-cmucam3.a(cc3_histogram.o)
                                                  ../../lib/cc3-ilp\libcc3-ilp_lpc2106-cmucam3.a(cc3_color_info.o)
__aeabi_uidivmod                                  c:/sourcery_codebench_lite_for_arm_eabi/bin/../lib/gcc/arm-none-eabi/4.8.1\libgcc.a(_udivsi3.o)
                                                  c:/sourcery_codebench_lite_for_arm_eabi/bin/../lib/gcc/arm-none-eabi/4.8.1\libgcc.a(_udivdi3.o)
                                                  c:/sourcery_codebench_lite_for_arm_eabi/bin/../lib/gcc/arm-none-eabi/4.8.1\libgcc.a(_divdi3.o)
                                                  c:/sourcery_codebench_lite_for_arm_eabi/bin/../lib/gcc/arm-none-eabi/4.8.1/../../../../arm-none-eabi/lib\libc.a(lib_a-strtol.o)
                                                  ../../hal/lpc2106-cmucam3\libhal-lpc2106-cmucam3.a(rdcf2.o)
__aeabi_uldivmod                                  c:/sourcery_codebench_lite_for_arm_eabi/bin/../lib/gcc/arm-none-eabi/4.8.1\libgcc.a(_aeabi_uldivmod.o)
                                                  c:/sourcery_codebench_lite_for_arm_eabi/bin/../lib/gcc/arm-none-eabi/4.8.1/../../../../arm-none-eabi/lib\libc.a(lib_a-vfiprintf.o)
                                                  c:/sourcery_codebench_lite_for_arm_eabi/bin/../lib/gcc/arm-none-eabi/4.8.1/../../../../arm-none-eabi/lib\libc.a(lib_a-svfiprintf.o)
__ascii_wctomb                                    c:/sourcery_codebench_lite_for_arm_eabi/bin/../lib/gcc/arm-none-eabi/4.8.1/../../../../arm-none-eabi/lib\libc.a(lib_a-wctomb_r.o)
__call_exitprocs                                  c:/sourcery_codebench_lite_for_arm_eabi/bin/../lib/gcc/arm-none-eabi/4.8.1/../../../../arm-none-eabi/lib\libc.a(lib_a-__call_atexit.o)
                                                  c:/sourcery_codebench_lite_for_arm_eabi/bin/../lib/gcc/arm-none-eabi/4.8.1/../../../../arm-none-eabi/lib\libc.a(lib_a-exit.o)
__clzsi2                                          c:/sourcery_codebench_lite_for_arm_eabi/bin/../lib/gcc/arm-none-eabi/4.8.1\libgcc.a(_clzsi2.o)
                                                  c:/sourcery_codebench_lite_for_arm_eabi/bin/../lib/gcc/arm-none-eabi/4.8.1\libgcc.a(_udivdi3.o)
                                                  c:/sourcery_codebench_lite_for_arm_eabi/bin/../lib/gcc/arm-none-eabi/4.8.1\libgcc.a(_divdi3.o)
__ctype_ptr__                                     c:/sourcery_codebench_lite_for_arm_eabi/bin/../lib/gcc/arm-none-eabi/4.8.1/../../../../arm-none-eabi/lib\libc.a(lib_a-ctype_.o)
                                                  c:/sourcery_codebench_lite_for_arm_eabi/bin/../lib/gcc/arm-none-eabi/4.8.1/../../../../arm-none-eabi/lib\libc.a(lib_a-strtol.o)
                                                  ../../hal/lpc2106-cmucam3\libhal-lpc2106-cmucam3.a(rdcf2.o)
                                                  ../../hal/lpc2106-cmucam3\libhal-lpc2106-cmucam3.a(syscalls.o)
__deregister_frame_info                           c:/sourcery_codebench_lite_for_arm_eabi/bin/../lib/gcc/arm-none-eabi/4.8.1/crtbegin.o
__divdi3                                          c:/sourcery_codebench_lite_for_arm_eabi/bin/../lib/gcc/arm-none-eabi/4.8.1\libgcc.a(_divdi3.o)
                                                  c:/sourcery_codebench_lite_for_arm_eabi/bin/../lib/gcc/arm-none-eabi/4.8.1\libgcc.a(bpabi.o)
__divsi3                                          c:/sourcery_codebench_lite_for_arm_eabi/bin/../lib/gcc/arm-none-eabi/4.8.1\libgcc.a(_divsi3.o)
__dso_handle                                      c:/sourcery_codebench_lite_for_arm_eabi/bin/../lib/gcc/arm-none-eabi/4.8.1/crtbegin.o
__fini_array_end                                  c:/sourcery_codebench_lite_for_arm_eabi/bin/../lib/gcc/arm-none-eabi/4.8.1/../../../../arm-none-eabi/lib\libc.a(lib_a-fini.o)