Archive member included because of file (symbol)

../../lib/cc3-ilp\libcc3-ilp_lpc2106-cmucam3.a(cc3_color_track.o)
                              lpc2106-cmucam3_buildfiles/cmucam2.o (cc3_track_color_scanline_start)
../../lib/cc3-ilp\libcc3-ilp_lpc2106-cmucam3.a(cc3_color_info.o)
                              lpc2106-cmucam3_buildfiles/cmucam2.o (cc3_color_info_scanline_start)
../../lib/cc3-ilp\libcc3-ilp_lpc2106-cmucam3.a(cc3_jpg.o)
                              lpc2106-cmucam3_buildfiles/cmucam2.o (cc3_jpeg_send_simple)
../../lib/cc3-ilp\libcc3-ilp_lpc2106-cmucam3.a(cc3_histogram.o)
                              lpc2106-cmucam3_buildfiles/cmucam2.o (cc3_histogram_scanline_start)
../../lib/cc3-ilp\libcc3-ilp_lpc2106-cmucam3.a(cc3_frame_diff.o)
                              lpc2106-cmucam3_buildfiles/cmucam2.o (cc3_frame_diff_scanline_start)
../../lib/cc3-ilp\libcc3-ilp_lpc2106-cmucam3.a(cc3_hsv.o)
                              lpc2106-cmucam3_buildfiles/cmucam2.o (cc3_rgb2hsv_row)
../../lib/cc3-ilp\libcc3-ilp_lpc2106-cmucam3.a(cc3_ilp.o)
                              ../../lib/cc3-ilp\libcc3-ilp_lpc2106-cmucam3.a(cc3_color_track.o) (cc3_get_pixel)
../../lib/jpeg-6b\libjpeg-6b_lpc2106-cmucam3.a(jcapimin.o)
                              ../../lib/cc3-ilp\libcc3-ilp_lpc2106-cmucam3.a(cc3_jpg.o) (jpeg_CreateCompress)
../../lib/jpeg-6b\libjpeg-6b_lpc2106-cmucam3.a(jcapistd.o)
                              ../../lib/cc3-ilp\libcc3-ilp_lpc2106-cmucam3.a(cc3_jpg.o) (jpeg_start_compress)
../../lib/jpeg-6b\libjpeg-6b_lpc2106-cmucam3.a(jcinit.o)
                              ../../lib/jpeg-6b\libjpeg-6b_lpc2106-cmucam3.a(jcapistd.o) (jinit_compress_master)
../../lib/jpeg-6b\libjpeg-6b_lpc2106-cmucam3.a(jcmainct.o)
                              ../../lib/jpeg-6b\libjpeg-6b_lpc2106-cmucam3.a(jcinit.o) (jinit_c_main_controller)
../../lib/jpeg-6b\libjpeg-6b_lpc2106-cmucam3.a(jcmarker.o)
                              ../../lib/jpeg-6b\libjpeg-6b_lpc2106-cmucam3.a(jcapimin.o) (jinit_marker_writer)
../../lib/jpeg-6b\libjpeg-6b_lpc2106-cmucam3.a(jcmaster.o)
                              ../../lib/jpeg-6b\libjpeg-6b_lpc2106-cmucam3.a(jcinit.o) (jinit_c_master_control)
../../lib/jpeg-6b\libjpeg-6b_lpc2106-cmucam3.a(jcomapi.o)
                              ../../lib/jpeg-6b\libjpeg-6b_lpc2106-cmucam3.a(jcapimin.o) (jpeg_abort)
../../lib/jpeg-6b\libjpeg-6b_lpc2106-cmucam3.a(jcparam.o)
                              ../../lib/cc3-ilp\libcc3-ilp_lpc2106-cmucam3.a(cc3_jpg.o) (jpeg_set_quality)
../../lib/jpeg-6b\libjpeg-6b_lpc2106-cmucam3.a(jcprepct.o)
                              ../../lib/jpeg-6b\libjpeg-6b_lpc2106-cmucam3.a(jcinit.o) (jinit_c_prep_controller)
../../lib/jpeg-6b\libjpeg-6b_lpc2106-cmucam3.a(jcsample.o)
                              ../../lib/jpeg-6b\libjpeg-6b_lpc2106-cmucam3.a(jcinit.o) (jinit_downsampler)
../../lib/jpeg-6b\libjpeg-6b_lpc2106-cmucam3.a(jdatadst.o)
                              ../../lib/cc3-ilp\libcc3-ilp_lpc2106-cmucam3.a(cc3_jpg.o) (jpeg_stdio_dest)
../../lib/jpeg-6b\libjpeg-6b_lpc2106-cmucam3.a(jerror.o)
                              ../../lib/cc3-ilp\libcc3-ilp_lpc2106-cmucam3.a(cc3_jpg.o) (jpeg_std_error)
../../lib/jpeg-6b\libjpeg-6b_lpc2106-cmucam3.a(jutils.o)
                              ../../lib/jpeg-6b\libjpeg-6b_lpc2106-cmucam3.a(jcmaster.o) (jdiv_round_up)
../../lib/jpeg-6b\libjpeg-6b_lpc2106-cmucam3.a(jmemmgr.o)
                              ../../lib/jpeg-6b\libjpeg-6b_lpc2106-cmucam3.a(jcapimin.o) (jinit_memory_mgr)
../../lib/jpeg-6b\libjpeg-6b_lpc2106-cmucam3.a(jmemnobs.o)
                              ../../lib/jpeg-6b\libjpeg-6b_lpc2106-cmucam3.a(jmemmgr.o) (jpeg_get_small)
../../lib/jpeg-6b\libjpeg-6b_lpc2106-cmucam3.a(jccoefct.o)
                              ../../lib/jpeg-6b\libjpeg-6b_lpc2106-cmucam3.a(jcinit.o) (jinit_c_coef_controller)
../../lib/jpeg-6b\libjpeg-6b_lpc2106-cmucam3.a(jccolor.o)
                              ../../lib/jpeg-6b\libjpeg-6b_lpc2106-cmucam3.a(jcinit.o) (jinit_color_converter)
../../lib/jpeg-6b\libjpeg-6b_lpc2106-cmucam3.a(jcdctmgr.o)
                              ../../lib/jpeg-6b\libjpeg-6b_lpc2106-cmucam3.a(jcinit.o) (jinit_forward_dct)
../../lib/jpeg-6b\libjpeg-6b_lpc2106-cmucam3.a(jchuff.o)
                              ../../lib/jpeg-6b\libjpeg-6b_lpc2106-cmucam3.a(jcinit.o) (jinit_huff_encoder)
../../lib/jpeg-6b\libjpeg-6b_lpc2106-cmucam3.a(jfdctint.o)
                              ../../lib/jpeg-6b\libjpeg-6b_lpc2106-cmucam3.a(jcdctmgr.o) (jpeg_fdct_islow)
../../hal/lpc2106-cmucam3\libhal-lpc2106-cmucam3.a(interrupt.o)
                              (--whole-archive)
../../hal/lpc2106-cmucam3\libhal-lpc2106-cmucam3.a(cc3.o)
                              (--whole-archive)
../../hal/lpc2106-cmucam3\libhal-lpc2106-cmucam3.a(cc3_hal.o)
                              (--whole-archive)
../../hal/lpc2106-cmucam3\libhal-lpc2106-cmucam3.a(syscalls.o)
                              (--whole-archive)
[...]
Memory Configuration

Name             Origin             Length             Attributes
ROM              0x00000000         0x0001e000         xr
RAM              0x40000000         0x00010000         rw
*default*        0x00000000         0xffffffff

Linker script and memory map

LOAD c:/sourcery_codebench_lite_for_arm_eabi/bin/../lib/gcc/arm-none-eabi/4.8.1/crti.o
LOAD c:/sourcery_codebench_lite_for_arm_eabi/bin/../lib/gcc/arm-none-eabi/4.8.1/crtbegin.o
LOAD lpc2106-cmucam3_buildfiles/cmucam2.o
LOAD ../../lib/cc3-ilp\libcc3-ilp_lpc2106-cmucam3.a
LOAD ../../lib/jpeg-6b\libjpeg-6b_lpc2106-cmucam3.a
LOAD ../../hal/lpc2106-cmucam3\libhal-lpc2106-cmucam3.a
LOAD c:/sourcery_codebench_lite_for_arm_eabi/bin/../lib/gcc/arm-none-eabi/4.8.1/../../../../arm-none-eabi/lib\libm.a
START GROUP
LOAD c:/sourcery_codebench_lite_for_arm_eabi/bin/../lib/gcc/arm-none-eabi/4.8.1\libgcc.a
LOAD c:/sourcery_codebench_lite_for_arm_eabi/bin/../lib/gcc/arm-none-eabi/4.8.1/../../../../arm-none-eabi/lib\libc.a
END GROUP
LOAD c:/sourcery_codebench_lite_for_arm_eabi/bin/../lib/gcc/arm-none-eabi/4.8.1/crtend.o
LOAD c:/sourcery_codebench_lite_for_arm_eabi/bin/../lib/gcc/arm-none-eabi/4.8.1/crtn.o
                0x00002400                STACK_SIZE = 0x2400

.text           0x00000000    0x15838
 *(.boot)
 .boot          0x00000000      0x140 ../../hal/lpc2106-cmucam3\libhal-lpc2106-cmucam3.a(startup.o)
                0x00000000                _boot
                0x0000006c                _start
                0x0000006c                start
                0x0000006c                _mainCRTStartup
 *(.text .text.* .gnu.linkonce.t.*)
 .text          0x00000140      0x128 c:/sourcery_codebench_lite_for_arm_eabi/bin/../lib/gcc/arm-none-eabi/4.8.1/crtbegin.o
 .text.raw_print
                0x00000268      0x10c lpc2106-cmucam3_buildfiles/cmucam2.o
 .text.cmucam2_write_t_packet
                0x00000374      0x2a0 lpc2106-cmucam3_buildfiles/cmucam2.o
 .text.cmucam2_get_mean.isra.2
                0x00000614      0x3a0 lpc2106-cmucam3_buildfiles/cmucam2.o
 .text.cmucam2_track_color.constprop.5
                0x000009b4      0xbf8 lpc2106-cmucam3_buildfiles/cmucam2.o
 .text.startup.main
                0x000015ac     0x2318 lpc2106-cmucam3_buildfiles/cmucam2.o
                0x000015ac                main
 .text.cc3_track_color_scanline_start
                0x000038c4       0x6c ../../lib/cc3-ilp\libcc3-ilp_lpc2106-cmucam3.a(cc3_color_track.o)
                0x000038c4                cc3_track_color_scanline_start
 .text.cc3_track_color_scanline
                0x00003930      0x204 ../../lib/cc3-ilp\libcc3-ilp_lpc2106-cmucam3.a(cc3_color_track.o)
                0x00003930                cc3_track_color_scanline
 .text.cc3_track_color_scanline_finish
                0x00003b34       0x90 ../../lib/cc3-ilp\libcc3-ilp_lpc2106-cmucam3.a(cc3_color_track.o)
                0x00003b34                cc3_track_color_scanline_finish
 .text.cc3_color_info_scanline_start
                0x00003bc4       0x60 ../../lib/cc3-ilp\libcc3-ilp_lpc2106-cmucam3.a(cc3_color_info.o)
                0x00003bc4                cc3_color_info_scanline_start
 .text.cc3_color_info_scanline
                0x00003c24      0x14c ../../lib/cc3-ilp\libcc3-ilp_lpc2106-cmucam3.a(cc3_color_info.o)
                0x00003c24                cc3_color_info_scanline
 .text.cc3_color_info_scanline_finish
                0x00003d70       0x64 ../../lib/cc3-ilp\libcc3-ilp_lpc2106-cmucam3.a(cc3_color_info.o)
                0x00003d70                cc3_color_info_scanline_finish
 .text.cc3_jpeg_send_simple
                0x00003dd4      0x11c ../../lib/cc3-ilp\libcc3-ilp_lpc2106-cmucam3.a(cc3_jpg.o)
                0x00003dd4                cc3_jpeg_send_simple
 .text.cc3_histogram_scanline_start
                0x00003ef0       0x94 ../../lib/cc3-ilp\libcc3-ilp_lpc2106-cmucam3.a(cc3_histogram.o)
                0x00003ef0                cc3_histogram_scanline_start
 .text.cc3_histogram_scanline
                0x00003f84       0xe0 ../../lib/cc3-ilp\libcc3-ilp_lpc2106-cmucam3.a(cc3_histogram.o)
                0x00003f84                cc3_histogram_scanline
 .text.cc3_histogram_scanline_finish
                0x00004064        0x8 ../../lib/cc3-ilp\libcc3-ilp_lpc2106-cmucam3.a(cc3_histogram.o)
                0x00004064                cc3_histogram_scanline_finish
 .text.cc3_frame_diff_scanline_start
                0x0000406c       0xf0 ../../lib/cc3-ilp\libcc3-ilp_lpc2106-cmucam3.a(cc3_frame_diff.o)
                0x0000406c                cc3_frame_diff_scanline_start
 .text.cc3_frame_diff_scanline
                0x0000415c      0x108 ../../lib/cc3-ilp\libcc3-ilp_lpc2106-cmucam3.a(cc3_frame_diff.o)
                0x0000415c                cc3_frame_diff_scanline
 .text.cc3_frame_diff_scanline_finish
                0x00004264      0x204 ../../lib/cc3-ilp\libcc3-ilp_lpc2106-cmucam3.a(cc3_frame_diff.o)
                0x00004264                cc3_frame_diff_scanline_finish
 .text.cc3_rgb2hsv_row
                0x00004468      0x168 ../../lib/cc3-ilp\libcc3-ilp_lpc2106-cmucam3.a(cc3_hsv.o)
                0x00004468                cc3_rgb2hsv_row
 .text.cc3_get_pixel
                0x000045d0       0x7c ../../lib/cc3-ilp\libcc3-ilp_lpc2106-cmucam3.a(cc3_ilp.o)
                0x000045d0                cc3_get_pixel
 .text.jpeg_CreateCompress
                0x0000464c      0x114 ../../lib/jpeg-6b\libjpeg-6b_lpc2106-cmucam3.a(jcapimin.o)
                0x0000464c                jpeg_CreateCompress
 .text.jpeg_destroy_compress
                0x00004760       0x10 ../../lib/jpeg-6b\libjpeg-6b_lpc2106-cmucam3.a(jcapimin.o)
                0x00004760                jpeg_destroy_compress
 .text.jpeg_suppress_tables
                0x00004770       0x4c ../../lib/jpeg-6b\libjpeg-6b_lpc2106-cmucam3.a(jcapimin.o)
                0x00004770                jpeg_suppress_tables
 .text.jpeg_finish_compress
                0x000047bc      0x18c ../../lib/jpeg-6b\libjpeg-6b_lpc2106-cmucam3.a(jcapimin.o)
                0x000047bc                jpeg_finish_compress
 .text.jpeg_start_compress
                0x00004948       0xb8 ../../lib/jpeg-6b\libjpeg-6b_lpc2106-cmucam3.a(jcapistd.o)
                0x00004948                jpeg_start_compress
 .text.jpeg_write_scanlines
                0x00004a00      0x114 ../../lib/jpeg-6b\libjpeg-6b_lpc2106-cmucam3.a(jcapistd.o)
                0x00004a00                jpeg_write_scanlines
 .text.jinit_compress_master
                0x00004b14      0x10c ../../lib/jpeg-6b\libjpeg-6b_lpc2106-cmucam3.a(jcinit.o)
                0x00004b14                jinit_compress_master
 .text.process_data_simple_main
                0x00004c20      0x114 ../../lib/jpeg-6b\libjpeg-6b_lpc2106-cmucam3.a(jcmainct.o)
 .text.start_pass_main
                0x00004d34       0x60 ../../lib/jpeg-6b\libjpeg-6b_lpc2106-cmucam3.a(jcmainct.o)
 .text.jinit_c_main_controller
                0x00004d94       0xcc ../../lib/jpeg-6b\libjpeg-6b_lpc2106-cmucam3.a(jcmainct.o)
                0x00004d94                jinit_c_main_controller
 .text.emit_byte
                0x00004e60       0x70 ../../lib/jpeg-6b\libjpeg-6b_lpc2106-cmucam3.a(jcmarker.o)
 .text.emit_2bytes
                0x00004ed0       0x28 ../../lib/jpeg-6b\libjpeg-6b_lpc2106-cmucam3.a(jcmarker.o)
 .text.emit_dqt
                0x00004ef8      0x10c ../../lib/jpeg-6b\libjpeg-6b_lpc2106-cmucam3.a(jcmarker.o)
 .text.emit_dht
                0x00005004      0x104 ../../lib/jpeg-6b\libjpeg-6b_lpc2106-cmucam3.a(jcmarker.o)
 .text.emit_sof
                0x00005108      0x110 ../../lib/jpeg-6b\libjpeg-6b_lpc2106-cmucam3.a(jcmarker.o)
 .text.write_frame_header
                0x00005218      0x154 ../../lib/jpeg-6b\libjpeg-6b_lpc2106-cmucam3.a(jcmarker.o)
 .text.write_scan_header
                0x0000536c      0x1e4 ../../lib/jpeg-6b\libjpeg-6b_lpc2106-cmucam3.a(jcmarker.o)
 .text.write_marker_header
                0x00005550       0x60 ../../lib/jpeg-6b\libjpeg-6b_lpc2106-cmucam3.a(jcmarker.o)
 .text.write_marker_byte
                0x000055b0        0x4 ../../lib/jpeg-6b\libjpeg-6b_lpc2106-cmucam3.a(jcmarker.o)
 .text.write_file_header
                0x000055b4      0x1c8 ../../lib/jpeg-6b\libjpeg-6b_lpc2106-cmucam3.a(jcmarker.o)
 .text.write_file_trailer
                0x0000577c       0x20 ../../lib/jpeg-6b\libjpeg-6b_lpc2106-cmucam3.a(jcmarker.o)
 .text.write_tables_only
                0x0000579c       0xb4 ../../lib/jpeg-6b\libjpeg-6b_lpc2106-cmucam3.a(jcmarker.o)
 .text.jinit_marker_writer
                0x00005850       0x88 ../../lib/jpeg-6b\libjpeg-6b_lpc2106-cmucam3.a(jcmarker.o)
                0x00005850                jinit_marker_writer
 .text.select_scan_parameters
                0x000058d8       0x94 ../../lib/jpeg-6b\libjpeg-6b_lpc2106-cmucam3.a(jcmaster.o)
 .text.pass_startup
                0x0000596c       0x40 ../../lib/jpeg-6b\libjpeg-6b_lpc2106-cmucam3.a(jcmaster.o)
 .text.finish_pass_master
                0x000059ac       0x88 ../../lib/jpeg-6b\libjpeg-6b_lpc2106-cmucam3.a(jcmaster.o)
 .text.per_scan_setup
                0x00005a34      0x200 ../../lib/jpeg-6b\libjpeg-6b_lpc2106-cmucam3.a(jcmaster.o)
 .text.prepare_for_pass
                0x00005c34      0x1d8 ../../lib/jpeg-6b\libjpeg-6b_lpc2106-cmucam3.a(jcmaster.o)
 .text.jinit_c_master_control
                0x00005e0c      0x38c ../../lib/jpeg-6b\libjpeg-6b_lpc2106-cmucam3.a(jcmaster.o)
                0x00005e0c                jinit_c_master_control
 .text.jpeg_abort
                0x00006198       0x4c ../../lib/jpeg-6b\libjpeg-6b_lpc2106-cmucam3.a(jcomapi.o)
                0x00006198                jpeg_abort
 .text.jpeg_destroy
                0x000061e4       0x30 ../../lib/jpeg-6b\libjpeg-6b_lpc2106-cmucam3.a(jcomapi.o)
                0x000061e4                jpeg_destroy
 .text.jpeg_alloc_quant_table
                0x00006214       0x2c ../../lib/jpeg-6b\libjpeg-6b_lpc2106-cmucam3.a(jcomapi.o)
                0x00006214                jpeg_alloc_quant_table
 .text.jpeg_alloc_huff_table
                0x00006240       0x2c ../../lib/jpeg-6b\libjpeg-6b_lpc2106-cmucam3.a(jcomapi.o)
                0x00006240                jpeg_alloc_huff_table
 .text.add_huff_table
                0x0000626c       0xb0 ../../lib/jpeg-6b\libjpeg-6b_lpc2106-cmucam3.a(jcparam.o)
 .text.jpeg_add_quant_table
                0x0000631c      0x138 ../../lib/jpeg-6b\libjpeg-6b_lpc2106-cmucam3.a(jcparam.o)
                0x0000631c                jpeg_add_quant_table
 .text.jpeg_set_linear_quality
                0x00006454       0x54 ../../lib/jpeg-6b\libjpeg-6b_lpc2106-cmucam3.a(jcparam.o)
                0x00006454                jpeg_set_linear_quality
 .text.jpeg_set_quality
                0x000064a8       0x7c ../../lib/jpeg-6b\libjpeg-6b_lpc2106-cmucam3.a(jcparam.o)
                0x000064a8                jpeg_set_quality
 .text.jpeg_set_colorspace
                0x00006524      0x350 ../../lib/jpeg-6b\libjpeg-6b_lpc2106-cmucam3.a(jcparam.o)
                0x00006524                jpeg_set_colorspace
 .text.jpeg_default_colorspace
                0x00006874       0x88 ../../lib/jpeg-6b\libjpeg-6b_lpc2106-cmucam3.a(jcparam.o)
                0x00006874                jpeg_default_colorspace
 .text.jpeg_set_defaults
                0x000068fc      0x17c ../../lib/jpeg-6b\libjpeg-6b_lpc2106-cmucam3.a(jcparam.o)
                0x000068fc                jpeg_set_defaults
 .text.start_pass_prep
                0x00006a78       0x40 ../../lib/jpeg-6b\libjpeg-6b_lpc2106-cmucam3.a(jcprepct.o)
 .text.pre_process_data
                0x00006ab8      0x28c ../../lib/jpeg-6b\libjpeg-6b_lpc2106-cmucam3.a(jcprepct.o)
 .text.jinit_c_prep_controller
                0x00006d44      0x108 ../../lib/jpeg-6b\libjpeg-6b_lpc2106-cmucam3.a(jcprepct.o)
                0x00006d44                jinit_c_prep_controller
 .text.start_pass_downsample
                0x00006e4c        0x4 ../../lib/jpeg-6b\libjpeg-6b_lpc2106-cmucam3.a(jcsample.o)
 .text.sep_downsample
                0x00006e50       0x7c ../../lib/jpeg-6b\libjpeg-6b_lpc2106-cmucam3.a(jcsample.o)
 .text.int_downsample
                0x00006ecc      0x1b4 ../../lib/jpeg-6b\libjpeg-6b_lpc2106-cmucam3.a(jcsample.o)
 .text.h2v1_downsample
                0x00007080       0xc4 ../../lib/jpeg-6b\libjpeg-6b_lpc2106-cmucam3.a(jcsample.o)
 .text.h2v2_downsample
                0x00007144       0xdc ../../lib/jpeg-6b\libjpeg-6b_lpc2106-cmucam3.a(jcsample.o)
 .text.fullsize_downsample
                0x00007220       0x90 ../../lib/jpeg-6b\libjpeg-6b_lpc2106-cmucam3.a(jcsample.o)
 .text.jinit_downsampler
                0x000072b0      0x15c ../../lib/jpeg-6b\libjpeg-6b_lpc2106-cmucam3.a(jcsample.o)
                0x000072b0                jinit_downsampler
 .text.init_destination
                0x0000740c       0x34 ../../lib/jpeg-6b\libjpeg-6b_lpc2106-cmucam3.a(jdatadst.o)
 .text.empty_output_buffer
                0x00007440       0x5c ../../lib/jpeg-6b\libjpeg-6b_lpc2106-cmucam3.a(jdatadst.o)
 .text.term_destination
                0x0000749c       0x90 ../../lib/jpeg-6b\libjpeg-6b_lpc2106-cmucam3.a(jdatadst.o)
 .text.jpeg_stdio_dest
                0x0000752c       0x6c ../../lib/jpeg-6b\libjpeg-6b_lpc2106-cmucam3.a(jdatadst.o)
                0x0000752c                jpeg_stdio_dest
 .text.emit_message
                0x00007598       0x78 ../../lib/jpeg-6b\libjpeg-6b_lpc2106-cmucam3.a(jerror.o)
 .text.reset_error_mgr
                0x00007610       0x14 ../../lib/jpeg-6b\libjpeg-6b_lpc2106-cmucam3.a(jerror.o)
 .text.format_message
                0x00007624      0x100 ../../lib/jpeg-6b\libjpeg-6b_lpc2106-cmucam3.a(jerror.o)
 .text.output_message
                0x00007724       0x48 ../../lib/jpeg-6b\libjpeg-6b_lpc2106-cmucam3.a(jerror.o)
 .text.error_exit
                0x0000776c       0x28 ../../lib/jpeg-6b\libjpeg-6b_lpc2106-cmucam3.a(jerror.o)
 .text.jpeg_std_error
                0x00007794       0x78 ../../lib/jpeg-6b\libjpeg-6b_lpc2106-cmucam3.a(jerror.o)
                0x00007794                jpeg_std_error
 .text.jdiv_round_up
                0x0000780c       0x18 ../../lib/jpeg-6b\libjpeg-6b_lpc2106-cmucam3.a(jutils.o)
                0x0000780c                jdiv_round_up
 .text.jcopy_sample_rows
                0x00007824       0x3c ../../lib/jpeg-6b\libjpeg-6b_lpc2106-cmucam3.a(jutils.o)
                0x00007824                jcopy_sample_rows
 .text.jzero_far
                0x00007860       0x18 ../../lib/jpeg-6b\libjpeg-6b_lpc2106-cmucam3.a(jutils.o)
                0x00007860                jzero_far
 .text.do_barray_io
                0x00007878      0x124 ../../lib/jpeg-6b\libjpeg-6b_lpc2106-cmucam3.a(jmemmgr.o)
 .text.alloc_small
                0x0000799c      0x1a4 ../../lib/jpeg-6b\libjpeg-6b_lpc2106-cmucam3.a(jmemmgr.o)
 .text.request_virt_barray
                0x00007b40       0x88 ../../lib/jpeg-6b\libjpeg-6b_lpc2106-cmucam3.a(jmemmgr.o)
 .text.request_virt_sarray
                0x00007bc8       0x88 ../../lib/jpeg-6b\libjpeg-6b_lpc2106-cmucam3.a(jmemmgr.o)
 .text.free_pool
                0x00007c50      0x198 ../../lib/jpeg-6b\libjpeg-6b_lpc2106-cmucam3.a(jmemmgr.o)
 .text.self_destruct
                0x00007de8       0x44 ../../lib/jpeg-6b\libjpeg-6b_lpc2106-cmucam3.a(jmemmgr.o)
 .text.access_virt_barray
                0x00007e2c      0x1f4 ../../lib/jpeg-6b\libjpeg-6b_lpc2106-cmucam3.a(jmemmgr.o)
 .text.alloc_large
                0x00008020       0xf8 ../../lib/jpeg-6b\libjpeg-6b_lpc2106-cmucam3.a(jmemmgr.o)
 .text.alloc_barray
                0x00008118       0xd0 ../../lib/jpeg-6b\libjpeg-6b_lpc2106-cmucam3.a(jmemmgr.o)
 .text.alloc_sarray
                0x000081e8       0xd0 ../../lib/jpeg-6b\libjpeg-6b_lpc2106-cmucam3.a(jmemmgr.o)
 .text.realize_virt_arrays
                0x000082b8      0x25c ../../lib/jpeg-6b\libjpeg-6b_lpc2106-cmucam3.a(jmemmgr.o)
 .text.access_virt_sarray
                0x00008514      0x3f8 ../../lib/jpeg-6b\libjpeg-6b_lpc2106-cmucam3.a(jmemmgr.o)
 .text.jinit_memory_mgr
                0x0000890c      0x120 ../../lib/jpeg-6b\libjpeg-6b_lpc2106-cmucam3.a(jmemmgr.o)
                0x0000890c                jinit_memory_mgr
 .text.jpeg_get_small
                0x00008a2c       0x14 ../../lib/jpeg-6b\libjpeg-6b_lpc2106-cmucam3.a(jmemnobs.o)
                0x00008a2c                jpeg_get_small
 .text.jpeg_free_small
                0x00008a40       0x14 ../../lib/jpeg-6b\libjpeg-6b_lpc2106-cmucam3.a(jmemnobs.o)
                0x00008a40                jpeg_free_small
 .text.jpeg_get_large
                0x00008a54       0x14 ../../lib/jpeg-6b\libjpeg-6b_lpc2106-cmucam3.a(jmemnobs.o)
                0x00008a54                jpeg_get_large
 .text.jpeg_free_large
                0x00008a68       0x14 ../../lib/jpeg-6b\libjpeg-6b_lpc2106-cmucam3.a(jmemnobs.o)
                0x00008a68                jpeg_free_large
 .text.jpeg_mem_available
                0x00008a7c        0x8 ../../lib/jpeg-6b\libjpeg-6b_lpc2106-cmucam3.a(jmemnobs.o)
                0x00008a7c                jpeg_mem_available
 .text.jpeg_open_backing_store
                0x00008a84       0x24 ../../lib/jpeg-6b\libjpeg-6b_lpc2106-cmucam3.a(jmemnobs.o)
                0x00008a84                jpeg_open_backing_store
 .text.jpeg_mem_init
                0x00008aa8        0x8 ../../lib/jpeg-6b\libjpeg-6b_lpc2106-cmucam3.a(jmemnobs.o)
                0x00008aa8                jpeg_mem_init
 .text.jpeg_mem_term
                0x00008ab0        0x4 ../../lib/jpeg-6b\libjpeg-6b_lpc2106-cmucam3.a(jmemnobs.o)
                0x00008ab0                jpeg_mem_term
 .text.start_iMCU_row
                0x00008ab4       0x4c ../../lib/jpeg-6b\libjpeg-6b_lpc2106-cmucam3.a(jccoefct.o)
 .text.compress_data
                0x00008b00      0x2c8 ../../lib/jpeg-6b\libjpeg-6b_lpc2106-cmucam3.a(jccoefct.o)
 .text.start_pass_coef
                0x00008dc8       0x84 ../../lib/jpeg-6b\libjpeg-6b_lpc2106-cmucam3.a(jccoefct.o)
 .text.jinit_c_coef_controller
                0x00008e4c       0xb0 ../../lib/jpeg-6b\libjpeg-6b_lpc2106-cmucam3.a(jccoefct.o)
                0x00008e4c                jinit_c_coef_controller
 .text.rgb_ycc_start
                0x00008efc      0x12c ../../lib/jpeg-6b\libjpeg-6b_lpc2106-cmucam3.a(jccolor.o)
 .text.rgb_ycc_convert
                0x00009028      0x11c ../../lib/jpeg-6b\libjpeg-6b_lpc2106-cmucam3.a(jccolor.o)
 .text.rgb_gray_convert
                0x00009144       0x8c ../../lib/jpeg-6b\libjpeg-6b_lpc2106-cmucam3.a(jccolor.o)
 .text.cmyk_ycck_convert
                0x000091d0      0x144 ../../lib/jpeg-6b\libjpeg-6b_lpc2106-cmucam3.a(jccolor.o)
 .text.grayscale_convert
                0x00009314       0x5c ../../lib/jpeg-6b\libjpeg-6b_lpc2106-cmucam3.a(jccolor.o)
 .text.null_convert
                0x00009370       0x80 ../../lib/jpeg-6b\libjpeg-6b_lpc2106-cmucam3.a(jccolor.o)
 .text.null_method
                0x000093f0        0x4 ../../lib/jpeg-6b\libjpeg-6b_lpc2106-cmucam3.a(jccolor.o)
 .text.jinit_color_converter
                0x000093f4      0x2cc ../../lib/jpeg-6b\libjpeg-6b_lpc2106-cmucam3.a(jccolor.o)
                0x000093f4                jinit_color_converter
 .text.start_pass_fdctmgr
                0x000096c0      0x110 ../../lib/jpeg-6b\libjpeg-6b_lpc2106-cmucam3.a(jcdctmgr.o)
 .text.forward_DCT
                0x000097d0      0x178 ../../lib/jpeg-6b\libjpeg-6b_lpc2106-cmucam3.a(jcdctmgr.o)
 .text.jinit_forward_dct
                0x00009948       0x90 ../../lib/jpeg-6b\libjpeg-6b_lpc2106-cmucam3.a(jcdctmgr.o)
                0x00009948                jinit_forward_dct
 .text.finish_pass_huff
                0x000099d8      0x168 ../../lib/jpeg-6b\libjpeg-6b_lpc2106-cmucam3.a(jchuff.o)
 .text.encode_mcu_huff
                0x00009b40      0x9fc ../../lib/jpeg-6b\libjpeg-6b_lpc2106-cmucam3.a(jchuff.o)
 .text.jpeg_make_c_derived_tbl
                0x0000a53c      0x2e0 ../../lib/jpeg-6b\libjpeg-6b_lpc2106-cmucam3.a(jchuff.o)
                0x0000a53c                jpeg_make_c_derived_tbl
 .text.start_pass_huff
                0x0000a81c       0xe0 ../../lib/jpeg-6b\libjpeg-6b_lpc2106-cmucam3.a(jchuff.o)
 .text.jinit_huff_encoder
                0x0000a8fc       0x5c ../../lib/jpeg-6b\libjpeg-6b_lpc2106-cmucam3.a(jchuff.o)
                0x0000a8fc                jinit_huff_encoder
 .text.jpeg_fdct_islow
                0x0000a958      0x4bc ../../lib/jpeg-6b\libjpeg-6b_lpc2106-cmucam3.a(jfdctint.o)
                0x0000a958                jpeg_fdct_islow
 .text.panic_blink
                0x0000ae14       0x6c ../../hal/lpc2106-cmucam3\libhal-lpc2106-cmucam3.a(interrupt.o)
 .text.enable_ext_interrupt
                0x0000ae80       0x20 ../../hal/lpc2106-cmucam3\libhal-lpc2106-cmucam3.a(interrupt.o)
                0x0000ae80                enable_ext_interrupt
 .text.enable_servo_interrupt
                0x0000aea0       0x10 ../../hal/lpc2106-cmucam3\libhal-lpc2106-cmucam3.a(interrupt.o)
                0x0000aea0                enable_servo_interrupt
 .text.disable_servo_interrupt
                0x0000aeb0       0x10 ../../hal/lpc2106-cmucam3\libhal-lpc2106-cmucam3.a(interrupt.o)
                0x0000aeb0                disable_servo_interrupt
 .text.enable_button_interrupt
                0x0000aec0       0x28 ../../hal/lpc2106-cmucam3\libhal-lpc2106-cmucam3.a(interrupt.o)
                0x0000aec0                enable_button_interrupt
 .text.interrupt
                0x0000aee8       0xc4 ../../hal/lpc2106-cmucam3\libhal-lpc2106-cmucam3.a(interrupt.o)
                0x0000aee8                interrupt
 .text.swi      0x0000afac       0x18 ../../hal/lpc2106-cmucam3\libhal-lpc2106-cmucam3.a(interrupt.o)
                0x0000afac                swi
 .text.undefined
                0x0000afc4        0xc ../../hal/lpc2106-cmucam3\libhal-lpc2106-cmucam3.a(interrupt.o)
                0x0000afc4                undefined
 .text.prefetch_abort
                0x0000afd0       0x24 ../../hal/lpc2106-cmucam3\libhal-lpc2106-cmucam3.a(interrupt.o)
                0x0000afd0                prefetch_abort
 .text.data_abort
                0x0000aff4       0x24 ../../hal/lpc2106-cmucam3\libhal-lpc2106-cmucam3.a(interrupt.o)
                0x0000aff4                data_abort
 .text.cc3_pixbuf_rewind
                0x0000b018       0x80 ../../hal/lpc2106-cmucam3\libhal-lpc2106-cmucam3.a(cc3.o)
                0x0000b018                cc3_pixbuf_rewind
 .text.cc3_pixbuf_load
                0x0000b098       0xa4 ../../hal/lpc2106-cmucam3\libhal-lpc2106-cmucam3.a(cc3.o)
                0x0000b098                cc3_pixbuf_load
 .text.cc3_led_set_state
                0x0000b13c       0x8c ../../hal/lpc2106-cmucam3\libhal-lpc2106-cmucam3.a(cc3.o)
                0x0000b13c                cc3_led_set_state
 .text.cc3_malloc_rows
                0x0000b1c8       0x28 ../../hal/lpc2106-cmucam3\libhal-lpc2106-cmucam3.a(cc3.o)
                0x0000b1c8                cc3_malloc_rows
 .text.cc3_pixbuf_read_rows
                0x0000b1f0      0x630 ../../hal/lpc2106-cmucam3\libhal-lpc2106-cmucam3.a(cc3.o)
                0x0000b1f0                cc3_pixbuf_read_rows
 .text.cc3_timer_wait_ms
                0x0000b820       0x20 ../../hal/lpc2106-cmucam3\libhal-lpc2106-cmucam3.a(cc3.o)
                0x0000b820                cc3_timer_wait_ms
 .text.cc3_timer_get_current_ms
                0x0000b840       0x10 ../../hal/lpc2106-cmucam3\libhal-lpc2106-cmucam3.a(cc3.o)
                0x0000b840                cc3_timer_get_current_ms
 .text.cc3_pixbuf_frame_set_roi
                0x0000b850       0xec ../../hal/lpc2106-cmucam3\libhal-lpc2106-cmucam3.a(cc3.o)
                0x0000b850                cc3_pixbuf_frame_set_roi
 .text.cc3_pixbuf_frame_set_subsample
                0x0000b93c       0x94 ../../hal/lpc2106-cmucam3\libhal-lpc2106-cmucam3.a(cc3.o)
                0x0000b93c                cc3_pixbuf_frame_set_subsample
 .text.cc3_pixbuf_frame_set_coi
                0x0000b9d0       0x34 ../../hal/lpc2106-cmucam3\libhal-lpc2106-cmucam3.a(cc3.o)
                0x0000b9d0                cc3_pixbuf_frame_set_coi
 .text.cc3_pixbuf_frame_reset
                0x0000ba04       0x58 ../../hal/lpc2106-cmucam3\libhal-lpc2106-cmucam3.a(cc3.o)
                0x0000ba04                cc3_pixbuf_frame_reset
 .text.cc3_camera_set_raw_register
                0x0000ba5c      0x180 ../../hal/lpc2106-cmucam3\libhal-lpc2106-cmucam3.a(cc3.o)
                0x0000ba5c                cc3_camera_set_raw_register
 .text._cc3_set_register_state
                0x0000bbdc      0x148 ../../hal/lpc2106-cmucam3\libhal-lpc2106-cmucam3.a(cc3.o)
 .text.cc3_camera_init
                0x0000bd24       0x88 ../../hal/lpc2106-cmucam3\libhal-lpc2106-cmucam3.a(cc3.o)
                0x0000bd24                cc3_camera_init
 .text.cc3_camera_set_resolution
                0x0000bdac       0x10 ../../hal/lpc2106-cmucam3\libhal-lpc2106-cmucam3.a(cc3.o)
                0x0000bdac                cc3_camera_set_resolution
 .text.cc3_camera_set_power_state
                0x0000bdbc       0x1c ../../hal/lpc2106-cmucam3\libhal-lpc2106-cmucam3.a(cc3.o)
                0x0000bdbc                cc3_camera_set_power_state
 .text.cc3_camera_set_auto_exposure
                0x0000bdd8       0x10 ../../hal/lpc2106-cmucam3\libhal-lpc2106-cmucam3.a(cc3.o)
                0x0000bdd8                cc3_camera_set_auto_exposure
 .text.cc3_camera_set_auto_white_balance
                0x0000bde8       0x10 ../../hal/lpc2106-cmucam3\libhal-lpc2106-cmucam3.a(cc3.o)
                0x0000bde8                cc3_camera_set_auto_white_balance
 .text.cc3_button_get_state
                0x0000bdf8       0x30 ../../hal/lpc2106-cmucam3\libhal-lpc2106-cmucam3.a(cc3.o)
                0x0000bdf8                cc3_button_get_state
 .text.cc3_button_get_and_reset_trigger
                0x0000be28       0x2c ../../hal/lpc2106-cmucam3\libhal-lpc2106-cmucam3.a(cc3.o)
                0x0000be28                cc3_button_get_and_reset_trigger
 .text._cc3_system_setup
                0x0000be54       0xa8 ../../hal/lpc2106-cmucam3\libhal-lpc2106-cmucam3.a(cc3_hal.o)
                0x0000be54                _cc3_system_setup
 .text._cc3_delay_us_4
                0x0000befc       0x60 ../../hal/lpc2106-cmucam3\libhal-lpc2106-cmucam3.a(cc3_hal.o)
                0x0000befc                _cc3_delay_us_4
 .text._cc3_camera_reset
                0x0000bf5c       0x38 ../../hal/lpc2106-cmucam3\libhal-lpc2106-cmucam3.a(cc3_hal.o)
                0x0000bf5c                _cc3_camera_reset
 .text._cc3_fifo_reset
                0x0000bf94       0x60 ../../hal/lpc2106-cmucam3\libhal-lpc2106-cmucam3.a(cc3_hal.o)
                0x0000bf94                _cc3_fifo_reset
 .text._cc3_delay_sccb
                0x0000bff4       0x38 ../../hal/lpc2106-cmucam3\libhal-lpc2106-cmucam3.a(cc3_hal.o)
                0x0000bff4                _cc3_delay_sccb
 .text._cc3_pixbuf_write_rewind
                0x0000c02c       0x30 ../../hal/lpc2106-cmucam3\libhal-lpc2106-cmucam3.a(cc3_hal.o)
                0x0000c02c                _cc3_pixbuf_write_rewind
 .text._write   0x0000c05c       0x58 ../../hal/lpc2106-cmucam3\libhal-lpc2106-cmucam3.a(syscalls.o)
                0x0000c05c                _write
 .text._read    0x0000c0b4       0x58 ../../hal/lpc2106-cmucam3\libhal-lpc2106-cmucam3.a(syscalls.o)
                0x0000c0b4                _read
 .text._exit    0x0000c10c        0x4 ../../hal/lpc2106-cmucam3\libhal-lpc2106-cmucam3.a(syscalls.o)
                0x0000c10c                _exit
 .text._close   0x0000c110       0x48 ../../hal/lpc2106-cmucam3\libhal-lpc2106-cmucam3.a(syscalls.o)
                0x0000c110                _close
 .text._lseek   0x0000c158       0x58 ../../hal/lpc2106-cmucam3\libhal-lpc2106-cmucam3.a(syscalls.o)
                0x0000c158                _lseek
 .text._fstat   0x0000c1b0       0x50 ../../hal/lpc2106-cmucam3\libhal-lpc2106-cmucam3.a(syscalls.o)
                0x0000c1b0                _fstat
 .text._isatty  0x0000c200       0x2c ../../hal/lpc2106-cmucam3\libhal-lpc2106-cmucam3.a(syscalls.o)
                0x0000c200                _isatty
 .text._sbrk    0x0000c22c       0x50 ../../hal/lpc2106-cmucam3\libhal-lpc2106-cmucam3.a(syscalls.o)
                0x0000c22c                _sbrk
 .text.cc3_uart_get_count
                0x0000c27c        0x8 ../../hal/lpc2106-cmucam3\libhal-lpc2106-cmucam3.a(serial.o)
                0x0000c27c                cc3_uart_get_count
 .text.cc3_uart_init
                0x0000c284      0x180 ../../hal/lpc2106-cmucam3\libhal-lpc2106-cmucam3.a(serial.o)
                0x0000c284                cc3_uart_init
 .text.cc3_uart_has_data
                0x0000c404       0x48 ../../hal/lpc2106-cmucam3\libhal-lpc2106-cmucam3.a(serial.o)
                0x0000c404                cc3_uart_has_data
 .text.uart0_putc
                0x0000c44c       0x20 ../../hal/lpc2106-cmucam3\libhal-lpc2106-cmucam3.a(serial.o)
                0x0000c44c                uart0_putc
 .text.uart1_putc
                0x0000c46c       0x20 ../../hal/lpc2106-cmucam3\libhal-lpc2106-cmucam3.a(serial.o)
                0x0000c46c                uart1_putc
 .text.uart0_getc
                0x0000c48c       0x20 ../../hal/lpc2106-cmucam3\libhal-lpc2106-cmucam3.a(serial.o)
                0x0000c48c                uart0_getc
 .text.uart1_getc
                0x0000c4ac       0x20 ../../hal/lpc2106-cmucam3\libhal-lpc2106-cmucam3.a(serial.o)
                0x0000c4ac                uart1_getc
 .text.uart0_write
                0x0000c4cc       0x38 ../../hal/lpc2106-cmucam3\libhal-lpc2106-cmucam3.a(serial.o)
                0x0000c4cc                uart0_write
 .text.uart0_write_hex
                0x0000c504       0xcc ../../hal/lpc2106-cmucam3\libhal-lpc2106-cmucam3.a(serial.o)
                0x0000c504                uart0_write_hex
 .text.cc3_gpio_set_servo_position
                0x0000c5d0       0x20 ../../hal/lpc2106-cmucam3\libhal-lpc2106-cmucam3.a(servo.o)
                0x0000c5d0                cc3_gpio_set_servo_position
 .text.cc3_gpio_get_servo_position
                0x0000c5f0       0x18 ../../hal/lpc2106-cmucam3\libhal-lpc2106-cmucam3.a(servo.o)
                0x0000c5f0                cc3_gpio_get_servo_position
 .text._cc3_servo_enable
                0x0000c608       0xd8 ../../hal/lpc2106-cmucam3\libhal-lpc2106-cmucam3.a(servo.o)
                0x0000c608                _cc3_servo_enable
 .text._cc3_servo_int
                0x0000c6e0      0x12c ../../hal/lpc2106-cmucam3\libhal-lpc2106-cmucam3.a(servo.o)
                0x0000c6e0                _cc3_servo_int
 .text.cc3_gpio_set_mode
                0x0000c80c       0x78 ../../hal/lpc2106-cmucam3\libhal-lpc2106-cmucam3.a(gpio.o)
                0x0000c80c                cc3_gpio_set_mode
 .text.cc3_gpio_set_value
                0x0000c884       0x2c ../../hal/lpc2106-cmucam3\libhal-lpc2106-cmucam3.a(gpio.o)
                0x0000c884                cc3_gpio_set_value
 .text.cc3_gpio_get_value
                0x0000c8b0       0x38 ../../hal/lpc2106-cmucam3\libhal-lpc2106-cmucam3.a(gpio.o)
                0x0000c8b0                cc3_gpio_get_value
 .text._cc3_get_internal_file_number
                0x0000c8e8        0x8 ../../hal/lpc2106-cmucam3\libhal-lpc2106-cmucam3.a(devices.o)
                0x0000c8e8                _cc3_get_internal_file_number
 .text._cc3_get_driver_for_file_number
                0x0000c8f0       0x20 ../../hal/lpc2106-cmucam3\libhal-lpc2106-cmucam3.a(devices.o)
                0x0000c8f0                _cc3_get_driver_for_file_number
 .text.uart_close
                0x0000c910        0x8 ../../hal/lpc2106-cmucam3\libhal-lpc2106-cmucam3.a(uart_driver.o)
 .text.uart_read
                0x0000c918       0xf0 ../../hal/lpc2106-cmucam3\libhal-lpc2106-cmucam3.a(uart_driver.o)
 .text.uart_write
                0x0000ca08      0x104 ../../hal/lpc2106-cmucam3\libhal-lpc2106-cmucam3.a(uart_driver.o)
 .text.uart_lseek
                0x0000cb0c       0x18 ../../hal/lpc2106-cmucam3\libhal-lpc2106-cmucam3.a(uart_driver.o)
 .text.uart_fstat
                0x0000cb24       0x10 ../../hal/lpc2106-cmucam3\libhal-lpc2106-cmucam3.a(uart_driver.o)
 .text.uart_unlink
                0x0000cb34       0x18 ../../hal/lpc2106-cmucam3\libhal-lpc2106-cmucam3.a(uart_driver.o)
 .text.uart_rename
                0x0000cb4c       0x18 ../../hal/lpc2106-cmucam3\libhal-lpc2106-cmucam3.a(uart_driver.o)
 .text.process_uart_filename
                0x0000cb64       0x74 ../../hal/lpc2106-cmucam3\libhal-lpc2106-cmucam3.a(uart_driver.o)
 .text.uart_open
                0x0000cbd8       0x40 ../../hal/lpc2106-cmucam3\libhal-lpc2106-cmucam3.a(uart_driver.o)
 .text.uart_recognize
                0x0000cc18       0x18 ../../hal/lpc2106-cmucam3\libhal-lpc2106-cmucam3.a(uart_driver.o)
 .text          0x0000cc30      0x114 c:/sourcery_codebench_lite_for_arm_eabi/bin/../lib/gcc/arm-none-eabi/4.8.1\libgcc.a(_udivsi3.o)
                0x0000cc30                __aeabi_uidiv
                0x0000cc30                __udivsi3
                0x0000cd24                __aeabi_uidivmod
 .text          0x0000cd44      0x148 c:/sourcery_codebench_lite_for_arm_eabi/bin/../lib/gcc/arm-none-eabi/4.8.1\libgcc.a(_divsi3.o)
                0x0000cd44                __divsi3
                0x0000cd44                __aeabi_idiv
                0x0000ce6c                __aeabi_idivmod
 .text          0x0000ce8c        0x4 c:/sourcery_codebench_lite_for_arm_eabi/bin/../lib/gcc/arm-none-eabi/4.8.1\libgcc.a(_dvmd_tls.o)
                0x0000ce8c                __aeabi_idiv0
                0x0000ce8c                __aeabi_ldiv0
 .text          0x0000ce90       0x30 c:/sourcery_codebench_lite_for_arm_eabi/bin/../lib/gcc/arm-none-eabi/4.8.1/../../../../arm-none-eabi/lib\libc.a(lib_a-atoi.o)
                0x0000ce90                atoi
                0x0000cea8                _atoi_r
 .text          0x0000cec0       0x34 c:/sourcery_codebench_lite_for_arm_eabi/bin/../lib/gcc/arm-none-eabi/4.8.1/../../../../arm-none-eabi/lib\libc.a(lib_a-exit.o)
                0x0000cec0                exit
 .text          0x0000cef4      0x2d4 c:/sourcery_codebench_lite_for_arm_eabi/bin/../lib/gcc/arm-none-eabi/4.8.1/../../../../arm-none-eabi/lib\libc.a(lib_a-fflush.o)
                0x0000cef4                __sflush_r
                0x0000d138                _fflush_r
                0x0000d18c                fflush
 .text          0x0000d1c8      0x354 c:/sourcery_codebench_lite_for_arm_eabi/bin/../lib/gcc/arm-none-eabi/4.8.1/../../../../arm-none-eabi/lib\libc.a(lib_a-findfp.o)
                0x0000d1d8                _cleanup_r
                0x0000d1f0                __sfmoreglue
                0x0000d240                _cleanup
                0x0000d264                __sinit
                0x0000d3cc                __sfp
                0x0000d4c4                __sfp_lock_acquire
                0x0000d4c8                __sfp_lock_release
                0x0000d4cc                __sinit_lock_acquire
                0x0000d4d0                __sinit_lock_release
                0x0000d4d4                __fp_lock_all
                0x0000d4f8                __fp_unlock_all
 .text          0x0000d51c       0x70 c:/sourcery_codebench_lite_for_arm_eabi/bin/../lib/gcc/arm-none-eabi/4.8.1/../../../../arm-none-eabi/lib\libc.a(lib_a-fiprintf.o)
                0x0000d51c                _fiprintf_r
                0x0000d54c                fiprintf
 .text          0x0000d58c      0x36c c:/sourcery_codebench_lite_for_arm_eabi/bin/../lib/gcc/arm-none-eabi/4.8.1/../../../../arm-none-eabi/lib\libc.a(lib_a-freer.o)
                0x0000d58c                _malloc_trim_r
                0x0000d68c                _free_r
 .text          0x0000d8f8       0x40 c:/sourcery_codebench_lite_for_arm_eabi/bin/../lib/gcc/arm-none-eabi/4.8.1/../../../../arm-none-eabi/lib\libc.a(lib_a-fstatr.o)
                0x0000d8f8                _fstat_r
 .text          0x0000d938      0x110 c:/sourcery_codebench_lite_for_arm_eabi/bin/../lib/gcc/arm-none-eabi/4.8.1/../../../../arm-none-eabi/lib\libc.a(lib_a-fwalk.o)
                0x0000d938                _fwalk
                0x0000d9bc                _fwalk_reent
 .text          0x0000da48       0xdc c:/sourcery_codebench_lite_for_arm_eabi/bin/../lib/gcc/arm-none-eabi/4.8.1/../../../../arm-none-eabi/lib\libc.a(lib_a-fwrite.o)
                0x0000da48                _fwrite_r
                0x0000dae4                fwrite
 .text          0x0000db24       0x74 c:/sourcery_codebench_lite_for_arm_eabi/bin/../lib/gcc/arm-none-eabi/4.8.1/../../../../arm-none-eabi/lib\libc.a(lib_a-iprintf.o)
                0x0000db24                iprintf
                0x0000db64                _iprintf_r
 .text          0x0000db98      0x174 c:/sourcery_codebench_lite_for_arm_eabi/bin/../lib/gcc/arm-none-eabi/4.8.1/../../../../arm-none-eabi/lib\libc.a(lib_a-makebuf.o)
                0x0000db98                __smakebuf_r
 .text          0x0000dd0c       0x40 c:/sourcery_codebench_lite_for_arm_eabi/bin/../lib/gcc/arm-none-eabi/4.8.1/../../../../arm-none-eabi/lib\libc.a(lib_a-malloc.o)
                0x0000dd0c                malloc
                0x0000dd2c                free
 .text          0x0000dd4c      0x72c c:/sourcery_codebench_lite_for_arm_eabi/bin/../lib/gcc/arm-none-eabi/4.8.1/../../../../arm-none-eabi/lib\libc.a(lib_a-mallocr.o)
                0x0000dd4c                _malloc_r
 .text          0x0000e478       0xf0 c:/sourcery_codebench_lite_for_arm_eabi/bin/../lib/gcc/arm-none-eabi/4.8.1/../../../../arm-none-eabi/lib\libc.a(lib_a-memcpy-stub.o)
                0x0000e478                memcpy
 .text          0x0000e568       0xf4 c:/sourcery_codebench_lite_for_arm_eabi/bin/../lib/gcc/arm-none-eabi/4.8.1/../../../../arm-none-eabi/lib\libc.a(lib_a-memset.o)
                0x0000e568                memset
 .text          0x0000e65c        0x8 c:/sourcery_codebench_lite_for_arm_eabi/bin/../lib/gcc/arm-none-eabi/4.8.1/../../../../arm-none-eabi/lib\libc.a(lib_a-mlock.o)
                0x0000e65c                __malloc_lock
                0x0000e660                __malloc_unlock
 .text          0x0000e664      0x20c c:/sourcery_codebench_lite_for_arm_eabi/bin/../lib/gcc/arm-none-eabi/4.8.1/../../../../arm-none-eabi/lib\libc.a(lib_a-refill.o)
                0x0000e690                __srefill_r
 .text          0x0000e870       0x70 c:/sourcery_codebench_lite_for_arm_eabi/bin/../lib/gcc/arm-none-eabi/4.8.1/../../../../arm-none-eabi/lib\libc.a(lib_a-rget.o)
                0x0000e870                __srget_r
                0x0000e8cc                __srget
 .text          0x0000e8e0       0x44 c:/sourcery_codebench_lite_for_arm_eabi/bin/../lib/gcc/arm-none-eabi/4.8.1/../../../../arm-none-eabi/lib\libc.a(lib_a-sbrkr.o)
                0x0000e8e0                _sbrk_r
 .text          0x0000e924       0x20 c:/sourcery_codebench_lite_for_arm_eabi/bin/../lib/gcc/arm-none-eabi/4.8.1/../../../../arm-none-eabi/lib\libc.a(lib_a-setbuf.o)
                0x0000e924                setbuf
 .text          0x0000e944      0x174 c:/sourcery_codebench_lite_for_arm_eabi/bin/../lib/gcc/arm-none-eabi/4.8.1/../../../../arm-none-eabi/lib\libc.a(lib_a-setvbuf.o)
                0x0000e944                setvbuf
 .text          0x0000eab8       0xdc c:/sourcery_codebench_lite_for_arm_eabi/bin/../lib/gcc/arm-none-eabi/4.8.1/../../../../arm-none-eabi/lib\libc.a(lib_a-siprintf.o)
                0x0000eab8                _siprintf_r
                0x0000eb20                siprintf
 .text          0x0000eb94       0xd8 c:/sourcery_codebench_lite_for_arm_eabi/bin/../lib/gcc/arm-none-eabi/4.8.1/../../../../arm-none-eabi/lib\libc.a(lib_a-stdio.o)
                0x0000eb94                __sread
                0x0000ebc8                __seofread
                0x0000ebd0                __swrite
                0x0000ec28                __sseek
                0x0000ec58                __sclose
 .text          0x0000ec6c      0x230 c:/sourcery_codebench_lite_for_arm_eabi/bin/../lib/gcc/arm-none-eabi/4.8.1/../../../../arm-none-eabi/lib\libc.a(lib_a-strcmp.o)
                0x0000ec6c                strcmp
 .text          0x0000ee9c       0x60 c:/sourcery_codebench_lite_for_arm_eabi/bin/../lib/gcc/arm-none-eabi/4.8.1/../../../../arm-none-eabi/lib\libc.a(lib_a-strlen.o)
                0x0000ee9c                strlen
 .text          0x0000eefc       0x24 c:/sourcery_codebench_lite_for_arm_eabi/bin/../lib/gcc/arm-none-eabi/4.8.1/../../../../arm-none-eabi/lib\libc.a(lib_a-strtok.o)
                0x0000eefc                strtok
 .text          0x0000ef20       0xc8 c:/sourcery_codebench_lite_for_arm_eabi/bin/../lib/gcc/arm-none-eabi/4.8.1/../../../../arm-none-eabi/lib\libc.a(lib_a-strtok_r.o)
                0x0000ef20                __strtok_r
                0x0000efe0                strtok_r
 .text          0x0000efe8      0x1f8 c:/sourcery_codebench_lite_for_arm_eabi/bin/../lib/gcc/arm-none-eabi/4.8.1/../../../../arm-none-eabi/lib\libc.a(lib_a-strtol.o)
                0x0000efe8                _strtol_r
                0x0000f1b8                strtol
 .text          0x0000f1e0     0x128c c:/sourcery_codebench_lite_for_arm_eabi/bin/../lib/gcc/arm-none-eabi/4.8.1/../../../../arm-none-eabi/lib\libc.a(lib_a-svfiprintf.o)
                0x0000f1e0                __ssprint_r
                0x0000f38c                _svfiprintf_r
 .text          0x0001046c     0x1410 c:/sourcery_codebench_lite_for_arm_eabi/bin/../lib/gcc/arm-none-eabi/4.8.1/../../../../arm-none-eabi/lib\libc.a(lib_a-vfiprintf.o)
                0x00010518                __sprint_r
                0x00010530                _vfiprintf_r
                0x00011784                vfiprintf
 .text          0x0001187c      0x13c c:/sourcery_codebench_lite_for_arm_eabi/bin/../lib/gcc/arm-none-eabi/4.8.1/../../../../arm-none-eabi/lib\libc.a(lib_a-wbuf.o)
                0x0001187c                __swbuf_r
                0x000119a0                __swbuf
 .text          0x000119b8       0x44 c:/sourcery_codebench_lite_for_arm_eabi/bin/../lib/gcc/arm-none-eabi/4.8.1/../../../../arm-none-eabi/lib\libc.a(lib_a-writer.o)
                0x000119b8                _write_r
 .text          0x000119fc      0x15c c:/sourcery_codebench_lite_for_arm_eabi/bin/../lib/gcc/arm-none-eabi/4.8.1/../../../../arm-none-eabi/lib\libc.a(lib_a-wsetup.o)
                0x000119fc                __swsetup_r
 .text          0x00011b58      0x170 c:/sourcery_codebench_lite_for_arm_eabi/bin/../lib/gcc/arm-none-eabi/4.8.1/../../../../arm-none-eabi/lib\libc.a(lib_a-__call_atexit.o)
                0x00011b58                __call_exitprocs
 .text.startup  0x00011cc8       0x24 c:/sourcery_codebench_lite_for_arm_eabi/bin/../lib/gcc/arm-none-eabi/4.8.1/../../../../arm-none-eabi/lib\libc.a(lib_a-__call_atexit.o)
 .text          0x00011cec       0x20 c:/sourcery_codebench_lite_for_arm_eabi/bin/../lib/gcc/arm-none-eabi/4.8.1/../../../../arm-none-eabi/lib\libc.a(lib_a-atexit.o)
                0x00011cec                atexit
 .text          0x00011d0c       0x3c c:/sourcery_codebench_lite_for_arm_eabi/bin/../lib/gcc/arm-none-eabi/4.8.1/../../../../arm-none-eabi/lib\libc.a(lib_a-closer.o)
                0x00011d0c                _close_r
 .text          0x00011d48      0x104 c:/sourcery_codebench_lite_for_arm_eabi/bin/../lib/gcc/arm-none-eabi/4.8.1/../../../../arm-none-eabi/lib\libc.a(lib_a-fclose.o)
                0x00011d48                _fclose_r
                0x00011e38                fclose
 .text          0x00011e4c       0x48 c:/sourcery_codebench_lite_for_arm_eabi/bin/../lib/gcc/arm-none-eabi/4.8.1/../../../../arm-none-eabi/lib\libc.a(lib_a-fini.o)
                0x00011e4c                __libc_fini_array
 .text          0x00011e94      0x188 c:/sourcery_codebench_lite_for_arm_eabi/bin/../lib/gcc/arm-none-eabi/4.8.1/../../../../arm-none-eabi/lib\libc.a(lib_a-fputwc.o)
                0x00011e94                _fputwc_r
                0x00011fd8                fputwc
 .text          0x0001201c      0x4d0 c:/sourcery_codebench_lite_for_arm_eabi/bin/../lib/gcc/arm-none-eabi/4.8.1/../../../../arm-none-eabi/lib\libc.a(lib_a-fvwrite.o)
                0x0001201c                __sfvwrite_r
 .text          0x000124ec       0x3c c:/sourcery_codebench_lite_for_arm_eabi/bin/../lib/gcc/arm-none-eabi/4.8.1/../../../../arm-none-eabi/lib\libc.a(lib_a-isattyr.o)
                0x000124ec                _isatty_r
 .text          0x00012528       0xd0 c:/sourcery_codebench_lite_for_arm_eabi/bin/../lib/gcc/arm-none-eabi/4.8.1/../../../../arm-none-eabi/lib\libc.a(lib_a-locale.o)
                0x00012528                _setlocale_r
                0x00012598                __locale_charset
                0x000125a4                __locale_mb_cur_max
                0x000125b4                __locale_msgcharset
                0x000125c0                __locale_cjk_lang
                0x000125c8                _localeconv_r
                0x000125d4                setlocale
                0x000125ec                localeconv
 .text          0x000125f8       0x44 c:/sourcery_codebench_lite_for_arm_eabi/bin/../lib/gcc/arm-none-eabi/4.8.1/../../../../arm-none-eabi/lib\libc.a(lib_a-lseekr.o)
                0x000125f8                _lseek_r
 .text          0x0001263c      0x114 c:/sourcery_codebench_lite_for_arm_eabi/bin/../lib/gcc/arm-none-eabi/4.8.1/../../../../arm-none-eabi/lib\libc.a(lib_a-memchr-stub.o)
                0x0001263c                memchr
 .text          0x00012750      0x134 c:/sourcery_codebench_lite_for_arm_eabi/bin/../lib/gcc/arm-none-eabi/4.8.1/../../../../arm-none-eabi/lib\libc.a(lib_a-memmove.o)
                0x00012750                memmove
 .text          0x00012884       0x44 c:/sourcery_codebench_lite_for_arm_eabi/bin/../lib/gcc/arm-none-eabi/4.8.1/../../../../arm-none-eabi/lib\libc.a(lib_a-readr.o)
                0x00012884                _read_r
 .text          0x000128c8      0x56c c:/sourcery_codebench_lite_for_arm_eabi/bin/../lib/gcc/arm-none-eabi/4.8.1/../../../../arm-none-eabi/lib\libc.a(lib_a-reallocr.o)
                0x000128c8                _realloc_r
 .text          0x00012e34      0x128 c:/sourcery_codebench_lite_for_arm_eabi/bin/../lib/gcc/arm-none-eabi/4.8.1/../../../../arm-none-eabi/lib\libc.a(lib_a-wcrtomb.o)
                0x00012e34                _wcrtomb_r
                0x00012ec4                wcrtomb
 .text          0x00012f5c       0x7c c:/sourcery_codebench_lite_for_arm_eabi/bin/../lib/gcc/arm-none-eabi/4.8.1/../../../../arm-none-eabi/lib\libc.a(lib_a-wctomb_r.o)
                0x00012f5c                __ascii_wctomb
                0x00012f88                _wctomb_r
 .text          0x00012fd8       0xf0 c:/sourcery_codebench_lite_for_arm_eabi/bin/../lib/gcc/arm-none-eabi/4.8.1/../../../../arm-none-eabi/lib\libc.a(lib_a-__atexit.o)
                0x00012fd8                __register_exitproc
 .text          0x000130c8       0x3c c:/sourcery_codebench_lite_for_arm_eabi/bin/../lib/gcc/arm-none-eabi/4.8.1\libgcc.a(_aeabi_uldivmod.o)
                0x000130c8                __aeabi_uldivmod
 .text          0x00013104       0x84 c:/sourcery_codebench_lite_for_arm_eabi/bin/../lib/gcc/arm-none-eabi/4.8.1\libgcc.a(bpabi.o)
                0x00013104                __gnu_ldivmod_helper
                0x00013148                __gnu_uldivmod_helper
 .text          0x00013188      0x4d0 c:/sourcery_codebench_lite_for_arm_eabi/bin/../lib/gcc/arm-none-eabi/4.8.1\libgcc.a(_divdi3.o)
                0x00013188                __divdi3
 .text          0x00013658      0x470 c:/sourcery_codebench_lite_for_arm_eabi/bin/../lib/gcc/arm-none-eabi/4.8.1\libgcc.a(_udivdi3.o)
                0x00013658                __udivdi3
 .text          0x00013ac8       0x48 c:/sourcery_codebench_lite_for_arm_eabi/bin/../lib/gcc/arm-none-eabi/4.8.1\libgcc.a(_clzsi2.o)
                0x00013ac8                __clzsi2
 *(.plt)
 *(.gnu.warning)
 *(.glue_7t)
 .glue_7t       0x00000000        0x0 linker stubs
 *(.glue_7)
 .glue_7        0x00000000        0x0 linker stubs
 *(.vfp11_veneer)
 .vfp11_veneer  0x00000000        0x0 linker stubs
 *(.rodata .rodata.* .gnu.linkonce.r.*)
 .rodata.cmucam2_cmds
                0x00013b10       0x80 lpc2106-cmucam3_buildfiles/cmucam2.o
 .rodata.str1.4
                0x00013b90       0xc9 lpc2106-cmucam3_buildfiles/cmucam2.o
                                 0xd8 (size before relaxing)
 *fill*         0x00013c59        0x3 
 .rodata.VERSION_BANNER
                0x00013c5c       0x14 lpc2106-cmucam3_buildfiles/cmucam2.o
 .rodata.val_ac_luminance.6077
                0x00013c70       0xa4 ../../lib/jpeg-6b\libjpeg-6b_lpc2106-cmucam3.a(jcparam.o)
 .rodata.std_luminance_quant_tbl.6048
                0x00013d14      0x100 ../../lib/jpeg-6b\libjpeg-6b_lpc2106-cmucam3.a(jcparam.o)
 .rodata.bits_dc_chrominance.6074
                0x00013e14       0x14 ../../lib/jpeg-6b\libjpeg-6b_lpc2106-cmucam3.a(jcparam.o)
 .rodata.val_dc_chrominance.6075
                0x00013e28        0xc ../../lib/jpeg-6b\libjpeg-6b_lpc2106-cmucam3.a(jcparam.o)
 .rodata.val_dc_luminance.6073
                0x00013e34        0xc ../../lib/jpeg-6b\libjpeg-6b_lpc2106-cmucam3.a(jcparam.o)
 .rodata.bits_ac_chrominance.6078
                0x00013e40       0x14 ../../lib/jpeg-6b\libjpeg-6b_lpc2106-cmucam3.a(jcparam.o)
 .rodata.bits_ac_luminance.6076
                0x00013e54       0x14 ../../lib/jpeg-6b\libjpeg-6b_lpc2106-cmucam3.a(jcparam.o)
 .rodata.bits_dc_luminance.6072
                0x00013e68       0x14 ../../lib/jpeg-6b\libjpeg-6b_lpc2106-cmucam3.a(jcparam.o)
 .rodata.val_ac_chrominance.6079
                0x00013e7c       0xa4 ../../lib/jpeg-6b\libjpeg-6b_lpc2106-cmucam3.a(jcparam.o)
 .rodata.std_chrominance_quant_tbl.6049
                0x00013f20      0x100 ../../lib/jpeg-6b\libjpeg-6b_lpc2106-cmucam3.a(jcparam.o)
 .rodata.jpeg_std_message_table
                0x00014020      0x1f4 ../../lib/jpeg-6b\libjpeg-6b_lpc2106-cmucam3.a(jerror.o)
                0x00014020                jpeg_std_message_table
 .rodata.str1.4
                0x00014214     0x128f ../../lib/jpeg-6b\libjpeg-6b_lpc2106-cmucam3.a(jerror.o)
                               0x1290 (size before relaxing)
 *fill*         0x000154a3        0x1 
 .rodata.jpeg_natural_order
                0x000154a4      0x140 ../../lib/jpeg-6b\libjpeg-6b_lpc2106-cmucam3.a(jutils.o)
                0x000154a4                jpeg_natural_order
 .rodata.extra_pool_slop
                0x000155e4        0x8 ../../lib/jpeg-6b\libjpeg-6b_lpc2106-cmucam3.a(jmemmgr.o)
 .rodata.first_pool_slop
                0x000155ec        0x8 ../../lib/jpeg-6b\libjpeg-6b_lpc2106-cmucam3.a(jmemmgr.o)
 .rodata.str1.4
                0x000155f4       0x2a ../../hal/lpc2106-cmucam3\libhal-lpc2106-cmucam3.a(interrupt.o)
                                 0x2c (size before relaxing)
 *fill*         0x0001561e        0x2 
 .rodata.CSWTCH.8
                0x00015620        0xc ../../hal/lpc2106-cmucam3\libhal-lpc2106-cmucam3.a(serial.o)
 .rodata.str1.4
                0x0001562c        0xb ../../hal/lpc2106-cmucam3\libhal-lpc2106-cmucam3.a(serial.o)
                                 0x10 (size before relaxing)
 *fill*         0x00015637        0x1 
 .rodata._cc3_servo_map
                0x00015638       0x10 ../../hal/lpc2106-cmucam3\libhal-lpc2106-cmucam3.a(servo.o)
                0x00015638                _cc3_servo_map
 .rodata._cc3_uart_driver
                0x00015648       0x2c ../../hal/lpc2106-cmucam3\libhal-lpc2106-cmucam3.a(uart_driver.o)
                0x00015648                _cc3_uart_driver
 .rodata        0x00015674      0x104 c:/sourcery_codebench_lite_for_arm_eabi/bin/../lib/gcc/arm-none-eabi/4.8.1/../../../../arm-none-eabi/lib\libc.a(lib_a-ctype_.o)
                0x00015674                _ctype_
 .rodata        0x00015778        0x4 c:/sourcery_codebench_lite_for_arm_eabi/bin/../lib/gcc/arm-none-eabi/4.8.1/../../../../arm-none-eabi/lib\libc.a(lib_a-impure.o)
                0x00015778                _global_impure_ptr
 .rodata.str1.4
                0x0001577c        0x2 c:/sourcery_codebench_lite_for_arm_eabi/bin/../lib/gcc/arm-none-eabi/4.8.1/../../../../arm-none-eabi/lib\libc.a(lib_a-impure.o)
                                  0x4 (size before relaxing)
 *fill*         0x0001577e        0x2 
 .rodata        0x00015780       0x20 c:/sourcery_codebench_lite_for_arm_eabi/bin/../lib/gcc/arm-none-eabi/4.8.1/../../../../arm-none-eabi/lib\libc.a(lib_a-svfiprintf.o)
 .rodata.str1.4
                0x000157a0       0x2f c:/sourcery_codebench_lite_for_arm_eabi/bin/../lib/gcc/arm-none-eabi/4.8.1/../../../../arm-none-eabi/lib\libc.a(lib_a-svfiprintf.o)
                                 0x30 (size before relaxing)
 *fill*         0x000157cf        0x1 
 .rodata        0x000157d0       0x20 c:/sourcery_codebench_lite_for_arm_eabi/bin/../lib/gcc/arm-none-eabi/4.8.1/../../../../arm-none-eabi/lib\libc.a(lib_a-vfiprintf.o)
 .rodata.str1.4
                0x00000000       0x30 c:/sourcery_codebench_lite_for_arm_eabi/bin/../lib/gcc/arm-none-eabi/4.8.1/../../../../arm-none-eabi/lib\libc.a(lib_a-vfiprintf.o)
 .rodata.str1.4
                0x000157f0        0xc c:/sourcery_codebench_lite_for_arm_eabi/bin/../lib/gcc/arm-none-eabi/4.8.1/../../../../arm-none-eabi/lib\libc.a(lib_a-locale.o)
                                 0x14 (size before relaxing)
 *(.ARM.extab* .gnu.linkonce.armextab.*)
 *(.gcc_except_table)
 *(.eh_frame_hdr)
 *(.eh_frame)
 .eh_frame      0x000157fc        0x0 c:/sourcery_codebench_lite_for_arm_eabi/bin/../lib/gcc/arm-none-eabi/4.8.1/crtbegin.o
                0x000157fc                . = ALIGN (0x4)
 *(.init)
 .init          0x000157fc        0xc c:/sourcery_codebench_lite_for_arm_eabi/bin/../lib/gcc/arm-none-eabi/4.8.1/crti.o
                0x000157fc                _init
 .init          0x00015808        0xc c:/sourcery_codebench_lite_for_arm_eabi/bin/../lib/gcc/arm-none-eabi/4.8.1/crtn.o
                0x00015814                . = ALIGN (0x4)
                0x00015814                __preinit_array_start = .
 *(.preinit_array)
                0x00015814                __preinit_array_end = .
                0x00015814                . = ALIGN (0x4)
                0x00015814                __init_array_start = .
 *(SORT(.init_array.*))
 .init_array.00000
                0x00015814        0x4 c:/sourcery_codebench_lite_for_arm_eabi/bin/../lib/gcc/arm-none-eabi/4.8.1/../../../../arm-none-eabi/lib\libc.a(lib_a-__call_atexit.o)
 *(.init_array)
 .init_array    0x00015818        0x4 c:/sourcery_codebench_lite_for_arm_eabi/bin/../lib/gcc/arm-none-eabi/4.8.1/crtbegin.o
                0x0001581c                __init_array_end = .
                0x0001581c                . = ALIGN (0x4)
 *crtbegin.o(.ctors)
 *(EXCLUDE_FILE(*crtend.o) .ctors)
 *(SORT(.ctors.*))
 *crtend.o(.ctors)
                0x0001581c                . = ALIGN (0x4)
 *(.fini)
 .fini          0x0001581c        0xc c:/sourcery_codebench_lite_for_arm_eabi/bin/../lib/gcc/arm-none-eabi/4.8.1/crti.o
                0x0001581c                _fini
 .fini          0x00015828        0xc c:/sourcery_codebench_lite_for_arm_eabi/bin/../lib/gcc/arm-none-eabi/4.8.1/crtn.o
                0x00015834                . = ALIGN (0x4)
                0x00015834                __fini_array_start = .
 *(.fini_array)
 .fini_array    0x00015834        0x4 c:/sourcery_codebench_lite_for_arm_eabi/bin/../lib/gcc/arm-none-eabi/4.8.1/crtbegin.o
 *(SORT(.fini_array.*))
                0x00015838                __fini_array_end = .
 *crtbegin.o(.dtors)
 *(EXCLUDE_FILE(*crtend.o) .dtors)
 *(SORT(.dtors.*))
 *crtend.o(.dtors)
                0x00015838                __exidx_start = .

.v4_bx          0x00015838        0x0
 .v4_bx         0x00000000        0x0 linker stubs

.iplt           0x00015838        0x0
 .iplt          0x00000000        0x0 c:/sourcery_codebench_lite_for_arm_eabi/bin/../lib/gcc/arm-none-eabi/4.8.1/crtbegin.o

.ARM.exidx      0x00015838        0x8
 *(.ARM.exidx* .gnu.linkonce.armexidx.*)
 .ARM.exidx     0x00015838        0x8 c:/sourcery_codebench_lite_for_arm_eabi/bin/../lib/gcc/arm-none-eabi/4.8.1\libgcc.a(_divdi3.o)
 .ARM.exidx     0x00015840        0x0 c:/sourcery_codebench_lite_for_arm_eabi/bin/../lib/gcc/arm-none-eabi/4.8.1\libgcc.a(_udivdi3.o)
                                  0x8 (size before relaxing)
                0x00015840                __exidx_end = .

.rel.dyn        0x00015840        0x0
 .rel.iplt      0x00000000        0x0 c:/sourcery_codebench_lite_for_arm_eabi/bin/../lib/gcc/arm-none-eabi/4.8.1/crtbegin.o

.text.align     0x00015840        0x0
                0x00015840                . = ALIGN (0x8)
                0x00015840                _etext = .

.stack          0x40000000     0x2400
                0x40002400                . = (. + STACK_SIZE)
 *fill*         0x40000000     0x2400 
                0x40002400                _stack = .

.data           0x40002400      0x8d8 load address 0x00015840
                0x40002400                _data = .
 *(.jcr)
 .jcr           0x40002400        0x0 c:/sourcery_codebench_lite_for_arm_eabi/bin/../lib/gcc/arm-none-eabi/4.8.1/crtbegin.o
 .jcr           0x40002400        0x4 c:/sourcery_codebench_lite_for_arm_eabi/bin/../lib/gcc/arm-none-eabi/4.8.1/crtend.o
 *(.got.plt)
 *(.got)
 *(.shdata)
 *(.data .data.* .gnu.linkonce.d.*)
 .data.servo_val
                0x40002404        0x4 ../../hal/lpc2106-cmucam3\libhal-lpc2106-cmucam3.a(servo.o)
 .data.device_driver_table
                0x40002408        0x8 ../../hal/lpc2106-cmucam3\libhal-lpc2106-cmucam3.a(devices.o)
 .data          0x40002410        0x4 c:/sourcery_codebench_lite_for_arm_eabi/bin/../lib/gcc/arm-none-eabi/4.8.1/../../../../arm-none-eabi/lib\libc.a(lib_a-ctype_.o)
                0x40002410                __ctype_ptr__
 *fill*         0x40002414        0x4 
 .data          0x40002418      0x430 c:/sourcery_codebench_lite_for_arm_eabi/bin/../lib/gcc/arm-none-eabi/4.8.1/../../../../arm-none-eabi/lib\libc.a(lib_a-impure.o)
                0x40002418                _impure_ptr
 .data          0x40002848      0x410 c:/sourcery_codebench_lite_for_arm_eabi/bin/../lib/gcc/arm-none-eabi/4.8.1/../../../../arm-none-eabi/lib\libc.a(lib_a-mallocr.o)
                0x40002848                __malloc_av_
                0x40002c50                __malloc_sbrk_base
                0x40002c54                __malloc_trim_threshold
 .data          0x40002c58       0x7c c:/sourcery_codebench_lite_for_arm_eabi/bin/../lib/gcc/arm-none-eabi/4.8.1/../../../../arm-none-eabi/lib\libc.a(lib_a-locale.o)
                0x40002c78                __mb_cur_max
 .data          0x40002cd4        0x4 c:/sourcery_codebench_lite_for_arm_eabi/bin/../lib/gcc/arm-none-eabi/4.8.1/../../../../arm-none-eabi/lib\libc.a(lib_a-wctomb_r.o)
                0x40002cd4                __wctomb
 *(.ram)
                0x40002cd8                . = ALIGN (0x8)
                0x40002cd8                _edata = .

.tm_clone_table
                0x40002cd8        0x0 load address 0x00016118
 .tm_clone_table
                0x40002cd8        0x0 c:/sourcery_codebench_lite_for_arm_eabi/bin/../lib/gcc/arm-none-eabi/4.8.1/crtbegin.o
 .tm_clone_table
                0x40002cd8        0x0 c:/sourcery_codebench_lite_for_arm_eabi/bin/../lib/gcc/arm-none-eabi/4.8.1/crtend.o

.igot.plt       0x40002cd8        0x0 load address 0x00016118
 .igot.plt      0x00000000        0x0 c:/sourcery_codebench_lite_for_arm_eabi/bin/../lib/gcc/arm-none-eabi/4.8.1/crtbegin.o

.bss            0x40002cd8       0xa0 load address 0x00016118
                0x40002cd8                _bss = .
 *(.shbss)
 *(.bss .bss.* .gnu.linkonce.b.*)
 .bss           0x40002cd8       0x1c c:/sourcery_codebench_lite_for_arm_eabi/bin/../lib/gcc/arm-none-eabi/4.8.1/crtbegin.o
 .bss.s_pkt_mask
                0x40002cf4        0x1 lpc2106-cmucam3_buildfiles/cmucam2.o
 .bss.raw_mode_output
                0x40002cf5        0x1 lpc2106-cmucam3_buildfiles/cmucam2.o
 .bss.raw_mode_input
                0x40002cf6        0x1 lpc2106-cmucam3_buildfiles/cmucam2.o
 .bss.t_pkt_mask
                0x40002cf7        0x1 lpc2106-cmucam3_buildfiles/cmucam2.o
 .bss.packet_filter_flag
                0x40002cf8        0x1 lpc2106-cmucam3_buildfiles/cmucam2.o
 .bss.raw_mode_no_confirmations
                0x40002cf9        0x1 lpc2106-cmucam3_buildfiles/cmucam2.o
 *fill*         0x40002cfa        0x2 
 .bss._cc3_g_current_camera_state
                0x40002cfc        0xc ../../hal/lpc2106-cmucam3\libhal-lpc2106-cmucam3.a(cc3.o)
 .bss._cc3_second_green_valid
                0x40002d08        0x1 ../../hal/lpc2106-cmucam3\libhal-lpc2106-cmucam3.a(cc3.o)
 .bss._cc3_second_green
                0x40002d09        0x1 ../../hal/lpc2106-cmucam3\libhal-lpc2106-cmucam3.a(cc3.o)
 *fill*         0x40002d0a        0x2 
 .bss.heap_ptr  0x40002d0c        0x4 ../../hal/lpc2106-cmucam3\libhal-lpc2106-cmucam3.a(syscalls.o)
 .bss.started.4748
                0x40002d10        0x1 ../../hal/lpc2106-cmucam3\libhal-lpc2106-cmucam3.a(serial.o)
 *fill*         0x40002d11        0x3 
 .bss.servo_mask
                0x40002d14        0x4 ../../hal/lpc2106-cmucam3\libhal-lpc2106-cmucam3.a(servo.o)
 .bss.servo_tmp
                0x40002d18        0x4 ../../hal/lpc2106-cmucam3\libhal-lpc2106-cmucam3.a(servo.o)
 .bss           0x40002d1c       0x34 c:/sourcery_codebench_lite_for_arm_eabi/bin/../lib/gcc/arm-none-eabi/4.8.1/../../../../arm-none-eabi/lib\libc.a(lib_a-mallocr.o)
                0x40002d1c                __malloc_top_pad
                0x40002d20                __malloc_current_mallinfo
                0x40002d48                __malloc_max_sbrked_mem
                0x40002d4c                __malloc_max_total_mem
 *(COMMON)
 COMMON         0x40002d50        0x1 ../../hal/lpc2106-cmucam3\libhal-lpc2106-cmucam3.a(interrupt.o)
                0x40002d50                _cc3_button_trigger
 *fill*         0x40002d51        0x3 
 COMMON         0x40002d54       0x1b ../../hal/lpc2106-cmucam3\libhal-lpc2106-cmucam3.a(cc3.o)
                0x40002d54                cc3_g_pixbuf_frame
                0x40002d6c                cc3_g_current_pixel
 COMMON         0x40002d6f        0x2 ../../hal/lpc2106-cmucam3\libhal-lpc2106-cmucam3.a(serial.o)
                0x40002d6f                _cc3_uart1_binmode
                0x40002d70                _cc3_uart0_binmode
 *fill*         0x40002d71        0x3 
 COMMON         0x40002d74        0x4 c:/sourcery_codebench_lite_for_arm_eabi/bin/../lib/gcc/arm-none-eabi/4.8.1/../../../../arm-none-eabi/lib\libc.a(lib_a-reent.o)
                0x40002d74                errno
 *(.ram.b)
                0x40002d78                . = ALIGN (0x8)
                0x40002d78                _end = .
                0x40002d78                __end = .
                0x40010000                _heap_end = (ORIGIN (RAM) + 0x10000)

.stab
 *(.stab)

.stabstr
 *(.stabstr)

.debug
 *(.debug)

.line
 *(.line)

.debug_srcinfo
 *(.debug_srcinfo)

.debug_sfnames
 *(.debug_sfnames)

.debug_aranges  0x00000000      0xc98
 *(.debug_aranges)
 .debug_aranges
                0x00000000       0x40 lpc2106-cmucam3_buildfiles/cmucam2.o
 .debug_aranges
                0x00000040       0x40 ../../lib/cc3-ilp\libcc3-ilp_lpc2106-cmucam3.a(cc3_color_track.o)
 .debug_aranges
                0x00000080       0x30 ../../lib/cc3-ilp\libcc3-ilp_lpc2106-cmucam3.a(cc3_color_info.o)
 .debug_aranges
                0x000000b0       0x20 ../../lib/cc3-ilp\libcc3-ilp_lpc2106-cmucam3.a(cc3_jpg.o)
 .debug_aranges
                0x000000d0       0x30 ../../lib/cc3-ilp\libcc3-ilp_lpc2106-cmucam3.a(cc3_histogram.o)
 .debug_aranges
                0x00000100       0x30 ../../lib/cc3-ilp\libcc3-ilp_lpc2106-cmucam3.a(cc3_frame_diff.o)
 .debug_aranges
                0x00000130       0x20 ../../lib/cc3-ilp\libcc3-ilp_lpc2106-cmucam3.a(cc3_hsv.o)
 .debug_aranges
                0x00000150       0x30 ../../lib/cc3-ilp\libcc3-ilp_lpc2106-cmucam3.a(cc3_ilp.o)
 .debug_aranges
                0x00000180       0x60 ../../lib/jpeg-6b\libjpeg-6b_lpc2106-cmucam3.a(jcapimin.o)
 .debug_aranges
                0x000001e0       0x30 ../../lib/jpeg-6b\libjpeg-6b_lpc2106-cmucam3.a(jcapistd.o)
 .debug_aranges
                0x00000210       0x20 ../../lib/jpeg-6b\libjpeg-6b_lpc2106-cmucam3.a(jcinit.o)
 .debug_aranges
                0x00000230       0x30 ../../lib/jpeg-6b\libjpeg-6b_lpc2106-cmucam3.a(jcmainct.o)
 .debug_aranges
                0x00000260       0x80 ../../lib/jpeg-6b\libjpeg-6b_lpc2106-cmucam3.a(jcmarker.o)
 .debug_aranges
                0x000002e0       0x48 ../../lib/jpeg-6b\libjpeg-6b_lpc2106-cmucam3.a(jcmaster.o)
 .debug_aranges
                0x00000328       0x38 ../../lib/jpeg-6b\libjpeg-6b_lpc2106-cmucam3.a(jcomapi.o)
 .debug_aranges
                0x00000360       0x58 ../../lib/jpeg-6b\libjpeg-6b_lpc2106-cmucam3.a(jcparam.o)
 .debug_aranges
                0x000003b8       0x30 ../../lib/jpeg-6b\libjpeg-6b_lpc2106-cmucam3.a(jcprepct.o)
 .debug_aranges
                0x000003e8       0x50 ../../lib/jpeg-6b\libjpeg-6b_lpc2106-cmucam3.a(jcsample.o)
 .debug_aranges
                0x00000438       0x38 ../../lib/jpeg-6b\libjpeg-6b_lpc2106-cmucam3.a(jdatadst.o)
 .debug_aranges
                0x00000470       0x48 ../../lib/jpeg-6b\libjpeg-6b_lpc2106-cmucam3.a(jerror.o)
 .debug_aranges
                0x000004b8       0x40 ../../lib/jpeg-6b\libjpeg-6b_lpc2106-cmucam3.a(jutils.o)
 .debug_aranges
                0x000004f8       0x80 ../../lib/jpeg-6b\libjpeg-6b_lpc2106-cmucam3.a(jmemmgr.o)
 .debug_aranges
                0x00000578       0x58 ../../lib/jpeg-6b\libjpeg-6b_lpc2106-cmucam3.a(jmemnobs.o)
 .debug_aranges
                0x000005d0       0x38 ../../lib/jpeg-6b\libjpeg-6b_lpc2106-cmucam3.a(jccoefct.o)
 .debug_aranges
                0x00000608       0x58 ../../lib/jpeg-6b\libjpeg-6b_lpc2106-cmucam3.a(jccolor.o)
 .debug_aranges
                0x00000660       0x30 ../../lib/jpeg-6b\libjpeg-6b_lpc2106-cmucam3.a(jcdctmgr.o)
 .debug_aranges
                0x00000690       0x40 ../../lib/jpeg-6b\libjpeg-6b_lpc2106-cmucam3.a(jchuff.o)
 .debug_aranges
                0x000006d0       0x20 ../../lib/jpeg-6b\libjpeg-6b_lpc2106-cmucam3.a(jfdctint.o)
 .debug_aranges
                0x000006f0       0x78 ../../hal/lpc2106-cmucam3\libhal-lpc2106-cmucam3.a(interrupt.o)
 .debug_aranges
                0x00000768       0xd8 ../../hal/lpc2106-cmucam3\libhal-lpc2106-cmucam3.a(cc3.o)
 .debug_aranges
                0x00000840       0x48 ../../hal/lpc2106-cmucam3\libhal-lpc2106-cmucam3.a(cc3_hal.o)
 .debug_aranges
                0x00000888       0xc0 ../../hal/lpc2106-cmucam3\libhal-lpc2106-cmucam3.a(syscalls.o)
 .debug_aranges
                0x00000948       0x88 ../../hal/lpc2106-cmucam3\libhal-lpc2106-cmucam3.a(serial.o)
 .debug_aranges
                0x000009d0       0x38 ../../hal/lpc2106-cmucam3\libhal-lpc2106-cmucam3.a(servo.o)
 .debug_aranges
                0x00000a08       0xe8 ../../hal/lpc2106-cmucam3\libhal-lpc2106-cmucam3.a(rdcf2.o)
 .debug_aranges
                0x00000af0       0x40 ../../hal/lpc2106-cmucam3\libhal-lpc2106-cmucam3.a(mmc_hardware.o)
 .debug_aranges
                0x00000b30       0x68 ../../hal/lpc2106-cmucam3\libhal-lpc2106-cmucam3.a(mmc_driver.o)
 .debug_aranges
                0x00000b98       0x38 ../../hal/lpc2106-cmucam3\libhal-lpc2106-cmucam3.a(gpio.o)
 .debug_aranges
                0x00000bd0       0x40 ../../hal/lpc2106-cmucam3\libhal-lpc2106-cmucam3.a(devices.o)
 .debug_aranges
                0x00000c10       0x68 ../../hal/lpc2106-cmucam3\libhal-lpc2106-cmucam3.a(uart_driver.o)
 .debug_aranges
                0x00000c78       0x20 ../../hal/lpc2106-cmucam3\libhal-lpc2106-cmucam3.a(startup.o)

.debug_pubnames
 *(.debug_pubnames)

.debug_info     0x00000000    0x2b8a8
 *(.debug_info .gnu.linkonce.wi.*)
 .debug_info    0x00000000     0x396c lpc2106-cmucam3_buildfiles/cmucam2.o
 .debug_info    0x0000396c      0x5b5 ../../lib/cc3-ilp\libcc3-ilp_lpc2106-cmucam3.a(cc3_color_track.o)
 .debug_info    0x00003f21      0x43e ../../lib/cc3-ilp\libcc3-ilp_lpc2106-cmucam3.a(cc3_color_info.o)
 .debug_info    0x0000435f     0x198e ../../lib/cc3-ilp\libcc3-ilp_lpc2106-cmucam3.a(cc3_jpg.o)
 .debug_info    0x00005ced      0x3d5 ../../lib/cc3-ilp\libcc3-ilp_lpc2106-cmucam3.a(cc3_histogram.o)
 .debug_info    0x000060c2      0x3d7 ../../lib/cc3-ilp\libcc3-ilp_lpc2106-cmucam3.a(cc3_frame_diff.o)
 .debug_info    0x00006499      0x1e9 ../../lib/cc3-ilp\libcc3-ilp_lpc2106-cmucam3.a(cc3_hsv.o)
 .debug_info    0x00006682      0x1ea ../../lib/cc3-ilp\libcc3-ilp_lpc2106-cmucam3.a(cc3_ilp.o)
 .debug_info    0x0000686c     0x17b3 ../../lib/jpeg-6b\libjpeg-6b_lpc2106-cmucam3.a(jcapimin.o)
 .debug_info    0x0000801f     0x1541 ../../lib/jpeg-6b\libjpeg-6b_lpc2106-cmucam3.a(jcapistd.o)
 .debug_info    0x00009560     0x14d6 ../../lib/jpeg-6b\libjpeg-6b_lpc2106-cmucam3.a(jcinit.o)
 .debug_info    0x0000aa36     0x1554 ../../lib/jpeg-6b\libjpeg-6b_lpc2106-cmucam3.a(jcmainct.o)
 .debug_info    0x0000bf8a     0x24c8 ../../lib/jpeg-6b\libjpeg-6b_lpc2106-cmucam3.a(jcmarker.o)
 .debug_info    0x0000e452     0x17cb ../../lib/jpeg-6b\libjpeg-6b_lpc2106-cmucam3.a(jcmaster.o)
 .debug_info    0x0000fc1d     0x134b ../../lib/jpeg-6b\libjpeg-6b_lpc2106-cmucam3.a(jcomapi.o)
 .debug_info    0x00010f68     0x1bd2 ../../lib/jpeg-6b\libjpeg-6b_lpc2106-cmucam3.a(jcparam.o)
 .debug_info    0x00012b3a     0x16c1 ../../lib/jpeg-6b\libjpeg-6b_lpc2106-cmucam3.a(jcprepct.o)
 .debug_info    0x000141fb     0x1a32 ../../lib/jpeg-6b\libjpeg-6b_lpc2106-cmucam3.a(jcsample.o)
 .debug_info    0x00015c2d     0x19f7 ../../lib/jpeg-6b\libjpeg-6b_lpc2106-cmucam3.a(jdatadst.o)
 .debug_info    0x00017624     0x12e5 ../../lib/jpeg-6b\libjpeg-6b_lpc2106-cmucam3.a(jerror.o)
 .debug_info    0x00018909      0x33b ../../lib/jpeg-6b\libjpeg-6b_lpc2106-cmucam3.a(jutils.o)
 .debug_info    0x00018c44     0x234a ../../lib/jpeg-6b\libjpeg-6b_lpc2106-cmucam3.a(jmemmgr.o)
 .debug_info    0x0001af8e     0x133d ../../lib/jpeg-6b\libjpeg-6b_lpc2106-cmucam3.a(jmemnobs.o)
 .debug_info    0x0001c2cb     0x1689 ../../lib/jpeg-6b\libjpeg-6b_lpc2106-cmucam3.a(jccoefct.o)
 .debug_info    0x0001d954     0x18fb ../../lib/jpeg-6b\libjpeg-6b_lpc2106-cmucam3.a(jccolor.o)
 .debug_info    0x0001f24f     0x1629 ../../lib/jpeg-6b\libjpeg-6b_lpc2106-cmucam3.a(jcdctmgr.o)
 .debug_info    0x00020878     0x2191 ../../lib/jpeg-6b\libjpeg-6b_lpc2106-cmucam3.a(jchuff.o)
 .debug_info    0x00022a09      0x1d5 ../../lib/jpeg-6b\libjpeg-6b_lpc2106-cmucam3.a(jfdctint.o)
 .debug_info    0x00022bde      0x34a ../../hal/lpc2106-cmucam3\libhal-lpc2106-cmucam3.a(interrupt.o)
 .debug_info    0x00022f28     0x1891 ../../hal/lpc2106-cmucam3\libhal-lpc2106-cmucam3.a(cc3.o)
 .debug_info    0x000247b9      0x1b1 ../../hal/lpc2106-cmucam3\libhal-lpc2106-cmucam3.a(cc3_hal.o)
 .debug_info    0x0002496a      0xda1 ../../hal/lpc2106-cmucam3\libhal-lpc2106-cmucam3.a(syscalls.o)
 .debug_info    0x0002570b      0xe46 ../../hal/lpc2106-cmucam3\libhal-lpc2106-cmucam3.a(serial.o)
 .debug_info    0x00026551      0x2c4 ../../hal/lpc2106-cmucam3\libhal-lpc2106-cmucam3.a(servo.o)
 .debug_info    0x00026815     0x2248 ../../hal/lpc2106-cmucam3\libhal-lpc2106-cmucam3.a(rdcf2.o)
 .debug_info    0x00028a5d      0xfe9 ../../hal/lpc2106-cmucam3\libhal-lpc2106-cmucam3.a(mmc_hardware.o)
 .debug_info    0x00029a46      0xed2 ../../hal/lpc2106-cmucam3\libhal-lpc2106-cmucam3.a(mmc_driver.o)
 .debug_info    0x0002a918      0x1b3 ../../hal/lpc2106-cmucam3\libhal-lpc2106-cmucam3.a(gpio.o)
 .debug_info    0x0002aacb      0x549 ../../hal/lpc2106-cmucam3\libhal-lpc2106-cmucam3.a(devices.o)
 .debug_info    0x0002b014      0x806 ../../hal/lpc2106-cmucam3\libhal-lpc2106-cmucam3.a(uart_driver.o)
 .debug_info    0x0002b81a       0x8e ../../hal/lpc2106-cmucam3\libhal-lpc2106-cmucam3.a(startup.o)

.debug_abbrev   0x00000000     0x6247
 *(.debug_abbrev)
 .debug_abbrev  0x00000000      0x4ac lpc2106-cmucam3_buildfiles/cmucam2.o
 .debug_abbrev  0x000004ac      0x19e ../../lib/cc3-ilp\libcc3-ilp_lpc2106-cmucam3.a(cc3_color_track.o)
 .debug_abbrev  0x0000064a      0x153 ../../lib/cc3-ilp\libcc3-ilp_lpc2106-cmucam3.a(cc3_color_info.o)
 .debug_abbrev  0x0000079d      0x326 ../../lib/cc3-ilp\libcc3-ilp_lpc2106-cmucam3.a(cc3_jpg.o)
 .debug_abbrev  0x00000ac3      0x148 ../../lib/cc3-ilp\libcc3-ilp_lpc2106-cmucam3.a(cc3_histogram.o)
 .debug_abbrev  0x00000c0b      0x123 ../../lib/cc3-ilp\libcc3-ilp_lpc2106-cmucam3.a(cc3_frame_diff.o)
 .debug_abbrev  0x00000d2e      0x12b ../../lib/cc3-ilp\libcc3-ilp_lpc2106-cmucam3.a(cc3_hsv.o)
 .debug_abbrev  0x00000e59       0xff ../../lib/cc3-ilp\libcc3-ilp_lpc2106-cmucam3.a(cc3_ilp.o)
 .debug_abbrev  0x00000f58      0x25f ../../lib/jpeg-6b\libjpeg-6b_lpc2106-cmucam3.a(jcapimin.o)
 .debug_abbrev  0x000011b7      0x230 ../../lib/jpeg-6b\libjpeg-6b_lpc2106-cmucam3.a(jcapistd.o)
 .debug_abbrev  0x000013e7      0x1ed ../../lib/jpeg-6b\libjpeg-6b_lpc2106-cmucam3.a(jcinit.o)
 .debug_abbrev  0x000015d4      0x24d ../../lib/jpeg-6b\libjpeg-6b_lpc2106-cmucam3.a(jcmainct.o)
 .debug_abbrev  0x00001821      0x3d0 ../../lib/jpeg-6b\libjpeg-6b_lpc2106-cmucam3.a(jcmarker.o)
 .debug_abbrev  0x00001bf1      0x2a0 ../../lib/jpeg-6b\libjpeg-6b_lpc2106-cmucam3.a(jcmaster.o)
 .debug_abbrev  0x00001e91      0x203 ../../lib/jpeg-6b\libjpeg-6b_lpc2106-cmucam3.a(jcomapi.o)
 .debug_abbrev  0x00002094      0x392 ../../lib/jpeg-6b\libjpeg-6b_lpc2106-cmucam3.a(jcparam.o)
 .debug_abbrev  0x00002426      0x29d ../../lib/jpeg-6b\libjpeg-6b_lpc2106-cmucam3.a(jcprepct.o)
 .debug_abbrev  0x000026c3      0x2f8 ../../lib/jpeg-6b\libjpeg-6b_lpc2106-cmucam3.a(jcsample.o)
 .debug_abbrev  0x000029bb      0x2e9 ../../lib/jpeg-6b\libjpeg-6b_lpc2106-cmucam3.a(jdatadst.o)
 .debug_abbrev  0x00002ca4      0x2d9 ../../lib/jpeg-6b\libjpeg-6b_lpc2106-cmucam3.a(jerror.o)
 .debug_abbrev  0x00002f7d      0x13d ../../lib/jpeg-6b\libjpeg-6b_lpc2106-cmucam3.a(jutils.o)
 .debug_abbrev  0x000030ba      0x3e3 ../../lib/jpeg-6b\libjpeg-6b_lpc2106-cmucam3.a(jmemmgr.o)
 .debug_abbrev  0x0000349d      0x22a ../../lib/jpeg-6b\libjpeg-6b_lpc2106-cmucam3.a(jmemnobs.o)
 .debug_abbrev  0x000036c7      0x2e6 ../../lib/jpeg-6b\libjpeg-6b_lpc2106-cmucam3.a(jccoefct.o)
 .debug_abbrev  0x000039ad      0x27a ../../lib/jpeg-6b\libjpeg-6b_lpc2106-cmucam3.a(jccolor.o)
 .debug_abbrev  0x00003c27      0x265 ../../lib/jpeg-6b\libjpeg-6b_lpc2106-cmucam3.a(jcdctmgr.o)
 .debug_abbrev  0x00003e8c      0x389 ../../lib/jpeg-6b\libjpeg-6b_lpc2106-cmucam3.a(jchuff.o)
 .debug_abbrev  0x00004215       0x92 ../../lib/jpeg-6b\libjpeg-6b_lpc2106-cmucam3.a(jfdctint.o)
 .debug_abbrev  0x000042a7      0x1a6 ../../hal/lpc2106-cmucam3\libhal-lpc2106-cmucam3.a(interrupt.o)
 .debug_abbrev  0x0000444d      0x4a2 ../../hal/lpc2106-cmucam3\libhal-lpc2106-cmucam3.a(cc3.o)
 .debug_abbrev  0x000048ef       0xb7 ../../hal/lpc2106-cmucam3\libhal-lpc2106-cmucam3.a(cc3_hal.o)
 .debug_abbrev  0x000049a6      0x2eb ../../hal/lpc2106-cmucam3\libhal-lpc2106-cmucam3.a(syscalls.o)
 .debug_abbrev  0x00004c91      0x415 ../../hal/lpc2106-cmucam3\libhal-lpc2106-cmucam3.a(serial.o)
 .debug_abbrev  0x000050a6      0x193 ../../hal/lpc2106-cmucam3\libhal-lpc2106-cmucam3.a(servo.o)
 .debug_abbrev  0x00005239      0x49a ../../hal/lpc2106-cmucam3\libhal-lpc2106-cmucam3.a(rdcf2.o)
 .debug_abbrev  0x000056d3      0x36f ../../hal/lpc2106-cmucam3\libhal-lpc2106-cmucam3.a(mmc_hardware.o)
 .debug_abbrev  0x00005a42      0x2ee ../../hal/lpc2106-cmucam3\libhal-lpc2106-cmucam3.a(mmc_driver.o)
 .debug_abbrev  0x00005d30      0x148 ../../hal/lpc2106-cmucam3\libhal-lpc2106-cmucam3.a(gpio.o)
 .debug_abbrev  0x00005e78      0x164 ../../hal/lpc2106-cmucam3\libhal-lpc2106-cmucam3.a(devices.o)
 .debug_abbrev  0x00005fdc      0x257 ../../hal/lpc2106-cmucam3\libhal-lpc2106-cmucam3.a(uart_driver.o)
 .debug_abbrev  0x00006233       0x14 ../../hal/lpc2106-cmucam3\libhal-lpc2106-cmucam3.a(startup.o)

.debug_line     0x00000000     0x730b
 *(.debug_line)
 .debug_line    0x00000000      0xc24 lpc2106-cmucam3_buildfiles/cmucam2.o
 .debug_line    0x00000c24      0x299 ../../lib/cc3-ilp\libcc3-ilp_lpc2106-cmucam3.a(cc3_color_track.o)
 .debug_line    0x00000ebd      0x194 ../../lib/cc3-ilp\libcc3-ilp_lpc2106-cmucam3.a(cc3_color_info.o)
 .debug_line    0x00001051      0x1e9 ../../lib/cc3-ilp\libcc3-ilp_lpc2106-cmucam3.a(cc3_jpg.o)
 .debug_line    0x0000123a      0x14d ../../lib/cc3-ilp\libcc3-ilp_lpc2106-cmucam3.a(cc3_histogram.o)
 .debug_line    0x00001387      0x1b5 ../../lib/cc3-ilp\libcc3-ilp_lpc2106-cmucam3.a(cc3_frame_diff.o)
 .debug_line    0x0000153c      0x10b ../../lib/cc3-ilp\libcc3-ilp_lpc2106-cmucam3.a(cc3_hsv.o)
 .debug_line    0x00001647      0x107 ../../lib/cc3-ilp\libcc3-ilp_lpc2106-cmucam3.a(cc3_ilp.o)
 .debug_line    0x0000174e      0x241 ../../lib/jpeg-6b\libjpeg-6b_lpc2106-cmucam3.a(jcapimin.o)
 .debug_line    0x0000198f      0x134 ../../lib/jpeg-6b\libjpeg-6b_lpc2106-cmucam3.a(jcapistd.o)
 .debug_line    0x00001ac3       0xfd ../../lib/jpeg-6b\libjpeg-6b_lpc2106-cmucam3.a(jcinit.o)
 .debug_line    0x00001bc0      0x158 ../../lib/jpeg-6b\libjpeg-6b_lpc2106-cmucam3.a(jcmainct.o)
 .debug_line    0x00001d18      0x3ae ../../lib/jpeg-6b\libjpeg-6b_lpc2106-cmucam3.a(jcmarker.o)
 .debug_line    0x000020c6      0x281 ../../lib/jpeg-6b\libjpeg-6b_lpc2106-cmucam3.a(jcmaster.o)
 .debug_line    0x00002347      0x12a ../../lib/jpeg-6b\libjpeg-6b_lpc2106-cmucam3.a(jcomapi.o)
 .debug_line    0x00002471      0x335 ../../lib/jpeg-6b\libjpeg-6b_lpc2106-cmucam3.a(jcparam.o)
 .debug_line    0x000027a6      0x1c7 ../../lib/jpeg-6b\libjpeg-6b_lpc2106-cmucam3.a(jcprepct.o)
 .debug_line    0x0000296d      0x2e2 ../../lib/jpeg-6b\libjpeg-6b_lpc2106-cmucam3.a(jcsample.o)
 .debug_line    0x00002c4f      0x1c5 ../../lib/jpeg-6b\libjpeg-6b_lpc2106-cmucam3.a(jdatadst.o)
 .debug_line    0x00002e14      0x236 ../../lib/jpeg-6b\libjpeg-6b_lpc2106-cmucam3.a(jerror.o)
 .debug_line    0x0000304a      0x15e ../../lib/jpeg-6b\libjpeg-6b_lpc2106-cmucam3.a(jutils.o)
 .debug_line    0x000031a8      0x571 ../../lib/jpeg-6b\libjpeg-6b_lpc2106-cmucam3.a(jmemmgr.o)
 .debug_line    0x00003719      0x1f7 ../../lib/jpeg-6b\libjpeg-6b_lpc2106-cmucam3.a(jmemnobs.o)
 .debug_line    0x00003910      0x1ca ../../lib/jpeg-6b\libjpeg-6b_lpc2106-cmucam3.a(jccoefct.o)
 .debug_line    0x00003ada      0x368 ../../lib/jpeg-6b\libjpeg-6b_lpc2106-cmucam3.a(jccolor.o)
 .debug_line    0x00003e42      0x1d5 ../../lib/jpeg-6b\libjpeg-6b_lpc2106-cmucam3.a(jcdctmgr.o)
 .debug_line    0x00004017      0x4f4 ../../lib/jpeg-6b\libjpeg-6b_lpc2106-cmucam3.a(jchuff.o)
 .debug_line    0x0000450b      0x60e ../../lib/jpeg-6b\libjpeg-6b_lpc2106-cmucam3.a(jfdctint.o)
 .debug_line    0x00004b19      0x239 ../../hal/lpc2106-cmucam3\libhal-lpc2106-cmucam3.a(interrupt.o)
 .debug_line    0x00004d52      0x728 ../../hal/lpc2106-cmucam3\libhal-lpc2106-cmucam3.a(cc3.o)
 .debug_line    0x0000547a       0xfd ../../hal/lpc2106-cmucam3\libhal-lpc2106-cmucam3.a(cc3_hal.o)
 .debug_line    0x00005577      0x386 ../../hal/lpc2106-cmucam3\libhal-lpc2106-cmucam3.a(syscalls.o)
 .debug_line    0x000058fd      0x37e ../../hal/lpc2106-cmucam3\libhal-lpc2106-cmucam3.a(serial.o)
 .debug_line    0x00005c7b      0x15c ../../hal/lpc2106-cmucam3\libhal-lpc2106-cmucam3.a(servo.o)
 .debug_line    0x00005dd7      0x8b1 ../../hal/lpc2106-cmucam3\libhal-lpc2106-cmucam3.a(rdcf2.o)
 .debug_line    0x00006688      0x3d0 ../../hal/lpc2106-cmucam3\libhal-lpc2106-cmucam3.a(mmc_hardware.o)
 .debug_line    0x00006a58      0x328 ../../hal/lpc2106-cmucam3\libhal-lpc2106-cmucam3.a(mmc_driver.o)
 .debug_line    0x00006d80      0x106 ../../hal/lpc2106-cmucam3\libhal-lpc2106-cmucam3.a(gpio.o)
 .debug_line    0x00006e86      0x165 ../../hal/lpc2106-cmucam3\libhal-lpc2106-cmucam3.a(devices.o)
 .debug_line    0x00006feb      0x28e ../../hal/lpc2106-cmucam3\libhal-lpc2106-cmucam3.a(uart_driver.o)
 .debug_line    0x00007279       0x92 ../../hal/lpc2106-cmucam3\libhal-lpc2106-cmucam3.a(startup.o)

.debug_frame    0x00000000     0x3204
 *(.debug_frame)
 .debug_frame   0x00000000       0xc4 lpc2106-cmucam3_buildfiles/cmucam2.o
 .debug_frame   0x000000c4       0x9c ../../lib/cc3-ilp\libcc3-ilp_lpc2106-cmucam3.a(cc3_color_track.o)
 .debug_frame   0x00000160       0x74 ../../lib/cc3-ilp\libcc3-ilp_lpc2106-cmucam3.a(cc3_color_info.o)
 .debug_frame   0x000001d4       0x2c ../../lib/cc3-ilp\libcc3-ilp_lpc2106-cmucam3.a(cc3_jpg.o)
 .debug_frame   0x00000200       0x5c ../../lib/cc3-ilp\libcc3-ilp_lpc2106-cmucam3.a(cc3_histogram.o)
 .debug_frame   0x0000025c       0x80 ../../lib/cc3-ilp\libcc3-ilp_lpc2106-cmucam3.a(cc3_frame_diff.o)
 .debug_frame   0x000002dc       0x38 ../../lib/cc3-ilp\libcc3-ilp_lpc2106-cmucam3.a(cc3_hsv.o)
 .debug_frame   0x00000314       0x50 ../../lib/cc3-ilp\libcc3-ilp_lpc2106-cmucam3.a(cc3_ilp.o)
 .debug_frame   0x00000364       0xf8 ../../lib/jpeg-6b\libjpeg-6b_lpc2106-cmucam3.a(jcapimin.o)
 .debug_frame   0x0000045c       0x6c ../../lib/jpeg-6b\libjpeg-6b_lpc2106-cmucam3.a(jcapistd.o)
 .debug_frame   0x000004c8       0x2c ../../lib/jpeg-6b\libjpeg-6b_lpc2106-cmucam3.a(jcinit.o)
 .debug_frame   0x000004f4       0x70 ../../lib/jpeg-6b\libjpeg-6b_lpc2106-cmucam3.a(jcmainct.o)
 .debug_frame   0x00000564      0x180 ../../lib/jpeg-6b\libjpeg-6b_lpc2106-cmucam3.a(jcmarker.o)
 .debug_frame   0x000006e4       0xc4 ../../lib/jpeg-6b\libjpeg-6b_lpc2106-cmucam3.a(jcmaster.o)
 .debug_frame   0x000007a8       0x70 ../../lib/jpeg-6b\libjpeg-6b_lpc2106-cmucam3.a(jcomapi.o)
 .debug_frame   0x00000818       0xfc ../../lib/jpeg-6b\libjpeg-6b_lpc2106-cmucam3.a(jcparam.o)
 .debug_frame   0x00000914       0x74 ../../lib/jpeg-6b\libjpeg-6b_lpc2106-cmucam3.a(jcprepct.o)
 .debug_frame   0x00000988      0x100 ../../lib/jpeg-6b\libjpeg-6b_lpc2106-cmucam3.a(jcsample.o)
 .debug_frame   0x00000a88       0x7c ../../lib/jpeg-6b\libjpeg-6b_lpc2106-cmucam3.a(jdatadst.o)
 .debug_frame   0x00000b04       0xa8 ../../lib/jpeg-6b\libjpeg-6b_lpc2106-cmucam3.a(jerror.o)
 .debug_frame   0x00000bac       0x90 ../../lib/jpeg-6b\libjpeg-6b_lpc2106-cmucam3.a(jutils.o)
 .debug_frame   0x00000c3c      0x1e4 ../../lib/jpeg-6b\libjpeg-6b_lpc2106-cmucam3.a(jmemmgr.o)
 .debug_frame   0x00000e20       0xb8 ../../lib/jpeg-6b\libjpeg-6b_lpc2106-cmucam3.a(jmemnobs.o)
 .debug_frame   0x00000ed8       0x80 ../../lib/jpeg-6b\libjpeg-6b_lpc2106-cmucam3.a(jccoefct.o)
 .debug_frame   0x00000f58      0x11c ../../lib/jpeg-6b\libjpeg-6b_lpc2106-cmucam3.a(jccolor.o)
 .debug_frame   0x00001074       0x80 ../../lib/jpeg-6b\libjpeg-6b_lpc2106-cmucam3.a(jcdctmgr.o)
 .debug_frame   0x000010f4       0xd4 ../../lib/jpeg-6b\libjpeg-6b_lpc2106-cmucam3.a(jchuff.o)
 .debug_frame   0x000011c8       0x38 ../../lib/jpeg-6b\libjpeg-6b_lpc2106-cmucam3.a(jfdctint.o)
 .debug_frame   0x00001200      0x10c ../../hal/lpc2106-cmucam3\libhal-lpc2106-cmucam3.a(interrupt.o)
 .debug_frame   0x0000130c      0x20c ../../hal/lpc2106-cmucam3\libhal-lpc2106-cmucam3.a(cc3.o)
 .debug_frame   0x00001518       0xa0 ../../hal/lpc2106-cmucam3\libhal-lpc2106-cmucam3.a(cc3_hal.o)
 .debug_frame   0x000015b8      0x1d0 ../../hal/lpc2106-cmucam3\libhal-lpc2106-cmucam3.a(syscalls.o)
 .debug_frame   0x00001788      0x134 ../../hal/lpc2106-cmucam3\libhal-lpc2106-cmucam3.a(serial.o)
 .debug_frame   0x000018bc       0x64 ../../hal/lpc2106-cmucam3\libhal-lpc2106-cmucam3.a(servo.o)
 .debug_frame   0x00001920      0x320 ../../hal/lpc2106-cmucam3\libhal-lpc2106-cmucam3.a(rdcf2.o)
 .debug_frame   0x00001c40       0x98 ../../hal/lpc2106-cmucam3\libhal-lpc2106-cmucam3.a(mmc_hardware.o)
 .debug_frame   0x00001cd8      0x114 ../../hal/lpc2106-cmucam3\libhal-lpc2106-cmucam3.a(mmc_driver.o)
 .debug_frame   0x00001dec       0x58 ../../hal/lpc2106-cmucam3\libhal-lpc2106-cmucam3.a(gpio.o)
 .debug_frame   0x00001e44       0x70 ../../hal/lpc2106-cmucam3\libhal-lpc2106-cmucam3.a(devices.o)
 .debug_frame   0x00001eb4       0xe8 ../../hal/lpc2106-cmucam3\libhal-lpc2106-cmucam3.a(uart_driver.o)
 .debug_frame   0x00001f9c       0x20 c:/sourcery_codebench_lite_for_arm_eabi/bin/../lib/gcc/arm-none-eabi/4.8.1\libgcc.a(_udivsi3.o)
 .debug_frame   0x00001fbc       0x20 c:/sourcery_codebench_lite_for_arm_eabi/bin/../lib/gcc/arm-none-eabi/4.8.1\libgcc.a(_divsi3.o)
 .debug_frame   0x00001fdc       0x40 c:/sourcery_codebench_lite_for_arm_eabi/bin/../lib/gcc/arm-none-eabi/4.8.1/../../../../arm-none-eabi/lib\libc.a(lib_a-atoi.o)
 .debug_frame   0x0000201c       0x28 c:/sourcery_codebench_lite_for_arm_eabi/bin/../lib/gcc/arm-none-eabi/4.8.1/../../../../arm-none-eabi/lib\libc.a(lib_a-calloc.o)
 .debug_frame   0x00002044       0x28 c:/sourcery_codebench_lite_for_arm_eabi/bin/../lib/gcc/arm-none-eabi/4.8.1/../../../../arm-none-eabi/lib\libc.a(lib_a-callocr.o)
 .debug_frame   0x0000206c       0x28 c:/sourcery_codebench_lite_for_arm_eabi/bin/../lib/gcc/arm-none-eabi/4.8.1/../../../../arm-none-eabi/lib\libc.a(lib_a-exit.o)
 .debug_frame   0x00002094       0x64 c:/sourcery_codebench_lite_for_arm_eabi/bin/../lib/gcc/arm-none-eabi/4.8.1/../../../../arm-none-eabi/lib\libc.a(lib_a-fflush.o)
 .debug_frame   0x000020f8      0x130 c:/sourcery_codebench_lite_for_arm_eabi/bin/../lib/gcc/arm-none-eabi/4.8.1/../../../../arm-none-eabi/lib\libc.a(lib_a-findfp.o)
 .debug_frame   0x00002228       0x54 c:/sourcery_codebench_lite_for_arm_eabi/bin/../lib/gcc/arm-none-eabi/4.8.1/../../../../arm-none-eabi/lib\libc.a(lib_a-fiprintf.o)
 .debug_frame   0x0000227c       0x40 c:/sourcery_codebench_lite_for_arm_eabi/bin/../lib/gcc/arm-none-eabi/4.8.1/../../../../arm-none-eabi/lib\libc.a(lib_a-fopen.o)
 .debug_frame   0x000022bc       0x50 c:/sourcery_codebench_lite_for_arm_eabi/bin/../lib/gcc/arm-none-eabi/4.8.1/../../../../arm-none-eabi/lib\libc.a(lib_a-freer.o)
 .debug_frame   0x0000230c       0x40 c:/sourcery_codebench_lite_for_arm_eabi/bin/../lib/gcc/arm-none-eabi/4.8.1/../../../../arm-none-eabi/lib\libc.a(lib_a-fseek.o)
 .debug_frame   0x0000234c       0x50 c:/sourcery_codebench_lite_for_arm_eabi/bin/../lib/gcc/arm-none-eabi/4.8.1/../../../../arm-none-eabi/lib\libc.a(lib_a-fseeko.o)
 .debug_frame   0x0000239c       0x2c c:/sourcery_codebench_lite_for_arm_eabi/bin/../lib/gcc/arm-none-eabi/4.8.1/../../../../arm-none-eabi/lib\libc.a(lib_a-fstatr.o)
 .debug_frame   0x000023c8       0x54 c:/sourcery_codebench_lite_for_arm_eabi/bin/../lib/gcc/arm-none-eabi/4.8.1/../../../../arm-none-eabi/lib\libc.a(lib_a-fwalk.o)
 .debug_frame   0x0000241c       0x50 c:/sourcery_codebench_lite_for_arm_eabi/bin/../lib/gcc/arm-none-eabi/4.8.1/../../../../arm-none-eabi/lib\libc.a(lib_a-fwrite.o)
 .debug_frame   0x0000246c       0x58 c:/sourcery_codebench_lite_for_arm_eabi/bin/../lib/gcc/arm-none-eabi/4.8.1/../../../../arm-none-eabi/lib\libc.a(lib_a-iprintf.o)
 .debug_frame   0x000024c4       0x28 c:/sourcery_codebench_lite_for_arm_eabi/bin/../lib/gcc/arm-none-eabi/4.8.1/../../../../arm-none-eabi/lib\libc.a(lib_a-lcltime_r.o)
 .debug_frame   0x000024ec       0x30 c:/sourcery_codebench_lite_for_arm_eabi/bin/../lib/gcc/arm-none-eabi/4.8.1/../../../../arm-none-eabi/lib\libc.a(lib_a-makebuf.o)
 .debug_frame   0x0000251c       0x40 c:/sourcery_codebench_lite_for_arm_eabi/bin/../lib/gcc/arm-none-eabi/4.8.1/../../../../arm-none-eabi/lib\libc.a(lib_a-malloc.o)
 .debug_frame   0x0000255c       0x38 c:/sourcery_codebench_lite_for_arm_eabi/bin/../lib/gcc/arm-none-eabi/4.8.1/../../../../arm-none-eabi/lib\libc.a(lib_a-mallocr.o)
 .debug_frame   0x00002594       0x28 c:/sourcery_codebench_lite_for_arm_eabi/bin/../lib/gcc/arm-none-eabi/4.8.1/../../../../arm-none-eabi/lib\libc.a(lib_a-memcmp.o)
 .debug_frame   0x000025bc       0x2c c:/sourcery_codebench_lite_for_arm_eabi/bin/../lib/gcc/arm-none-eabi/4.8.1/../../../../arm-none-eabi/lib\libc.a(lib_a-memcpy-stub.o)
 .debug_frame   0x000025e8       0x2c c:/sourcery_codebench_lite_for_arm_eabi/bin/../lib/gcc/arm-none-eabi/4.8.1/../../../../arm-none-eabi/lib\libc.a(lib_a-memset.o)
 .debug_frame   0x00002614       0x5c c:/sourcery_codebench_lite_for_arm_eabi/bin/../lib/gcc/arm-none-eabi/4.8.1/../../../../arm-none-eabi/lib\libc.a(lib_a-mktm_r.o)
 .debug_frame   0x00002670       0x30 c:/sourcery_codebench_lite_for_arm_eabi/bin/../lib/gcc/arm-none-eabi/4.8.1/../../../../arm-none-eabi/lib\libc.a(lib_a-mlock.o)
 .debug_frame   0x000026a0       0x2c c:/sourcery_codebench_lite_for_arm_eabi/bin/../lib/gcc/arm-none-eabi/4.8.1/../../../../arm-none-eabi/lib\libc.a(lib_a-openr.o)
 .debug_frame   0x000026cc       0x48 c:/sourcery_codebench_lite_for_arm_eabi/bin/../lib/gcc/arm-none-eabi/4.8.1/../../../../arm-none-eabi/lib\libc.a(lib_a-reent.o)
 .debug_frame   0x00002714       0x48 c:/sourcery_codebench_lite_for_arm_eabi/bin/../lib/gcc/arm-none-eabi/4.8.1/../../../../arm-none-eabi/lib\libc.a(lib_a-refill.o)
 .debug_frame   0x0000275c       0x3c c:/sourcery_codebench_lite_for_arm_eabi/bin/../lib/gcc/arm-none-eabi/4.8.1/../../../../arm-none-eabi/lib\libc.a(lib_a-rget.o)
 .debug_frame   0x00002798       0x2c c:/sourcery_codebench_lite_for_arm_eabi/bin/../lib/gcc/arm-none-eabi/4.8.1/../../../../arm-none-eabi/lib\libc.a(lib_a-sbrkr.o)
 .debug_frame   0x000027c4       0x28 c:/sourcery_codebench_lite_for_arm_eabi/bin/../lib/gcc/arm-none-eabi/4.8.1/../../../../arm-none-eabi/lib\libc.a(lib_a-setbuf.o)
 .debug_frame   0x000027ec       0x34 c:/sourcery_codebench_lite_for_arm_eabi/bin/../lib/gcc/arm-none-eabi/4.8.1/../../../../arm-none-eabi/lib\libc.a(lib_a-setvbuf.o)
 .debug_frame   0x00002820       0x60 c:/sourcery_codebench_lite_for_arm_eabi/bin/../lib/gcc/arm-none-eabi/4.8.1/../../../../arm-none-eabi/lib\libc.a(lib_a-siprintf.o)
 .debug_frame   0x00002880       0x5c c:/sourcery_codebench_lite_for_arm_eabi/bin/../lib/gcc/arm-none-eabi/4.8.1/../../../../arm-none-eabi/lib\libc.a(lib_a-sniprintf.o)
 .debug_frame   0x000028dc       0x88 c:/sourcery_codebench_lite_for_arm_eabi/bin/../lib/gcc/arm-none-eabi/4.8.1/../../../../arm-none-eabi/lib\libc.a(lib_a-stdio.o)
 .debug_frame   0x00002964       0x28 c:/sourcery_codebench_lite_for_arm_eabi/bin/../lib/gcc/arm-none-eabi/4.8.1/../../../../arm-none-eabi/lib\libc.a(lib_a-strdup.o)
 .debug_frame   0x0000298c       0x2c c:/sourcery_codebench_lite_for_arm_eabi/bin/../lib/gcc/arm-none-eabi/4.8.1/../../../../arm-none-eabi/lib\libc.a(lib_a-strdup_r.o)
 .debug_frame   0x000029b8       0x20 c:/sourcery_codebench_lite_for_arm_eabi/bin/../lib/gcc/arm-none-eabi/4.8.1/../../../../arm-none-eabi/lib\libc.a(lib_a-strlen.o)
 .debug_frame   0x000029d8       0x28 c:/sourcery_codebench_lite_for_arm_eabi/bin/../lib/gcc/arm-none-eabi/4.8.1/../../../../arm-none-eabi/lib\libc.a(lib_a-strtok.o)
 .debug_frame   0x00002a00       0x3c c:/sourcery_codebench_lite_for_arm_eabi/bin/../lib/gcc/arm-none-eabi/4.8.1/../../../../arm-none-eabi/lib\libc.a(lib_a-strtok_r.o)
 .debug_frame   0x00002a3c       0x50 c:/sourcery_codebench_lite_for_arm_eabi/bin/../lib/gcc/arm-none-eabi/4.8.1/../../../../arm-none-eabi/lib\libc.a(lib_a-strtol.o)
 .debug_frame   0x00002a8c       0x64 c:/sourcery_codebench_lite_for_arm_eabi/bin/../lib/gcc/arm-none-eabi/4.8.1/../../../../arm-none-eabi/lib\libc.a(lib_a-svfiprintf.o)
 .debug_frame   0x00002af0       0x28 c:/sourcery_codebench_lite_for_arm_eabi/bin/../lib/gcc/arm-none-eabi/4.8.1/../../../../arm-none-eabi/lib\libc.a(lib_a-sysgettod.o)
 .debug_frame   0x00002b18       0x30 c:/sourcery_codebench_lite_for_arm_eabi/bin/../lib/gcc/arm-none-eabi/4.8.1/../../../../arm-none-eabi/lib\libc.a(lib_a-tzlock.o)
 .debug_frame   0x00002b48       0xb8 c:/sourcery_codebench_lite_for_arm_eabi/bin/../lib/gcc/arm-none-eabi/4.8.1/../../../../arm-none-eabi/lib\libc.a(lib_a-vfiprintf.o)
 .debug_frame   0x00002c00       0x3c c:/sourcery_codebench_lite_for_arm_eabi/bin/../lib/gcc/arm-none-eabi/4.8.1/../../../../arm-none-eabi/lib\libc.a(lib_a-wbuf.o)
 .debug_frame   0x00002c3c       0x2c c:/sourcery_codebench_lite_for_arm_eabi/bin/../lib/gcc/arm-none-eabi/4.8.1/../../../../arm-none-eabi/lib\libc.a(lib_a-writer.o)
 .debug_frame   0x00002c68       0x2c c:/sourcery_codebench_lite_for_arm_eabi/bin/../lib/gcc/arm-none-eabi/4.8.1/../../../../arm-none-eabi/lib\libc.a(lib_a-wsetup.o)
 .debug_frame   0x00002c94       0x50 c:/sourcery_codebench_lite_for_arm_eabi/bin/../lib/gcc/arm-none-eabi/4.8.1/../../../../arm-none-eabi/lib\libc.a(lib_a-__call_atexit.o)
 .debug_frame   0x00002ce4       0x28 c:/sourcery_codebench_lite_for_arm_eabi/bin/../lib/gcc/arm-none-eabi/4.8.1/../../../../arm-none-eabi/lib\libc.a(lib_a-atexit.o)
 .debug_frame   0x00002d0c       0x2c c:/sourcery_codebench_lite_for_arm_eabi/bin/../lib/gcc/arm-none-eabi/4.8.1/../../../../arm-none-eabi/lib\libc.a(lib_a-closer.o)
 .debug_frame   0x00002d38       0x3c c:/sourcery_codebench_lite_for_arm_eabi/bin/../lib/gcc/arm-none-eabi/4.8.1/../../../../arm-none-eabi/lib\libc.a(lib_a-fclose.o)
 .debug_frame   0x00002d74       0x2c c:/sourcery_codebench_lite_for_arm_eabi/bin/../lib/gcc/arm-none-eabi/4.8.1/../../../../arm-none-eabi/lib\libc.a(lib_a-fini.o)
 .debug_frame   0x00002da0       0x28 c:/sourcery_codebench_lite_for_arm_eabi/bin/../lib/gcc/arm-none-eabi/4.8.1/../../../../arm-none-eabi/lib\libc.a(lib_a-flags.o)
 .debug_frame   0x00002dc8       0x50 c:/sourcery_codebench_lite_for_arm_eabi/bin/../lib/gcc/arm-none-eabi/4.8.1/../../../../arm-none-eabi/lib\libc.a(lib_a-fputwc.o)
 .debug_frame   0x00002e18       0x38 c:/sourcery_codebench_lite_for_arm_eabi/bin/../lib/gcc/arm-none-eabi/4.8.1/../../../../arm-none-eabi/lib\libc.a(lib_a-fvwrite.o)
 .debug_frame   0x00002e50       0x2c c:/sourcery_codebench_lite_for_arm_eabi/bin/../lib/gcc/arm-none-eabi/4.8.1/../../../../arm-none-eabi/lib\libc.a(lib_a-gettimeofdayr.o)
 .debug_frame   0x00002e7c       0x20 c:/sourcery_codebench_lite_for_arm_eabi/bin/../lib/gcc/arm-none-eabi/4.8.1/../../../../arm-none-eabi/lib\libc.a(lib_a-gettzinfo.o)
 .debug_frame   0x00002e9c       0x2c c:/sourcery_codebench_lite_for_arm_eabi/bin/../lib/gcc/arm-none-eabi/4.8.1/../../../../arm-none-eabi/lib\libc.a(lib_a-isattyr.o)
 .debug_frame   0x00002ec8       0x98 c:/sourcery_codebench_lite_for_arm_eabi/bin/../lib/gcc/arm-none-eabi/4.8.1/../../../../arm-none-eabi/lib\libc.a(lib_a-locale.o)
 .debug_frame   0x00002f60       0x2c c:/sourcery_codebench_lite_for_arm_eabi/bin/../lib/gcc/arm-none-eabi/4.8.1/../../../../arm-none-eabi/lib\libc.a(lib_a-lseekr.o)
 .debug_frame   0x00002f8c       0x2c c:/sourcery_codebench_lite_for_arm_eabi/bin/../lib/gcc/arm-none-eabi/4.8.1/../../../../arm-none-eabi/lib\libc.a(lib_a-memchr-stub.o)
 .debug_frame   0x00002fb8       0x2c c:/sourcery_codebench_lite_for_arm_eabi/bin/../lib/gcc/arm-none-eabi/4.8.1/../../../../arm-none-eabi/lib\libc.a(lib_a-memmove.o)