Archive member included because of file (symbol)

../../lib/jpeg-6b\libjpeg-6b_lpc2106-cmucam3.a(jcapimin.o)
                              lpc2106-cmucam3_buildfiles/main.o (jpeg_CreateCompress)
../../lib/jpeg-6b\libjpeg-6b_lpc2106-cmucam3.a(jcapistd.o)
                              lpc2106-cmucam3_buildfiles/main.o (jpeg_start_compress)
../../lib/jpeg-6b\libjpeg-6b_lpc2106-cmucam3.a(jcinit.o)
                              ../../lib/jpeg-6b\libjpeg-6b_lpc2106-cmucam3.a(jcapistd.o) (jinit_compress_master)
../../lib/jpeg-6b\libjpeg-6b_lpc2106-cmucam3.a(jcmainct.o)
                              ../../lib/jpeg-6b\libjpeg-6b_lpc2106-cmucam3.a(jcinit.o) (jinit_c_main_controller)
../../lib/jpeg-6b\libjpeg-6b_lpc2106-cmucam3.a(jcmarker.o)
                              ../../lib/jpeg-6b\libjpeg-6b_lpc2106-cmucam3.a(jcapimin.o) (jinit_marker_writer)
../../lib/jpeg-6b\libjpeg-6b_lpc2106-cmucam3.a(jcmaster.o)
                              ../../lib/jpeg-6b\libjpeg-6b_lpc2106-cmucam3.a(jcinit.o) (jinit_c_master_control)
../../lib/jpeg-6b\libjpeg-6b_lpc2106-cmucam3.a(jcomapi.o)
                              ../../lib/jpeg-6b\libjpeg-6b_lpc2106-cmucam3.a(jcapimin.o) (jpeg_abort)
../../lib/jpeg-6b\libjpeg-6b_lpc2106-cmucam3.a(jcparam.o)
                              lpc2106-cmucam3_buildfiles/main.o (jpeg_set_quality)
../../lib/jpeg-6b\libjpeg-6b_lpc2106-cmucam3.a(jcprepct.o)
                              ../../lib/jpeg-6b\libjpeg-6b_lpc2106-cmucam3.a(jcinit.o) (jinit_c_prep_controller)
../../lib/jpeg-6b\libjpeg-6b_lpc2106-cmucam3.a(jcsample.o)
                              ../../lib/jpeg-6b\libjpeg-6b_lpc2106-cmucam3.a(jcinit.o) (jinit_downsampler)
../../lib/jpeg-6b\libjpeg-6b_lpc2106-cmucam3.a(jdatadst.o)
                              lpc2106-cmucam3_buildfiles/main.o (jpeg_stdio_dest)
../../lib/jpeg-6b\libjpeg-6b_lpc2106-cmucam3.a(jerror.o)
                              lpc2106-cmucam3_buildfiles/main.o (jpeg_std_error)
../../lib/jpeg-6b\libjpeg-6b_lpc2106-cmucam3.a(jutils.o)
                              ../../lib/jpeg-6b\libjpeg-6b_lpc2106-cmucam3.a(jcmaster.o) (jdiv_round_up)
../../lib/jpeg-6b\libjpeg-6b_lpc2106-cmucam3.a(jmemmgr.o)
                              ../../lib/jpeg-6b\libjpeg-6b_lpc2106-cmucam3.a(jcapimin.o) (jinit_memory_mgr)
../../lib/jpeg-6b\libjpeg-6b_lpc2106-cmucam3.a(jmemnobs.o)
                              ../../lib/jpeg-6b\libjpeg-6b_lpc2106-cmucam3.a(jmemmgr.o) (jpeg_get_small)
../../lib/jpeg-6b\libjpeg-6b_lpc2106-cmucam3.a(jccoefct.o)
                              ../../lib/jpeg-6b\libjpeg-6b_lpc2106-cmucam3.a(jcinit.o) (jinit_c_coef_controller)
../../lib/jpeg-6b\libjpeg-6b_lpc2106-cmucam3.a(jccolor.o)
                              ../../lib/jpeg-6b\libjpeg-6b_lpc2106-cmucam3.a(jcinit.o) (jinit_color_converter)
../../lib/jpeg-6b\libjpeg-6b_lpc2106-cmucam3.a(jcdctmgr.o)
                              ../../lib/jpeg-6b\libjpeg-6b_lpc2106-cmucam3.a(jcinit.o) (jinit_forward_dct)
../../lib/jpeg-6b\libjpeg-6b_lpc2106-cmucam3.a(jchuff.o)
                              ../../lib/jpeg-6b\libjpeg-6b_lpc2106-cmucam3.a(jcinit.o) (jinit_huff_encoder)
../../lib/jpeg-6b\libjpeg-6b_lpc2106-cmucam3.a(jfdctint.o)
                              ../../lib/jpeg-6b\libjpeg-6b_lpc2106-cmucam3.a(jcdctmgr.o) (jpeg_fdct_islow)
../../hal/lpc2106-cmucam3\libhal-lpc2106-cmucam3.a(interrupt.o)
                              (--whole-archive)
../../hal/lpc2106-cmucam3\libhal-lpc2106-cmucam3.a(cc3.o)
                              (--whole-archive)
../../hal/lpc2106-cmucam3\libhal-lpc2106-cmucam3.a(cc3_hal.o)
                              (--whole-archive)
../../hal/lpc2106-cmucam3\libhal-lpc2106-cmucam3.a(syscalls.o)
                              (--whole-archive)
../../hal/lpc2106-cmucam3\libhal-lpc2106-cmucam3.a(serial.o)
                              (--whole-archive)
../../hal/lpc2106-cmucam3\libhal-lpc2106-cmucam3.a(servo.o)
                              (--whole-archive)
../../hal/lpc2106-cmucam3\libhal-lpc2106-cmucam3.a(rdcf2.o)
                              (--whole-archive)
../../hal/lpc2106-cmucam3\libhal-lpc2106-cmucam3.a(mmc_hardware.o)
                              (--whole-archive)
../../hal/lpc2106-cmucam3\libhal-lpc2106-cmucam3.a(mmc_driver.o)
                              (--whole-archive)
../../hal/lpc2106-cmucam3\libhal-lpc2106-cmucam3.a(gpio.o)
                              (--whole-archive)
../../hal/lpc2106-cmucam3\libhal-lpc2106-cmucam3.a(devices.o)
                              (--whole-archive)
../../hal/lpc2106-cmucam3\libhal-lpc2106-cmucam3.a(uart_driver.o)
                              (--whole-archive)
../../hal/lpc2106-cmucam3\libhal-lpc2106-cmucam3.a(startup.o)
                              (--whole-archive)
c:/sourcery_codebench_lite_for_arm_eabi/bin/../lib/gcc/arm-none-eabi/4.8.1\libgcc.a(_udivsi3.o)
                              ../../lib/jpeg-6b\libjpeg-6b_lpc2106-cmucam3.a(jmemmgr.o) (__aeabi_uidiv)
[...]
Memory Configuration

Name             Origin             Length             Attributes
ROM              0x00000000         0x0001e000         xr
RAM              0x40000000         0x00010000         rw
*default*        0x00000000         0xffffffff

Linker script and memory map

LOAD c:/sourcery_codebench_lite_for_arm_eabi/bin/../lib/gcc/arm-none-eabi/4.8.1/crti.o
LOAD c:/sourcery_codebench_lite_for_arm_eabi/bin/../lib/gcc/arm-none-eabi/4.8.1/crtbegin.o
LOAD lpc2106-cmucam3_buildfiles/main.o
LOAD ../../lib/jpeg-6b\libjpeg-6b_lpc2106-cmucam3.a
LOAD ../../hal/lpc2106-cmucam3\libhal-lpc2106-cmucam3.a
LOAD c:/sourcery_codebench_lite_for_arm_eabi/bin/../lib/gcc/arm-none-eabi/4.8.1/../../../../arm-none-eabi/lib\libm.a
START GROUP
LOAD c:/sourcery_codebench_lite_for_arm_eabi/bin/../lib/gcc/arm-none-eabi/4.8.1\libgcc.a
LOAD c:/sourcery_codebench_lite_for_arm_eabi/bin/../lib/gcc/arm-none-eabi/4.8.1/../../../../arm-none-eabi/lib\libc.a
END GROUP
LOAD c:/sourcery_codebench_lite_for_arm_eabi/bin/../lib/gcc/arm-none-eabi/4.8.1/crtend.o
LOAD c:/sourcery_codebench_lite_for_arm_eabi/bin/../lib/gcc/arm-none-eabi/4.8.1/crtn.o
                0x00002400                STACK_SIZE = 0x2400

.text           0x00000000    0x14a44
 *(.boot)
 .boot          0x00000000      0x140 ../../hal/lpc2106-cmucam3\libhal-lpc2106-cmucam3.a(startup.o)
                0x00000000                _boot
                0x0000006c                _start
                0x0000006c                start
                0x0000006c                _mainCRTStartup
 *(.text .text.* .gnu.linkonce.t.*)
 .text          0x00000140      0x128 c:/sourcery_codebench_lite_for_arm_eabi/bin/../lib/gcc/arm-none-eabi/4.8.1/crtbegin.o
 .text.startup.main
                0x00000268      0x248 lpc2106-cmucam3_buildfiles/main.o
                0x00000268                main
 .text.jpeg_CreateCompress
                0x000004b0      0x114 ../../lib/jpeg-6b\libjpeg-6b_lpc2106-cmucam3.a(jcapimin.o)
                0x000004b0                jpeg_CreateCompress
 .text.jpeg_suppress_tables
                0x000005c4       0x4c ../../lib/jpeg-6b\libjpeg-6b_lpc2106-cmucam3.a(jcapimin.o)
                0x000005c4                jpeg_suppress_tables
 .text.jpeg_finish_compress
                0x00000610      0x18c ../../lib/jpeg-6b\libjpeg-6b_lpc2106-cmucam3.a(jcapimin.o)
                0x00000610                jpeg_finish_compress
 .text.jpeg_start_compress
                0x0000079c       0xb8 ../../lib/jpeg-6b\libjpeg-6b_lpc2106-cmucam3.a(jcapistd.o)
                0x0000079c                jpeg_start_compress
 .text.jpeg_write_scanlines
                0x00000854      0x114 ../../lib/jpeg-6b\libjpeg-6b_lpc2106-cmucam3.a(jcapistd.o)
                0x00000854                jpeg_write_scanlines
 .text.jinit_compress_master
                0x00000968      0x10c ../../lib/jpeg-6b\libjpeg-6b_lpc2106-cmucam3.a(jcinit.o)
                0x00000968                jinit_compress_master
 .text.process_data_simple_main
                0x00000a74      0x114 ../../lib/jpeg-6b\libjpeg-6b_lpc2106-cmucam3.a(jcmainct.o)
 .text.start_pass_main
                0x00000b88       0x60 ../../lib/jpeg-6b\libjpeg-6b_lpc2106-cmucam3.a(jcmainct.o)
 .text.jinit_c_main_controller
                0x00000be8       0xcc ../../lib/jpeg-6b\libjpeg-6b_lpc2106-cmucam3.a(jcmainct.o)
                0x00000be8                jinit_c_main_controller
 .text.emit_byte
                0x00000cb4       0x70 ../../lib/jpeg-6b\libjpeg-6b_lpc2106-cmucam3.a(jcmarker.o)
 .text.emit_2bytes
                0x00000d24       0x28 ../../lib/jpeg-6b\libjpeg-6b_lpc2106-cmucam3.a(jcmarker.o)
 .text.emit_dqt
                0x00000d4c      0x10c ../../lib/jpeg-6b\libjpeg-6b_lpc2106-cmucam3.a(jcmarker.o)
 .text.emit_dht
                0x00000e58      0x104 ../../lib/jpeg-6b\libjpeg-6b_lpc2106-cmucam3.a(jcmarker.o)
 .text.emit_sof
                0x00000f5c      0x110 ../../lib/jpeg-6b\libjpeg-6b_lpc2106-cmucam3.a(jcmarker.o)
 .text.write_frame_header
                0x0000106c      0x154 ../../lib/jpeg-6b\libjpeg-6b_lpc2106-cmucam3.a(jcmarker.o)
 .text.write_scan_header
                0x000011c0      0x1e4 ../../lib/jpeg-6b\libjpeg-6b_lpc2106-cmucam3.a(jcmarker.o)
 .text.write_marker_header
                0x000013a4       0x60 ../../lib/jpeg-6b\libjpeg-6b_lpc2106-cmucam3.a(jcmarker.o)
 .text.write_marker_byte
                0x00001404        0x4 ../../lib/jpeg-6b\libjpeg-6b_lpc2106-cmucam3.a(jcmarker.o)
 .text.write_file_header
                0x00001408      0x1c8 ../../lib/jpeg-6b\libjpeg-6b_lpc2106-cmucam3.a(jcmarker.o)
 .text.write_file_trailer
                0x000015d0       0x20 ../../lib/jpeg-6b\libjpeg-6b_lpc2106-cmucam3.a(jcmarker.o)
 .text.write_tables_only
                0x000015f0       0xb4 ../../lib/jpeg-6b\libjpeg-6b_lpc2106-cmucam3.a(jcmarker.o)
 .text.jinit_marker_writer
                0x000016a4       0x88 ../../lib/jpeg-6b\libjpeg-6b_lpc2106-cmucam3.a(jcmarker.o)
                0x000016a4                jinit_marker_writer
 .text.select_scan_parameters
                0x0000172c       0x94 ../../lib/jpeg-6b\libjpeg-6b_lpc2106-cmucam3.a(jcmaster.o)
 .text.pass_startup
                0x000017c0       0x40 ../../lib/jpeg-6b\libjpeg-6b_lpc2106-cmucam3.a(jcmaster.o)
 .text.finish_pass_master
                0x00001800       0x88 ../../lib/jpeg-6b\libjpeg-6b_lpc2106-cmucam3.a(jcmaster.o)
 .text.per_scan_setup
                0x00001888      0x200 ../../lib/jpeg-6b\libjpeg-6b_lpc2106-cmucam3.a(jcmaster.o)
 .text.prepare_for_pass
                0x00001a88      0x1d8 ../../lib/jpeg-6b\libjpeg-6b_lpc2106-cmucam3.a(jcmaster.o)
 .text.jinit_c_master_control
                0x00001c60      0x38c ../../lib/jpeg-6b\libjpeg-6b_lpc2106-cmucam3.a(jcmaster.o)
                0x00001c60                jinit_c_master_control
 .text.jpeg_abort
                0x00001fec       0x4c ../../lib/jpeg-6b\libjpeg-6b_lpc2106-cmucam3.a(jcomapi.o)
                0x00001fec                jpeg_abort
 .text.jpeg_destroy
                0x00002038       0x30 ../../lib/jpeg-6b\libjpeg-6b_lpc2106-cmucam3.a(jcomapi.o)
                0x00002038                jpeg_destroy
 .text.jpeg_alloc_quant_table
                0x00002068       0x2c ../../lib/jpeg-6b\libjpeg-6b_lpc2106-cmucam3.a(jcomapi.o)
                0x00002068                jpeg_alloc_quant_table
 .text.jpeg_alloc_huff_table
                0x00002094       0x2c ../../lib/jpeg-6b\libjpeg-6b_lpc2106-cmucam3.a(jcomapi.o)
                0x00002094                jpeg_alloc_huff_table
 .text.add_huff_table
                0x000020c0       0xb0 ../../lib/jpeg-6b\libjpeg-6b_lpc2106-cmucam3.a(jcparam.o)
 .text.jpeg_add_quant_table
                0x00002170      0x138 ../../lib/jpeg-6b\libjpeg-6b_lpc2106-cmucam3.a(jcparam.o)
                0x00002170                jpeg_add_quant_table
 .text.jpeg_set_linear_quality
                0x000022a8       0x54 ../../lib/jpeg-6b\libjpeg-6b_lpc2106-cmucam3.a(jcparam.o)
                0x000022a8                jpeg_set_linear_quality
 .text.jpeg_set_quality
                0x000022fc       0x7c ../../lib/jpeg-6b\libjpeg-6b_lpc2106-cmucam3.a(jcparam.o)
                0x000022fc                jpeg_set_quality
 .text.jpeg_set_colorspace
                0x00002378      0x350 ../../lib/jpeg-6b\libjpeg-6b_lpc2106-cmucam3.a(jcparam.o)
                0x00002378                jpeg_set_colorspace
 .text.jpeg_default_colorspace
                0x000026c8       0x88 ../../lib/jpeg-6b\libjpeg-6b_lpc2106-cmucam3.a(jcparam.o)
                0x000026c8                jpeg_default_colorspace
 .text.jpeg_set_defaults
                0x00002750      0x17c ../../lib/jpeg-6b\libjpeg-6b_lpc2106-cmucam3.a(jcparam.o)
                0x00002750                jpeg_set_defaults
 .text.start_pass_prep
                0x000028cc       0x40 ../../lib/jpeg-6b\libjpeg-6b_lpc2106-cmucam3.a(jcprepct.o)
 .text.pre_process_data
                0x0000290c      0x28c ../../lib/jpeg-6b\libjpeg-6b_lpc2106-cmucam3.a(jcprepct.o)
 .text.jinit_c_prep_controller
                0x00002b98      0x108 ../../lib/jpeg-6b\libjpeg-6b_lpc2106-cmucam3.a(jcprepct.o)
                0x00002b98                jinit_c_prep_controller
 .text.start_pass_downsample
                0x00002ca0        0x4 ../../lib/jpeg-6b\libjpeg-6b_lpc2106-cmucam3.a(jcsample.o)
 .text.sep_downsample
                0x00002ca4       0x7c ../../lib/jpeg-6b\libjpeg-6b_lpc2106-cmucam3.a(jcsample.o)
 .text.int_downsample
                0x00002d20      0x1b4 ../../lib/jpeg-6b\libjpeg-6b_lpc2106-cmucam3.a(jcsample.o)
 .text.h2v1_downsample
                0x00002ed4       0xc4 ../../lib/jpeg-6b\libjpeg-6b_lpc2106-cmucam3.a(jcsample.o)
 .text.h2v2_downsample
                0x00002f98       0xdc ../../lib/jpeg-6b\libjpeg-6b_lpc2106-cmucam3.a(jcsample.o)
 .text.fullsize_downsample
                0x00003074       0x90 ../../lib/jpeg-6b\libjpeg-6b_lpc2106-cmucam3.a(jcsample.o)
 .text.jinit_downsampler
                0x00003104      0x15c ../../lib/jpeg-6b\libjpeg-6b_lpc2106-cmucam3.a(jcsample.o)
                0x00003104                jinit_downsampler
 .text.init_destination
                0x00003260       0x34 ../../lib/jpeg-6b\libjpeg-6b_lpc2106-cmucam3.a(jdatadst.o)
 .text.empty_output_buffer
                0x00003294       0x5c ../../lib/jpeg-6b\libjpeg-6b_lpc2106-cmucam3.a(jdatadst.o)
 .text.term_destination
                0x000032f0       0x90 ../../lib/jpeg-6b\libjpeg-6b_lpc2106-cmucam3.a(jdatadst.o)
 .text.jpeg_stdio_dest
                0x00003380       0x6c ../../lib/jpeg-6b\libjpeg-6b_lpc2106-cmucam3.a(jdatadst.o)
                0x00003380                jpeg_stdio_dest
 .text.emit_message
                0x000033ec       0x78 ../../lib/jpeg-6b\libjpeg-6b_lpc2106-cmucam3.a(jerror.o)
 .text.reset_error_mgr
                0x00003464       0x14 ../../lib/jpeg-6b\libjpeg-6b_lpc2106-cmucam3.a(jerror.o)
 .text.format_message
                0x00003478      0x100 ../../lib/jpeg-6b\libjpeg-6b_lpc2106-cmucam3.a(jerror.o)
 .text.output_message
                0x00003578       0x48 ../../lib/jpeg-6b\libjpeg-6b_lpc2106-cmucam3.a(jerror.o)
 .text.error_exit
                0x000035c0       0x28 ../../lib/jpeg-6b\libjpeg-6b_lpc2106-cmucam3.a(jerror.o)
 .text.jpeg_std_error
                0x000035e8       0x78 ../../lib/jpeg-6b\libjpeg-6b_lpc2106-cmucam3.a(jerror.o)
                0x000035e8                jpeg_std_error
 .text.jdiv_round_up
                0x00003660       0x18 ../../lib/jpeg-6b\libjpeg-6b_lpc2106-cmucam3.a(jutils.o)
                0x00003660                jdiv_round_up
 .text.jcopy_sample_rows
                0x00003678       0x3c ../../lib/jpeg-6b\libjpeg-6b_lpc2106-cmucam3.a(jutils.o)
                0x00003678                jcopy_sample_rows
 .text.jzero_far
                0x000036b4       0x18 ../../lib/jpeg-6b\libjpeg-6b_lpc2106-cmucam3.a(jutils.o)
                0x000036b4                jzero_far
 .text.do_barray_io
                0x000036cc      0x124 ../../lib/jpeg-6b\libjpeg-6b_lpc2106-cmucam3.a(jmemmgr.o)
 .text.alloc_small
                0x000037f0      0x1a4 ../../lib/jpeg-6b\libjpeg-6b_lpc2106-cmucam3.a(jmemmgr.o)
 .text.request_virt_barray
                0x00003994       0x88 ../../lib/jpeg-6b\libjpeg-6b_lpc2106-cmucam3.a(jmemmgr.o)
 .text.request_virt_sarray
                0x00003a1c       0x88 ../../lib/jpeg-6b\libjpeg-6b_lpc2106-cmucam3.a(jmemmgr.o)
 .text.free_pool
                0x00003aa4      0x198 ../../lib/jpeg-6b\libjpeg-6b_lpc2106-cmucam3.a(jmemmgr.o)
 .text.self_destruct
                0x00003c3c       0x44 ../../lib/jpeg-6b\libjpeg-6b_lpc2106-cmucam3.a(jmemmgr.o)
 .text.access_virt_barray
                0x00003c80      0x1f4 ../../lib/jpeg-6b\libjpeg-6b_lpc2106-cmucam3.a(jmemmgr.o)
 .text.alloc_large
                0x00003e74       0xf8 ../../lib/jpeg-6b\libjpeg-6b_lpc2106-cmucam3.a(jmemmgr.o)
 .text.alloc_barray
                0x00003f6c       0xd0 ../../lib/jpeg-6b\libjpeg-6b_lpc2106-cmucam3.a(jmemmgr.o)
 .text.alloc_sarray
                0x0000403c       0xd0 ../../lib/jpeg-6b\libjpeg-6b_lpc2106-cmucam3.a(jmemmgr.o)
 .text.realize_virt_arrays
                0x0000410c      0x25c ../../lib/jpeg-6b\libjpeg-6b_lpc2106-cmucam3.a(jmemmgr.o)
 .text.access_virt_sarray
                0x00004368      0x3f8 ../../lib/jpeg-6b\libjpeg-6b_lpc2106-cmucam3.a(jmemmgr.o)
 .text.jinit_memory_mgr
                0x00004760      0x120 ../../lib/jpeg-6b\libjpeg-6b_lpc2106-cmucam3.a(jmemmgr.o)
                0x00004760                jinit_memory_mgr
 .text.jpeg_get_small
                0x00004880       0x14 ../../lib/jpeg-6b\libjpeg-6b_lpc2106-cmucam3.a(jmemnobs.o)
                0x00004880                jpeg_get_small
 .text.jpeg_free_small
                0x00004894       0x14 ../../lib/jpeg-6b\libjpeg-6b_lpc2106-cmucam3.a(jmemnobs.o)
                0x00004894                jpeg_free_small
 .text.jpeg_get_large
                0x000048a8       0x14 ../../lib/jpeg-6b\libjpeg-6b_lpc2106-cmucam3.a(jmemnobs.o)
                0x000048a8                jpeg_get_large
 .text.jpeg_free_large
                0x000048bc       0x14 ../../lib/jpeg-6b\libjpeg-6b_lpc2106-cmucam3.a(jmemnobs.o)
                0x000048bc                jpeg_free_large
 .text.jpeg_mem_available
                0x000048d0        0x8 ../../lib/jpeg-6b\libjpeg-6b_lpc2106-cmucam3.a(jmemnobs.o)
                0x000048d0                jpeg_mem_available
 .text.jpeg_open_backing_store
                0x000048d8       0x24 ../../lib/jpeg-6b\libjpeg-6b_lpc2106-cmucam3.a(jmemnobs.o)
                0x000048d8                jpeg_open_backing_store
 .text.jpeg_mem_init
                0x000048fc        0x8 ../../lib/jpeg-6b\libjpeg-6b_lpc2106-cmucam3.a(jmemnobs.o)
                0x000048fc                jpeg_mem_init
 .text.jpeg_mem_term
                0x00004904        0x4 ../../lib/jpeg-6b\libjpeg-6b_lpc2106-cmucam3.a(jmemnobs.o)
                0x00004904                jpeg_mem_term
 .text.start_iMCU_row
                0x00004908       0x4c ../../lib/jpeg-6b\libjpeg-6b_lpc2106-cmucam3.a(jccoefct.o)
 .text.compress_data
                0x00004954      0x2c8 ../../lib/jpeg-6b\libjpeg-6b_lpc2106-cmucam3.a(jccoefct.o)
 .text.start_pass_coef
                0x00004c1c       0x84 ../../lib/jpeg-6b\libjpeg-6b_lpc2106-cmucam3.a(jccoefct.o)
 .text.jinit_c_coef_controller
                0x00004ca0       0xb0 ../../lib/jpeg-6b\libjpeg-6b_lpc2106-cmucam3.a(jccoefct.o)
                0x00004ca0                jinit_c_coef_controller
 .text.rgb_ycc_start
                0x00004d50      0x12c ../../lib/jpeg-6b\libjpeg-6b_lpc2106-cmucam3.a(jccolor.o)
 .text.rgb_ycc_convert
                0x00004e7c      0x11c ../../lib/jpeg-6b\libjpeg-6b_lpc2106-cmucam3.a(jccolor.o)
 .text.rgb_gray_convert
                0x00004f98       0x8c ../../lib/jpeg-6b\libjpeg-6b_lpc2106-cmucam3.a(jccolor.o)
 .text.cmyk_ycck_convert
                0x00005024      0x144 ../../lib/jpeg-6b\libjpeg-6b_lpc2106-cmucam3.a(jccolor.o)
 .text.grayscale_convert
                0x00005168       0x5c ../../lib/jpeg-6b\libjpeg-6b_lpc2106-cmucam3.a(jccolor.o)
 .text.null_convert
                0x000051c4       0x80 ../../lib/jpeg-6b\libjpeg-6b_lpc2106-cmucam3.a(jccolor.o)
 .text.null_method
                0x00005244        0x4 ../../lib/jpeg-6b\libjpeg-6b_lpc2106-cmucam3.a(jccolor.o)
 .text.jinit_color_converter
                0x00005248      0x2cc ../../lib/jpeg-6b\libjpeg-6b_lpc2106-cmucam3.a(jccolor.o)
                0x00005248                jinit_color_converter
 .text.start_pass_fdctmgr
                0x00005514      0x110 ../../lib/jpeg-6b\libjpeg-6b_lpc2106-cmucam3.a(jcdctmgr.o)
 .text.forward_DCT
                0x00005624      0x178 ../../lib/jpeg-6b\libjpeg-6b_lpc2106-cmucam3.a(jcdctmgr.o)
 .text.jinit_forward_dct
                0x0000579c       0x90 ../../lib/jpeg-6b\libjpeg-6b_lpc2106-cmucam3.a(jcdctmgr.o)
                0x0000579c                jinit_forward_dct
 .text.finish_pass_huff
                0x0000582c      0x168 ../../lib/jpeg-6b\libjpeg-6b_lpc2106-cmucam3.a(jchuff.o)
 .text.encode_mcu_huff
                0x00005994      0x9fc ../../lib/jpeg-6b\libjpeg-6b_lpc2106-cmucam3.a(jchuff.o)
 .text.jpeg_make_c_derived_tbl
                0x00006390      0x2e0 ../../lib/jpeg-6b\libjpeg-6b_lpc2106-cmucam3.a(jchuff.o)
                0x00006390                jpeg_make_c_derived_tbl
 .text.start_pass_huff
                0x00006670       0xe0 ../../lib/jpeg-6b\libjpeg-6b_lpc2106-cmucam3.a(jchuff.o)
 .text.jinit_huff_encoder
                0x00006750       0x5c ../../lib/jpeg-6b\libjpeg-6b_lpc2106-cmucam3.a(jchuff.o)
                0x00006750                jinit_huff_encoder
 .text.jpeg_fdct_islow
                0x000067ac      0x4bc ../../lib/jpeg-6b\libjpeg-6b_lpc2106-cmucam3.a(jfdctint.o)
                0x000067ac                jpeg_fdct_islow
 .text.panic_blink
                0x00006c68       0x6c ../../hal/lpc2106-cmucam3\libhal-lpc2106-cmucam3.a(interrupt.o)
 .text.enable_ext_interrupt
                0x00006cd4       0x20 ../../hal/lpc2106-cmucam3\libhal-lpc2106-cmucam3.a(interrupt.o)
                0x00006cd4                enable_ext_interrupt
 .text.enable_button_interrupt
                0x00006cf4       0x28 ../../hal/lpc2106-cmucam3\libhal-lpc2106-cmucam3.a(interrupt.o)
                0x00006cf4                enable_button_interrupt
 .text.disable_button_interrupt
                0x00006d1c       0x34 ../../hal/lpc2106-cmucam3\libhal-lpc2106-cmucam3.a(interrupt.o)
                0x00006d1c                disable_button_interrupt
 .text.interrupt
                0x00006d50       0xc4 ../../hal/lpc2106-cmucam3\libhal-lpc2106-cmucam3.a(interrupt.o)
                0x00006d50                interrupt
 .text.swi      0x00006e14       0x18 ../../hal/lpc2106-cmucam3\libhal-lpc2106-cmucam3.a(interrupt.o)
                0x00006e14                swi
 .text.undefined
                0x00006e2c        0xc ../../hal/lpc2106-cmucam3\libhal-lpc2106-cmucam3.a(interrupt.o)
                0x00006e2c                undefined
 .text.prefetch_abort
                0x00006e38       0x24 ../../hal/lpc2106-cmucam3\libhal-lpc2106-cmucam3.a(interrupt.o)
                0x00006e38                prefetch_abort
 .text.data_abort
                0x00006e5c       0x24 ../../hal/lpc2106-cmucam3\libhal-lpc2106-cmucam3.a(interrupt.o)
                0x00006e5c                data_abort
 .text.cc3_pixbuf_rewind
                0x00006e80       0x80 ../../hal/lpc2106-cmucam3\libhal-lpc2106-cmucam3.a(cc3.o)
                0x00006e80                cc3_pixbuf_rewind
 .text.cc3_pixbuf_load
                0x00006f00       0xa4 ../../hal/lpc2106-cmucam3\libhal-lpc2106-cmucam3.a(cc3.o)
                0x00006f00                cc3_pixbuf_load
 .text.cc3_led_set_state
                0x00006fa4       0x8c ../../hal/lpc2106-cmucam3\libhal-lpc2106-cmucam3.a(cc3.o)
                0x00006fa4                cc3_led_set_state
 .text.cc3_malloc_rows
                0x00007030       0x28 ../../hal/lpc2106-cmucam3\libhal-lpc2106-cmucam3.a(cc3.o)
                0x00007030                cc3_malloc_rows
 .text.cc3_pixbuf_read_rows
                0x00007058      0x630 ../../hal/lpc2106-cmucam3\libhal-lpc2106-cmucam3.a(cc3.o)
                0x00007058                cc3_pixbuf_read_rows
 .text.cc3_timer_wait_ms
                0x00007688       0x20 ../../hal/lpc2106-cmucam3\libhal-lpc2106-cmucam3.a(cc3.o)
                0x00007688                cc3_timer_wait_ms
 .text.cc3_pixbuf_frame_reset
                0x000076a8       0x58 ../../hal/lpc2106-cmucam3\libhal-lpc2106-cmucam3.a(cc3.o)
                0x000076a8                cc3_pixbuf_frame_reset
 .text.cc3_camera_set_raw_register
                0x00007700      0x180 ../../hal/lpc2106-cmucam3\libhal-lpc2106-cmucam3.a(cc3.o)
                0x00007700                cc3_camera_set_raw_register
 .text._cc3_set_register_state
                0x00007880      0x148 ../../hal/lpc2106-cmucam3\libhal-lpc2106-cmucam3.a(cc3.o)
 .text.cc3_camera_init
                0x000079c8       0x88 ../../hal/lpc2106-cmucam3\libhal-lpc2106-cmucam3.a(cc3.o)
                0x000079c8                cc3_camera_init
 .text.cc3_camera_set_resolution
                0x00007a50       0x10 ../../hal/lpc2106-cmucam3\libhal-lpc2106-cmucam3.a(cc3.o)
                0x00007a50                cc3_camera_set_resolution
 .text.cc3_button_get_state
                0x00007a60       0x30 ../../hal/lpc2106-cmucam3\libhal-lpc2106-cmucam3.a(cc3.o)
                0x00007a60                cc3_button_get_state
 .text._cc3_system_setup
                0x00007a90       0xa8 ../../hal/lpc2106-cmucam3\libhal-lpc2106-cmucam3.a(cc3_hal.o)
                0x00007a90                _cc3_system_setup
 .text._cc3_delay_us_4
                0x00007b38       0x60 ../../hal/lpc2106-cmucam3\libhal-lpc2106-cmucam3.a(cc3_hal.o)
                0x00007b38                _cc3_delay_us_4
 .text._cc3_camera_reset
                0x00007b98       0x38 ../../hal/lpc2106-cmucam3\libhal-lpc2106-cmucam3.a(cc3_hal.o)
                0x00007b98                _cc3_camera_reset
 .text._cc3_fifo_reset
                0x00007bd0       0x60 ../../hal/lpc2106-cmucam3\libhal-lpc2106-cmucam3.a(cc3_hal.o)
                0x00007bd0                _cc3_fifo_reset
 .text._cc3_delay_sccb
                0x00007c30       0x38 ../../hal/lpc2106-cmucam3\libhal-lpc2106-cmucam3.a(cc3_hal.o)
                0x00007c30                _cc3_delay_sccb
 .text._cc3_pixbuf_write_rewind
                0x00007c68       0x30 ../../hal/lpc2106-cmucam3\libhal-lpc2106-cmucam3.a(cc3_hal.o)
                0x00007c68                _cc3_pixbuf_write_rewind
 .text.normalize_filename
                0x00007c98       0x60 ../../hal/lpc2106-cmucam3\libhal-lpc2106-cmucam3.a(syscalls.o)
 .text._write   0x00007cf8       0x58 ../../hal/lpc2106-cmucam3\libhal-lpc2106-cmucam3.a(syscalls.o)
                0x00007cf8                _write
 .text._read    0x00007d50       0x58 ../../hal/lpc2106-cmucam3\libhal-lpc2106-cmucam3.a(syscalls.o)
                0x00007d50                _read
 .text._exit    0x00007da8        0x4 ../../hal/lpc2106-cmucam3\libhal-lpc2106-cmucam3.a(syscalls.o)
                0x00007da8                _exit
 .text._close   0x00007dac       0x48 ../../hal/lpc2106-cmucam3\libhal-lpc2106-cmucam3.a(syscalls.o)
                0x00007dac                _close
 .text._lseek   0x00007df4       0x58 ../../hal/lpc2106-cmucam3\libhal-lpc2106-cmucam3.a(syscalls.o)
                0x00007df4                _lseek
 .text._fstat   0x00007e4c       0x50 ../../hal/lpc2106-cmucam3\libhal-lpc2106-cmucam3.a(syscalls.o)
                0x00007e4c                _fstat
 .text._isatty  0x00007e9c       0x2c ../../hal/lpc2106-cmucam3\libhal-lpc2106-cmucam3.a(syscalls.o)
                0x00007e9c                _isatty
 .text._open    0x00007ec8       0x90 ../../hal/lpc2106-cmucam3\libhal-lpc2106-cmucam3.a(syscalls.o)
                0x00007ec8                _open
 .text._gettimeofday
                0x00007f58        0x8 ../../hal/lpc2106-cmucam3\libhal-lpc2106-cmucam3.a(syscalls.o)
                0x00007f58                _gettimeofday
 .text._sbrk    0x00007f60       0x50 ../../hal/lpc2106-cmucam3\libhal-lpc2106-cmucam3.a(syscalls.o)
                0x00007f60                _sbrk
 .text.cc3_uart_get_count
                0x00007fb0        0x8 ../../hal/lpc2106-cmucam3\libhal-lpc2106-cmucam3.a(serial.o)
                0x00007fb0                cc3_uart_get_count
 .text.cc3_uart_init
                0x00007fb8      0x180 ../../hal/lpc2106-cmucam3\libhal-lpc2106-cmucam3.a(serial.o)
                0x00007fb8                cc3_uart_init
 .text.uart0_putc
                0x00008138       0x20 ../../hal/lpc2106-cmucam3\libhal-lpc2106-cmucam3.a(serial.o)
                0x00008138                uart0_putc
 .text.uart1_putc
                0x00008158       0x20 ../../hal/lpc2106-cmucam3\libhal-lpc2106-cmucam3.a(serial.o)
                0x00008158                uart1_putc
 .text.uart0_getc
                0x00008178       0x20 ../../hal/lpc2106-cmucam3\libhal-lpc2106-cmucam3.a(serial.o)
                0x00008178                uart0_getc
 .text.uart1_getc
                0x00008198       0x20 ../../hal/lpc2106-cmucam3\libhal-lpc2106-cmucam3.a(serial.o)
                0x00008198                uart1_getc
 .text.uart0_write
                0x000081b8       0x38 ../../hal/lpc2106-cmucam3\libhal-lpc2106-cmucam3.a(serial.o)
                0x000081b8                uart0_write
 .text.uart0_write_hex
                0x000081f0       0xcc ../../hal/lpc2106-cmucam3\libhal-lpc2106-cmucam3.a(serial.o)
                0x000081f0                uart0_write_hex
 .text._cc3_servo_int
                0x000082bc      0x12c ../../hal/lpc2106-cmucam3\libhal-lpc2106-cmucam3.a(servo.o)
                0x000082bc                _cc3_servo_int
 .text.name_extension_to_spec
                0x000083e8       0x64 ../../hal/lpc2106-cmucam3\libhal-lpc2106-cmucam3.a(rdcf2.o)
 .text.read_file_system_information
                0x0000844c       0x88 ../../hal/lpc2106-cmucam3\libhal-lpc2106-cmucam3.a(rdcf2.o)
 .text.rdcf_get_date_and_time
                0x000084d4       0xb4 ../../hal/lpc2106-cmucam3\libhal-lpc2106-cmucam3.a(rdcf2.o)
 .text.first_sector_in_cluster
                0x00008588       0x40 ../../hal/lpc2106-cmucam3\libhal-lpc2106-cmucam3.a(rdcf2.o)
 .text.check_file_character
                0x000085c8       0x34 ../../hal/lpc2106-cmucam3\libhal-lpc2106-cmucam3.a(rdcf2.o)
 .text.spec_to_name_extension
                0x000085fc      0x14c ../../hal/lpc2106-cmucam3\libhal-lpc2106-cmucam3.a(rdcf2.o)
 .text.write_sector
                0x00008748       0x40 ../../hal/lpc2106-cmucam3\libhal-lpc2106-cmucam3.a(rdcf2.o)
 .text.flush_buffer.part.0
                0x00008788       0x68 ../../hal/lpc2106-cmucam3\libhal-lpc2106-cmucam3.a(rdcf2.o)
 .text.read_buffer
                0x000087f0       0x78 ../../hal/lpc2106-cmucam3\libhal-lpc2106-cmucam3.a(rdcf2.o)
 .text.find_directory
                0x00008868       0x54 ../../hal/lpc2106-cmucam3\libhal-lpc2106-cmucam3.a(rdcf2.o)
 .text.update_directory_entry
                0x000088bc       0xdc ../../hal/lpc2106-cmucam3\libhal-lpc2106-cmucam3.a(rdcf2.o)
 .text.FAT_entry
                0x00008998       0xa8 ../../hal/lpc2106-cmucam3\libhal-lpc2106-cmucam3.a(rdcf2.o)
 .text.find_file_in_directory_or_find_volume
                0x00008a40      0x240 ../../hal/lpc2106-cmucam3\libhal-lpc2106-cmucam3.a(rdcf2.o)
 .text.find_file
                0x00008c80       0x88 ../../hal/lpc2106-cmucam3\libhal-lpc2106-cmucam3.a(rdcf2.o)
 .text.set_FAT_entry
                0x00008d08      0x100 ../../hal/lpc2106-cmucam3\libhal-lpc2106-cmucam3.a(rdcf2.o)
 .text.release_FAT_entries
                0x00008e08       0x9c ../../hal/lpc2106-cmucam3\libhal-lpc2106-cmucam3.a(rdcf2.o)
 .text.add_new_cluster
                0x00008ea4       0xac ../../hal/lpc2106-cmucam3\libhal-lpc2106-cmucam3.a(rdcf2.o)
 .text.rdcf_close
                0x00008f50       0xb8 ../../hal/lpc2106-cmucam3\libhal-lpc2106-cmucam3.a(rdcf2.o)
                0x00008f50                rdcf_close
 .text.rdcf_delete
                0x00009008      0x1c4 ../../hal/lpc2106-cmucam3\libhal-lpc2106-cmucam3.a(rdcf2.o)
                0x00009008                rdcf_delete
 .text.rdcf_rename
                0x000091cc      0x128 ../../hal/lpc2106-cmucam3\libhal-lpc2106-cmucam3.a(rdcf2.o)
                0x000091cc                rdcf_rename
 .text.rdcf_read
                0x000092f4      0x230 ../../hal/lpc2106-cmucam3\libhal-lpc2106-cmucam3.a(rdcf2.o)
                0x000092f4                rdcf_read
 .text.rdcf_seek
                0x00009524       0xfc ../../hal/lpc2106-cmucam3\libhal-lpc2106-cmucam3.a(rdcf2.o)
                0x00009524                rdcf_seek
 .text.rdcf_open
                0x00009620      0x2e4 ../../hal/lpc2106-cmucam3\libhal-lpc2106-cmucam3.a(rdcf2.o)
                0x00009620                rdcf_open
 .text.real_rdcf_write
                0x00009904      0x2e4 ../../hal/lpc2106-cmucam3\libhal-lpc2106-cmucam3.a(rdcf2.o)
 .text.rdcf_write
                0x00009be8       0x34 ../../hal/lpc2106-cmucam3\libhal-lpc2106-cmucam3.a(rdcf2.o)
                0x00009be8                rdcf_write
 .text.unselectMMC
                0x00009c1c       0x3c ../../hal/lpc2106-cmucam3\libhal-lpc2106-cmucam3.a(mmc_hardware.o)
 .text._cc3_mmc_block_read
                0x00009c58      0x1fc ../../hal/lpc2106-cmucam3\libhal-lpc2106-cmucam3.a(mmc_hardware.o)
                0x00009c58                _cc3_mmc_block_read
 .text._cc3_mmc_block_write
                0x00009e54      0x248 ../../hal/lpc2106-cmucam3\libhal-lpc2106-cmucam3.a(mmc_hardware.o)
                0x00009e54                _cc3_mmc_block_write
 .text._cc3_mmc_init
                0x0000a09c      0x438 ../../hal/lpc2106-cmucam3\libhal-lpc2106-cmucam3.a(mmc_hardware.o)
                0x0000a09c                _cc3_mmc_init
 .text._cc3_mmc_idle
                0x0000a4d4       0x18 ../../hal/lpc2106-cmucam3\libhal-lpc2106-cmucam3.a(mmc_hardware.o)
                0x0000a4d4                _cc3_mmc_idle
 .text.mmc_recognize
                0x0000a4ec       0x34 ../../hal/lpc2106-cmucam3\libhal-lpc2106-cmucam3.a(mmc_driver.o)
 .text.mmc_fstat
                0x0000a520       0x18 ../../hal/lpc2106-cmucam3\libhal-lpc2106-cmucam3.a(mmc_driver.o)
 .text.allocate_1_fcb
                0x0000a538       0x34 ../../hal/lpc2106-cmucam3\libhal-lpc2106-cmucam3.a(mmc_driver.o)
 .text.mmc_rename
                0x0000a56c       0xa0 ../../hal/lpc2106-cmucam3\libhal-lpc2106-cmucam3.a(mmc_driver.o)
 .text.mmc_unlink
                0x0000a60c       0x98 ../../hal/lpc2106-cmucam3\libhal-lpc2106-cmucam3.a(mmc_driver.o)
 .text.mmc_lseek
                0x0000a6a4       0xd0 ../../hal/lpc2106-cmucam3\libhal-lpc2106-cmucam3.a(mmc_driver.o)
 .text.mmc_write
                0x0000a774       0x8c ../../hal/lpc2106-cmucam3\libhal-lpc2106-cmucam3.a(mmc_driver.o)
 .text.mmc_read
                0x0000a800       0x8c ../../hal/lpc2106-cmucam3\libhal-lpc2106-cmucam3.a(mmc_driver.o)
 .text.mmc_close
                0x0000a88c       0xcc ../../hal/lpc2106-cmucam3\libhal-lpc2106-cmucam3.a(mmc_driver.o)
 .text.mmc_open
                0x0000a958       0xe0 ../../hal/lpc2106-cmucam3\libhal-lpc2106-cmucam3.a(mmc_driver.o)
 .text.cc3_filesystem_init
                0x0000aa38       0x18 ../../hal/lpc2106-cmucam3\libhal-lpc2106-cmucam3.a(devices.o)
                0x0000aa38                cc3_filesystem_init
 .text._cc3_get_driver_for_name
                0x0000aa50       0x54 ../../hal/lpc2106-cmucam3\libhal-lpc2106-cmucam3.a(devices.o)
                0x0000aa50                _cc3_get_driver_for_name
 .text._cc3_get_internal_file_number
                0x0000aaa4        0x8 ../../hal/lpc2106-cmucam3\libhal-lpc2106-cmucam3.a(devices.o)
                0x0000aaa4                _cc3_get_internal_file_number
 .text._cc3_get_driver_for_file_number
                0x0000aaac       0x20 ../../hal/lpc2106-cmucam3\libhal-lpc2106-cmucam3.a(devices.o)
                0x0000aaac                _cc3_get_driver_for_file_number
 .text._cc3_make_file_number
                0x0000aacc       0x14 ../../hal/lpc2106-cmucam3\libhal-lpc2106-cmucam3.a(devices.o)
                0x0000aacc                _cc3_make_file_number
 .text.uart_close
                0x0000aae0        0x8 ../../hal/lpc2106-cmucam3\libhal-lpc2106-cmucam3.a(uart_driver.o)
 .text.uart_read
                0x0000aae8       0xf0 ../../hal/lpc2106-cmucam3\libhal-lpc2106-cmucam3.a(uart_driver.o)
 .text.uart_write
                0x0000abd8      0x104 ../../hal/lpc2106-cmucam3\libhal-lpc2106-cmucam3.a(uart_driver.o)
 .text.uart_lseek
                0x0000acdc       0x18 ../../hal/lpc2106-cmucam3\libhal-lpc2106-cmucam3.a(uart_driver.o)
 .text.uart_fstat
                0x0000acf4       0x10 ../../hal/lpc2106-cmucam3\libhal-lpc2106-cmucam3.a(uart_driver.o)
 .text.uart_unlink
                0x0000ad04       0x18 ../../hal/lpc2106-cmucam3\libhal-lpc2106-cmucam3.a(uart_driver.o)
 .text.uart_rename
                0x0000ad1c       0x18 ../../hal/lpc2106-cmucam3\libhal-lpc2106-cmucam3.a(uart_driver.o)
 .text.process_uart_filename
                0x0000ad34       0x74 ../../hal/lpc2106-cmucam3\libhal-lpc2106-cmucam3.a(uart_driver.o)
 .text.uart_open
                0x0000ada8       0x40 ../../hal/lpc2106-cmucam3\libhal-lpc2106-cmucam3.a(uart_driver.o)
 .text.uart_recognize
                0x0000ade8       0x18 ../../hal/lpc2106-cmucam3\libhal-lpc2106-cmucam3.a(uart_driver.o)
 .text          0x0000ae00      0x114 c:/sourcery_codebench_lite_for_arm_eabi/bin/../lib/gcc/arm-none-eabi/4.8.1\libgcc.a(_udivsi3.o)
                0x0000ae00                __aeabi_uidiv
                0x0000ae00                __udivsi3
                0x0000aef4                __aeabi_uidivmod
 .text          0x0000af14      0x148 c:/sourcery_codebench_lite_for_arm_eabi/bin/../lib/gcc/arm-none-eabi/4.8.1\libgcc.a(_divsi3.o)
                0x0000af14                __divsi3
                0x0000af14                __aeabi_idiv
                0x0000b03c                __aeabi_idivmod
 .text          0x0000b05c        0x4 c:/sourcery_codebench_lite_for_arm_eabi/bin/../lib/gcc/arm-none-eabi/4.8.1\libgcc.a(_dvmd_tls.o)
                0x0000b05c                __aeabi_idiv0
                0x0000b05c                __aeabi_ldiv0
 .text          0x0000b060       0x24 c:/sourcery_codebench_lite_for_arm_eabi/bin/../lib/gcc/arm-none-eabi/4.8.1/../../../../arm-none-eabi/lib\libc.a(lib_a-calloc.o)
                0x0000b060                calloc
 .text          0x0000b084       0x9c c:/sourcery_codebench_lite_for_arm_eabi/bin/../lib/gcc/arm-none-eabi/4.8.1/../../../../arm-none-eabi/lib\libc.a(lib_a-callocr.o)
                0x0000b084                _calloc_r
 .text          0x0000b120       0x34 c:/sourcery_codebench_lite_for_arm_eabi/bin/../lib/gcc/arm-none-eabi/4.8.1/../../../../arm-none-eabi/lib\libc.a(lib_a-exit.o)
                0x0000b120                exit
 .text          0x0000b154      0x104 c:/sourcery_codebench_lite_for_arm_eabi/bin/../lib/gcc/arm-none-eabi/4.8.1/../../../../arm-none-eabi/lib\libc.a(lib_a-fclose.o)
                0x0000b154                _fclose_r
                0x0000b244                fclose
 .text          0x0000b258      0x2d4 c:/sourcery_codebench_lite_for_arm_eabi/bin/../lib/gcc/arm-none-eabi/4.8.1/../../../../arm-none-eabi/lib\libc.a(lib_a-fflush.o)
                0x0000b258                __sflush_r
                0x0000b49c                _fflush_r
                0x0000b4f0                fflush
 .text          0x0000b52c      0x354 c:/sourcery_codebench_lite_for_arm_eabi/bin/../lib/gcc/arm-none-eabi/4.8.1/../../../../arm-none-eabi/lib\libc.a(lib_a-findfp.o)
                0x0000b53c                _cleanup_r
                0x0000b554                __sfmoreglue
                0x0000b5a4                _cleanup
                0x0000b5c8                __sinit
                0x0000b730                __sfp
                0x0000b828                __sfp_lock_acquire
                0x0000b82c                __sfp_lock_release
                0x0000b830                __sinit_lock_acquire
                0x0000b834                __sinit_lock_release
                0x0000b838                __fp_lock_all
                0x0000b85c                __fp_unlock_all
 .text          0x0000b880       0x70 c:/sourcery_codebench_lite_for_arm_eabi/bin/../lib/gcc/arm-none-eabi/4.8.1/../../../../arm-none-eabi/lib\libc.a(lib_a-fiprintf.o)
                0x0000b880                _fiprintf_r
                0x0000b8b0                fiprintf
 .text          0x0000b8f0      0x10c c:/sourcery_codebench_lite_for_arm_eabi/bin/../lib/gcc/arm-none-eabi/4.8.1/../../../../arm-none-eabi/lib\libc.a(lib_a-fopen.o)
                0x0000b8f0                _fopen_r
                0x0000b9e4                fopen
 .text          0x0000b9fc      0x36c c:/sourcery_codebench_lite_for_arm_eabi/bin/../lib/gcc/arm-none-eabi/4.8.1/../../../../arm-none-eabi/lib\libc.a(lib_a-freer.o)
                0x0000b9fc                _malloc_trim_r
                0x0000bafc                _free_r
 .text          0x0000bd68       0x3c c:/sourcery_codebench_lite_for_arm_eabi/bin/../lib/gcc/arm-none-eabi/4.8.1/../../../../arm-none-eabi/lib\libc.a(lib_a-fseek.o)
                0x0000bd68                _fseek_r
                0x0000bd78                fseek
 .text          0x0000bda4      0x49c c:/sourcery_codebench_lite_for_arm_eabi/bin/../lib/gcc/arm-none-eabi/4.8.1/../../../../arm-none-eabi/lib\libc.a(lib_a-fseeko.o)
                0x0000bda4                _fseeko_r
                0x0000c218                fseeko
 .text          0x0000c240       0x40 c:/sourcery_codebench_lite_for_arm_eabi/bin/../lib/gcc/arm-none-eabi/4.8.1/../../../../arm-none-eabi/lib\libc.a(lib_a-fstatr.o)
                0x0000c240                _fstat_r
 .text          0x0000c280      0x110 c:/sourcery_codebench_lite_for_arm_eabi/bin/../lib/gcc/arm-none-eabi/4.8.1/../../../../arm-none-eabi/lib\libc.a(lib_a-fwalk.o)
                0x0000c280                _fwalk
                0x0000c304                _fwalk_reent
 .text          0x0000c390       0xdc c:/sourcery_codebench_lite_for_arm_eabi/bin/../lib/gcc/arm-none-eabi/4.8.1/../../../../arm-none-eabi/lib\libc.a(lib_a-fwrite.o)
                0x0000c390                _fwrite_r
                0x0000c42c                fwrite
 .text          0x0000c46c       0x74 c:/sourcery_codebench_lite_for_arm_eabi/bin/../lib/gcc/arm-none-eabi/4.8.1/../../../../arm-none-eabi/lib\libc.a(lib_a-iprintf.o)
                0x0000c46c                iprintf
                0x0000c4ac                _iprintf_r
 .text          0x0000c4e0       0x14 c:/sourcery_codebench_lite_for_arm_eabi/bin/../lib/gcc/arm-none-eabi/4.8.1/../../../../arm-none-eabi/lib\libc.a(lib_a-lcltime_r.o)
                0x0000c4e0                localtime_r
 .text          0x0000c4f4      0x174 c:/sourcery_codebench_lite_for_arm_eabi/bin/../lib/gcc/arm-none-eabi/4.8.1/../../../../arm-none-eabi/lib\libc.a(lib_a-makebuf.o)
                0x0000c4f4                __smakebuf_r
 .text          0x0000c668       0x40 c:/sourcery_codebench_lite_for_arm_eabi/bin/../lib/gcc/arm-none-eabi/4.8.1/../../../../arm-none-eabi/lib\libc.a(lib_a-malloc.o)
                0x0000c668                malloc
                0x0000c688                free
 .text          0x0000c6a8      0x72c c:/sourcery_codebench_lite_for_arm_eabi/bin/../lib/gcc/arm-none-eabi/4.8.1/../../../../arm-none-eabi/lib\libc.a(lib_a-mallocr.o)
                0x0000c6a8                _malloc_r
 .text          0x0000cdd4       0xb4 c:/sourcery_codebench_lite_for_arm_eabi/bin/../lib/gcc/arm-none-eabi/4.8.1/../../../../arm-none-eabi/lib\libc.a(lib_a-memcmp.o)
                0x0000cdd4                memcmp
 .text          0x0000ce88       0xf0 c:/sourcery_codebench_lite_for_arm_eabi/bin/../lib/gcc/arm-none-eabi/4.8.1/../../../../arm-none-eabi/lib\libc.a(lib_a-memcpy-stub.o)
                0x0000ce88                memcpy
 .text          0x0000cf78       0xf4 c:/sourcery_codebench_lite_for_arm_eabi/bin/../lib/gcc/arm-none-eabi/4.8.1/../../../../arm-none-eabi/lib\libc.a(lib_a-memset.o)
                0x0000cf78                memset
 .text          0x0000d06c      0x748 c:/sourcery_codebench_lite_for_arm_eabi/bin/../lib/gcc/arm-none-eabi/4.8.1/../../../../arm-none-eabi/lib\libc.a(lib_a-mktm_r.o)
                0x0000d06c                __tzcalc_limits
                0x0000d2ac                _mktm_r
 .text          0x0000d7b4        0x8 c:/sourcery_codebench_lite_for_arm_eabi/bin/../lib/gcc/arm-none-eabi/4.8.1/../../../../arm-none-eabi/lib\libc.a(lib_a-mlock.o)
                0x0000d7b4                __malloc_lock
                0x0000d7b8                __malloc_unlock
 .text          0x0000d7bc       0x44 c:/sourcery_codebench_lite_for_arm_eabi/bin/../lib/gcc/arm-none-eabi/4.8.1/../../../../arm-none-eabi/lib\libc.a(lib_a-openr.o)
                0x0000d7bc                _open_r
 .text          0x0000d800      0x20c c:/sourcery_codebench_lite_for_arm_eabi/bin/../lib/gcc/arm-none-eabi/4.8.1/../../../../arm-none-eabi/lib\libc.a(lib_a-refill.o)
                0x0000d82c                __srefill_r
 .text          0x0000da0c       0x44 c:/sourcery_codebench_lite_for_arm_eabi/bin/../lib/gcc/arm-none-eabi/4.8.1/../../../../arm-none-eabi/lib\libc.a(lib_a-sbrkr.o)
                0x0000da0c                _sbrk_r
 .text          0x0000da50       0x20 c:/sourcery_codebench_lite_for_arm_eabi/bin/../lib/gcc/arm-none-eabi/4.8.1/../../../../arm-none-eabi/lib\libc.a(lib_a-setbuf.o)
                0x0000da50                setbuf
 .text          0x0000da70       0x2c c:/sourcery_codebench_lite_for_arm_eabi/bin/../lib/gcc/arm-none-eabi/4.8.1/../../../../arm-none-eabi/lib\libc.a(lib_a-setjmp.o)
                0x0000da70                setjmp
                0x0000da84                longjmp
 .text          0x0000da9c      0x174 c:/sourcery_codebench_lite_for_arm_eabi/bin/../lib/gcc/arm-none-eabi/4.8.1/../../../../arm-none-eabi/lib\libc.a(lib_a-setvbuf.o)
                0x0000da9c                setvbuf
 .text          0x0000dc10       0xdc c:/sourcery_codebench_lite_for_arm_eabi/bin/../lib/gcc/arm-none-eabi/4.8.1/../../../../arm-none-eabi/lib\libc.a(lib_a-siprintf.o)
                0x0000dc10                _siprintf_r
                0x0000dc78                siprintf
 .text          0x0000dcec      0x130 c:/sourcery_codebench_lite_for_arm_eabi/bin/../lib/gcc/arm-none-eabi/4.8.1/../../../../arm-none-eabi/lib\libc.a(lib_a-sniprintf.o)
                0x0000dcec                _sniprintf_r
                0x0000dd80                sniprintf
 .text          0x0000de1c       0xd8 c:/sourcery_codebench_lite_for_arm_eabi/bin/../lib/gcc/arm-none-eabi/4.8.1/../../../../arm-none-eabi/lib\libc.a(lib_a-stdio.o)
                0x0000de1c                __sread
                0x0000de50                __seofread
                0x0000de58                __swrite
                0x0000deb0                __sseek
                0x0000dee0                __sclose
 .text          0x0000def4       0x20 c:/sourcery_codebench_lite_for_arm_eabi/bin/../lib/gcc/arm-none-eabi/4.8.1/../../../../arm-none-eabi/lib\libc.a(lib_a-strdup.o)
                0x0000def4                strdup
 .text          0x0000df14       0x40 c:/sourcery_codebench_lite_for_arm_eabi/bin/../lib/gcc/arm-none-eabi/4.8.1/../../../../arm-none-eabi/lib\libc.a(lib_a-strdup_r.o)
                0x0000df14                _strdup_r
 .text          0x0000df54       0x60 c:/sourcery_codebench_lite_for_arm_eabi/bin/../lib/gcc/arm-none-eabi/4.8.1/../../../../arm-none-eabi/lib\libc.a(lib_a-strlen.o)
                0x0000df54                strlen
 .text          0x0000dfb4      0x1f8 c:/sourcery_codebench_lite_for_arm_eabi/bin/../lib/gcc/arm-none-eabi/4.8.1/../../../../arm-none-eabi/lib\libc.a(lib_a-strtol.o)
                0x0000dfb4                _strtol_r
                0x0000e184                strtol
 .text          0x0000e1ac     0x128c c:/sourcery_codebench_lite_for_arm_eabi/bin/../lib/gcc/arm-none-eabi/4.8.1/../../../../arm-none-eabi/lib\libc.a(lib_a-svfiprintf.o)
                0x0000e1ac                __ssprint_r
                0x0000e358                _svfiprintf_r
 .text          0x0000f438       0x24 c:/sourcery_codebench_lite_for_arm_eabi/bin/../lib/gcc/arm-none-eabi/4.8.1/../../../../arm-none-eabi/lib\libc.a(lib_a-sysgettod.o)
                0x0000f438                gettimeofday
 .text          0x0000f45c        0x8 c:/sourcery_codebench_lite_for_arm_eabi/bin/../lib/gcc/arm-none-eabi/4.8.1/../../../../arm-none-eabi/lib\libc.a(lib_a-tzlock.o)
                0x0000f45c                __tz_lock
                0x0000f460                __tz_unlock
 .text          0x0000f464     0x1410 c:/sourcery_codebench_lite_for_arm_eabi/bin/../lib/gcc/arm-none-eabi/4.8.1/../../../../arm-none-eabi/lib\libc.a(lib_a-vfiprintf.o)
                0x0000f510                __sprint_r
                0x0000f528                _vfiprintf_r
                0x0001077c                vfiprintf
 .text          0x00010874       0x44 c:/sourcery_codebench_lite_for_arm_eabi/bin/../lib/gcc/arm-none-eabi/4.8.1/../../../../arm-none-eabi/lib\libc.a(lib_a-writer.o)
                0x00010874                _write_r
 .text          0x000108b8      0x15c c:/sourcery_codebench_lite_for_arm_eabi/bin/../lib/gcc/arm-none-eabi/4.8.1/../../../../arm-none-eabi/lib\libc.a(lib_a-wsetup.o)
                0x000108b8                __swsetup_r
 .text          0x00010a14      0x170 c:/sourcery_codebench_lite_for_arm_eabi/bin/../lib/gcc/arm-none-eabi/4.8.1/../../../../arm-none-eabi/lib\libc.a(lib_a-__call_atexit.o)
                0x00010a14                __call_exitprocs
 .text.startup  0x00010b84       0x24 c:/sourcery_codebench_lite_for_arm_eabi/bin/../lib/gcc/arm-none-eabi/4.8.1/../../../../arm-none-eabi/lib\libc.a(lib_a-__call_atexit.o)
 .text          0x00010ba8       0x20 c:/sourcery_codebench_lite_for_arm_eabi/bin/../lib/gcc/arm-none-eabi/4.8.1/../../../../arm-none-eabi/lib\libc.a(lib_a-atexit.o)
                0x00010ba8                atexit
 .text          0x00010bc8       0x3c c:/sourcery_codebench_lite_for_arm_eabi/bin/../lib/gcc/arm-none-eabi/4.8.1/../../../../arm-none-eabi/lib\libc.a(lib_a-closer.o)
                0x00010bc8                _close_r
 .text          0x00010c04       0x48 c:/sourcery_codebench_lite_for_arm_eabi/bin/../lib/gcc/arm-none-eabi/4.8.1/../../../../arm-none-eabi/lib\libc.a(lib_a-fini.o)
                0x00010c04                __libc_fini_array
 .text          0x00010c4c       0xb0 c:/sourcery_codebench_lite_for_arm_eabi/bin/../lib/gcc/arm-none-eabi/4.8.1/../../../../arm-none-eabi/lib\libc.a(lib_a-flags.o)
                0x00010c4c                __sflags
 .text          0x00010cfc      0x188 c:/sourcery_codebench_lite_for_arm_eabi/bin/../lib/gcc/arm-none-eabi/4.8.1/../../../../arm-none-eabi/lib\libc.a(lib_a-fputwc.o)
                0x00010cfc                _fputwc_r
                0x00010e40                fputwc
 .text          0x00010e84      0x4d0 c:/sourcery_codebench_lite_for_arm_eabi/bin/../lib/gcc/arm-none-eabi/4.8.1/../../../../arm-none-eabi/lib\libc.a(lib_a-fvwrite.o)
                0x00010e84                __sfvwrite_r
 .text          0x00011354       0x40 c:/sourcery_codebench_lite_for_arm_eabi/bin/../lib/gcc/arm-none-eabi/4.8.1/../../../../arm-none-eabi/lib\libc.a(lib_a-gettimeofdayr.o)
                0x00011354                _gettimeofday_r
 .text          0x00011394        0xc c:/sourcery_codebench_lite_for_arm_eabi/bin/../lib/gcc/arm-none-eabi/4.8.1/../../../../arm-none-eabi/lib\libc.a(lib_a-gettzinfo.o)
                0x00011394                __gettzinfo
 .text          0x000113a0       0x3c c:/sourcery_codebench_lite_for_arm_eabi/bin/../lib/gcc/arm-none-eabi/4.8.1/../../../../arm-none-eabi/lib\libc.a(lib_a-isattyr.o)
                0x000113a0                _isatty_r
 .text          0x000113dc       0xd0 c:/sourcery_codebench_lite_for_arm_eabi/bin/../lib/gcc/arm-none-eabi/4.8.1/../../../../arm-none-eabi/lib\libc.a(lib_a-locale.o)
                0x000113dc                _setlocale_r
                0x0001144c                __locale_charset
                0x00011458                __locale_mb_cur_max
                0x00011468                __locale_msgcharset
                0x00011474                __locale_cjk_lang
                0x0001147c                _localeconv_r
                0x00011488                setlocale
                0x000114a0                localeconv
 .text          0x000114ac       0x44 c:/sourcery_codebench_lite_for_arm_eabi/bin/../lib/gcc/arm-none-eabi/4.8.1/../../../../arm-none-eabi/lib\libc.a(lib_a-lseekr.o)
                0x000114ac                _lseek_r
 .text          0x000114f0      0x114 c:/sourcery_codebench_lite_for_arm_eabi/bin/../lib/gcc/arm-none-eabi/4.8.1/../../../../arm-none-eabi/lib\libc.a(lib_a-memchr-stub.o)
                0x000114f0                memchr
 .text          0x00011604      0x134 c:/sourcery_codebench_lite_for_arm_eabi/bin/../lib/gcc/arm-none-eabi/4.8.1/../../../../arm-none-eabi/lib\libc.a(lib_a-memmove.o)
                0x00011604                memmove
 .text          0x00011738       0x44 c:/sourcery_codebench_lite_for_arm_eabi/bin/../lib/gcc/arm-none-eabi/4.8.1/../../../../arm-none-eabi/lib\libc.a(lib_a-readr.o)
                0x00011738                _read_r
 .text          0x0001177c      0x56c c:/sourcery_codebench_lite_for_arm_eabi/bin/../lib/gcc/arm-none-eabi/4.8.1/../../../../arm-none-eabi/lib\libc.a(lib_a-reallocr.o)
                0x0001177c                _realloc_r
 .text          0x00011ce8      0x230 c:/sourcery_codebench_lite_for_arm_eabi/bin/../lib/gcc/arm-none-eabi/4.8.1/../../../../arm-none-eabi/lib\libc.a(lib_a-strcmp.o)
                0x00011ce8                strcmp
 .text          0x00011f18      0x13c c:/sourcery_codebench_lite_for_arm_eabi/bin/../lib/gcc/arm-none-eabi/4.8.1/../../../../arm-none-eabi/lib\libc.a(lib_a-wbuf.o)
                0x00011f18                __swbuf_r
                0x0001203c                __swbuf
 .text          0x00012054      0x128 c:/sourcery_codebench_lite_for_arm_eabi/bin/../lib/gcc/arm-none-eabi/4.8.1/../../../../arm-none-eabi/lib\libc.a(lib_a-wcrtomb.o)
                0x00012054                _wcrtomb_r
                0x000120e4                wcrtomb
 .text          0x0001217c       0x7c c:/sourcery_codebench_lite_for_arm_eabi/bin/../lib/gcc/arm-none-eabi/4.8.1/../../../../arm-none-eabi/lib\libc.a(lib_a-wctomb_r.o)
                0x0001217c                __ascii_wctomb
                0x000121a8                _wctomb_r
 .text          0x000121f8       0xf0 c:/sourcery_codebench_lite_for_arm_eabi/bin/../lib/gcc/arm-none-eabi/4.8.1/../../../../arm-none-eabi/lib\libc.a(lib_a-__atexit.o)
                0x000121f8                __register_exitproc
 .text          0x000122e8       0x3c c:/sourcery_codebench_lite_for_arm_eabi/bin/../lib/gcc/arm-none-eabi/4.8.1\libgcc.a(_aeabi_uldivmod.o)
                0x000122e8                __aeabi_uldivmod
 .text          0x00012324       0x84 c:/sourcery_codebench_lite_for_arm_eabi/bin/../lib/gcc/arm-none-eabi/4.8.1\libgcc.a(bpabi.o)
                0x00012324                __gnu_ldivmod_helper
                0x00012368                __gnu_uldivmod_helper
 .text          0x000123a8      0x4d0 c:/sourcery_codebench_lite_for_arm_eabi/bin/../lib/gcc/arm-none-eabi/4.8.1\libgcc.a(_divdi3.o)
                0x000123a8                __divdi3
 .text          0x00012878      0x470 c:/sourcery_codebench_lite_for_arm_eabi/bin/../lib/gcc/arm-none-eabi/4.8.1\libgcc.a(_udivdi3.o)
                0x00012878                __udivdi3
 .text          0x00012ce8       0x48 c:/sourcery_codebench_lite_for_arm_eabi/bin/../lib/gcc/arm-none-eabi/4.8.1\libgcc.a(_clzsi2.o)
                0x00012ce8                __clzsi2
 *(.plt)
 *(.gnu.warning)
 *(.glue_7t)
 .glue_7t       0x00000000        0x0 linker stubs
 *(.glue_7)
 .glue_7        0x00000000        0x0 linker stubs
 *(.vfp11_veneer)
 .vfp11_veneer  0x00000000        0x0 linker stubs
 *(.rodata .rodata.* .gnu.linkonce.r.*)
 .rodata.str1.4
                0x00012d30       0x7e lpc2106-cmucam3_buildfiles/main.o
                                 0x84 (size before relaxing)
 *fill*         0x00012dae        0x2 
 .rodata.val_ac_luminance.6077
                0x00012db0       0xa4 ../../lib/jpeg-6b\libjpeg-6b_lpc2106-cmucam3.a(jcparam.o)
 .rodata.std_luminance_quant_tbl.6048
                0x00012e54      0x100 ../../lib/jpeg-6b\libjpeg-6b_lpc2106-cmucam3.a(jcparam.o)
 .rodata.bits_dc_chrominance.6074
                0x00012f54       0x14 ../../lib/jpeg-6b\libjpeg-6b_lpc2106-cmucam3.a(jcparam.o)
 .rodata.val_dc_chrominance.6075
                0x00012f68        0xc ../../lib/jpeg-6b\libjpeg-6b_lpc2106-cmucam3.a(jcparam.o)
 .rodata.val_dc_luminance.6073
                0x00012f74        0xc ../../lib/jpeg-6b\libjpeg-6b_lpc2106-cmucam3.a(jcparam.o)
 .rodata.bits_ac_chrominance.6078
                0x00012f80       0x14 ../../lib/jpeg-6b\libjpeg-6b_lpc2106-cmucam3.a(jcparam.o)
 .rodata.bits_ac_luminance.6076
                0x00012f94       0x14 ../../lib/jpeg-6b\libjpeg-6b_lpc2106-cmucam3.a(jcparam.o)
 .rodata.bits_dc_luminance.6072
                0x00012fa8       0x14 ../../lib/jpeg-6b\libjpeg-6b_lpc2106-cmucam3.a(jcparam.o)
 .rodata.val_ac_chrominance.6079
                0x00012fbc       0xa4 ../../lib/jpeg-6b\libjpeg-6b_lpc2106-cmucam3.a(jcparam.o)
 .rodata.std_chrominance_quant_tbl.6049
                0x00013060      0x100 ../../lib/jpeg-6b\libjpeg-6b_lpc2106-cmucam3.a(jcparam.o)
 .rodata.jpeg_std_message_table
                0x00013160      0x1f4 ../../lib/jpeg-6b\libjpeg-6b_lpc2106-cmucam3.a(jerror.o)
                0x00013160                jpeg_std_message_table
 .rodata.str1.4
                0x00013354     0x128f ../../lib/jpeg-6b\libjpeg-6b_lpc2106-cmucam3.a(jerror.o)
                               0x1290 (size before relaxing)
 *fill*         0x000145e3        0x1 
 .rodata.jpeg_natural_order
                0x000145e4      0x140 ../../lib/jpeg-6b\libjpeg-6b_lpc2106-cmucam3.a(jutils.o)
                0x000145e4                jpeg_natural_order
 .rodata.extra_pool_slop
                0x00014724        0x8 ../../lib/jpeg-6b\libjpeg-6b_lpc2106-cmucam3.a(jmemmgr.o)
 .rodata.first_pool_slop
                0x0001472c        0x8 ../../lib/jpeg-6b\libjpeg-6b_lpc2106-cmucam3.a(jmemmgr.o)
 .rodata.str1.4
                0x00014734       0x2a ../../hal/lpc2106-cmucam3\libhal-lpc2106-cmucam3.a(interrupt.o)
                                 0x2c (size before relaxing)
 *fill*         0x0001475e        0x2 
 .rodata.CSWTCH.8
                0x00014760        0xc ../../hal/lpc2106-cmucam3\libhal-lpc2106-cmucam3.a(serial.o)
 .rodata.str1.4
                0x0001476c        0xb ../../hal/lpc2106-cmucam3\libhal-lpc2106-cmucam3.a(serial.o)
                                 0x10 (size before relaxing)
 *fill*         0x00014777        0x1 
 .rodata._cc3_servo_map
                0x00014778       0x10 ../../hal/lpc2106-cmucam3\libhal-lpc2106-cmucam3.a(servo.o)
                0x00014778                _cc3_servo_map
 .rodata.table.5062
                0x00014788       0x20 ../../hal/lpc2106-cmucam3\libhal-lpc2106-cmucam3.a(rdcf2.o)
 .rodata.cmdReset
                0x000147a8        0x8 ../../hal/lpc2106-cmucam3\libhal-lpc2106-cmucam3.a(mmc_hardware.o)
 .rodata.cmdSetBlock
                0x000147b0        0x8 ../../hal/lpc2106-cmucam3\libhal-lpc2106-cmucam3.a(mmc_hardware.o)
 .rodata.cmdInitCard
                0x000147b8        0x8 ../../hal/lpc2106-cmucam3\libhal-lpc2106-cmucam3.a(mmc_hardware.o)
 .rodata._cc3_mmc_driver
                0x000147c0       0x2c ../../hal/lpc2106-cmucam3\libhal-lpc2106-cmucam3.a(mmc_driver.o)
                0x000147c0                _cc3_mmc_driver
 .rodata._cc3_uart_driver
                0x000147ec       0x2c ../../hal/lpc2106-cmucam3\libhal-lpc2106-cmucam3.a(uart_driver.o)
                0x000147ec                _cc3_uart_driver
 .rodata        0x00014818      0x104 c:/sourcery_codebench_lite_for_arm_eabi/bin/../lib/gcc/arm-none-eabi/4.8.1/../../../../arm-none-eabi/lib\libc.a(lib_a-ctype_.o)
                0x00014818                _ctype_
 .rodata        0x0001491c        0x4 c:/sourcery_codebench_lite_for_arm_eabi/bin/../lib/gcc/arm-none-eabi/4.8.1/../../../../arm-none-eabi/lib\libc.a(lib_a-impure.o)
                0x0001491c                _global_impure_ptr
 .rodata.str1.4
                0x00014920        0x2 c:/sourcery_codebench_lite_for_arm_eabi/bin/../lib/gcc/arm-none-eabi/4.8.1/../../../../arm-none-eabi/lib\libc.a(lib_a-impure.o)
                                  0x4 (size before relaxing)
 *fill*         0x00014922        0x2 
 .rodata        0x00014924       0x68 c:/sourcery_codebench_lite_for_arm_eabi/bin/../lib/gcc/arm-none-eabi/4.8.1/../../../../arm-none-eabi/lib\libc.a(lib_a-mktm_r.o)
 .rodata        0x0001498c       0x20 c:/sourcery_codebench_lite_for_arm_eabi/bin/../lib/gcc/arm-none-eabi/4.8.1/../../../../arm-none-eabi/lib\libc.a(lib_a-svfiprintf.o)
 .rodata.str1.4
                0x000149ac       0x2f c:/sourcery_codebench_lite_for_arm_eabi/bin/../lib/gcc/arm-none-eabi/4.8.1/../../../../arm-none-eabi/lib\libc.a(lib_a-svfiprintf.o)
                                 0x30 (size before relaxing)
 *fill*         0x000149db        0x1 
 .rodata        0x000149dc       0x20 c:/sourcery_codebench_lite_for_arm_eabi/bin/../lib/gcc/arm-none-eabi/4.8.1/../../../../arm-none-eabi/lib\libc.a(lib_a-vfiprintf.o)
 .rodata.str1.4
                0x00000000       0x30 c:/sourcery_codebench_lite_for_arm_eabi/bin/../lib/gcc/arm-none-eabi/4.8.1/../../../../arm-none-eabi/lib\libc.a(lib_a-vfiprintf.o)
 .rodata.str1.4
                0x000149fc        0xc c:/sourcery_codebench_lite_for_arm_eabi/bin/../lib/gcc/arm-none-eabi/4.8.1/../../../../arm-none-eabi/lib\libc.a(lib_a-locale.o)
                                 0x14 (size before relaxing)
 *(.ARM.extab* .gnu.linkonce.armextab.*)
 *(.gcc_except_table)
 *(.eh_frame_hdr)
 *(.eh_frame)
 .eh_frame      0x00014a08        0x0 c:/sourcery_codebench_lite_for_arm_eabi/bin/../lib/gcc/arm-none-eabi/4.8.1/crtbegin.o
                0x00014a08                . = ALIGN (0x4)
 *(.init)
 .init          0x00014a08        0xc c:/sourcery_codebench_lite_for_arm_eabi/bin/../lib/gcc/arm-none-eabi/4.8.1/crti.o
                0x00014a08                _init
 .init          0x00014a14        0xc c:/sourcery_codebench_lite_for_arm_eabi/bin/../lib/gcc/arm-none-eabi/4.8.1/crtn.o
                0x00014a20                . = ALIGN (0x4)
                0x00014a20                __preinit_array_start = .
 *(.preinit_array)
                0x00014a20                __preinit_array_end = .
                0x00014a20                . = ALIGN (0x4)
                0x00014a20                __init_array_start = .
 *(SORT(.init_array.*))
 .init_array.00000
                0x00014a20        0x4 c:/sourcery_codebench_lite_for_arm_eabi/bin/../lib/gcc/arm-none-eabi/4.8.1/../../../../arm-none-eabi/lib\libc.a(lib_a-__call_atexit.o)
 *(.init_array)
 .init_array    0x00014a24        0x4 c:/sourcery_codebench_lite_for_arm_eabi/bin/../lib/gcc/arm-none-eabi/4.8.1/crtbegin.o
                0x00014a28                __init_array_end = .
                0x00014a28                . = ALIGN (0x4)
 *crtbegin.o(.ctors)
 *(EXCLUDE_FILE(*crtend.o) .ctors)
 *(SORT(.ctors.*))
 *crtend.o(.ctors)
                0x00014a28                . = ALIGN (0x4)
 *(.fini)
 .fini          0x00014a28        0xc c:/sourcery_codebench_lite_for_arm_eabi/bin/../lib/gcc/arm-none-eabi/4.8.1/crti.o
                0x00014a28                _fini
 .fini          0x00014a34        0xc c:/sourcery_codebench_lite_for_arm_eabi/bin/../lib/gcc/arm-none-eabi/4.8.1/crtn.o
                0x00014a40                . = ALIGN (0x4)
                0x00014a40                __fini_array_start = .
 *(.fini_array)
 .fini_array    0x00014a40        0x4 c:/sourcery_codebench_lite_for_arm_eabi/bin/../lib/gcc/arm-none-eabi/4.8.1/crtbegin.o
 *(SORT(.fini_array.*))
                0x00014a44                __fini_array_end = .
 *crtbegin.o(.dtors)
 *(EXCLUDE_FILE(*crtend.o) .dtors)
 *(SORT(.dtors.*))
 *crtend.o(.dtors)
                0x00014a44                __exidx_start = .

.v4_bx          0x00014a44        0x0
 .v4_bx         0x00000000        0x0 linker stubs

.iplt           0x00014a44        0x0
 .iplt          0x00000000        0x0 c:/sourcery_codebench_lite_for_arm_eabi/bin/../lib/gcc/arm-none-eabi/4.8.1/crtbegin.o

.ARM.exidx      0x00014a44        0x8
 *(.ARM.exidx* .gnu.linkonce.armexidx.*)
 .ARM.exidx     0x00014a44        0x8 c:/sourcery_codebench_lite_for_arm_eabi/bin/../lib/gcc/arm-none-eabi/4.8.1\libgcc.a(_divdi3.o)
 .ARM.exidx     0x00014a4c        0x0 c:/sourcery_codebench_lite_for_arm_eabi/bin/../lib/gcc/arm-none-eabi/4.8.1\libgcc.a(_udivdi3.o)
                                  0x8 (size before relaxing)
                0x00014a4c                __exidx_end = .

.rel.dyn        0x00014a4c        0x0
 .rel.iplt      0x00000000        0x0 c:/sourcery_codebench_lite_for_arm_eabi/bin/../lib/gcc/arm-none-eabi/4.8.1/crtbegin.o

.text.align     0x00014a4c        0x4
                0x00014a50                . = ALIGN (0x8)
 *fill*         0x00014a4c        0x4 
                0x00014a50                _etext = .

.stack          0x40000000     0x2400
                0x40002400                . = (. + STACK_SIZE)
 *fill*         0x40000000     0x2400 
                0x40002400                _stack = .

.data           0x40002400      0x918 load address 0x00014a50
                0x40002400                _data = .
 *(.jcr)
 .jcr           0x40002400        0x0 c:/sourcery_codebench_lite_for_arm_eabi/bin/../lib/gcc/arm-none-eabi/4.8.1/crtbegin.o
 .jcr           0x40002400        0x4 c:/sourcery_codebench_lite_for_arm_eabi/bin/../lib/gcc/arm-none-eabi/4.8.1/crtend.o
 *(.got.plt)
 *(.got)
 *(.shdata)
 *(.data .data.* .gnu.linkonce.d.*)
 .data.servo_val
                0x40002404        0x4 ../../hal/lpc2106-cmucam3\libhal-lpc2106-cmucam3.a(servo.o)
 .data.device_driver_table
                0x40002408        0x8 ../../hal/lpc2106-cmucam3\libhal-lpc2106-cmucam3.a(devices.o)
 .data          0x40002410        0x4 c:/sourcery_codebench_lite_for_arm_eabi/bin/../lib/gcc/arm-none-eabi/4.8.1/../../../../arm-none-eabi/lib\libc.a(lib_a-ctype_.o)
                0x40002410                __ctype_ptr__
 *fill*         0x40002414        0x4 
 .data          0x40002418      0x430 c:/sourcery_codebench_lite_for_arm_eabi/bin/../lib/gcc/arm-none-eabi/4.8.1/../../../../arm-none-eabi/lib\libc.a(lib_a-impure.o)
                0x40002418                _impure_ptr
 .data          0x40002848      0x410 c:/sourcery_codebench_lite_for_arm_eabi/bin/../lib/gcc/arm-none-eabi/4.8.1/../../../../arm-none-eabi/lib\libc.a(lib_a-mallocr.o)
                0x40002848                __malloc_av_
                0x40002c50                __malloc_sbrk_base
                0x40002c54                __malloc_trim_threshold
 .data          0x40002c58       0x40 c:/sourcery_codebench_lite_for_arm_eabi/bin/../lib/gcc/arm-none-eabi/4.8.1/../../../../arm-none-eabi/lib\libc.a(lib_a-gettzinfo.o)
 .data          0x40002c98       0x7c c:/sourcery_codebench_lite_for_arm_eabi/bin/../lib/gcc/arm-none-eabi/4.8.1/../../../../arm-none-eabi/lib\libc.a(lib_a-locale.o)
                0x40002cb8                __mb_cur_max
 .data          0x40002d14        0x4 c:/sourcery_codebench_lite_for_arm_eabi/bin/../lib/gcc/arm-none-eabi/4.8.1/../../../../arm-none-eabi/lib\libc.a(lib_a-wctomb_r.o)
                0x40002d14                __wctomb
 *(.ram)
                0x40002d18                . = ALIGN (0x8)
                0x40002d18                _edata = .

.tm_clone_table
                0x40002d18        0x0 load address 0x00015368
 .tm_clone_table
                0x40002d18        0x0 c:/sourcery_codebench_lite_for_arm_eabi/bin/../lib/gcc/arm-none-eabi/4.8.1/crtbegin.o
 .tm_clone_table
                0x40002d18        0x0 c:/sourcery_codebench_lite_for_arm_eabi/bin/../lib/gcc/arm-none-eabi/4.8.1/crtend.o

.igot.plt       0x40002d18        0x0 load address 0x00015368
 .igot.plt      0x00000000        0x0 c:/sourcery_codebench_lite_for_arm_eabi/bin/../lib/gcc/arm-none-eabi/4.8.1/crtbegin.o

.bss            0x40002d18      0x2e0 load address 0x00015368
                0x40002d18                _bss = .
 *(.shbss)
 *(.bss .bss.* .gnu.linkonce.b.*)
 .bss           0x40002d18       0x1c c:/sourcery_codebench_lite_for_arm_eabi/bin/../lib/gcc/arm-none-eabi/4.8.1/crtbegin.o
 *fill*         0x40002d34        0x4 
 .bss.cinfo     0x40002d38      0x178 lpc2106-cmucam3_buildfiles/main.o
 .bss.jerr      0x40002eb0       0x84 lpc2106-cmucam3_buildfiles/main.o
 .bss._cc3_g_current_camera_state
                0x40002f34        0xc ../../hal/lpc2106-cmucam3\libhal-lpc2106-cmucam3.a(cc3.o)
 .bss._cc3_second_green_valid
                0x40002f40        0x1 ../../hal/lpc2106-cmucam3\libhal-lpc2106-cmucam3.a(cc3.o)
 .bss._cc3_second_green
                0x40002f41        0x1 ../../hal/lpc2106-cmucam3\libhal-lpc2106-cmucam3.a(cc3.o)
 *fill*         0x40002f42        0x2 
 .bss.heap_ptr  0x40002f44        0x4 ../../hal/lpc2106-cmucam3\libhal-lpc2106-cmucam3.a(syscalls.o)
 .bss.started.4748
                0x40002f48        0x1 ../../hal/lpc2106-cmucam3\libhal-lpc2106-cmucam3.a(serial.o)
 *fill*         0x40002f49        0x3 
 .bss.servo_mask
                0x40002f4c        0x4 ../../hal/lpc2106-cmucam3\libhal-lpc2106-cmucam3.a(servo.o)
 .bss.servo_tmp
                0x40002f50        0x4 ../../hal/lpc2106-cmucam3\libhal-lpc2106-cmucam3.a(servo.o)
 .bss.fcbs      0x40002f54       0x14 ../../hal/lpc2106-cmucam3\libhal-lpc2106-cmucam3.a(mmc_driver.o)
 .bss           0x40002f68       0x34 c:/sourcery_codebench_lite_for_arm_eabi/bin/../lib/gcc/arm-none-eabi/4.8.1/../../../../arm-none-eabi/lib\libc.a(lib_a-mallocr.o)
                0x40002f68                __malloc_top_pad
                0x40002f6c                __malloc_current_mallinfo
                0x40002f94                __malloc_max_sbrked_mem
                0x40002f98                __malloc_max_total_mem
 .bss           0x40002f9c        0x8 c:/sourcery_codebench_lite_for_arm_eabi/bin/../lib/gcc/arm-none-eabi/4.8.1/../../../../arm-none-eabi/lib\libc.a(lib_a-tzvars.o)
                0x40002f9c                _timezone
                0x40002fa0                _daylight
 *(COMMON)
 COMMON         0x40002fa4        0x4 lpc2106-cmucam3_buildfiles/main.o
                0x40002fa4                row
 COMMON         0x40002fa8        0x1 ../../hal/lpc2106-cmucam3\libhal-lpc2106-cmucam3.a(interrupt.o)
                0x40002fa8                _cc3_button_trigger
 *fill*         0x40002fa9        0x3 
 COMMON         0x40002fac       0x1b ../../hal/lpc2106-cmucam3\libhal-lpc2106-cmucam3.a(cc3.o)
                0x40002fac                cc3_g_pixbuf_frame
                0x40002fc4                cc3_g_current_pixel
 COMMON         0x40002fc7        0x2 ../../hal/lpc2106-cmucam3\libhal-lpc2106-cmucam3.a(serial.o)
                0x40002fc7                _cc3_uart1_binmode
                0x40002fc8                _cc3_uart0_binmode
 *fill*         0x40002fc9        0x3 
 COMMON         0x40002fcc       0x28 ../../hal/lpc2106-cmucam3\libhal-lpc2106-cmucam3.a(mmc_hardware.o)
                0x40002fcc                DriveDesc
 COMMON         0x40002ff4        0x4 c:/sourcery_codebench_lite_for_arm_eabi/bin/../lib/gcc/arm-none-eabi/4.8.1/../../../../arm-none-eabi/lib\libc.a(lib_a-reent.o)
                0x40002ff4                errno
 *(.ram.b)
                0x40002ff8                . = ALIGN (0x8)
                0x40002ff8                _end = .
                0x40002ff8                __end = .
                0x40010000                _heap_end = (ORIGIN (RAM) + 0x10000)

.stab
 *(.stab)

.stabstr
 *(.stabstr)

.debug
 *(.debug)

.line
 *(.line)

.debug_srcinfo
 *(.debug_srcinfo)

.debug_sfnames
 *(.debug_sfnames)

.debug_aranges  0x00000000      0xb38
 *(.debug_aranges)
 .debug_aranges
                0x00000000       0x20 lpc2106-cmucam3_buildfiles/main.o
 .debug_aranges
                0x00000020       0x60 ../../lib/jpeg-6b\libjpeg-6b_lpc2106-cmucam3.a(jcapimin.o)
 .debug_aranges
                0x00000080       0x30 ../../lib/jpeg-6b\libjpeg-6b_lpc2106-cmucam3.a(jcapistd.o)
 .debug_aranges
                0x000000b0       0x20 ../../lib/jpeg-6b\libjpeg-6b_lpc2106-cmucam3.a(jcinit.o)
 .debug_aranges
                0x000000d0       0x30 ../../lib/jpeg-6b\libjpeg-6b_lpc2106-cmucam3.a(jcmainct.o)
 .debug_aranges
                0x00000100       0x80 ../../lib/jpeg-6b\libjpeg-6b_lpc2106-cmucam3.a(jcmarker.o)
 .debug_aranges
                0x00000180       0x48 ../../lib/jpeg-6b\libjpeg-6b_lpc2106-cmucam3.a(jcmaster.o)
 .debug_aranges
                0x000001c8       0x38 ../../lib/jpeg-6b\libjpeg-6b_lpc2106-cmucam3.a(jcomapi.o)
 .debug_aranges
                0x00000200       0x58 ../../lib/jpeg-6b\libjpeg-6b_lpc2106-cmucam3.a(jcparam.o)
 .debug_aranges
                0x00000258       0x30 ../../lib/jpeg-6b\libjpeg-6b_lpc2106-cmucam3.a(jcprepct.o)
 .debug_aranges
                0x00000288       0x50 ../../lib/jpeg-6b\libjpeg-6b_lpc2106-cmucam3.a(jcsample.o)
 .debug_aranges
                0x000002d8       0x38 ../../lib/jpeg-6b\libjpeg-6b_lpc2106-cmucam3.a(jdatadst.o)
 .debug_aranges
                0x00000310       0x48 ../../lib/jpeg-6b\libjpeg-6b_lpc2106-cmucam3.a(jerror.o)
 .debug_aranges
                0x00000358       0x40 ../../lib/jpeg-6b\libjpeg-6b_lpc2106-cmucam3.a(jutils.o)
 .debug_aranges
                0x00000398       0x80 ../../lib/jpeg-6b\libjpeg-6b_lpc2106-cmucam3.a(jmemmgr.o)
 .debug_aranges
                0x00000418       0x58 ../../lib/jpeg-6b\libjpeg-6b_lpc2106-cmucam3.a(jmemnobs.o)
 .debug_aranges
                0x00000470       0x38 ../../lib/jpeg-6b\libjpeg-6b_lpc2106-cmucam3.a(jccoefct.o)
 .debug_aranges
                0x000004a8       0x58 ../../lib/jpeg-6b\libjpeg-6b_lpc2106-cmucam3.a(jccolor.o)
 .debug_aranges
                0x00000500       0x30 ../../lib/jpeg-6b\libjpeg-6b_lpc2106-cmucam3.a(jcdctmgr.o)
 .debug_aranges
                0x00000530       0x40 ../../lib/jpeg-6b\libjpeg-6b_lpc2106-cmucam3.a(jchuff.o)
 .debug_aranges
                0x00000570       0x20 ../../lib/jpeg-6b\libjpeg-6b_lpc2106-cmucam3.a(jfdctint.o)
 .debug_aranges
                0x00000590       0x78 ../../hal/lpc2106-cmucam3\libhal-lpc2106-cmucam3.a(interrupt.o)
 .debug_aranges
                0x00000608       0xd8 ../../hal/lpc2106-cmucam3\libhal-lpc2106-cmucam3.a(cc3.o)
 .debug_aranges
                0x000006e0       0x48 ../../hal/lpc2106-cmucam3\libhal-lpc2106-cmucam3.a(cc3_hal.o)
 .debug_aranges
                0x00000728       0xc0 ../../hal/lpc2106-cmucam3\libhal-lpc2106-cmucam3.a(syscalls.o)
 .debug_aranges
                0x000007e8       0x88 ../../hal/lpc2106-cmucam3\libhal-lpc2106-cmucam3.a(serial.o)
 .debug_aranges
                0x00000870       0x38 ../../hal/lpc2106-cmucam3\libhal-lpc2106-cmucam3.a(servo.o)
 .debug_aranges
                0x000008a8       0xe8 ../../hal/lpc2106-cmucam3\libhal-lpc2106-cmucam3.a(rdcf2.o)
 .debug_aranges
                0x00000990       0x40 ../../hal/lpc2106-cmucam3\libhal-lpc2106-cmucam3.a(mmc_hardware.o)
 .debug_aranges
                0x000009d0       0x68 ../../hal/lpc2106-cmucam3\libhal-lpc2106-cmucam3.a(mmc_driver.o)
 .debug_aranges
                0x00000a38       0x38 ../../hal/lpc2106-cmucam3\libhal-lpc2106-cmucam3.a(gpio.o)
 .debug_aranges
                0x00000a70       0x40 ../../hal/lpc2106-cmucam3\libhal-lpc2106-cmucam3.a(devices.o)
 .debug_aranges
                0x00000ab0       0x68 ../../hal/lpc2106-cmucam3\libhal-lpc2106-cmucam3.a(uart_driver.o)
 .debug_aranges
                0x00000b18       0x20 ../../hal/lpc2106-cmucam3\libhal-lpc2106-cmucam3.a(startup.o)

.debug_pubnames
 *(.debug_pubnames)

.debug_info     0x00000000    0x26d05
 *(.debug_info .gnu.linkonce.wi.*)
 .debug_info    0x00000000     0x1cc9 lpc2106-cmucam3_buildfiles/main.o
 .debug_info    0x00001cc9     0x17b3 ../../lib/jpeg-6b\libjpeg-6b_lpc2106-cmucam3.a(jcapimin.o)
 .debug_info    0x0000347c     0x1541 ../../lib/jpeg-6b\libjpeg-6b_lpc2106-cmucam3.a(jcapistd.o)
 .debug_info    0x000049bd     0x14d6 ../../lib/jpeg-6b\libjpeg-6b_lpc2106-cmucam3.a(jcinit.o)
 .debug_info    0x00005e93     0x1554 ../../lib/jpeg-6b\libjpeg-6b_lpc2106-cmucam3.a(jcmainct.o)
 .debug_info    0x000073e7     0x24c8 ../../lib/jpeg-6b\libjpeg-6b_lpc2106-cmucam3.a(jcmarker.o)
 .debug_info    0x000098af     0x17cb ../../lib/jpeg-6b\libjpeg-6b_lpc2106-cmucam3.a(jcmaster.o)
 .debug_info    0x0000b07a     0x134b ../../lib/jpeg-6b\libjpeg-6b_lpc2106-cmucam3.a(jcomapi.o)
 .debug_info    0x0000c3c5     0x1bd2 ../../lib/jpeg-6b\libjpeg-6b_lpc2106-cmucam3.a(jcparam.o)
 .debug_info    0x0000df97     0x16c1 ../../lib/jpeg-6b\libjpeg-6b_lpc2106-cmucam3.a(jcprepct.o)
 .debug_info    0x0000f658     0x1a32 ../../lib/jpeg-6b\libjpeg-6b_lpc2106-cmucam3.a(jcsample.o)
 .debug_info    0x0001108a     0x19f7 ../../lib/jpeg-6b\libjpeg-6b_lpc2106-cmucam3.a(jdatadst.o)
 .debug_info    0x00012a81     0x12e5 ../../lib/jpeg-6b\libjpeg-6b_lpc2106-cmucam3.a(jerror.o)
 .debug_info    0x00013d66      0x33b ../../lib/jpeg-6b\libjpeg-6b_lpc2106-cmucam3.a(jutils.o)
 .debug_info    0x000140a1     0x234a ../../lib/jpeg-6b\libjpeg-6b_lpc2106-cmucam3.a(jmemmgr.o)
 .debug_info    0x000163eb     0x133d ../../lib/jpeg-6b\libjpeg-6b_lpc2106-cmucam3.a(jmemnobs.o)
 .debug_info    0x00017728     0x1689 ../../lib/jpeg-6b\libjpeg-6b_lpc2106-cmucam3.a(jccoefct.o)
 .debug_info    0x00018db1     0x18fb ../../lib/jpeg-6b\libjpeg-6b_lpc2106-cmucam3.a(jccolor.o)
 .debug_info    0x0001a6ac     0x1629 ../../lib/jpeg-6b\libjpeg-6b_lpc2106-cmucam3.a(jcdctmgr.o)
 .debug_info    0x0001bcd5     0x2191 ../../lib/jpeg-6b\libjpeg-6b_lpc2106-cmucam3.a(jchuff.o)
 .debug_info    0x0001de66      0x1d5 ../../lib/jpeg-6b\libjpeg-6b_lpc2106-cmucam3.a(jfdctint.o)
 .debug_info    0x0001e03b      0x34a ../../hal/lpc2106-cmucam3\libhal-lpc2106-cmucam3.a(interrupt.o)
 .debug_info    0x0001e385     0x1891 ../../hal/lpc2106-cmucam3\libhal-lpc2106-cmucam3.a(cc3.o)
 .debug_info    0x0001fc16      0x1b1 ../../hal/lpc2106-cmucam3\libhal-lpc2106-cmucam3.a(cc3_hal.o)
 .debug_info    0x0001fdc7      0xda1 ../../hal/lpc2106-cmucam3\libhal-lpc2106-cmucam3.a(syscalls.o)
 .debug_info    0x00020b68      0xe46 ../../hal/lpc2106-cmucam3\libhal-lpc2106-cmucam3.a(serial.o)
 .debug_info    0x000219ae      0x2c4 ../../hal/lpc2106-cmucam3\libhal-lpc2106-cmucam3.a(servo.o)
 .debug_info    0x00021c72     0x2248 ../../hal/lpc2106-cmucam3\libhal-lpc2106-cmucam3.a(rdcf2.o)
 .debug_info    0x00023eba      0xfe9 ../../hal/lpc2106-cmucam3\libhal-lpc2106-cmucam3.a(mmc_hardware.o)
 .debug_info    0x00024ea3      0xed2 ../../hal/lpc2106-cmucam3\libhal-lpc2106-cmucam3.a(mmc_driver.o)
 .debug_info    0x00025d75      0x1b3 ../../hal/lpc2106-cmucam3\libhal-lpc2106-cmucam3.a(gpio.o)
 .debug_info    0x00025f28      0x549 ../../hal/lpc2106-cmucam3\libhal-lpc2106-cmucam3.a(devices.o)
 .debug_info    0x00026471      0x806 ../../hal/lpc2106-cmucam3\libhal-lpc2106-cmucam3.a(uart_driver.o)
 .debug_info    0x00026c77       0x8e ../../hal/lpc2106-cmucam3\libhal-lpc2106-cmucam3.a(startup.o)

.debug_abbrev   0x00000000     0x5650
 *(.debug_abbrev)
 .debug_abbrev  0x00000000      0x361 lpc2106-cmucam3_buildfiles/main.o
 .debug_abbrev  0x00000361      0x25f ../../lib/jpeg-6b\libjpeg-6b_lpc2106-cmucam3.a(jcapimin.o)
 .debug_abbrev  0x000005c0      0x230 ../../lib/jpeg-6b\libjpeg-6b_lpc2106-cmucam3.a(jcapistd.o)
 .debug_abbrev  0x000007f0      0x1ed ../../lib/jpeg-6b\libjpeg-6b_lpc2106-cmucam3.a(jcinit.o)
 .debug_abbrev  0x000009dd      0x24d ../../lib/jpeg-6b\libjpeg-6b_lpc2106-cmucam3.a(jcmainct.o)
 .debug_abbrev  0x00000c2a      0x3d0 ../../lib/jpeg-6b\libjpeg-6b_lpc2106-cmucam3.a(jcmarker.o)
 .debug_abbrev  0x00000ffa      0x2a0 ../../lib/jpeg-6b\libjpeg-6b_lpc2106-cmucam3.a(jcmaster.o)
 .debug_abbrev  0x0000129a      0x203 ../../lib/jpeg-6b\libjpeg-6b_lpc2106-cmucam3.a(jcomapi.o)
 .debug_abbrev  0x0000149d      0x392 ../../lib/jpeg-6b\libjpeg-6b_lpc2106-cmucam3.a(jcparam.o)
 .debug_abbrev  0x0000182f      0x29d ../../lib/jpeg-6b\libjpeg-6b_lpc2106-cmucam3.a(jcprepct.o)
 .debug_abbrev  0x00001acc      0x2f8 ../../lib/jpeg-6b\libjpeg-6b_lpc2106-cmucam3.a(jcsample.o)
 .debug_abbrev  0x00001dc4      0x2e9 ../../lib/jpeg-6b\libjpeg-6b_lpc2106-cmucam3.a(jdatadst.o)
 .debug_abbrev  0x000020ad      0x2d9 ../../lib/jpeg-6b\libjpeg-6b_lpc2106-cmucam3.a(jerror.o)
 .debug_abbrev  0x00002386      0x13d ../../lib/jpeg-6b\libjpeg-6b_lpc2106-cmucam3.a(jutils.o)
 .debug_abbrev  0x000024c3      0x3e3 ../../lib/jpeg-6b\libjpeg-6b_lpc2106-cmucam3.a(jmemmgr.o)
 .debug_abbrev  0x000028a6      0x22a ../../lib/jpeg-6b\libjpeg-6b_lpc2106-cmucam3.a(jmemnobs.o)
 .debug_abbrev  0x00002ad0      0x2e6 ../../lib/jpeg-6b\libjpeg-6b_lpc2106-cmucam3.a(jccoefct.o)
 .debug_abbrev  0x00002db6      0x27a ../../lib/jpeg-6b\libjpeg-6b_lpc2106-cmucam3.a(jccolor.o)
 .debug_abbrev  0x00003030      0x265 ../../lib/jpeg-6b\libjpeg-6b_lpc2106-cmucam3.a(jcdctmgr.o)
 .debug_abbrev  0x00003295      0x389 ../../lib/jpeg-6b\libjpeg-6b_lpc2106-cmucam3.a(jchuff.o)
 .debug_abbrev  0x0000361e       0x92 ../../lib/jpeg-6b\libjpeg-6b_lpc2106-cmucam3.a(jfdctint.o)
 .debug_abbrev  0x000036b0      0x1a6 ../../hal/lpc2106-cmucam3\libhal-lpc2106-cmucam3.a(interrupt.o)
 .debug_abbrev  0x00003856      0x4a2 ../../hal/lpc2106-cmucam3\libhal-lpc2106-cmucam3.a(cc3.o)
 .debug_abbrev  0x00003cf8       0xb7 ../../hal/lpc2106-cmucam3\libhal-lpc2106-cmucam3.a(cc3_hal.o)
 .debug_abbrev  0x00003daf      0x2eb ../../hal/lpc2106-cmucam3\libhal-lpc2106-cmucam3.a(syscalls.o)
 .debug_abbrev  0x0000409a      0x415 ../../hal/lpc2106-cmucam3\libhal-lpc2106-cmucam3.a(serial.o)
 .debug_abbrev  0x000044af      0x193 ../../hal/lpc2106-cmucam3\libhal-lpc2106-cmucam3.a(servo.o)
 .debug_abbrev  0x00004642      0x49a ../../hal/lpc2106-cmucam3\libhal-lpc2106-cmucam3.a(rdcf2.o)
 .debug_abbrev  0x00004adc      0x36f ../../hal/lpc2106-cmucam3\libhal-lpc2106-cmucam3.a(mmc_hardware.o)
 .debug_abbrev  0x00004e4b      0x2ee ../../hal/lpc2106-cmucam3\libhal-lpc2106-cmucam3.a(mmc_driver.o)
 .debug_abbrev  0x00005139      0x148 ../../hal/lpc2106-cmucam3\libhal-lpc2106-cmucam3.a(gpio.o)
 .debug_abbrev  0x00005281      0x164 ../../hal/lpc2106-cmucam3\libhal-lpc2106-cmucam3.a(devices.o)
 .debug_abbrev  0x000053e5      0x257 ../../hal/lpc2106-cmucam3\libhal-lpc2106-cmucam3.a(uart_driver.o)
 .debug_abbrev  0x0000563c       0x14 ../../hal/lpc2106-cmucam3\libhal-lpc2106-cmucam3.a(startup.o)

.debug_line     0x00000000     0x5db4
 *(.debug_line)
 .debug_line    0x00000000      0x1f7 lpc2106-cmucam3_buildfiles/main.o
 .debug_line    0x000001f7      0x241 ../../lib/jpeg-6b\libjpeg-6b_lpc2106-cmucam3.a(jcapimin.o)
 .debug_line    0x00000438      0x134 ../../lib/jpeg-6b\libjpeg-6b_lpc2106-cmucam3.a(jcapistd.o)
 .debug_line    0x0000056c       0xfd ../../lib/jpeg-6b\libjpeg-6b_lpc2106-cmucam3.a(jcinit.o)
 .debug_line    0x00000669      0x158 ../../lib/jpeg-6b\libjpeg-6b_lpc2106-cmucam3.a(jcmainct.o)
 .debug_line    0x000007c1      0x3ae ../../lib/jpeg-6b\libjpeg-6b_lpc2106-cmucam3.a(jcmarker.o)
 .debug_line    0x00000b6f      0x281 ../../lib/jpeg-6b\libjpeg-6b_lpc2106-cmucam3.a(jcmaster.o)
 .debug_line    0x00000df0      0x12a ../../lib/jpeg-6b\libjpeg-6b_lpc2106-cmucam3.a(jcomapi.o)
 .debug_line    0x00000f1a      0x335 ../../lib/jpeg-6b\libjpeg-6b_lpc2106-cmucam3.a(jcparam.o)
 .debug_line    0x0000124f      0x1c7 ../../lib/jpeg-6b\libjpeg-6b_lpc2106-cmucam3.a(jcprepct.o)
 .debug_line    0x00001416      0x2e2 ../../lib/jpeg-6b\libjpeg-6b_lpc2106-cmucam3.a(jcsample.o)
 .debug_line    0x000016f8      0x1c5 ../../lib/jpeg-6b\libjpeg-6b_lpc2106-cmucam3.a(jdatadst.o)
 .debug_line    0x000018bd      0x236 ../../lib/jpeg-6b\libjpeg-6b_lpc2106-cmucam3.a(jerror.o)
 .debug_line    0x00001af3      0x15e ../../lib/jpeg-6b\libjpeg-6b_lpc2106-cmucam3.a(jutils.o)
 .debug_line    0x00001c51      0x571 ../../lib/jpeg-6b\libjpeg-6b_lpc2106-cmucam3.a(jmemmgr.o)
 .debug_line    0x000021c2      0x1f7 ../../lib/jpeg-6b\libjpeg-6b_lpc2106-cmucam3.a(jmemnobs.o)
 .debug_line    0x000023b9      0x1ca ../../lib/jpeg-6b\libjpeg-6b_lpc2106-cmucam3.a(jccoefct.o)
 .debug_line    0x00002583      0x368 ../../lib/jpeg-6b\libjpeg-6b_lpc2106-cmucam3.a(jccolor.o)
 .debug_line    0x000028eb      0x1d5 ../../lib/jpeg-6b\libjpeg-6b_lpc2106-cmucam3.a(jcdctmgr.o)
 .debug_line    0x00002ac0      0x4f4 ../../lib/jpeg-6b\libjpeg-6b_lpc2106-cmucam3.a(jchuff.o)
 .debug_line    0x00002fb4      0x60e ../../lib/jpeg-6b\libjpeg-6b_lpc2106-cmucam3.a(jfdctint.o)
 .debug_line    0x000035c2      0x239 ../../hal/lpc2106-cmucam3\libhal-lpc2106-cmucam3.a(interrupt.o)
 .debug_line    0x000037fb      0x728 ../../hal/lpc2106-cmucam3\libhal-lpc2106-cmucam3.a(cc3.o)
 .debug_line    0x00003f23       0xfd ../../hal/lpc2106-cmucam3\libhal-lpc2106-cmucam3.a(cc3_hal.o)
 .debug_line    0x00004020      0x386 ../../hal/lpc2106-cmucam3\libhal-lpc2106-cmucam3.a(syscalls.o)
 .debug_line    0x000043a6      0x37e ../../hal/lpc2106-cmucam3\libhal-lpc2106-cmucam3.a(serial.o)
 .debug_line    0x00004724      0x15c ../../hal/lpc2106-cmucam3\libhal-lpc2106-cmucam3.a(servo.o)
 .debug_line    0x00004880      0x8b1 ../../hal/lpc2106-cmucam3\libhal-lpc2106-cmucam3.a(rdcf2.o)
 .debug_line    0x00005131      0x3d0 ../../hal/lpc2106-cmucam3\libhal-lpc2106-cmucam3.a(mmc_hardware.o)
 .debug_line    0x00005501      0x328 ../../hal/lpc2106-cmucam3\libhal-lpc2106-cmucam3.a(mmc_driver.o)
 .debug_line    0x00005829      0x106 ../../hal/lpc2106-cmucam3\libhal-lpc2106-cmucam3.a(gpio.o)
 .debug_line    0x0000592f      0x165 ../../hal/lpc2106-cmucam3\libhal-lpc2106-cmucam3.a(devices.o)
 .debug_line    0x00005a94      0x28e ../../hal/lpc2106-cmucam3\libhal-lpc2106-cmucam3.a(uart_driver.o)
 .debug_line    0x00005d22       0x92 ../../hal/lpc2106-cmucam3\libhal-lpc2106-cmucam3.a(startup.o)

.debug_frame    0x00000000     0x2df4
 *(.debug_frame)
 .debug_frame   0x00000000       0x34 lpc2106-cmucam3_buildfiles/main.o
 .debug_frame   0x00000034       0xf8 ../../lib/jpeg-6b\libjpeg-6b_lpc2106-cmucam3.a(jcapimin.o)
 .debug_frame   0x0000012c       0x6c ../../lib/jpeg-6b\libjpeg-6b_lpc2106-cmucam3.a(jcapistd.o)
 .debug_frame   0x00000198       0x2c ../../lib/jpeg-6b\libjpeg-6b_lpc2106-cmucam3.a(jcinit.o)
 .debug_frame   0x000001c4       0x70 ../../lib/jpeg-6b\libjpeg-6b_lpc2106-cmucam3.a(jcmainct.o)
 .debug_frame   0x00000234      0x180 ../../lib/jpeg-6b\libjpeg-6b_lpc2106-cmucam3.a(jcmarker.o)
 .debug_frame   0x000003b4       0xc4 ../../lib/jpeg-6b\libjpeg-6b_lpc2106-cmucam3.a(jcmaster.o)
 .debug_frame   0x00000478       0x70 ../../lib/jpeg-6b\libjpeg-6b_lpc2106-cmucam3.a(jcomapi.o)
 .debug_frame   0x000004e8       0xfc ../../lib/jpeg-6b\libjpeg-6b_lpc2106-cmucam3.a(jcparam.o)
 .debug_frame   0x000005e4       0x74 ../../lib/jpeg-6b\libjpeg-6b_lpc2106-cmucam3.a(jcprepct.o)
 .debug_frame   0x00000658      0x100 ../../lib/jpeg-6b\libjpeg-6b_lpc2106-cmucam3.a(jcsample.o)
 .debug_frame   0x00000758       0x7c ../../lib/jpeg-6b\libjpeg-6b_lpc2106-cmucam3.a(jdatadst.o)
 .debug_frame   0x000007d4       0xa8 ../../lib/jpeg-6b\libjpeg-6b_lpc2106-cmucam3.a(jerror.o)
 .debug_frame   0x0000087c       0x90 ../../lib/jpeg-6b\libjpeg-6b_lpc2106-cmucam3.a(jutils.o)
 .debug_frame   0x0000090c      0x1e4 ../../lib/jpeg-6b\libjpeg-6b_lpc2106-cmucam3.a(jmemmgr.o)
 .debug_frame   0x00000af0       0xb8 ../../lib/jpeg-6b\libjpeg-6b_lpc2106-cmucam3.a(jmemnobs.o)
 .debug_frame   0x00000ba8       0x80 ../../lib/jpeg-6b\libjpeg-6b_lpc2106-cmucam3.a(jccoefct.o)
 .debug_frame   0x00000c28      0x11c ../../lib/jpeg-6b\libjpeg-6b_lpc2106-cmucam3.a(jccolor.o)
 .debug_frame   0x00000d44       0x80 ../../lib/jpeg-6b\libjpeg-6b_lpc2106-cmucam3.a(jcdctmgr.o)
 .debug_frame   0x00000dc4       0xd4 ../../lib/jpeg-6b\libjpeg-6b_lpc2106-cmucam3.a(jchuff.o)
 .debug_frame   0x00000e98       0x38 ../../lib/jpeg-6b\libjpeg-6b_lpc2106-cmucam3.a(jfdctint.o)
 .debug_frame   0x00000ed0      0x10c ../../hal/lpc2106-cmucam3\libhal-lpc2106-cmucam3.a(interrupt.o)
 .debug_frame   0x00000fdc      0x20c ../../hal/lpc2106-cmucam3\libhal-lpc2106-cmucam3.a(cc3.o)
 .debug_frame   0x000011e8       0xa0 ../../hal/lpc2106-cmucam3\libhal-lpc2106-cmucam3.a(cc3_hal.o)
 .debug_frame   0x00001288      0x1d0 ../../hal/lpc2106-cmucam3\libhal-lpc2106-cmucam3.a(syscalls.o)
 .debug_frame   0x00001458      0x134 ../../hal/lpc2106-cmucam3\libhal-lpc2106-cmucam3.a(serial.o)
 .debug_frame   0x0000158c       0x64 ../../hal/lpc2106-cmucam3\libhal-lpc2106-cmucam3.a(servo.o)
 .debug_frame   0x000015f0      0x320 ../../hal/lpc2106-cmucam3\libhal-lpc2106-cmucam3.a(rdcf2.o)
 .debug_frame   0x00001910       0x98 ../../hal/lpc2106-cmucam3\libhal-lpc2106-cmucam3.a(mmc_hardware.o)
 .debug_frame   0x000019a8      0x114 ../../hal/lpc2106-cmucam3\libhal-lpc2106-cmucam3.a(mmc_driver.o)
 .debug_frame   0x00001abc       0x58 ../../hal/lpc2106-cmucam3\libhal-lpc2106-cmucam3.a(gpio.o)
 .debug_frame   0x00001b14       0x70 ../../hal/lpc2106-cmucam3\libhal-lpc2106-cmucam3.a(devices.o)
 .debug_frame   0x00001b84       0xe8 ../../hal/lpc2106-cmucam3\libhal-lpc2106-cmucam3.a(uart_driver.o)
 .debug_frame   0x00001c6c       0x20 c:/sourcery_codebench_lite_for_arm_eabi/bin/../lib/gcc/arm-none-eabi/4.8.1\libgcc.a(_udivsi3.o)
 .debug_frame   0x00001c8c       0x20 c:/sourcery_codebench_lite_for_arm_eabi/bin/../lib/gcc/arm-none-eabi/4.8.1\libgcc.a(_divsi3.o)
 .debug_frame   0x00001cac       0x28 c:/sourcery_codebench_lite_for_arm_eabi/bin/../lib/gcc/arm-none-eabi/4.8.1/../../../../arm-none-eabi/lib\libc.a(lib_a-calloc.o)
 .debug_frame   0x00001cd4       0x28 c:/sourcery_codebench_lite_for_arm_eabi/bin/../lib/gcc/arm-none-eabi/4.8.1/../../../../arm-none-eabi/lib\libc.a(lib_a-callocr.o)
 .debug_frame   0x00001cfc       0x28 c:/sourcery_codebench_lite_for_arm_eabi/bin/../lib/gcc/arm-none-eabi/4.8.1/../../../../arm-none-eabi/lib\libc.a(lib_a-exit.o)
 .debug_frame   0x00001d24       0x3c c:/sourcery_codebench_lite_for_arm_eabi/bin/../lib/gcc/arm-none-eabi/4.8.1/../../../../arm-none-eabi/lib\libc.a(lib_a-fclose.o)
 .debug_frame   0x00001d60       0x64 c:/sourcery_codebench_lite_for_arm_eabi/bin/../lib/gcc/arm-none-eabi/4.8.1/../../../../arm-none-eabi/lib\libc.a(lib_a-fflush.o)
 .debug_frame   0x00001dc4      0x130 c:/sourcery_codebench_lite_for_arm_eabi/bin/../lib/gcc/arm-none-eabi/4.8.1/../../../../arm-none-eabi/lib\libc.a(lib_a-findfp.o)
 .debug_frame   0x00001ef4       0x54 c:/sourcery_codebench_lite_for_arm_eabi/bin/../lib/gcc/arm-none-eabi/4.8.1/../../../../arm-none-eabi/lib\libc.a(lib_a-fiprintf.o)
 .debug_frame   0x00001f48       0x40 c:/sourcery_codebench_lite_for_arm_eabi/bin/../lib/gcc/arm-none-eabi/4.8.1/../../../../arm-none-eabi/lib\libc.a(lib_a-fopen.o)
 .debug_frame   0x00001f88       0x50 c:/sourcery_codebench_lite_for_arm_eabi/bin/../lib/gcc/arm-none-eabi/4.8.1/../../../../arm-none-eabi/lib\libc.a(lib_a-freer.o)
 .debug_frame   0x00001fd8       0x40 c:/sourcery_codebench_lite_for_arm_eabi/bin/../lib/gcc/arm-none-eabi/4.8.1/../../../../arm-none-eabi/lib\libc.a(lib_a-fseek.o)
 .debug_frame   0x00002018       0x50 c:/sourcery_codebench_lite_for_arm_eabi/bin/../lib/gcc/arm-none-eabi/4.8.1/../../../../arm-none-eabi/lib\libc.a(lib_a-fseeko.o)
 .debug_frame   0x00002068       0x2c c:/sourcery_codebench_lite_for_arm_eabi/bin/../lib/gcc/arm-none-eabi/4.8.1/../../../../arm-none-eabi/lib\libc.a(lib_a-fstatr.o)
 .debug_frame   0x00002094       0x54 c:/sourcery_codebench_lite_for_arm_eabi/bin/../lib/gcc/arm-none-eabi/4.8.1/../../../../arm-none-eabi/lib\libc.a(lib_a-fwalk.o)
 .debug_frame   0x000020e8       0x50 c:/sourcery_codebench_lite_for_arm_eabi/bin/../lib/gcc/arm-none-eabi/4.8.1/../../../../arm-none-eabi/lib\libc.a(lib_a-fwrite.o)
 .debug_frame   0x00002138       0x58 c:/sourcery_codebench_lite_for_arm_eabi/bin/../lib/gcc/arm-none-eabi/4.8.1/../../../../arm-none-eabi/lib\libc.a(lib_a-iprintf.o)
 .debug_frame   0x00002190       0x28 c:/sourcery_codebench_lite_for_arm_eabi/bin/../lib/gcc/arm-none-eabi/4.8.1/../../../../arm-none-eabi/lib\libc.a(lib_a-lcltime_r.o)
 .debug_frame   0x000021b8       0x30 c:/sourcery_codebench_lite_for_arm_eabi/bin/../lib/gcc/arm-none-eabi/4.8.1/../../../../arm-none-eabi/lib\libc.a(lib_a-makebuf.o)
 .debug_frame   0x000021e8       0x40 c:/sourcery_codebench_lite_for_arm_eabi/bin/../lib/gcc/arm-none-eabi/4.8.1/../../../../arm-none-eabi/lib\libc.a(lib_a-malloc.o)
 .debug_frame   0x00002228       0x38 c:/sourcery_codebench_lite_for_arm_eabi/bin/../lib/gcc/arm-none-eabi/4.8.1/../../../../arm-none-eabi/lib\libc.a(lib_a-mallocr.o)
 .debug_frame   0x00002260       0x28 c:/sourcery_codebench_lite_for_arm_eabi/bin/../lib/gcc/arm-none-eabi/4.8.1/../../../../arm-none-eabi/lib\libc.a(lib_a-memcmp.o)
 .debug_frame   0x00002288       0x2c c:/sourcery_codebench_lite_for_arm_eabi/bin/../lib/gcc/arm-none-eabi/4.8.1/../../../../arm-none-eabi/lib\libc.a(lib_a-memcpy-stub.o)
 .debug_frame   0x000022b4       0x2c c:/sourcery_codebench_lite_for_arm_eabi/bin/../lib/gcc/arm-none-eabi/4.8.1/../../../../arm-none-eabi/lib\libc.a(lib_a-memset.o)
 .debug_frame   0x000022e0       0x5c c:/sourcery_codebench_lite_for_arm_eabi/bin/../lib/gcc/arm-none-eabi/4.8.1/../../../../arm-none-eabi/lib\libc.a(lib_a-mktm_r.o)
 .debug_frame   0x0000233c       0x30 c:/sourcery_codebench_lite_for_arm_eabi/bin/../lib/gcc/arm-none-eabi/4.8.1/../../../../arm-none-eabi/lib\libc.a(lib_a-mlock.o)
 .debug_frame   0x0000236c       0x2c c:/sourcery_codebench_lite_for_arm_eabi/bin/../lib/gcc/arm-none-eabi/4.8.1/../../../../arm-none-eabi/lib\libc.a(lib_a-openr.o)
 .debug_frame   0x00002398       0x48 c:/sourcery_codebench_lite_for_arm_eabi/bin/../lib/gcc/arm-none-eabi/4.8.1/../../../../arm-none-eabi/lib\libc.a(lib_a-reent.o)
 .debug_frame   0x000023e0       0x48 c:/sourcery_codebench_lite_for_arm_eabi/bin/../lib/gcc/arm-none-eabi/4.8.1/../../../../arm-none-eabi/lib\libc.a(lib_a-refill.o)
 .debug_frame   0x00002428       0x2c c:/sourcery_codebench_lite_for_arm_eabi/bin/../lib/gcc/arm-none-eabi/4.8.1/../../../../arm-none-eabi/lib\libc.a(lib_a-sbrkr.o)
 .debug_frame   0x00002454       0x28 c:/sourcery_codebench_lite_for_arm_eabi/bin/../lib/gcc/arm-none-eabi/4.8.1/../../../../arm-none-eabi/lib\libc.a(lib_a-setbuf.o)
 .debug_frame   0x0000247c       0x34 c:/sourcery_codebench_lite_for_arm_eabi/bin/../lib/gcc/arm-none-eabi/4.8.1/../../../../arm-none-eabi/lib\libc.a(lib_a-setvbuf.o)
 .debug_frame   0x000024b0       0x60 c:/sourcery_codebench_lite_for_arm_eabi/bin/../lib/gcc/arm-none-eabi/4.8.1/../../../../arm-none-eabi/lib\libc.a(lib_a-siprintf.o)
 .debug_frame   0x00002510       0x5c c:/sourcery_codebench_lite_for_arm_eabi/bin/../lib/gcc/arm-none-eabi/4.8.1/../../../../arm-none-eabi/lib\libc.a(lib_a-sniprintf.o)
 .debug_frame   0x0000256c       0x88 c:/sourcery_codebench_lite_for_arm_eabi/bin/../lib/gcc/arm-none-eabi/4.8.1/../../../../arm-none-eabi/lib\libc.a(lib_a-stdio.o)
 .debug_frame   0x000025f4       0x28 c:/sourcery_codebench_lite_for_arm_eabi/bin/../lib/gcc/arm-none-eabi/4.8.1/../../../../arm-none-eabi/lib\libc.a(lib_a-strdup.o)
 .debug_frame   0x0000261c       0x2c c:/sourcery_codebench_lite_for_arm_eabi/bin/../lib/gcc/arm-none-eabi/4.8.1/../../../../arm-none-eabi/lib\libc.a(lib_a-strdup_r.o)
 .debug_frame   0x00002648       0x20 c:/sourcery_codebench_lite_for_arm_eabi/bin/../lib/gcc/arm-none-eabi/4.8.1/../../../../arm-none-eabi/lib\libc.a(lib_a-strlen.o)
 .debug_frame   0x00002668       0x50 c:/sourcery_codebench_lite_for_arm_eabi/bin/../lib/gcc/arm-none-eabi/4.8.1/../../../../arm-none-eabi/lib\libc.a(lib_a-strtol.o)
 .debug_frame   0x000026b8       0x64 c:/sourcery_codebench_lite_for_arm_eabi/bin/../lib/gcc/arm-none-eabi/4.8.1/../../../../arm-none-eabi/lib\libc.a(lib_a-svfiprintf.o)
 .debug_frame   0x0000271c       0x28 c:/sourcery_codebench_lite_for_arm_eabi/bin/../lib/gcc/arm-none-eabi/4.8.1/../../../../arm-none-eabi/lib\libc.a(lib_a-sysgettod.o)
 .debug_frame   0x00002744       0x30 c:/sourcery_codebench_lite_for_arm_eabi/bin/../lib/gcc/arm-none-eabi/4.8.1/../../../../arm-none-eabi/lib\libc.a(lib_a-tzlock.o)
 .debug_frame   0x00002774       0xb8 c:/sourcery_codebench_lite_for_arm_eabi/bin/../lib/gcc/arm-none-eabi/4.8.1/../../../../arm-none-eabi/lib\libc.a(lib_a-vfiprintf.o)
 .debug_frame   0x0000282c       0x2c c:/sourcery_codebench_lite_for_arm_eabi/bin/../lib/gcc/arm-none-eabi/4.8.1/../../../../arm-none-eabi/lib\libc.a(lib_a-writer.o)
 .debug_frame   0x00002858       0x2c c:/sourcery_codebench_lite_for_arm_eabi/bin/../lib/gcc/arm-none-eabi/4.8.1/../../../../arm-none-eabi/lib\libc.a(lib_a-wsetup.o)
 .debug_frame   0x00002884       0x50 c:/sourcery_codebench_lite_for_arm_eabi/bin/../lib/gcc/arm-none-eabi/4.8.1/../../../../arm-none-eabi/lib\libc.a(lib_a-__call_atexit.o)
 .debug_frame   0x000028d4       0x28 c:/sourcery_codebench_lite_for_arm_eabi/bin/../lib/gcc/arm-none-eabi/4.8.1/../../../../arm-none-eabi/lib\libc.a(lib_a-atexit.o)
 .debug_frame   0x000028fc       0x2c c:/sourcery_codebench_lite_for_arm_eabi/bin/../lib/gcc/arm-none-eabi/4.8.1/../../../../arm-none-eabi/lib\libc.a(lib_a-closer.o)
 .debug_frame   0x00002928       0x2c c:/sourcery_codebench_lite_for_arm_eabi/bin/../lib/gcc/arm-none-eabi/4.8.1/../../../../arm-none-eabi/lib\libc.a(lib_a-fini.o)
 .debug_frame   0x00002954       0x28 c:/sourcery_codebench_lite_for_arm_eabi/bin/../lib/gcc/arm-none-eabi/4.8.1/../../../../arm-none-eabi/lib\libc.a(lib_a-flags.o)
 .debug_frame   0x0000297c       0x50 c:/sourcery_codebench_lite_for_arm_eabi/bin/../lib/gcc/arm-none-eabi/4.8.1/../../../../arm-none-eabi/lib\libc.a(lib_a-fputwc.o)
 .debug_frame   0x000029cc       0x38 c:/sourcery_codebench_lite_for_arm_eabi/bin/../lib/gcc/arm-none-eabi/4.8.1/../../../../arm-none-eabi/lib\libc.a(lib_a-fvwrite.o)
 .debug_frame   0x00002a04       0x2c c:/sourcery_codebench_lite_for_arm_eabi/bin/../lib/gcc/arm-none-eabi/4.8.1/../../../../arm-none-eabi/lib\libc.a(lib_a-gettimeofdayr.o)
 .debug_frame   0x00002a30       0x20 c:/sourcery_codebench_lite_for_arm_eabi/bin/../lib/gcc/arm-none-eabi/4.8.1/../../../../arm-none-eabi/lib\libc.a(lib_a-gettzinfo.o)