Archive member included because of file (symbol)

../../lib/cc3-ilp\libcc3-ilp_lpc2106-cmucam3.a(cc3_ilp.o)
                              lpc2106-cmucam3_buildfiles/main.o (cc3_get_pixel)
../../hal/lpc2106-cmucam3\libhal-lpc2106-cmucam3.a(interrupt.o)
                              (--whole-archive)
../../hal/lpc2106-cmucam3\libhal-lpc2106-cmucam3.a(cc3.o)
                              (--whole-archive)
../../hal/lpc2106-cmucam3\libhal-lpc2106-cmucam3.a(cc3_hal.o)
                              (--whole-archive)
../../hal/lpc2106-cmucam3\libhal-lpc2106-cmucam3.a(syscalls.o)
                              (--whole-archive)
../../hal/lpc2106-cmucam3\libhal-lpc2106-cmucam3.a(serial.o)
                              (--whole-archive)
../../hal/lpc2106-cmucam3\libhal-lpc2106-cmucam3.a(servo.o)
                              (--whole-archive)
../../hal/lpc2106-cmucam3\libhal-lpc2106-cmucam3.a(rdcf2.o)
                              (--whole-archive)
../../hal/lpc2106-cmucam3\libhal-lpc2106-cmucam3.a(mmc_hardware.o)
                              (--whole-archive)
../../hal/lpc2106-cmucam3\libhal-lpc2106-cmucam3.a(mmc_driver.o)
                              (--whole-archive)
../../hal/lpc2106-cmucam3\libhal-lpc2106-cmucam3.a(gpio.o)
                              (--whole-archive)
../../hal/lpc2106-cmucam3\libhal-lpc2106-cmucam3.a(devices.o)
                              (--whole-archive)
../../hal/lpc2106-cmucam3\libhal-lpc2106-cmucam3.a(uart_driver.o)
                              (--whole-archive)
../../hal/lpc2106-cmucam3\libhal-lpc2106-cmucam3.a(startup.o)
                              (--whole-archive)
c:/sourcery_codebench_lite_for_arm_eabi/bin/../lib/gcc/arm-none-eabi/4.8.1\libgcc.a(_udivsi3.o)
                              ../../hal/lpc2106-cmucam3\libhal-lpc2106-cmucam3.a(serial.o) (__aeabi_uidiv)
c:/sourcery_codebench_lite_for_arm_eabi/bin/../lib/gcc/arm-none-eabi/4.8.1\libgcc.a(_divsi3.o)
                              ../../hal/lpc2106-cmucam3\libhal-lpc2106-cmucam3.a(cc3.o) (__aeabi_idiv)
c:/sourcery_codebench_lite_for_arm_eabi/bin/../lib/gcc/arm-none-eabi/4.8.1\libgcc.a(_dvmd_tls.o)
                              c:/sourcery_codebench_lite_for_arm_eabi/bin/../lib/gcc/arm-none-eabi/4.8.1\libgcc.a(_udivsi3.o) (__aeabi_idiv0)
c:/sourcery_codebench_lite_for_arm_eabi/bin/../lib/gcc/arm-none-eabi/4.8.1/../../../../arm-none-eabi/lib\libc.a(lib_a-calloc.o)
                              ../../hal/lpc2106-cmucam3\libhal-lpc2106-cmucam3.a(mmc_hardware.o) (calloc)
c:/sourcery_codebench_lite_for_arm_eabi/bin/../lib/gcc/arm-none-eabi/4.8.1/../../../../arm-none-eabi/lib\libc.a(lib_a-callocr.o)
                              c:/sourcery_codebench_lite_for_arm_eabi/bin/../lib/gcc/arm-none-eabi/4.8.1/../../../../arm-none-eabi/lib\libc.a(lib_a-calloc.o) (_calloc_r)
c:/sourcery_codebench_lite_for_arm_eabi/bin/../lib/gcc/arm-none-eabi/4.8.1/../../../../arm-none-eabi/lib\libc.a(lib_a-ctype_.o)
                              ../../hal/lpc2106-cmucam3\libhal-lpc2106-cmucam3.a(syscalls.o) (__ctype_ptr__)
c:/sourcery_codebench_lite_for_arm_eabi/bin/../lib/gcc/arm-none-eabi/4.8.1/../../../../arm-none-eabi/lib\libc.a(lib_a-exit.o)
                              ../../hal/lpc2106-cmucam3\libhal-lpc2106-cmucam3.a(interrupt.o) (exit)
c:/sourcery_codebench_lite_for_arm_eabi/bin/../lib/gcc/arm-none-eabi/4.8.1/../../../../arm-none-eabi/lib\libc.a(lib_a-fclose.o)
                              lpc2106-cmucam3_buildfiles/main.o (fclose)
c:/sourcery_codebench_lite_for_arm_eabi/bin/../lib/gcc/arm-none-eabi/4.8.1/../../../../arm-none-eabi/lib\libc.a(lib_a-fflush.o)
                              c:/sourcery_codebench_lite_for_arm_eabi/bin/../lib/gcc/arm-none-eabi/4.8.1/../../../../arm-none-eabi/lib\libc.a(lib_a-fclose.o) (_fflush_r)
c:/sourcery_codebench_lite_for_arm_eabi/bin/../lib/gcc/arm-none-eabi/4.8.1/../../../../arm-none-eabi/lib\libc.a(lib_a-fgetc.o)
                              lpc2106-cmucam3_buildfiles/main.o (fgetc)
c:/sourcery_codebench_lite_for_arm_eabi/bin/../lib/gcc/arm-none-eabi/4.8.1/../../../../arm-none-eabi/lib\libc.a(lib_a-findfp.o)
                              c:/sourcery_codebench_lite_for_arm_eabi/bin/../lib/gcc/arm-none-eabi/4.8.1/../../../../arm-none-eabi/lib\libc.a(lib_a-fclose.o) (__sinit)
c:/sourcery_codebench_lite_for_arm_eabi/bin/../lib/gcc/arm-none-eabi/4.8.1/../../../../arm-none-eabi/lib\libc.a(lib_a-fiprintf.o)
                              lpc2106-cmucam3_buildfiles/main.o (fiprintf)
c:/sourcery_codebench_lite_for_arm_eabi/bin/../lib/gcc/arm-none-eabi/4.8.1/../../../../arm-none-eabi/lib\libc.a(lib_a-fopen.o)
                              lpc2106-cmucam3_buildfiles/main.o (fopen)
c:/sourcery_codebench_lite_for_arm_eabi/bin/../lib/gcc/arm-none-eabi/4.8.1/../../../../arm-none-eabi/lib\libc.a(lib_a-freer.o)
[...]
Memory Configuration

Name             Origin             Length             Attributes
ROM              0x00000000         0x0001e000         xr
RAM              0x40000000         0x00010000         rw
*default*        0x00000000         0xffffffff

Linker script and memory map

LOAD c:/sourcery_codebench_lite_for_arm_eabi/bin/../lib/gcc/arm-none-eabi/4.8.1/crti.o
LOAD c:/sourcery_codebench_lite_for_arm_eabi/bin/../lib/gcc/arm-none-eabi/4.8.1/crtbegin.o
LOAD lpc2106-cmucam3_buildfiles/main.o
LOAD ../../lib/cc3-ilp\libcc3-ilp_lpc2106-cmucam3.a
LOAD ../../hal/lpc2106-cmucam3\libhal-lpc2106-cmucam3.a
LOAD c:/sourcery_codebench_lite_for_arm_eabi/bin/../lib/gcc/arm-none-eabi/4.8.1/../../../../arm-none-eabi/lib\libm.a
START GROUP
LOAD c:/sourcery_codebench_lite_for_arm_eabi/bin/../lib/gcc/arm-none-eabi/4.8.1\libgcc.a
LOAD c:/sourcery_codebench_lite_for_arm_eabi/bin/../lib/gcc/arm-none-eabi/4.8.1/../../../../arm-none-eabi/lib\libc.a
END GROUP
LOAD c:/sourcery_codebench_lite_for_arm_eabi/bin/../lib/gcc/arm-none-eabi/4.8.1/crtend.o
LOAD c:/sourcery_codebench_lite_for_arm_eabi/bin/../lib/gcc/arm-none-eabi/4.8.1/crtn.o
                0x00002400                STACK_SIZE = 0x2400

.text           0x00000000     0xe9f0
 *(.boot)
 .boot          0x00000000      0x140 ../../hal/lpc2106-cmucam3\libhal-lpc2106-cmucam3.a(startup.o)
                0x00000000                _boot
                0x0000006c                _start
                0x0000006c                start
                0x0000006c                _mainCRTStartup
 *(.text .text.* .gnu.linkonce.t.*)
 .text          0x00000140      0x128 c:/sourcery_codebench_lite_for_arm_eabi/bin/../lib/gcc/arm-none-eabi/4.8.1/crtbegin.o
 .text.startup.main
                0x00000268      0x54c lpc2106-cmucam3_buildfiles/main.o
                0x00000268                main
 .text.cc3_get_pixel
                0x000007b4       0x7c ../../lib/cc3-ilp\libcc3-ilp_lpc2106-cmucam3.a(cc3_ilp.o)
                0x000007b4                cc3_get_pixel
 .text.panic_blink
                0x00000830       0x6c ../../hal/lpc2106-cmucam3\libhal-lpc2106-cmucam3.a(interrupt.o)
 .text.enable_ext_interrupt
                0x0000089c       0x20 ../../hal/lpc2106-cmucam3\libhal-lpc2106-cmucam3.a(interrupt.o)
                0x0000089c                enable_ext_interrupt
 .text.enable_button_interrupt
                0x000008bc       0x28 ../../hal/lpc2106-cmucam3\libhal-lpc2106-cmucam3.a(interrupt.o)
                0x000008bc                enable_button_interrupt
 .text.disable_button_interrupt
                0x000008e4       0x34 ../../hal/lpc2106-cmucam3\libhal-lpc2106-cmucam3.a(interrupt.o)
                0x000008e4                disable_button_interrupt
 .text.interrupt
                0x00000918       0xc4 ../../hal/lpc2106-cmucam3\libhal-lpc2106-cmucam3.a(interrupt.o)
                0x00000918                interrupt
 .text.swi      0x000009dc       0x18 ../../hal/lpc2106-cmucam3\libhal-lpc2106-cmucam3.a(interrupt.o)
                0x000009dc                swi
 .text.undefined
                0x000009f4        0xc ../../hal/lpc2106-cmucam3\libhal-lpc2106-cmucam3.a(interrupt.o)
                0x000009f4                undefined
 .text.prefetch_abort
                0x00000a00       0x24 ../../hal/lpc2106-cmucam3\libhal-lpc2106-cmucam3.a(interrupt.o)
                0x00000a00                prefetch_abort
 .text.data_abort
                0x00000a24       0x24 ../../hal/lpc2106-cmucam3\libhal-lpc2106-cmucam3.a(interrupt.o)
                0x00000a24                data_abort
 .text.cc3_pixbuf_rewind
                0x00000a48       0x80 ../../hal/lpc2106-cmucam3\libhal-lpc2106-cmucam3.a(cc3.o)
                0x00000a48                cc3_pixbuf_rewind
 .text.cc3_pixbuf_load
                0x00000ac8       0xa4 ../../hal/lpc2106-cmucam3\libhal-lpc2106-cmucam3.a(cc3.o)
                0x00000ac8                cc3_pixbuf_load
 .text.cc3_led_set_state
                0x00000b6c       0x8c ../../hal/lpc2106-cmucam3\libhal-lpc2106-cmucam3.a(cc3.o)
                0x00000b6c                cc3_led_set_state
 .text.cc3_malloc_rows
                0x00000bf8       0x28 ../../hal/lpc2106-cmucam3\libhal-lpc2106-cmucam3.a(cc3.o)
                0x00000bf8                cc3_malloc_rows
 .text.cc3_pixbuf_read_rows
                0x00000c20      0x630 ../../hal/lpc2106-cmucam3\libhal-lpc2106-cmucam3.a(cc3.o)
                0x00000c20                cc3_pixbuf_read_rows
 .text.cc3_timer_wait_ms
                0x00001250       0x20 ../../hal/lpc2106-cmucam3\libhal-lpc2106-cmucam3.a(cc3.o)
                0x00001250                cc3_timer_wait_ms
 .text.cc3_timer_get_current_ms
                0x00001270       0x10 ../../hal/lpc2106-cmucam3\libhal-lpc2106-cmucam3.a(cc3.o)
                0x00001270                cc3_timer_get_current_ms
 .text.cc3_pixbuf_frame_set_coi
                0x00001280       0x34 ../../hal/lpc2106-cmucam3\libhal-lpc2106-cmucam3.a(cc3.o)
                0x00001280                cc3_pixbuf_frame_set_coi
 .text.cc3_pixbuf_frame_reset
                0x000012b4       0x58 ../../hal/lpc2106-cmucam3\libhal-lpc2106-cmucam3.a(cc3.o)
                0x000012b4                cc3_pixbuf_frame_reset
 .text.cc3_camera_set_raw_register
                0x0000130c      0x180 ../../hal/lpc2106-cmucam3\libhal-lpc2106-cmucam3.a(cc3.o)
                0x0000130c                cc3_camera_set_raw_register
 .text._cc3_set_register_state
                0x0000148c      0x148 ../../hal/lpc2106-cmucam3\libhal-lpc2106-cmucam3.a(cc3.o)
 .text.cc3_camera_init
                0x000015d4       0x88 ../../hal/lpc2106-cmucam3\libhal-lpc2106-cmucam3.a(cc3.o)
                0x000015d4                cc3_camera_init
 .text.cc3_camera_set_resolution
                0x0000165c       0x10 ../../hal/lpc2106-cmucam3\libhal-lpc2106-cmucam3.a(cc3.o)
                0x0000165c                cc3_camera_set_resolution
 .text.cc3_camera_set_colorspace
                0x0000166c       0x10 ../../hal/lpc2106-cmucam3\libhal-lpc2106-cmucam3.a(cc3.o)
                0x0000166c                cc3_camera_set_colorspace
 .text.cc3_camera_set_auto_exposure
                0x0000167c       0x10 ../../hal/lpc2106-cmucam3\libhal-lpc2106-cmucam3.a(cc3.o)
                0x0000167c                cc3_camera_set_auto_exposure
 .text.cc3_camera_set_auto_white_balance
                0x0000168c       0x10 ../../hal/lpc2106-cmucam3\libhal-lpc2106-cmucam3.a(cc3.o)
                0x0000168c                cc3_camera_set_auto_white_balance
 .text.cc3_button_get_state
                0x0000169c       0x30 ../../hal/lpc2106-cmucam3\libhal-lpc2106-cmucam3.a(cc3.o)
                0x0000169c                cc3_button_get_state
 .text._cc3_system_setup
                0x000016cc       0xa8 ../../hal/lpc2106-cmucam3\libhal-lpc2106-cmucam3.a(cc3_hal.o)
                0x000016cc                _cc3_system_setup
 .text._cc3_delay_us_4
                0x00001774       0x60 ../../hal/lpc2106-cmucam3\libhal-lpc2106-cmucam3.a(cc3_hal.o)
                0x00001774                _cc3_delay_us_4
 .text._cc3_camera_reset
                0x000017d4       0x38 ../../hal/lpc2106-cmucam3\libhal-lpc2106-cmucam3.a(cc3_hal.o)
                0x000017d4                _cc3_camera_reset
 .text._cc3_fifo_reset
                0x0000180c       0x60 ../../hal/lpc2106-cmucam3\libhal-lpc2106-cmucam3.a(cc3_hal.o)
                0x0000180c                _cc3_fifo_reset
 .text._cc3_delay_sccb
                0x0000186c       0x38 ../../hal/lpc2106-cmucam3\libhal-lpc2106-cmucam3.a(cc3_hal.o)
                0x0000186c                _cc3_delay_sccb
 .text._cc3_pixbuf_write_rewind
                0x000018a4       0x30 ../../hal/lpc2106-cmucam3\libhal-lpc2106-cmucam3.a(cc3_hal.o)
                0x000018a4                _cc3_pixbuf_write_rewind
 .text.normalize_filename
                0x000018d4       0x60 ../../hal/lpc2106-cmucam3\libhal-lpc2106-cmucam3.a(syscalls.o)
 .text._write   0x00001934       0x58 ../../hal/lpc2106-cmucam3\libhal-lpc2106-cmucam3.a(syscalls.o)
                0x00001934                _write
 .text._read    0x0000198c       0x58 ../../hal/lpc2106-cmucam3\libhal-lpc2106-cmucam3.a(syscalls.o)
                0x0000198c                _read
 .text._exit    0x000019e4        0x4 ../../hal/lpc2106-cmucam3\libhal-lpc2106-cmucam3.a(syscalls.o)
                0x000019e4                _exit
 .text._close   0x000019e8       0x48 ../../hal/lpc2106-cmucam3\libhal-lpc2106-cmucam3.a(syscalls.o)
                0x000019e8                _close
 .text._lseek   0x00001a30       0x58 ../../hal/lpc2106-cmucam3\libhal-lpc2106-cmucam3.a(syscalls.o)
                0x00001a30                _lseek
 .text._fstat   0x00001a88       0x50 ../../hal/lpc2106-cmucam3\libhal-lpc2106-cmucam3.a(syscalls.o)
                0x00001a88                _fstat
 .text._isatty  0x00001ad8       0x2c ../../hal/lpc2106-cmucam3\libhal-lpc2106-cmucam3.a(syscalls.o)
                0x00001ad8                _isatty
 .text._open    0x00001b04       0x90 ../../hal/lpc2106-cmucam3\libhal-lpc2106-cmucam3.a(syscalls.o)
                0x00001b04                _open
 .text._gettimeofday
                0x00001b94        0x8 ../../hal/lpc2106-cmucam3\libhal-lpc2106-cmucam3.a(syscalls.o)
                0x00001b94                _gettimeofday
 .text._sbrk    0x00001b9c       0x50 ../../hal/lpc2106-cmucam3\libhal-lpc2106-cmucam3.a(syscalls.o)
                0x00001b9c                _sbrk
 .text.cc3_uart_get_count
                0x00001bec        0x8 ../../hal/lpc2106-cmucam3\libhal-lpc2106-cmucam3.a(serial.o)
                0x00001bec                cc3_uart_get_count
 .text.cc3_uart_init
                0x00001bf4      0x180 ../../hal/lpc2106-cmucam3\libhal-lpc2106-cmucam3.a(serial.o)
                0x00001bf4                cc3_uart_init
 .text.cc3_uart_has_data
                0x00001d74       0x48 ../../hal/lpc2106-cmucam3\libhal-lpc2106-cmucam3.a(serial.o)
                0x00001d74                cc3_uart_has_data
 .text.uart0_putc
                0x00001dbc       0x20 ../../hal/lpc2106-cmucam3\libhal-lpc2106-cmucam3.a(serial.o)
                0x00001dbc                uart0_putc
 .text.uart1_putc
                0x00001ddc       0x20 ../../hal/lpc2106-cmucam3\libhal-lpc2106-cmucam3.a(serial.o)
                0x00001ddc                uart1_putc
 .text.uart0_getc
                0x00001dfc       0x20 ../../hal/lpc2106-cmucam3\libhal-lpc2106-cmucam3.a(serial.o)
                0x00001dfc                uart0_getc
 .text.uart1_getc
                0x00001e1c       0x20 ../../hal/lpc2106-cmucam3\libhal-lpc2106-cmucam3.a(serial.o)
                0x00001e1c                uart1_getc
 .text.uart0_write
                0x00001e3c       0x38 ../../hal/lpc2106-cmucam3\libhal-lpc2106-cmucam3.a(serial.o)
                0x00001e3c                uart0_write
 .text.uart0_write_hex
                0x00001e74       0xcc ../../hal/lpc2106-cmucam3\libhal-lpc2106-cmucam3.a(serial.o)
                0x00001e74                uart0_write_hex
 .text._cc3_servo_int
                0x00001f40      0x12c ../../hal/lpc2106-cmucam3\libhal-lpc2106-cmucam3.a(servo.o)
                0x00001f40                _cc3_servo_int
 .text.name_extension_to_spec
                0x0000206c       0x64 ../../hal/lpc2106-cmucam3\libhal-lpc2106-cmucam3.a(rdcf2.o)
 .text.read_file_system_information
                0x000020d0       0x88 ../../hal/lpc2106-cmucam3\libhal-lpc2106-cmucam3.a(rdcf2.o)
 .text.rdcf_get_date_and_time
                0x00002158       0xb4 ../../hal/lpc2106-cmucam3\libhal-lpc2106-cmucam3.a(rdcf2.o)
 .text.first_sector_in_cluster
                0x0000220c       0x40 ../../hal/lpc2106-cmucam3\libhal-lpc2106-cmucam3.a(rdcf2.o)
 .text.check_file_character
                0x0000224c       0x34 ../../hal/lpc2106-cmucam3\libhal-lpc2106-cmucam3.a(rdcf2.o)
 .text.spec_to_name_extension
                0x00002280      0x14c ../../hal/lpc2106-cmucam3\libhal-lpc2106-cmucam3.a(rdcf2.o)
 .text.write_sector
                0x000023cc       0x40 ../../hal/lpc2106-cmucam3\libhal-lpc2106-cmucam3.a(rdcf2.o)
 .text.flush_buffer.part.0
                0x0000240c       0x68 ../../hal/lpc2106-cmucam3\libhal-lpc2106-cmucam3.a(rdcf2.o)
 .text.read_buffer
                0x00002474       0x78 ../../hal/lpc2106-cmucam3\libhal-lpc2106-cmucam3.a(rdcf2.o)
 .text.find_directory
                0x000024ec       0x54 ../../hal/lpc2106-cmucam3\libhal-lpc2106-cmucam3.a(rdcf2.o)
 .text.update_directory_entry
                0x00002540       0xdc ../../hal/lpc2106-cmucam3\libhal-lpc2106-cmucam3.a(rdcf2.o)
 .text.FAT_entry
                0x0000261c       0xa8 ../../hal/lpc2106-cmucam3\libhal-lpc2106-cmucam3.a(rdcf2.o)
 .text.find_file_in_directory_or_find_volume
                0x000026c4      0x240 ../../hal/lpc2106-cmucam3\libhal-lpc2106-cmucam3.a(rdcf2.o)
 .text.find_file
                0x00002904       0x88 ../../hal/lpc2106-cmucam3\libhal-lpc2106-cmucam3.a(rdcf2.o)
 .text.set_FAT_entry
                0x0000298c      0x100 ../../hal/lpc2106-cmucam3\libhal-lpc2106-cmucam3.a(rdcf2.o)
 .text.release_FAT_entries
                0x00002a8c       0x9c ../../hal/lpc2106-cmucam3\libhal-lpc2106-cmucam3.a(rdcf2.o)
 .text.add_new_cluster
                0x00002b28       0xac ../../hal/lpc2106-cmucam3\libhal-lpc2106-cmucam3.a(rdcf2.o)
 .text.rdcf_close
                0x00002bd4       0xb8 ../../hal/lpc2106-cmucam3\libhal-lpc2106-cmucam3.a(rdcf2.o)
                0x00002bd4                rdcf_close
 .text.rdcf_delete
                0x00002c8c      0x1c4 ../../hal/lpc2106-cmucam3\libhal-lpc2106-cmucam3.a(rdcf2.o)
                0x00002c8c                rdcf_delete
 .text.rdcf_rename
                0x00002e50      0x128 ../../hal/lpc2106-cmucam3\libhal-lpc2106-cmucam3.a(rdcf2.o)
                0x00002e50                rdcf_rename
 .text.rdcf_read
                0x00002f78      0x230 ../../hal/lpc2106-cmucam3\libhal-lpc2106-cmucam3.a(rdcf2.o)
                0x00002f78                rdcf_read
 .text.rdcf_seek
                0x000031a8       0xfc ../../hal/lpc2106-cmucam3\libhal-lpc2106-cmucam3.a(rdcf2.o)
                0x000031a8                rdcf_seek
 .text.rdcf_open
                0x000032a4      0x2e4 ../../hal/lpc2106-cmucam3\libhal-lpc2106-cmucam3.a(rdcf2.o)
                0x000032a4                rdcf_open
 .text.real_rdcf_write
                0x00003588      0x2e4 ../../hal/lpc2106-cmucam3\libhal-lpc2106-cmucam3.a(rdcf2.o)
 .text.rdcf_write
                0x0000386c       0x34 ../../hal/lpc2106-cmucam3\libhal-lpc2106-cmucam3.a(rdcf2.o)
                0x0000386c                rdcf_write
 .text.unselectMMC
                0x000038a0       0x3c ../../hal/lpc2106-cmucam3\libhal-lpc2106-cmucam3.a(mmc_hardware.o)
 .text._cc3_mmc_block_read
                0x000038dc      0x1fc ../../hal/lpc2106-cmucam3\libhal-lpc2106-cmucam3.a(mmc_hardware.o)
                0x000038dc                _cc3_mmc_block_read
 .text._cc3_mmc_block_write
                0x00003ad8      0x248 ../../hal/lpc2106-cmucam3\libhal-lpc2106-cmucam3.a(mmc_hardware.o)
                0x00003ad8                _cc3_mmc_block_write
 .text._cc3_mmc_init
                0x00003d20      0x438 ../../hal/lpc2106-cmucam3\libhal-lpc2106-cmucam3.a(mmc_hardware.o)
                0x00003d20                _cc3_mmc_init
 .text._cc3_mmc_idle
                0x00004158       0x18 ../../hal/lpc2106-cmucam3\libhal-lpc2106-cmucam3.a(mmc_hardware.o)
                0x00004158                _cc3_mmc_idle
 .text.mmc_recognize
                0x00004170       0x34 ../../hal/lpc2106-cmucam3\libhal-lpc2106-cmucam3.a(mmc_driver.o)
 .text.mmc_fstat
                0x000041a4       0x18 ../../hal/lpc2106-cmucam3\libhal-lpc2106-cmucam3.a(mmc_driver.o)
 .text.allocate_1_fcb
                0x000041bc       0x34 ../../hal/lpc2106-cmucam3\libhal-lpc2106-cmucam3.a(mmc_driver.o)
 .text.mmc_rename
                0x000041f0       0xa0 ../../hal/lpc2106-cmucam3\libhal-lpc2106-cmucam3.a(mmc_driver.o)
 .text.mmc_unlink
                0x00004290       0x98 ../../hal/lpc2106-cmucam3\libhal-lpc2106-cmucam3.a(mmc_driver.o)
 .text.mmc_lseek
                0x00004328       0xd0 ../../hal/lpc2106-cmucam3\libhal-lpc2106-cmucam3.a(mmc_driver.o)
 .text.mmc_write
                0x000043f8       0x8c ../../hal/lpc2106-cmucam3\libhal-lpc2106-cmucam3.a(mmc_driver.o)
 .text.mmc_read
                0x00004484       0x8c ../../hal/lpc2106-cmucam3\libhal-lpc2106-cmucam3.a(mmc_driver.o)
 .text.mmc_close
                0x00004510       0xcc ../../hal/lpc2106-cmucam3\libhal-lpc2106-cmucam3.a(mmc_driver.o)
 .text.mmc_open
                0x000045dc       0xe0 ../../hal/lpc2106-cmucam3\libhal-lpc2106-cmucam3.a(mmc_driver.o)
 .text.cc3_filesystem_init
                0x000046bc       0x18 ../../hal/lpc2106-cmucam3\libhal-lpc2106-cmucam3.a(devices.o)
                0x000046bc                cc3_filesystem_init
 .text._cc3_get_driver_for_name
                0x000046d4       0x54 ../../hal/lpc2106-cmucam3\libhal-lpc2106-cmucam3.a(devices.o)
                0x000046d4                _cc3_get_driver_for_name
 .text._cc3_get_internal_file_number
                0x00004728        0x8 ../../hal/lpc2106-cmucam3\libhal-lpc2106-cmucam3.a(devices.o)
                0x00004728                _cc3_get_internal_file_number
 .text._cc3_get_driver_for_file_number
                0x00004730       0x20 ../../hal/lpc2106-cmucam3\libhal-lpc2106-cmucam3.a(devices.o)
                0x00004730                _cc3_get_driver_for_file_number
 .text._cc3_make_file_number
                0x00004750       0x14 ../../hal/lpc2106-cmucam3\libhal-lpc2106-cmucam3.a(devices.o)
                0x00004750                _cc3_make_file_number
 .text.uart_close
                0x00004764        0x8 ../../hal/lpc2106-cmucam3\libhal-lpc2106-cmucam3.a(uart_driver.o)
 .text.uart_read
                0x0000476c       0xf0 ../../hal/lpc2106-cmucam3\libhal-lpc2106-cmucam3.a(uart_driver.o)
 .text.uart_write
                0x0000485c      0x104 ../../hal/lpc2106-cmucam3\libhal-lpc2106-cmucam3.a(uart_driver.o)
 .text.uart_lseek
                0x00004960       0x18 ../../hal/lpc2106-cmucam3\libhal-lpc2106-cmucam3.a(uart_driver.o)
 .text.uart_fstat
                0x00004978       0x10 ../../hal/lpc2106-cmucam3\libhal-lpc2106-cmucam3.a(uart_driver.o)
 .text.uart_unlink
                0x00004988       0x18 ../../hal/lpc2106-cmucam3\libhal-lpc2106-cmucam3.a(uart_driver.o)
 .text.uart_rename
                0x000049a0       0x18 ../../hal/lpc2106-cmucam3\libhal-lpc2106-cmucam3.a(uart_driver.o)
 .text.process_uart_filename
                0x000049b8       0x74 ../../hal/lpc2106-cmucam3\libhal-lpc2106-cmucam3.a(uart_driver.o)
 .text.uart_open
                0x00004a2c       0x40 ../../hal/lpc2106-cmucam3\libhal-lpc2106-cmucam3.a(uart_driver.o)
 .text.uart_recognize
                0x00004a6c       0x18 ../../hal/lpc2106-cmucam3\libhal-lpc2106-cmucam3.a(uart_driver.o)
 .text          0x00004a84      0x114 c:/sourcery_codebench_lite_for_arm_eabi/bin/../lib/gcc/arm-none-eabi/4.8.1\libgcc.a(_udivsi3.o)
                0x00004a84                __aeabi_uidiv
                0x00004a84                __udivsi3
                0x00004b78                __aeabi_uidivmod
 .text          0x00004b98      0x148 c:/sourcery_codebench_lite_for_arm_eabi/bin/../lib/gcc/arm-none-eabi/4.8.1\libgcc.a(_divsi3.o)
                0x00004b98                __divsi3
                0x00004b98                __aeabi_idiv
                0x00004cc0                __aeabi_idivmod
 .text          0x00004ce0        0x4 c:/sourcery_codebench_lite_for_arm_eabi/bin/../lib/gcc/arm-none-eabi/4.8.1\libgcc.a(_dvmd_tls.o)
                0x00004ce0                __aeabi_idiv0
                0x00004ce0                __aeabi_ldiv0
 .text          0x00004ce4       0x24 c:/sourcery_codebench_lite_for_arm_eabi/bin/../lib/gcc/arm-none-eabi/4.8.1/../../../../arm-none-eabi/lib\libc.a(lib_a-calloc.o)
                0x00004ce4                calloc
 .text          0x00004d08       0x9c c:/sourcery_codebench_lite_for_arm_eabi/bin/../lib/gcc/arm-none-eabi/4.8.1/../../../../arm-none-eabi/lib\libc.a(lib_a-callocr.o)
                0x00004d08                _calloc_r
 .text          0x00004da4       0x34 c:/sourcery_codebench_lite_for_arm_eabi/bin/../lib/gcc/arm-none-eabi/4.8.1/../../../../arm-none-eabi/lib\libc.a(lib_a-exit.o)
                0x00004da4                exit
 .text          0x00004dd8      0x104 c:/sourcery_codebench_lite_for_arm_eabi/bin/../lib/gcc/arm-none-eabi/4.8.1/../../../../arm-none-eabi/lib\libc.a(lib_a-fclose.o)
                0x00004dd8                _fclose_r
                0x00004ec8                fclose
 .text          0x00004edc      0x2d4 c:/sourcery_codebench_lite_for_arm_eabi/bin/../lib/gcc/arm-none-eabi/4.8.1/../../../../arm-none-eabi/lib\libc.a(lib_a-fflush.o)
                0x00004edc                __sflush_r
                0x00005120                _fflush_r
                0x00005174                fflush
 .text          0x000051b0       0xd0 c:/sourcery_codebench_lite_for_arm_eabi/bin/../lib/gcc/arm-none-eabi/4.8.1/../../../../arm-none-eabi/lib\libc.a(lib_a-fgetc.o)
                0x000051b0                _fgetc_r
                0x00005210                fgetc
 .text          0x00005280      0x354 c:/sourcery_codebench_lite_for_arm_eabi/bin/../lib/gcc/arm-none-eabi/4.8.1/../../../../arm-none-eabi/lib\libc.a(lib_a-findfp.o)
                0x00005290                _cleanup_r
                0x000052a8                __sfmoreglue
                0x000052f8                _cleanup
                0x0000531c                __sinit
                0x00005484                __sfp
                0x0000557c                __sfp_lock_acquire
                0x00005580                __sfp_lock_release
                0x00005584                __sinit_lock_acquire
                0x00005588                __sinit_lock_release
                0x0000558c                __fp_lock_all
                0x000055b0                __fp_unlock_all
 .text          0x000055d4       0x70 c:/sourcery_codebench_lite_for_arm_eabi/bin/../lib/gcc/arm-none-eabi/4.8.1/../../../../arm-none-eabi/lib\libc.a(lib_a-fiprintf.o)
                0x000055d4                _fiprintf_r
                0x00005604                fiprintf
 .text          0x00005644      0x10c c:/sourcery_codebench_lite_for_arm_eabi/bin/../lib/gcc/arm-none-eabi/4.8.1/../../../../arm-none-eabi/lib\libc.a(lib_a-fopen.o)
                0x00005644                _fopen_r
                0x00005738                fopen
 .text          0x00005750      0x36c c:/sourcery_codebench_lite_for_arm_eabi/bin/../lib/gcc/arm-none-eabi/4.8.1/../../../../arm-none-eabi/lib\libc.a(lib_a-freer.o)
                0x00005750                _malloc_trim_r
                0x00005850                _free_r
 .text          0x00005abc       0x3c c:/sourcery_codebench_lite_for_arm_eabi/bin/../lib/gcc/arm-none-eabi/4.8.1/../../../../arm-none-eabi/lib\libc.a(lib_a-fseek.o)
                0x00005abc                _fseek_r
                0x00005acc                fseek
 .text          0x00005af8      0x49c c:/sourcery_codebench_lite_for_arm_eabi/bin/../lib/gcc/arm-none-eabi/4.8.1/../../../../arm-none-eabi/lib\libc.a(lib_a-fseeko.o)
                0x00005af8                _fseeko_r
                0x00005f6c                fseeko
 .text          0x00005f94       0x40 c:/sourcery_codebench_lite_for_arm_eabi/bin/../lib/gcc/arm-none-eabi/4.8.1/../../../../arm-none-eabi/lib\libc.a(lib_a-fstatr.o)
                0x00005f94                _fstat_r
 .text          0x00005fd4      0x110 c:/sourcery_codebench_lite_for_arm_eabi/bin/../lib/gcc/arm-none-eabi/4.8.1/../../../../arm-none-eabi/lib\libc.a(lib_a-fwalk.o)
                0x00005fd4                _fwalk
                0x00006058                _fwalk_reent
 .text          0x000060e4       0x74 c:/sourcery_codebench_lite_for_arm_eabi/bin/../lib/gcc/arm-none-eabi/4.8.1/../../../../arm-none-eabi/lib\libc.a(lib_a-iprintf.o)
                0x000060e4                iprintf
                0x00006124                _iprintf_r
 .text          0x00006158       0x74 c:/sourcery_codebench_lite_for_arm_eabi/bin/../lib/gcc/arm-none-eabi/4.8.1/../../../../arm-none-eabi/lib\libc.a(lib_a-iscanf.o)
                0x00006158                iscanf
                0x00006198                _iscanf_r
 .text          0x000061cc       0x14 c:/sourcery_codebench_lite_for_arm_eabi/bin/../lib/gcc/arm-none-eabi/4.8.1/../../../../arm-none-eabi/lib\libc.a(lib_a-lcltime_r.o)
                0x000061cc                localtime_r
 .text          0x000061e0      0x174 c:/sourcery_codebench_lite_for_arm_eabi/bin/../lib/gcc/arm-none-eabi/4.8.1/../../../../arm-none-eabi/lib\libc.a(lib_a-makebuf.o)
                0x000061e0                __smakebuf_r
 .text          0x00006354       0x40 c:/sourcery_codebench_lite_for_arm_eabi/bin/../lib/gcc/arm-none-eabi/4.8.1/../../../../arm-none-eabi/lib\libc.a(lib_a-malloc.o)
                0x00006354                malloc
                0x00006374                free
 .text          0x00006394      0x72c c:/sourcery_codebench_lite_for_arm_eabi/bin/../lib/gcc/arm-none-eabi/4.8.1/../../../../arm-none-eabi/lib\libc.a(lib_a-mallocr.o)
                0x00006394                _malloc_r
 .text          0x00006ac0       0xb4 c:/sourcery_codebench_lite_for_arm_eabi/bin/../lib/gcc/arm-none-eabi/4.8.1/../../../../arm-none-eabi/lib\libc.a(lib_a-memcmp.o)
                0x00006ac0                memcmp
 .text          0x00006b74       0xf0 c:/sourcery_codebench_lite_for_arm_eabi/bin/../lib/gcc/arm-none-eabi/4.8.1/../../../../arm-none-eabi/lib\libc.a(lib_a-memcpy-stub.o)
                0x00006b74                memcpy
 .text          0x00006c64       0xf4 c:/sourcery_codebench_lite_for_arm_eabi/bin/../lib/gcc/arm-none-eabi/4.8.1/../../../../arm-none-eabi/lib\libc.a(lib_a-memset.o)
                0x00006c64                memset
 .text          0x00006d58      0x748 c:/sourcery_codebench_lite_for_arm_eabi/bin/../lib/gcc/arm-none-eabi/4.8.1/../../../../arm-none-eabi/lib\libc.a(lib_a-mktm_r.o)
                0x00006d58                __tzcalc_limits
                0x00006f98                _mktm_r
 .text          0x000074a0        0x8 c:/sourcery_codebench_lite_for_arm_eabi/bin/../lib/gcc/arm-none-eabi/4.8.1/../../../../arm-none-eabi/lib\libc.a(lib_a-mlock.o)
                0x000074a0                __malloc_lock
                0x000074a4                __malloc_unlock
 .text          0x000074a8       0x44 c:/sourcery_codebench_lite_for_arm_eabi/bin/../lib/gcc/arm-none-eabi/4.8.1/../../../../arm-none-eabi/lib\libc.a(lib_a-openr.o)
                0x000074a8                _open_r
 .text          0x000074ec       0x8c c:/sourcery_codebench_lite_for_arm_eabi/bin/../lib/gcc/arm-none-eabi/4.8.1/../../../../arm-none-eabi/lib\libc.a(lib_a-perror.o)
                0x000074ec                _perror_r
                0x00007564                perror
 .text          0x00007578      0x20c c:/sourcery_codebench_lite_for_arm_eabi/bin/../lib/gcc/arm-none-eabi/4.8.1/../../../../arm-none-eabi/lib\libc.a(lib_a-refill.o)
                0x000075a4                __srefill_r
 .text          0x00007784       0x70 c:/sourcery_codebench_lite_for_arm_eabi/bin/../lib/gcc/arm-none-eabi/4.8.1/../../../../arm-none-eabi/lib\libc.a(lib_a-rget.o)
                0x00007784                __srget_r
                0x000077e0                __srget
 .text          0x000077f4       0x44 c:/sourcery_codebench_lite_for_arm_eabi/bin/../lib/gcc/arm-none-eabi/4.8.1/../../../../arm-none-eabi/lib\libc.a(lib_a-sbrkr.o)
                0x000077f4                _sbrk_r
 .text          0x00007838       0x20 c:/sourcery_codebench_lite_for_arm_eabi/bin/../lib/gcc/arm-none-eabi/4.8.1/../../../../arm-none-eabi/lib\libc.a(lib_a-setbuf.o)
                0x00007838                setbuf
 .text          0x00007858       0x2c c:/sourcery_codebench_lite_for_arm_eabi/bin/../lib/gcc/arm-none-eabi/4.8.1/../../../../arm-none-eabi/lib\libc.a(lib_a-setjmp.o)
                0x00007858                setjmp
                0x0000786c                longjmp
 .text          0x00007884      0x174 c:/sourcery_codebench_lite_for_arm_eabi/bin/../lib/gcc/arm-none-eabi/4.8.1/../../../../arm-none-eabi/lib\libc.a(lib_a-setvbuf.o)
                0x00007884                setvbuf
 .text          0x000079f8       0xd8 c:/sourcery_codebench_lite_for_arm_eabi/bin/../lib/gcc/arm-none-eabi/4.8.1/../../../../arm-none-eabi/lib\libc.a(lib_a-stdio.o)
                0x000079f8                __sread
                0x00007a2c                __seofread
                0x00007a34                __swrite
                0x00007a8c                __sseek
                0x00007abc                __sclose
 .text          0x00007ad0       0x20 c:/sourcery_codebench_lite_for_arm_eabi/bin/../lib/gcc/arm-none-eabi/4.8.1/../../../../arm-none-eabi/lib\libc.a(lib_a-strdup.o)
                0x00007ad0                strdup
 .text          0x00007af0       0x40 c:/sourcery_codebench_lite_for_arm_eabi/bin/../lib/gcc/arm-none-eabi/4.8.1/../../../../arm-none-eabi/lib\libc.a(lib_a-strdup_r.o)
                0x00007af0                _strdup_r
 .text          0x00007b30      0x614 c:/sourcery_codebench_lite_for_arm_eabi/bin/../lib/gcc/arm-none-eabi/4.8.1/../../../../arm-none-eabi/lib\libc.a(lib_a-strerror.o)
                0x00007b30                _strerror_r
                0x00008128                strerror
 .text          0x00008144       0x60 c:/sourcery_codebench_lite_for_arm_eabi/bin/../lib/gcc/arm-none-eabi/4.8.1/../../../../arm-none-eabi/lib\libc.a(lib_a-strlen.o)
                0x00008144                strlen
 .text          0x000081a4      0x1f8 c:/sourcery_codebench_lite_for_arm_eabi/bin/../lib/gcc/arm-none-eabi/4.8.1/../../../../arm-none-eabi/lib\libc.a(lib_a-strtol.o)
                0x000081a4                _strtol_r
                0x00008374                strtol
 .text          0x0000839c       0x24 c:/sourcery_codebench_lite_for_arm_eabi/bin/../lib/gcc/arm-none-eabi/4.8.1/../../../../arm-none-eabi/lib\libc.a(lib_a-sysgettod.o)
                0x0000839c                gettimeofday
 .text          0x000083c0        0x8 c:/sourcery_codebench_lite_for_arm_eabi/bin/../lib/gcc/arm-none-eabi/4.8.1/../../../../arm-none-eabi/lib\libc.a(lib_a-tzlock.o)
                0x000083c0                __tz_lock
                0x000083c4                __tz_unlock
 .text          0x000083c8        0x8 c:/sourcery_codebench_lite_for_arm_eabi/bin/../lib/gcc/arm-none-eabi/4.8.1/../../../../arm-none-eabi/lib\libc.a(lib_a-u_strerr.o)
                0x000083c8                _user_strerror
 .text          0x000083d0     0x1410 c:/sourcery_codebench_lite_for_arm_eabi/bin/../lib/gcc/arm-none-eabi/4.8.1/../../../../arm-none-eabi/lib\libc.a(lib_a-vfiprintf.o)
                0x0000847c                __sprint_r
                0x00008494                _vfiprintf_r
                0x000096e8                vfiprintf
 .text          0x000097e0     0x1010 c:/sourcery_codebench_lite_for_arm_eabi/bin/../lib/gcc/arm-none-eabi/4.8.1/../../../../arm-none-eabi/lib\libc.a(lib_a-vfiscanf.o)
                0x000097e0                __svfiscanf_r
                0x0000a734                vfiscanf
                0x0000a780                __svfiscanf
                0x0000a7a8                _vfiscanf_r
 .text          0x0000a7f0       0x44 c:/sourcery_codebench_lite_for_arm_eabi/bin/../lib/gcc/arm-none-eabi/4.8.1/../../../../arm-none-eabi/lib\libc.a(lib_a-writer.o)
                0x0000a7f0                _write_r
 .text          0x0000a834      0x15c c:/sourcery_codebench_lite_for_arm_eabi/bin/../lib/gcc/arm-none-eabi/4.8.1/../../../../arm-none-eabi/lib\libc.a(lib_a-wsetup.o)
                0x0000a834                __swsetup_r
 .text          0x0000a990      0x170 c:/sourcery_codebench_lite_for_arm_eabi/bin/../lib/gcc/arm-none-eabi/4.8.1/../../../../arm-none-eabi/lib\libc.a(lib_a-__call_atexit.o)
                0x0000a990                __call_exitprocs
 .text.startup  0x0000ab00       0x24 c:/sourcery_codebench_lite_for_arm_eabi/bin/../lib/gcc/arm-none-eabi/4.8.1/../../../../arm-none-eabi/lib\libc.a(lib_a-__call_atexit.o)
 .text          0x0000ab24       0x20 c:/sourcery_codebench_lite_for_arm_eabi/bin/../lib/gcc/arm-none-eabi/4.8.1/../../../../arm-none-eabi/lib\libc.a(lib_a-atexit.o)
                0x0000ab24                atexit
 .text          0x0000ab44       0x3c c:/sourcery_codebench_lite_for_arm_eabi/bin/../lib/gcc/arm-none-eabi/4.8.1/../../../../arm-none-eabi/lib\libc.a(lib_a-closer.o)
                0x0000ab44                _close_r
 .text          0x0000ab80       0x48 c:/sourcery_codebench_lite_for_arm_eabi/bin/../lib/gcc/arm-none-eabi/4.8.1/../../../../arm-none-eabi/lib\libc.a(lib_a-fini.o)
                0x0000ab80                __libc_fini_array
 .text          0x0000abc8       0xb0 c:/sourcery_codebench_lite_for_arm_eabi/bin/../lib/gcc/arm-none-eabi/4.8.1/../../../../arm-none-eabi/lib\libc.a(lib_a-flags.o)
                0x0000abc8                __sflags
 .text          0x0000ac78       0x8c c:/sourcery_codebench_lite_for_arm_eabi/bin/../lib/gcc/arm-none-eabi/4.8.1/../../../../arm-none-eabi/lib\libc.a(lib_a-fputc.o)
                0x0000ac78                _fputc_r
                0x0000acbc                fputc
 .text          0x0000ad04       0xa4 c:/sourcery_codebench_lite_for_arm_eabi/bin/../lib/gcc/arm-none-eabi/4.8.1/../../../../arm-none-eabi/lib\libc.a(lib_a-fputs.o)
                0x0000ad04                _fputs_r
                0x0000ad90                fputs
 .text          0x0000ada8      0x188 c:/sourcery_codebench_lite_for_arm_eabi/bin/../lib/gcc/arm-none-eabi/4.8.1/../../../../arm-none-eabi/lib\libc.a(lib_a-fputwc.o)
                0x0000ada8                _fputwc_r
                0x0000aeec                fputwc
 .text          0x0000af30      0x24c c:/sourcery_codebench_lite_for_arm_eabi/bin/../lib/gcc/arm-none-eabi/4.8.1/../../../../arm-none-eabi/lib\libc.a(lib_a-fread.o)
                0x0000af30                _fread_r
                0x0000b13c                fread
 .text          0x0000b17c      0x4d0 c:/sourcery_codebench_lite_for_arm_eabi/bin/../lib/gcc/arm-none-eabi/4.8.1/../../../../arm-none-eabi/lib\libc.a(lib_a-fvwrite.o)
                0x0000b17c                __sfvwrite_r
 .text          0x0000b64c       0x40 c:/sourcery_codebench_lite_for_arm_eabi/bin/../lib/gcc/arm-none-eabi/4.8.1/../../../../arm-none-eabi/lib\libc.a(lib_a-gettimeofdayr.o)
                0x0000b64c                _gettimeofday_r
 .text          0x0000b68c        0xc c:/sourcery_codebench_lite_for_arm_eabi/bin/../lib/gcc/arm-none-eabi/4.8.1/../../../../arm-none-eabi/lib\libc.a(lib_a-gettzinfo.o)
                0x0000b68c                __gettzinfo
 .text          0x0000b698       0x3c c:/sourcery_codebench_lite_for_arm_eabi/bin/../lib/gcc/arm-none-eabi/4.8.1/../../../../arm-none-eabi/lib\libc.a(lib_a-isattyr.o)
                0x0000b698                _isatty_r
 .text          0x0000b6d4       0x24 c:/sourcery_codebench_lite_for_arm_eabi/bin/../lib/gcc/arm-none-eabi/4.8.1/../../../../arm-none-eabi/lib\libc.a(lib_a-iswspace.o)
                0x0000b6d4                iswspace
 .text          0x0000b6f8       0xd0 c:/sourcery_codebench_lite_for_arm_eabi/bin/../lib/gcc/arm-none-eabi/4.8.1/../../../../arm-none-eabi/lib\libc.a(lib_a-locale.o)
                0x0000b6f8                _setlocale_r
                0x0000b768                __locale_charset
                0x0000b774                __locale_mb_cur_max
                0x0000b784                __locale_msgcharset
                0x0000b790                __locale_cjk_lang
                0x0000b798                _localeconv_r
                0x0000b7a4                setlocale
                0x0000b7bc                localeconv
 .text          0x0000b7c8       0x44 c:/sourcery_codebench_lite_for_arm_eabi/bin/../lib/gcc/arm-none-eabi/4.8.1/../../../../arm-none-eabi/lib\libc.a(lib_a-lseekr.o)
                0x0000b7c8                _lseek_r
 .text          0x0000b80c      0x138 c:/sourcery_codebench_lite_for_arm_eabi/bin/../lib/gcc/arm-none-eabi/4.8.1/../../../../arm-none-eabi/lib\libc.a(lib_a-mbrtowc.o)
                0x0000b80c                _mbrtowc_r
                0x0000b8a4                mbrtowc
 .text          0x0000b944       0xa0 c:/sourcery_codebench_lite_for_arm_eabi/bin/../lib/gcc/arm-none-eabi/4.8.1/../../../../arm-none-eabi/lib\libc.a(lib_a-mbtowc_r.o)
                0x0000b944                __ascii_mbtowc
                0x0000b990                _mbtowc_r
 .text          0x0000b9e4      0x114 c:/sourcery_codebench_lite_for_arm_eabi/bin/../lib/gcc/arm-none-eabi/4.8.1/../../../../arm-none-eabi/lib\libc.a(lib_a-memchr-stub.o)
                0x0000b9e4                memchr
 .text          0x0000baf8      0x134 c:/sourcery_codebench_lite_for_arm_eabi/bin/../lib/gcc/arm-none-eabi/4.8.1/../../../../arm-none-eabi/lib\libc.a(lib_a-memmove.o)
                0x0000baf8                memmove
 .text          0x0000bc2c      0x158 c:/sourcery_codebench_lite_for_arm_eabi/bin/../lib/gcc/arm-none-eabi/4.8.1/../../../../arm-none-eabi/lib\libc.a(lib_a-putc.o)
                0x0000bc2c                _putc_r
                0x0000bcd0                putc
 .text          0x0000bd84       0x44 c:/sourcery_codebench_lite_for_arm_eabi/bin/../lib/gcc/arm-none-eabi/4.8.1/../../../../arm-none-eabi/lib\libc.a(lib_a-readr.o)
                0x0000bd84                _read_r
 .text          0x0000bdc8      0x56c c:/sourcery_codebench_lite_for_arm_eabi/bin/../lib/gcc/arm-none-eabi/4.8.1/../../../../arm-none-eabi/lib\libc.a(lib_a-reallocr.o)
                0x0000bdc8                _realloc_r
 .text          0x0000c334       0xd4 c:/sourcery_codebench_lite_for_arm_eabi/bin/../lib/gcc/arm-none-eabi/4.8.1/../../../../arm-none-eabi/lib\libc.a(lib_a-sccl.o)
                0x0000c334                __sccl
 .text          0x0000c408      0x230 c:/sourcery_codebench_lite_for_arm_eabi/bin/../lib/gcc/arm-none-eabi/4.8.1/../../../../arm-none-eabi/lib\libc.a(lib_a-strcmp.o)
                0x0000c408                strcmp
 .text          0x0000c638      0x2ac c:/sourcery_codebench_lite_for_arm_eabi/bin/../lib/gcc/arm-none-eabi/4.8.1/../../../../arm-none-eabi/lib\libc.a(lib_a-strtoll_r.o)
                0x0000c638                _strtoll_r
 .text          0x0000c8e4      0x20c c:/sourcery_codebench_lite_for_arm_eabi/bin/../lib/gcc/arm-none-eabi/4.8.1/../../../../arm-none-eabi/lib\libc.a(lib_a-strtoul.o)
                0x0000c8e4                _strtoul_r
                0x0000cac8                strtoul
 .text          0x0000caf0      0x290 c:/sourcery_codebench_lite_for_arm_eabi/bin/../lib/gcc/arm-none-eabi/4.8.1/../../../../arm-none-eabi/lib\libc.a(lib_a-strtoull_r.o)
                0x0000caf0                _strtoull_r
 .text          0x0000cd80      0x244 c:/sourcery_codebench_lite_for_arm_eabi/bin/../lib/gcc/arm-none-eabi/4.8.1/../../../../arm-none-eabi/lib\libc.a(lib_a-ungetc.o)
                0x0000cd80                __submore
                0x0000ce30                _ungetc_r
                0x0000cfac                ungetc
 .text          0x0000cfc4      0x13c c:/sourcery_codebench_lite_for_arm_eabi/bin/../lib/gcc/arm-none-eabi/4.8.1/../../../../arm-none-eabi/lib\libc.a(lib_a-wbuf.o)
                0x0000cfc4                __swbuf_r
                0x0000d0e8                __swbuf
 .text          0x0000d100      0x128 c:/sourcery_codebench_lite_for_arm_eabi/bin/../lib/gcc/arm-none-eabi/4.8.1/../../../../arm-none-eabi/lib\libc.a(lib_a-wcrtomb.o)
                0x0000d100                _wcrtomb_r
                0x0000d190                wcrtomb
 .text          0x0000d228       0x7c c:/sourcery_codebench_lite_for_arm_eabi/bin/../lib/gcc/arm-none-eabi/4.8.1/../../../../arm-none-eabi/lib\libc.a(lib_a-wctomb_r.o)
                0x0000d228                __ascii_wctomb
                0x0000d254                _wctomb_r
 .text          0x0000d2a4       0xf0 c:/sourcery_codebench_lite_for_arm_eabi/bin/../lib/gcc/arm-none-eabi/4.8.1/../../../../arm-none-eabi/lib\libc.a(lib_a-__atexit.o)
                0x0000d2a4                __register_exitproc
 .text          0x0000d394       0x3c c:/sourcery_codebench_lite_for_arm_eabi/bin/../lib/gcc/arm-none-eabi/4.8.1\libgcc.a(_aeabi_uldivmod.o)
                0x0000d394                __aeabi_uldivmod
 .text          0x0000d3d0       0x84 c:/sourcery_codebench_lite_for_arm_eabi/bin/../lib/gcc/arm-none-eabi/4.8.1\libgcc.a(bpabi.o)
                0x0000d3d0                __gnu_ldivmod_helper
                0x0000d414                __gnu_uldivmod_helper
 .text          0x0000d454      0x4d0 c:/sourcery_codebench_lite_for_arm_eabi/bin/../lib/gcc/arm-none-eabi/4.8.1\libgcc.a(_divdi3.o)
                0x0000d454                __divdi3
 .text          0x0000d924      0x470 c:/sourcery_codebench_lite_for_arm_eabi/bin/../lib/gcc/arm-none-eabi/4.8.1\libgcc.a(_udivdi3.o)
                0x0000d924                __udivdi3
 .text          0x0000dd94       0x48 c:/sourcery_codebench_lite_for_arm_eabi/bin/../lib/gcc/arm-none-eabi/4.8.1\libgcc.a(_clzsi2.o)
                0x0000dd94                __clzsi2
 *(.plt)
 *(.gnu.warning)
 *(.glue_7t)
 .glue_7t       0x00000000        0x0 linker stubs
 *(.glue_7)
 .glue_7        0x00000000        0x0 linker stubs
 *(.vfp11_veneer)
 .vfp11_veneer  0x00000000        0x0 linker stubs
 *(.rodata .rodata.* .gnu.linkonce.r.*)
 .rodata.str1.4
                0x0000dddc      0x2c1 lpc2106-cmucam3_buildfiles/main.o
                                0x2c8 (size before relaxing)
 *fill*         0x0000e09d        0x3 
 .rodata.str1.4
                0x0000e0a0       0x2a ../../hal/lpc2106-cmucam3\libhal-lpc2106-cmucam3.a(interrupt.o)
                                 0x2c (size before relaxing)
 *fill*         0x0000e0ca        0x2 
 .rodata.CSWTCH.8
                0x0000e0cc        0xc ../../hal/lpc2106-cmucam3\libhal-lpc2106-cmucam3.a(serial.o)
 .rodata.str1.4
                0x0000e0d8        0xb ../../hal/lpc2106-cmucam3\libhal-lpc2106-cmucam3.a(serial.o)
                                 0x10 (size before relaxing)
 *fill*         0x0000e0e3        0x1 
 .rodata._cc3_servo_map
                0x0000e0e4       0x10 ../../hal/lpc2106-cmucam3\libhal-lpc2106-cmucam3.a(servo.o)
                0x0000e0e4                _cc3_servo_map
 .rodata.table.5062
                0x0000e0f4       0x20 ../../hal/lpc2106-cmucam3\libhal-lpc2106-cmucam3.a(rdcf2.o)
 .rodata.cmdReset
                0x0000e114        0x8 ../../hal/lpc2106-cmucam3\libhal-lpc2106-cmucam3.a(mmc_hardware.o)
 .rodata.cmdSetBlock
                0x0000e11c        0x8 ../../hal/lpc2106-cmucam3\libhal-lpc2106-cmucam3.a(mmc_hardware.o)
 .rodata.cmdInitCard
                0x0000e124        0x8 ../../hal/lpc2106-cmucam3\libhal-lpc2106-cmucam3.a(mmc_hardware.o)
 .rodata._cc3_mmc_driver
                0x0000e12c       0x2c ../../hal/lpc2106-cmucam3\libhal-lpc2106-cmucam3.a(mmc_driver.o)
                0x0000e12c                _cc3_mmc_driver
 .rodata._cc3_uart_driver
                0x0000e158       0x2c ../../hal/lpc2106-cmucam3\libhal-lpc2106-cmucam3.a(uart_driver.o)
                0x0000e158                _cc3_uart_driver
 .rodata        0x0000e184      0x104 c:/sourcery_codebench_lite_for_arm_eabi/bin/../lib/gcc/arm-none-eabi/4.8.1/../../../../arm-none-eabi/lib\libc.a(lib_a-ctype_.o)
                0x0000e184                _ctype_
 .rodata        0x0000e288        0x4 c:/sourcery_codebench_lite_for_arm_eabi/bin/../lib/gcc/arm-none-eabi/4.8.1/../../../../arm-none-eabi/lib\libc.a(lib_a-impure.o)
                0x0000e288                _global_impure_ptr
 .rodata.str1.4
                0x0000e28c        0x2 c:/sourcery_codebench_lite_for_arm_eabi/bin/../lib/gcc/arm-none-eabi/4.8.1/../../../../arm-none-eabi/lib\libc.a(lib_a-impure.o)
                                  0x4 (size before relaxing)
 *fill*         0x0000e28e        0x2 
 .rodata        0x0000e290       0x68 c:/sourcery_codebench_lite_for_arm_eabi/bin/../lib/gcc/arm-none-eabi/4.8.1/../../../../arm-none-eabi/lib\libc.a(lib_a-mktm_r.o)
 .rodata.str1.4
                0x0000e2f8        0x3 c:/sourcery_codebench_lite_for_arm_eabi/bin/../lib/gcc/arm-none-eabi/4.8.1/../../../../arm-none-eabi/lib\libc.a(lib_a-perror.o)
                                  0x4 (size before relaxing)
 *fill*         0x0000e2fb        0x1 
 .rodata.str1.4
                0x0000e2fc      0x635 c:/sourcery_codebench_lite_for_arm_eabi/bin/../lib/gcc/arm-none-eabi/4.8.1/../../../../arm-none-eabi/lib\libc.a(lib_a-strerror.o)
                                0x63c (size before relaxing)
 *fill*         0x0000e931        0x3 
 .rodata        0x0000e934       0x20 c:/sourcery_codebench_lite_for_arm_eabi/bin/../lib/gcc/arm-none-eabi/4.8.1/../../../../arm-none-eabi/lib\libc.a(lib_a-vfiprintf.o)
 .rodata.str1.4
                0x0000e954       0x2f c:/sourcery_codebench_lite_for_arm_eabi/bin/../lib/gcc/arm-none-eabi/4.8.1/../../../../arm-none-eabi/lib\libc.a(lib_a-vfiprintf.o)
                                 0x30 (size before relaxing)
 *fill*         0x0000e983        0x1 
 .rodata        0x0000e984       0x24 c:/sourcery_codebench_lite_for_arm_eabi/bin/../lib/gcc/arm-none-eabi/4.8.1/../../../../arm-none-eabi/lib\libc.a(lib_a-vfiscanf.o)
 .rodata.str1.4
                0x0000e9a8        0xc c:/sourcery_codebench_lite_for_arm_eabi/bin/../lib/gcc/arm-none-eabi/4.8.1/../../../../arm-none-eabi/lib\libc.a(lib_a-locale.o)
                                 0x14 (size before relaxing)
 .rodata.str1.4
                0x00000000        0x4 c:/sourcery_codebench_lite_for_arm_eabi/bin/../lib/gcc/arm-none-eabi/4.8.1/../../../../arm-none-eabi/lib\libc.a(lib_a-mbrtowc.o)
 *(.ARM.extab* .gnu.linkonce.armextab.*)
 *(.gcc_except_table)
 *(.eh_frame_hdr)
 *(.eh_frame)
 .eh_frame      0x0000e9b4        0x0 c:/sourcery_codebench_lite_for_arm_eabi/bin/../lib/gcc/arm-none-eabi/4.8.1/crtbegin.o
                0x0000e9b4                . = ALIGN (0x4)
 *(.init)
 .init          0x0000e9b4        0xc c:/sourcery_codebench_lite_for_arm_eabi/bin/../lib/gcc/arm-none-eabi/4.8.1/crti.o
                0x0000e9b4                _init
 .init          0x0000e9c0        0xc c:/sourcery_codebench_lite_for_arm_eabi/bin/../lib/gcc/arm-none-eabi/4.8.1/crtn.o
                0x0000e9cc                . = ALIGN (0x4)
                0x0000e9cc                __preinit_array_start = .
 *(.preinit_array)
                0x0000e9cc                __preinit_array_end = .
                0x0000e9cc                . = ALIGN (0x4)
                0x0000e9cc                __init_array_start = .
 *(SORT(.init_array.*))
 .init_array.00000
                0x0000e9cc        0x4 c:/sourcery_codebench_lite_for_arm_eabi/bin/../lib/gcc/arm-none-eabi/4.8.1/../../../../arm-none-eabi/lib\libc.a(lib_a-__call_atexit.o)
 *(.init_array)
 .init_array    0x0000e9d0        0x4 c:/sourcery_codebench_lite_for_arm_eabi/bin/../lib/gcc/arm-none-eabi/4.8.1/crtbegin.o
                0x0000e9d4                __init_array_end = .
                0x0000e9d4                . = ALIGN (0x4)
 *crtbegin.o(.ctors)
 *(EXCLUDE_FILE(*crtend.o) .ctors)
 *(SORT(.ctors.*))
 *crtend.o(.ctors)
                0x0000e9d4                . = ALIGN (0x4)
 *(.fini)
 .fini          0x0000e9d4        0xc c:/sourcery_codebench_lite_for_arm_eabi/bin/../lib/gcc/arm-none-eabi/4.8.1/crti.o
                0x0000e9d4                _fini
 .fini          0x0000e9e0        0xc c:/sourcery_codebench_lite_for_arm_eabi/bin/../lib/gcc/arm-none-eabi/4.8.1/crtn.o
                0x0000e9ec                . = ALIGN (0x4)
                0x0000e9ec                __fini_array_start = .
 *(.fini_array)
 .fini_array    0x0000e9ec        0x4 c:/sourcery_codebench_lite_for_arm_eabi/bin/../lib/gcc/arm-none-eabi/4.8.1/crtbegin.o
 *(SORT(.fini_array.*))
                0x0000e9f0                __fini_array_end = .
 *crtbegin.o(.dtors)
 *(EXCLUDE_FILE(*crtend.o) .dtors)
 *(SORT(.dtors.*))
 *crtend.o(.dtors)
                0x0000e9f0                __exidx_start = .

.v4_bx          0x0000e9f0        0x0
 .v4_bx         0x00000000        0x0 linker stubs

.iplt           0x0000e9f0        0x0
 .iplt          0x00000000        0x0 c:/sourcery_codebench_lite_for_arm_eabi/bin/../lib/gcc/arm-none-eabi/4.8.1/crtbegin.o

.ARM.exidx      0x0000e9f0        0x8
 *(.ARM.exidx* .gnu.linkonce.armexidx.*)
 .ARM.exidx     0x0000e9f0        0x8 c:/sourcery_codebench_lite_for_arm_eabi/bin/../lib/gcc/arm-none-eabi/4.8.1\libgcc.a(_divdi3.o)
 .ARM.exidx     0x0000e9f8        0x0 c:/sourcery_codebench_lite_for_arm_eabi/bin/../lib/gcc/arm-none-eabi/4.8.1\libgcc.a(_udivdi3.o)
                                  0x8 (size before relaxing)
                0x0000e9f8                __exidx_end = .

.rel.dyn        0x0000e9f8        0x0
 .rel.iplt      0x00000000        0x0 c:/sourcery_codebench_lite_for_arm_eabi/bin/../lib/gcc/arm-none-eabi/4.8.1/crtbegin.o

.text.align     0x0000e9f8        0x0
                0x0000e9f8                . = ALIGN (0x8)
                0x0000e9f8                _etext = .

.stack          0x40000000     0x2400
                0x40002400                . = (. + STACK_SIZE)
 *fill*         0x40000000     0x2400 
                0x40002400                _stack = .

.data           0x40002400      0x920 load address 0x0000e9f8
                0x40002400                _data = .
 *(.jcr)
 .jcr           0x40002400        0x0 c:/sourcery_codebench_lite_for_arm_eabi/bin/../lib/gcc/arm-none-eabi/4.8.1/crtbegin.o
 .jcr           0x40002400        0x4 c:/sourcery_codebench_lite_for_arm_eabi/bin/../lib/gcc/arm-none-eabi/4.8.1/crtend.o
 *(.got.plt)
 *(.got)
 *(.shdata)
 *(.data .data.* .gnu.linkonce.d.*)
 .data.servo_val
                0x40002404        0x4 ../../hal/lpc2106-cmucam3\libhal-lpc2106-cmucam3.a(servo.o)
 .data.device_driver_table
                0x40002408        0x8 ../../hal/lpc2106-cmucam3\libhal-lpc2106-cmucam3.a(devices.o)
 .data          0x40002410        0x4 c:/sourcery_codebench_lite_for_arm_eabi/bin/../lib/gcc/arm-none-eabi/4.8.1/../../../../arm-none-eabi/lib\libc.a(lib_a-ctype_.o)
                0x40002410                __ctype_ptr__
 *fill*         0x40002414        0x4 
 .data          0x40002418      0x430 c:/sourcery_codebench_lite_for_arm_eabi/bin/../lib/gcc/arm-none-eabi/4.8.1/../../../../arm-none-eabi/lib\libc.a(lib_a-impure.o)
                0x40002418                _impure_ptr
 .data          0x40002848      0x410 c:/sourcery_codebench_lite_for_arm_eabi/bin/../lib/gcc/arm-none-eabi/4.8.1/../../../../arm-none-eabi/lib\libc.a(lib_a-mallocr.o)
                0x40002848                __malloc_av_
                0x40002c50                __malloc_sbrk_base
                0x40002c54                __malloc_trim_threshold
 .data          0x40002c58       0x40 c:/sourcery_codebench_lite_for_arm_eabi/bin/../lib/gcc/arm-none-eabi/4.8.1/../../../../arm-none-eabi/lib\libc.a(lib_a-gettzinfo.o)
 .data          0x40002c98       0x7c c:/sourcery_codebench_lite_for_arm_eabi/bin/../lib/gcc/arm-none-eabi/4.8.1/../../../../arm-none-eabi/lib\libc.a(lib_a-locale.o)
                0x40002cb8                __mb_cur_max
 .data          0x40002d14        0x4 c:/sourcery_codebench_lite_for_arm_eabi/bin/../lib/gcc/arm-none-eabi/4.8.1/../../../../arm-none-eabi/lib\libc.a(lib_a-mbtowc_r.o)
                0x40002d14                __mbtowc
 .data          0x40002d18        0x4 c:/sourcery_codebench_lite_for_arm_eabi/bin/../lib/gcc/arm-none-eabi/4.8.1/../../../../arm-none-eabi/lib\libc.a(lib_a-wctomb_r.o)
                0x40002d18                __wctomb
 *(.ram)
                0x40002d20                . = ALIGN (0x8)
 *fill*         0x40002d1c        0x4 
                0x40002d20                _edata = .

.tm_clone_table
                0x40002d20        0x0 load address 0x0000f318
 .tm_clone_table
                0x40002d20        0x0 c:/sourcery_codebench_lite_for_arm_eabi/bin/../lib/gcc/arm-none-eabi/4.8.1/crtbegin.o
 .tm_clone_table
                0x40002d20        0x0 c:/sourcery_codebench_lite_for_arm_eabi/bin/../lib/gcc/arm-none-eabi/4.8.1/crtend.o

.igot.plt       0x40002d20        0x0 load address 0x0000f318
 .igot.plt      0x00000000        0x0 c:/sourcery_codebench_lite_for_arm_eabi/bin/../lib/gcc/arm-none-eabi/4.8.1/crtbegin.o

.bss            0x40002d20       0xe0 load address 0x0000f318
                0x40002d20                _bss = .
 *(.shbss)
 *(.bss .bss.* .gnu.linkonce.b.*)
 .bss           0x40002d20       0x1c c:/sourcery_codebench_lite_for_arm_eabi/bin/../lib/gcc/arm-none-eabi/4.8.1/crtbegin.o
 .bss._cc3_g_current_camera_state
                0x40002d3c        0xc ../../hal/lpc2106-cmucam3\libhal-lpc2106-cmucam3.a(cc3.o)
 .bss._cc3_second_green_valid
                0x40002d48        0x1 ../../hal/lpc2106-cmucam3\libhal-lpc2106-cmucam3.a(cc3.o)
 .bss._cc3_second_green
                0x40002d49        0x1 ../../hal/lpc2106-cmucam3\libhal-lpc2106-cmucam3.a(cc3.o)
 *fill*         0x40002d4a        0x2 
 .bss.heap_ptr  0x40002d4c        0x4 ../../hal/lpc2106-cmucam3\libhal-lpc2106-cmucam3.a(syscalls.o)
 .bss.started.4748
                0x40002d50        0x1 ../../hal/lpc2106-cmucam3\libhal-lpc2106-cmucam3.a(serial.o)
 *fill*         0x40002d51        0x3 
 .bss.servo_mask
                0x40002d54        0x4 ../../hal/lpc2106-cmucam3\libhal-lpc2106-cmucam3.a(servo.o)
 .bss.servo_tmp
                0x40002d58        0x4 ../../hal/lpc2106-cmucam3\libhal-lpc2106-cmucam3.a(servo.o)
 .bss.fcbs      0x40002d5c       0x14 ../../hal/lpc2106-cmucam3\libhal-lpc2106-cmucam3.a(mmc_driver.o)
 .bss           0x40002d70       0x34 c:/sourcery_codebench_lite_for_arm_eabi/bin/../lib/gcc/arm-none-eabi/4.8.1/../../../../arm-none-eabi/lib\libc.a(lib_a-mallocr.o)
                0x40002d70                __malloc_top_pad
                0x40002d74                __malloc_current_mallinfo
                0x40002d9c                __malloc_max_sbrked_mem
                0x40002da0                __malloc_max_total_mem
 .bss           0x40002da4        0x8 c:/sourcery_codebench_lite_for_arm_eabi/bin/../lib/gcc/arm-none-eabi/4.8.1/../../../../arm-none-eabi/lib\libc.a(lib_a-tzvars.o)
                0x40002da4                _timezone
                0x40002da8                _daylight
 *(COMMON)
 COMMON         0x40002dac        0x1 ../../hal/lpc2106-cmucam3\libhal-lpc2106-cmucam3.a(interrupt.o)
                0x40002dac                _cc3_button_trigger
 *fill*         0x40002dad        0x3 
 COMMON         0x40002db0       0x1b ../../hal/lpc2106-cmucam3\libhal-lpc2106-cmucam3.a(cc3.o)
                0x40002db0                cc3_g_pixbuf_frame
                0x40002dc8                cc3_g_current_pixel
 COMMON         0x40002dcb        0x2 ../../hal/lpc2106-cmucam3\libhal-lpc2106-cmucam3.a(serial.o)
                0x40002dcb                _cc3_uart1_binmode
                0x40002dcc                _cc3_uart0_binmode
 *fill*         0x40002dcd        0x3 
 COMMON         0x40002dd0       0x28 ../../hal/lpc2106-cmucam3\libhal-lpc2106-cmucam3.a(mmc_hardware.o)
                0x40002dd0                DriveDesc
 COMMON         0x40002df8        0x4 c:/sourcery_codebench_lite_for_arm_eabi/bin/../lib/gcc/arm-none-eabi/4.8.1/../../../../arm-none-eabi/lib\libc.a(lib_a-reent.o)
                0x40002df8                errno
 *(.ram.b)
                0x40002e00                . = ALIGN (0x8)
 *fill*         0x40002dfc        0x4 
                0x40002e00                _end = .
                0x40002e00                __end = .
                0x40010000                _heap_end = (ORIGIN (RAM) + 0x10000)

.stab
 *(.stab)

.stabstr
 *(.stabstr)

.debug
 *(.debug)

.line
 *(.line)

.debug_srcinfo
 *(.debug_srcinfo)

.debug_sfnames
 *(.debug_sfnames)

.debug_aranges  0x00000000      0x5f8
 *(.debug_aranges)
 .debug_aranges
                0x00000000       0x20 lpc2106-cmucam3_buildfiles/main.o
 .debug_aranges
                0x00000020       0x30 ../../lib/cc3-ilp\libcc3-ilp_lpc2106-cmucam3.a(cc3_ilp.o)
 .debug_aranges
                0x00000050       0x78 ../../hal/lpc2106-cmucam3\libhal-lpc2106-cmucam3.a(interrupt.o)
 .debug_aranges
                0x000000c8       0xd8 ../../hal/lpc2106-cmucam3\libhal-lpc2106-cmucam3.a(cc3.o)
 .debug_aranges
                0x000001a0       0x48 ../../hal/lpc2106-cmucam3\libhal-lpc2106-cmucam3.a(cc3_hal.o)
 .debug_aranges
                0x000001e8       0xc0 ../../hal/lpc2106-cmucam3\libhal-lpc2106-cmucam3.a(syscalls.o)
 .debug_aranges
                0x000002a8       0x88 ../../hal/lpc2106-cmucam3\libhal-lpc2106-cmucam3.a(serial.o)
 .debug_aranges
                0x00000330       0x38 ../../hal/lpc2106-cmucam3\libhal-lpc2106-cmucam3.a(servo.o)
 .debug_aranges
                0x00000368       0xe8 ../../hal/lpc2106-cmucam3\libhal-lpc2106-cmucam3.a(rdcf2.o)
 .debug_aranges
                0x00000450       0x40 ../../hal/lpc2106-cmucam3\libhal-lpc2106-cmucam3.a(mmc_hardware.o)
 .debug_aranges
                0x00000490       0x68 ../../hal/lpc2106-cmucam3\libhal-lpc2106-cmucam3.a(mmc_driver.o)
 .debug_aranges
                0x000004f8       0x38 ../../hal/lpc2106-cmucam3\libhal-lpc2106-cmucam3.a(gpio.o)
 .debug_aranges
                0x00000530       0x40 ../../hal/lpc2106-cmucam3\libhal-lpc2106-cmucam3.a(devices.o)
 .debug_aranges
                0x00000570       0x68 ../../hal/lpc2106-cmucam3\libhal-lpc2106-cmucam3.a(uart_driver.o)
 .debug_aranges
                0x000005d8       0x20 ../../hal/lpc2106-cmucam3\libhal-lpc2106-cmucam3.a(startup.o)

.debug_pubnames
 *(.debug_pubnames)

.debug_info     0x00000000     0xa3cb
 *(.debug_info .gnu.linkonce.wi.*)
 .debug_info    0x00000000     0x1517 lpc2106-cmucam3_buildfiles/main.o
 .debug_info    0x00001517      0x1ea ../../lib/cc3-ilp\libcc3-ilp_lpc2106-cmucam3.a(cc3_ilp.o)
 .debug_info    0x00001701      0x34a ../../hal/lpc2106-cmucam3\libhal-lpc2106-cmucam3.a(interrupt.o)
 .debug_info    0x00001a4b     0x1891 ../../hal/lpc2106-cmucam3\libhal-lpc2106-cmucam3.a(cc3.o)
 .debug_info    0x000032dc      0x1b1 ../../hal/lpc2106-cmucam3\libhal-lpc2106-cmucam3.a(cc3_hal.o)
 .debug_info    0x0000348d      0xda1 ../../hal/lpc2106-cmucam3\libhal-lpc2106-cmucam3.a(syscalls.o)
 .debug_info    0x0000422e      0xe46 ../../hal/lpc2106-cmucam3\libhal-lpc2106-cmucam3.a(serial.o)
 .debug_info    0x00005074      0x2c4 ../../hal/lpc2106-cmucam3\libhal-lpc2106-cmucam3.a(servo.o)
 .debug_info    0x00005338     0x2248 ../../hal/lpc2106-cmucam3\libhal-lpc2106-cmucam3.a(rdcf2.o)
 .debug_info    0x00007580      0xfe9 ../../hal/lpc2106-cmucam3\libhal-lpc2106-cmucam3.a(mmc_hardware.o)
 .debug_info    0x00008569      0xed2 ../../hal/lpc2106-cmucam3\libhal-lpc2106-cmucam3.a(mmc_driver.o)
 .debug_info    0x0000943b      0x1b3 ../../hal/lpc2106-cmucam3\libhal-lpc2106-cmucam3.a(gpio.o)
 .debug_info    0x000095ee      0x549 ../../hal/lpc2106-cmucam3\libhal-lpc2106-cmucam3.a(devices.o)
 .debug_info    0x00009b37      0x806 ../../hal/lpc2106-cmucam3\libhal-lpc2106-cmucam3.a(uart_driver.o)
 .debug_info    0x0000a33d       0x8e ../../hal/lpc2106-cmucam3\libhal-lpc2106-cmucam3.a(startup.o)

.debug_abbrev   0x00000000     0x2373
 *(.debug_abbrev)
 .debug_abbrev  0x00000000      0x2d4 lpc2106-cmucam3_buildfiles/main.o
 .debug_abbrev  0x000002d4       0xff ../../lib/cc3-ilp\libcc3-ilp_lpc2106-cmucam3.a(cc3_ilp.o)
 .debug_abbrev  0x000003d3      0x1a6 ../../hal/lpc2106-cmucam3\libhal-lpc2106-cmucam3.a(interrupt.o)
 .debug_abbrev  0x00000579      0x4a2 ../../hal/lpc2106-cmucam3\libhal-lpc2106-cmucam3.a(cc3.o)
 .debug_abbrev  0x00000a1b       0xb7 ../../hal/lpc2106-cmucam3\libhal-lpc2106-cmucam3.a(cc3_hal.o)
 .debug_abbrev  0x00000ad2      0x2eb ../../hal/lpc2106-cmucam3\libhal-lpc2106-cmucam3.a(syscalls.o)
 .debug_abbrev  0x00000dbd      0x415 ../../hal/lpc2106-cmucam3\libhal-lpc2106-cmucam3.a(serial.o)
 .debug_abbrev  0x000011d2      0x193 ../../hal/lpc2106-cmucam3\libhal-lpc2106-cmucam3.a(servo.o)
 .debug_abbrev  0x00001365      0x49a ../../hal/lpc2106-cmucam3\libhal-lpc2106-cmucam3.a(rdcf2.o)
 .debug_abbrev  0x000017ff      0x36f ../../hal/lpc2106-cmucam3\libhal-lpc2106-cmucam3.a(mmc_hardware.o)
 .debug_abbrev  0x00001b6e      0x2ee ../../hal/lpc2106-cmucam3\libhal-lpc2106-cmucam3.a(mmc_driver.o)
 .debug_abbrev  0x00001e5c      0x148 ../../hal/lpc2106-cmucam3\libhal-lpc2106-cmucam3.a(gpio.o)
 .debug_abbrev  0x00001fa4      0x164 ../../hal/lpc2106-cmucam3\libhal-lpc2106-cmucam3.a(devices.o)
 .debug_abbrev  0x00002108      0x257 ../../hal/lpc2106-cmucam3\libhal-lpc2106-cmucam3.a(uart_driver.o)
 .debug_abbrev  0x0000235f       0x14 ../../hal/lpc2106-cmucam3\libhal-lpc2106-cmucam3.a(startup.o)

.debug_line     0x00000000     0x2b85
 *(.debug_line)
 .debug_line    0x00000000      0x28c lpc2106-cmucam3_buildfiles/main.o
 .debug_line    0x0000028c      0x107 ../../lib/cc3-ilp\libcc3-ilp_lpc2106-cmucam3.a(cc3_ilp.o)
 .debug_line    0x00000393      0x239 ../../hal/lpc2106-cmucam3\libhal-lpc2106-cmucam3.a(interrupt.o)
 .debug_line    0x000005cc      0x728 ../../hal/lpc2106-cmucam3\libhal-lpc2106-cmucam3.a(cc3.o)
 .debug_line    0x00000cf4       0xfd ../../hal/lpc2106-cmucam3\libhal-lpc2106-cmucam3.a(cc3_hal.o)
 .debug_line    0x00000df1      0x386 ../../hal/lpc2106-cmucam3\libhal-lpc2106-cmucam3.a(syscalls.o)
 .debug_line    0x00001177      0x37e ../../hal/lpc2106-cmucam3\libhal-lpc2106-cmucam3.a(serial.o)
 .debug_line    0x000014f5      0x15c ../../hal/lpc2106-cmucam3\libhal-lpc2106-cmucam3.a(servo.o)
 .debug_line    0x00001651      0x8b1 ../../hal/lpc2106-cmucam3\libhal-lpc2106-cmucam3.a(rdcf2.o)
 .debug_line    0x00001f02      0x3d0 ../../hal/lpc2106-cmucam3\libhal-lpc2106-cmucam3.a(mmc_hardware.o)
 .debug_line    0x000022d2      0x328 ../../hal/lpc2106-cmucam3\libhal-lpc2106-cmucam3.a(mmc_driver.o)
 .debug_line    0x000025fa      0x106 ../../hal/lpc2106-cmucam3\libhal-lpc2106-cmucam3.a(gpio.o)
 .debug_line    0x00002700      0x165 ../../hal/lpc2106-cmucam3\libhal-lpc2106-cmucam3.a(devices.o)
 .debug_line    0x00002865      0x28e ../../hal/lpc2106-cmucam3\libhal-lpc2106-cmucam3.a(uart_driver.o)
 .debug_line    0x00002af3       0x92 ../../hal/lpc2106-cmucam3\libhal-lpc2106-cmucam3.a(startup.o)

.debug_frame    0x00000000     0x2424
 *(.debug_frame)
 .debug_frame   0x00000000       0x38 lpc2106-cmucam3_buildfiles/main.o
 .debug_frame   0x00000038       0x50 ../../lib/cc3-ilp\libcc3-ilp_lpc2106-cmucam3.a(cc3_ilp.o)
 .debug_frame   0x00000088      0x10c ../../hal/lpc2106-cmucam3\libhal-lpc2106-cmucam3.a(interrupt.o)
 .debug_frame   0x00000194      0x20c ../../hal/lpc2106-cmucam3\libhal-lpc2106-cmucam3.a(cc3.o)
 .debug_frame   0x000003a0       0xa0 ../../hal/lpc2106-cmucam3\libhal-lpc2106-cmucam3.a(cc3_hal.o)
 .debug_frame   0x00000440      0x1d0 ../../hal/lpc2106-cmucam3\libhal-lpc2106-cmucam3.a(syscalls.o)
 .debug_frame   0x00000610      0x134 ../../hal/lpc2106-cmucam3\libhal-lpc2106-cmucam3.a(serial.o)
 .debug_frame   0x00000744       0x64 ../../hal/lpc2106-cmucam3\libhal-lpc2106-cmucam3.a(servo.o)
 .debug_frame   0x000007a8      0x320 ../../hal/lpc2106-cmucam3\libhal-lpc2106-cmucam3.a(rdcf2.o)
 .debug_frame   0x00000ac8       0x98 ../../hal/lpc2106-cmucam3\libhal-lpc2106-cmucam3.a(mmc_hardware.o)
 .debug_frame   0x00000b60      0x114 ../../hal/lpc2106-cmucam3\libhal-lpc2106-cmucam3.a(mmc_driver.o)
 .debug_frame   0x00000c74       0x58 ../../hal/lpc2106-cmucam3\libhal-lpc2106-cmucam3.a(gpio.o)
 .debug_frame   0x00000ccc       0x70 ../../hal/lpc2106-cmucam3\libhal-lpc2106-cmucam3.a(devices.o)
 .debug_frame   0x00000d3c       0xe8 ../../hal/lpc2106-cmucam3\libhal-lpc2106-cmucam3.a(uart_driver.o)
 .debug_frame   0x00000e24       0x20 c:/sourcery_codebench_lite_for_arm_eabi/bin/../lib/gcc/arm-none-eabi/4.8.1\libgcc.a(_udivsi3.o)
 .debug_frame   0x00000e44       0x20 c:/sourcery_codebench_lite_for_arm_eabi/bin/../lib/gcc/arm-none-eabi/4.8.1\libgcc.a(_divsi3.o)
 .debug_frame   0x00000e64       0x28 c:/sourcery_codebench_lite_for_arm_eabi/bin/../lib/gcc/arm-none-eabi/4.8.1/../../../../arm-none-eabi/lib\libc.a(lib_a-calloc.o)
 .debug_frame   0x00000e8c       0x28 c:/sourcery_codebench_lite_for_arm_eabi/bin/../lib/gcc/arm-none-eabi/4.8.1/../../../../arm-none-eabi/lib\libc.a(lib_a-callocr.o)
 .debug_frame   0x00000eb4       0x28 c:/sourcery_codebench_lite_for_arm_eabi/bin/../lib/gcc/arm-none-eabi/4.8.1/../../../../arm-none-eabi/lib\libc.a(lib_a-exit.o)
 .debug_frame   0x00000edc       0x3c c:/sourcery_codebench_lite_for_arm_eabi/bin/../lib/gcc/arm-none-eabi/4.8.1/../../../../arm-none-eabi/lib\libc.a(lib_a-fclose.o)
 .debug_frame   0x00000f18       0x64 c:/sourcery_codebench_lite_for_arm_eabi/bin/../lib/gcc/arm-none-eabi/4.8.1/../../../../arm-none-eabi/lib\libc.a(lib_a-fflush.o)
 .debug_frame   0x00000f7c       0x48 c:/sourcery_codebench_lite_for_arm_eabi/bin/../lib/gcc/arm-none-eabi/4.8.1/../../../../arm-none-eabi/lib\libc.a(lib_a-fgetc.o)
 .debug_frame   0x00000fc4      0x130 c:/sourcery_codebench_lite_for_arm_eabi/bin/../lib/gcc/arm-none-eabi/4.8.1/../../../../arm-none-eabi/lib\libc.a(lib_a-findfp.o)
 .debug_frame   0x000010f4       0x54 c:/sourcery_codebench_lite_for_arm_eabi/bin/../lib/gcc/arm-none-eabi/4.8.1/../../../../arm-none-eabi/lib\libc.a(lib_a-fiprintf.o)
 .debug_frame   0x00001148       0x40 c:/sourcery_codebench_lite_for_arm_eabi/bin/../lib/gcc/arm-none-eabi/4.8.1/../../../../arm-none-eabi/lib\libc.a(lib_a-fopen.o)
 .debug_frame   0x00001188       0x50 c:/sourcery_codebench_lite_for_arm_eabi/bin/../lib/gcc/arm-none-eabi/4.8.1/../../../../arm-none-eabi/lib\libc.a(lib_a-freer.o)
 .debug_frame   0x000011d8       0x40 c:/sourcery_codebench_lite_for_arm_eabi/bin/../lib/gcc/arm-none-eabi/4.8.1/../../../../arm-none-eabi/lib\libc.a(lib_a-fseek.o)
 .debug_frame   0x00001218       0x50 c:/sourcery_codebench_lite_for_arm_eabi/bin/../lib/gcc/arm-none-eabi/4.8.1/../../../../arm-none-eabi/lib\libc.a(lib_a-fseeko.o)
 .debug_frame   0x00001268       0x2c c:/sourcery_codebench_lite_for_arm_eabi/bin/../lib/gcc/arm-none-eabi/4.8.1/../../../../arm-none-eabi/lib\libc.a(lib_a-fstatr.o)
 .debug_frame   0x00001294       0x54 c:/sourcery_codebench_lite_for_arm_eabi/bin/../lib/gcc/arm-none-eabi/4.8.1/../../../../arm-none-eabi/lib\libc.a(lib_a-fwalk.o)
 .debug_frame   0x000012e8       0x58 c:/sourcery_codebench_lite_for_arm_eabi/bin/../lib/gcc/arm-none-eabi/4.8.1/../../../../arm-none-eabi/lib\libc.a(lib_a-iprintf.o)
 .debug_frame   0x00001340       0x58 c:/sourcery_codebench_lite_for_arm_eabi/bin/../lib/gcc/arm-none-eabi/4.8.1/../../../../arm-none-eabi/lib\libc.a(lib_a-iscanf.o)
 .debug_frame   0x00001398       0x28 c:/sourcery_codebench_lite_for_arm_eabi/bin/../lib/gcc/arm-none-eabi/4.8.1/../../../../arm-none-eabi/lib\libc.a(lib_a-lcltime_r.o)
 .debug_frame   0x000013c0       0x30 c:/sourcery_codebench_lite_for_arm_eabi/bin/../lib/gcc/arm-none-eabi/4.8.1/../../../../arm-none-eabi/lib\libc.a(lib_a-makebuf.o)
 .debug_frame   0x000013f0       0x40 c:/sourcery_codebench_lite_for_arm_eabi/bin/../lib/gcc/arm-none-eabi/4.8.1/../../../../arm-none-eabi/lib\libc.a(lib_a-malloc.o)
 .debug_frame   0x00001430       0x38 c:/sourcery_codebench_lite_for_arm_eabi/bin/../lib/gcc/arm-none-eabi/4.8.1/../../../../arm-none-eabi/lib\libc.a(lib_a-mallocr.o)
 .debug_frame   0x00001468       0x28 c:/sourcery_codebench_lite_for_arm_eabi/bin/../lib/gcc/arm-none-eabi/4.8.1/../../../../arm-none-eabi/lib\libc.a(lib_a-memcmp.o)
 .debug_frame   0x00001490       0x2c c:/sourcery_codebench_lite_for_arm_eabi/bin/../lib/gcc/arm-none-eabi/4.8.1/../../../../arm-none-eabi/lib\libc.a(lib_a-memcpy-stub.o)
 .debug_frame   0x000014bc       0x2c c:/sourcery_codebench_lite_for_arm_eabi/bin/../lib/gcc/arm-none-eabi/4.8.1/../../../../arm-none-eabi/lib\libc.a(lib_a-memset.o)
 .debug_frame   0x000014e8       0x5c c:/sourcery_codebench_lite_for_arm_eabi/bin/../lib/gcc/arm-none-eabi/4.8.1/../../../../arm-none-eabi/lib\libc.a(lib_a-mktm_r.o)
 .debug_frame   0x00001544       0x30 c:/sourcery_codebench_lite_for_arm_eabi/bin/../lib/gcc/arm-none-eabi/4.8.1/../../../../arm-none-eabi/lib\libc.a(lib_a-mlock.o)
 .debug_frame   0x00001574       0x2c c:/sourcery_codebench_lite_for_arm_eabi/bin/../lib/gcc/arm-none-eabi/4.8.1/../../../../arm-none-eabi/lib\libc.a(lib_a-openr.o)
 .debug_frame   0x000015a0       0x3c c:/sourcery_codebench_lite_for_arm_eabi/bin/../lib/gcc/arm-none-eabi/4.8.1/../../../../arm-none-eabi/lib\libc.a(lib_a-perror.o)
 .debug_frame   0x000015dc       0x48 c:/sourcery_codebench_lite_for_arm_eabi/bin/../lib/gcc/arm-none-eabi/4.8.1/../../../../arm-none-eabi/lib\libc.a(lib_a-reent.o)
 .debug_frame   0x00001624       0x48 c:/sourcery_codebench_lite_for_arm_eabi/bin/../lib/gcc/arm-none-eabi/4.8.1/../../../../arm-none-eabi/lib\libc.a(lib_a-refill.o)
 .debug_frame   0x0000166c       0x3c c:/sourcery_codebench_lite_for_arm_eabi/bin/../lib/gcc/arm-none-eabi/4.8.1/../../../../arm-none-eabi/lib\libc.a(lib_a-rget.o)
 .debug_frame   0x000016a8       0x2c c:/sourcery_codebench_lite_for_arm_eabi/bin/../lib/gcc/arm-none-eabi/4.8.1/../../../../arm-none-eabi/lib\libc.a(lib_a-sbrkr.o)
 .debug_frame   0x000016d4       0x28 c:/sourcery_codebench_lite_for_arm_eabi/bin/../lib/gcc/arm-none-eabi/4.8.1/../../../../arm-none-eabi/lib\libc.a(lib_a-setbuf.o)
 .debug_frame   0x000016fc       0x34 c:/sourcery_codebench_lite_for_arm_eabi/bin/../lib/gcc/arm-none-eabi/4.8.1/../../../../arm-none-eabi/lib\libc.a(lib_a-setvbuf.o)
 .debug_frame   0x00001730       0x5c c:/sourcery_codebench_lite_for_arm_eabi/bin/../lib/gcc/arm-none-eabi/4.8.1/../../../../arm-none-eabi/lib\libc.a(lib_a-sniprintf.o)
 .debug_frame   0x0000178c       0x88 c:/sourcery_codebench_lite_for_arm_eabi/bin/../lib/gcc/arm-none-eabi/4.8.1/../../../../arm-none-eabi/lib\libc.a(lib_a-stdio.o)
 .debug_frame   0x00001814       0x28 c:/sourcery_codebench_lite_for_arm_eabi/bin/../lib/gcc/arm-none-eabi/4.8.1/../../../../arm-none-eabi/lib\libc.a(lib_a-strdup.o)
 .debug_frame   0x0000183c       0x2c c:/sourcery_codebench_lite_for_arm_eabi/bin/../lib/gcc/arm-none-eabi/4.8.1/../../../../arm-none-eabi/lib\libc.a(lib_a-strdup_r.o)
 .debug_frame   0x00001868       0x38 c:/sourcery_codebench_lite_for_arm_eabi/bin/../lib/gcc/arm-none-eabi/4.8.1/../../../../arm-none-eabi/lib\libc.a(lib_a-strerror.o)
 .debug_frame   0x000018a0       0x20 c:/sourcery_codebench_lite_for_arm_eabi/bin/../lib/gcc/arm-none-eabi/4.8.1/../../../../arm-none-eabi/lib\libc.a(lib_a-strlen.o)
 .debug_frame   0x000018c0       0x50 c:/sourcery_codebench_lite_for_arm_eabi/bin/../lib/gcc/arm-none-eabi/4.8.1/../../../../arm-none-eabi/lib\libc.a(lib_a-strtol.o)
 .debug_frame   0x00001910       0x64 c:/sourcery_codebench_lite_for_arm_eabi/bin/../lib/gcc/arm-none-eabi/4.8.1/../../../../arm-none-eabi/lib\libc.a(lib_a-svfiprintf.o)
 .debug_frame   0x00001974       0x28 c:/sourcery_codebench_lite_for_arm_eabi/bin/../lib/gcc/arm-none-eabi/4.8.1/../../../../arm-none-eabi/lib\libc.a(lib_a-sysgettod.o)
 .debug_frame   0x0000199c       0x30 c:/sourcery_codebench_lite_for_arm_eabi/bin/../lib/gcc/arm-none-eabi/4.8.1/../../../../arm-none-eabi/lib\libc.a(lib_a-tzlock.o)
 .debug_frame   0x000019cc       0x20 c:/sourcery_codebench_lite_for_arm_eabi/bin/../lib/gcc/arm-none-eabi/4.8.1/../../../../arm-none-eabi/lib\libc.a(lib_a-u_strerr.o)
 .debug_frame   0x000019ec       0xb8 c:/sourcery_codebench_lite_for_arm_eabi/bin/../lib/gcc/arm-none-eabi/4.8.1/../../../../arm-none-eabi/lib\libc.a(lib_a-vfiprintf.o)
 .debug_frame   0x00001aa4       0x90 c:/sourcery_codebench_lite_for_arm_eabi/bin/../lib/gcc/arm-none-eabi/4.8.1/../../../../arm-none-eabi/lib\libc.a(lib_a-vfiscanf.o)
 .debug_frame   0x00001b34       0x2c c:/sourcery_codebench_lite_for_arm_eabi/bin/../lib/gcc/arm-none-eabi/4.8.1/../../../../arm-none-eabi/lib\libc.a(lib_a-writer.o)
 .debug_frame   0x00001b60       0x2c c:/sourcery_codebench_lite_for_arm_eabi/bin/../lib/gcc/arm-none-eabi/4.8.1/../../../../arm-none-eabi/lib\libc.a(lib_a-wsetup.o)
 .debug_frame   0x00001b8c       0x50 c:/sourcery_codebench_lite_for_arm_eabi/bin/../lib/gcc/arm-none-eabi/4.8.1/../../../../arm-none-eabi/lib\libc.a(lib_a-__call_atexit.o)
 .debug_frame   0x00001bdc       0x28 c:/sourcery_codebench_lite_for_arm_eabi/bin/../lib/gcc/arm-none-eabi/4.8.1/../../../../arm-none-eabi/lib\libc.a(lib_a-atexit.o)
 .debug_frame   0x00001c04       0x2c c:/sourcery_codebench_lite_for_arm_eabi/bin/../lib/gcc/arm-none-eabi/4.8.1/../../../../arm-none-eabi/lib\libc.a(lib_a-closer.o)
 .debug_frame   0x00001c30       0x2c c:/sourcery_codebench_lite_for_arm_eabi/bin/../lib/gcc/arm-none-eabi/4.8.1/../../../../arm-none-eabi/lib\libc.a(lib_a-fini.o)
 .debug_frame   0x00001c5c       0x28 c:/sourcery_codebench_lite_for_arm_eabi/bin/../lib/gcc/arm-none-eabi/4.8.1/../../../../arm-none-eabi/lib\libc.a(lib_a-flags.o)
 .debug_frame   0x00001c84       0x48 c:/sourcery_codebench_lite_for_arm_eabi/bin/../lib/gcc/arm-none-eabi/4.8.1/../../../../arm-none-eabi/lib\libc.a(lib_a-fputc.o)
 .debug_frame   0x00001ccc       0x3c c:/sourcery_codebench_lite_for_arm_eabi/bin/../lib/gcc/arm-none-eabi/4.8.1/../../../../arm-none-eabi/lib\libc.a(lib_a-fputs.o)
 .debug_frame   0x00001d08       0x50 c:/sourcery_codebench_lite_for_arm_eabi/bin/../lib/gcc/arm-none-eabi/4.8.1/../../../../arm-none-eabi/lib\libc.a(lib_a-fputwc.o)
 .debug_frame   0x00001d58       0x54 c:/sourcery_codebench_lite_for_arm_eabi/bin/../lib/gcc/arm-none-eabi/4.8.1/../../../../arm-none-eabi/lib\libc.a(lib_a-fread.o)
 .debug_frame   0x00001dac       0x38 c:/sourcery_codebench_lite_for_arm_eabi/bin/../lib/gcc/arm-none-eabi/4.8.1/../../../../arm-none-eabi/lib\libc.a(lib_a-fvwrite.o)
 .debug_frame   0x00001de4       0x2c c:/sourcery_codebench_lite_for_arm_eabi/bin/../lib/gcc/arm-none-eabi/4.8.1/../../../../arm-none-eabi/lib\libc.a(lib_a-gettimeofdayr.o)
 .debug_frame   0x00001e10       0x20 c:/sourcery_codebench_lite_for_arm_eabi/bin/../lib/gcc/arm-none-eabi/4.8.1/../../../../arm-none-eabi/lib\libc.a(lib_a-gettzinfo.o)
 .debug_frame   0x00001e30       0x2c c:/sourcery_codebench_lite_for_arm_eabi/bin/../lib/gcc/arm-none-eabi/4.8.1/../../../../arm-none-eabi/lib\libc.a(lib_a-isattyr.o)
 .debug_frame   0x00001e5c       0x20 c:/sourcery_codebench_lite_for_arm_eabi/bin/../lib/gcc/arm-none-eabi/4.8.1/../../../../arm-none-eabi/lib\libc.a(lib_a-iswspace.o)
 .debug_frame   0x00001e7c       0x98 c:/sourcery_codebench_lite_for_arm_eabi/bin/../lib/gcc/arm-none-eabi/4.8.1/../../../../arm-none-eabi/lib\libc.a(lib_a-locale.o)
 .debug_frame   0x00001f14       0x2c c:/sourcery_codebench_lite_for_arm_eabi/bin/../lib/gcc/arm-none-eabi/4.8.1/../../../../arm-none-eabi/lib\libc.a(lib_a-lseekr.o)
 .debug_frame   0x00001f40       0x58 c:/sourcery_codebench_lite_for_arm_eabi/bin/../lib/gcc/arm-none-eabi/4.8.1/../../../../arm-none-eabi/lib\libc.a(lib_a-mbrtowc.o)
 .debug_frame   0x00001f98       0x48 c:/sourcery_codebench_lite_for_arm_eabi/bin/../lib/gcc/arm-none-eabi/4.8.1/../../../../arm-none-eabi/lib\libc.a(lib_a-mbtowc_r.o)
 .debug_frame   0x00001fe0       0x2c c:/sourcery_codebench_lite_for_arm_eabi/bin/../lib/gcc/arm-none-eabi/4.8.1/../../../../arm-none-eabi/lib\libc.a(lib_a-memchr-stub.o)
 .debug_frame   0x0000200c       0x2c c:/sourcery_codebench_lite_for_arm_eabi/bin/../lib/gcc/arm-none-eabi/4.8.1/../../../../arm-none-eabi/lib\libc.a(lib_a-memmove.o)
 .debug_frame   0x00002038       0x48 c:/sourcery_codebench_lite_for_arm_eabi/bin/../lib/gcc/arm-none-eabi/4.8.1/../../../../arm-none-eabi/lib\libc.a(lib_a-putc.o)
 .debug_frame   0x00002080       0x2c c:/sourcery_codebench_lite_for_arm_eabi/bin/../lib/gcc/arm-none-eabi/4.8.1/../../../../arm-none-eabi/lib\libc.a(lib_a-readr.o)
 .debug_frame   0x000020ac       0x38 c:/sourcery_codebench_lite_for_arm_eabi/bin/../lib/gcc/arm-none-eabi/4.8.1/../../../../arm-none-eabi/lib\libc.a(lib_a-reallocr.o)
 .debug_frame   0x000020e4       0x2c c:/sourcery_codebench_lite_for_arm_eabi/bin/../lib/gcc/arm-none-eabi/4.8.1/../../../../arm-none-eabi/lib\libc.a(lib_a-sccl.o)
 .debug_frame   0x00002110       0x38 c:/sourcery_codebench_lite_for_arm_eabi/bin/../lib/gcc/arm-none-eabi/4.8.1/../../../../arm-none-eabi/lib\libc.a(lib_a-strtoll_r.o)
 .debug_frame   0x00002148       0x50 c:/sourcery_codebench_lite_for_arm_eabi/bin/../lib/gcc/arm-none-eabi/4.8.1/../../../../arm-none-eabi/lib\libc.a(lib_a-strtoul.o)
 .debug_frame   0x00002198       0x38 c:/sourcery_codebench_lite_for_arm_eabi/bin/../lib/gcc/arm-none-eabi/4.8.1/../../../../arm-none-eabi/lib\libc.a(lib_a-strtoull_r.o)
 .debug_frame   0x000021d0       0x5c c:/sourcery_codebench_lite_for_arm_eabi/bin/../lib/gcc/arm-none-eabi/4.8.1/../../../../arm-none-eabi/lib\libc.a(lib_a-ungetc.o)
 .debug_frame   0x0000222c       0x3c c:/sourcery_codebench_lite_for_arm_eabi/bin/../lib/gcc/arm-none-eabi/4.8.1/../../../../arm-none-eabi/lib\libc.a(lib_a-wbuf.o)
 .debug_frame   0x00002268       0x58 c:/sourcery_codebench_lite_for_arm_eabi/bin/../lib/gcc/arm-none-eabi/4.8.1/../../../../arm-none-eabi/lib\libc.a(lib_a-wcrtomb.o)
 .debug_frame   0x000022c0       0x44 c:/sourcery_codebench_lite_for_arm_eabi/bin/../lib/gcc/arm-none-eabi/4.8.1/../../../../arm-none-eabi/lib\libc.a(lib_a-wctomb_r.o)
 .debug_frame   0x00002304       0x30 c:/sourcery_codebench_lite_for_arm_eabi/bin/../lib/gcc/arm-none-eabi/4.8.1/../../../../arm-none-eabi/lib\libc.a(lib_a-__atexit.o)
 .debug_frame   0x00002334       0x28 c:/sourcery_codebench_lite_for_arm_eabi/bin/../lib/gcc/arm-none-eabi/4.8.1\libgcc.a(_aeabi_uldivmod.o)
 .debug_frame   0x0000235c       0x58 c:/sourcery_codebench_lite_for_arm_eabi/bin/../lib/gcc/arm-none-eabi/4.8.1\libgcc.a(bpabi.o)
 .debug_frame   0x000023b4       0x38 c:/sourcery_codebench_lite_for_arm_eabi/bin/../lib/gcc/arm-none-eabi/4.8.1\libgcc.a(_divdi3.o)
 .debug_frame   0x000023ec       0x38 c:/sourcery_codebench_lite_for_arm_eabi/bin/../lib/gcc/arm-none-eabi/4.8.1\libgcc.a(_udivdi3.o)

.debug_str      0x00000000     0x20ee
 *(.debug_str)
 .debug_str     0x00000000      0xb62 lpc2106-cmucam3_buildfiles/main.o
                                0xc17 (size before relaxing)
 .debug_str     0x00000b62       0x8c ../../lib/cc3-ilp\libcc3-ilp_lpc2106-cmucam3.a(cc3_ilp.o)
                                0x224 (size before relaxing)
 .debug_str     0x00000bee      0x18c ../../hal/lpc2106-cmucam3\libhal-lpc2106-cmucam3.a(interrupt.o)
                                0x2fc (size before relaxing)
 .debug_str     0x00000d7a      0x35d ../../hal/lpc2106-cmucam3\libhal-lpc2106-cmucam3.a(cc3.o)
                                0x988 (size before relaxing)
 .debug_str     0x000010d7       0x1c ../../hal/lpc2106-cmucam3\libhal-lpc2106-cmucam3.a(cc3_hal.o)
                                0x228 (size before relaxing)
 .debug_str     0x000010f3      0x2c8 ../../hal/lpc2106-cmucam3\libhal-lpc2106-cmucam3.a(syscalls.o)
                                0x57d (size before relaxing)
 .debug_str     0x000013bb       0xfd ../../hal/lpc2106-cmucam3\libhal-lpc2106-cmucam3.a(serial.o)
                                0x8f7 (size before relaxing)
 .debug_str     0x000014b8       0xca ../../hal/lpc2106-cmucam3\libhal-lpc2106-cmucam3.a(servo.o)
                                0x2be (size before relaxing)
 .debug_str     0x00001582      0x5a8 ../../hal/lpc2106-cmucam3\libhal-lpc2106-cmucam3.a(rdcf2.o)
                                0x8b7 (size before relaxing)
 .debug_str     0x00001b2a      0x35f ../../hal/lpc2106-cmucam3\libhal-lpc2106-cmucam3.a(mmc_hardware.o)
                                0x654 (size before relaxing)
 .debug_str     0x00001e89       0xb9 ../../hal/lpc2106-cmucam3\libhal-lpc2106-cmucam3.a(mmc_driver.o)
                                0x76a (size before relaxing)
 .debug_str     0x00001f42       0xa7 ../../hal/lpc2106-cmucam3\libhal-lpc2106-cmucam3.a(gpio.o)
                                0x27d (size before relaxing)
 .debug_str     0x00001fe9       0x2f ../../hal/lpc2106-cmucam3\libhal-lpc2106-cmucam3.a(devices.o)
                                0x415 (size before relaxing)
 .debug_str     0x00002018       0xd6 ../../hal/lpc2106-cmucam3\libhal-lpc2106-cmucam3.a(uart_driver.o)
                                0x4cc (size before relaxing)

.debug_loc      0x00000000     0x5a29
 *(.debug_loc)
 .debug_loc     0x00000000      0x314 lpc2106-cmucam3_buildfiles/main.o
 .debug_loc     0x00000314      0x19b ../../lib/cc3-ilp\libcc3-ilp_lpc2106-cmucam3.a(cc3_ilp.o)
 .debug_loc     0x000004af       0x7b ../../hal/lpc2106-cmucam3\libhal-lpc2106-cmucam3.a(interrupt.o)
 .debug_loc     0x0000052a      0xd63 ../../hal/lpc2106-cmucam3\libhal-lpc2106-cmucam3.a(cc3.o)
 .debug_loc     0x0000128d      0x92d ../../hal/lpc2106-cmucam3\libhal-lpc2106-cmucam3.a(syscalls.o)
 .debug_loc     0x00001bba      0x4a7 ../../hal/lpc2106-cmucam3\libhal-lpc2106-cmucam3.a(serial.o)
 .debug_loc     0x00002061      0x266 ../../hal/lpc2106-cmucam3\libhal-lpc2106-cmucam3.a(servo.o)
 .debug_loc     0x000022c7     0x1e1f ../../hal/lpc2106-cmucam3\libhal-lpc2106-cmucam3.a(rdcf2.o)
 .debug_loc     0x000040e6      0x9db ../../hal/lpc2106-cmucam3\libhal-lpc2106-cmucam3.a(mmc_hardware.o)
 .debug_loc     0x00004ac1      0x755 ../../hal/lpc2106-cmucam3\libhal-lpc2106-cmucam3.a(mmc_driver.o)
 .debug_loc     0x00005216       0xe5 ../../hal/lpc2106-cmucam3\libhal-lpc2106-cmucam3.a(gpio.o)
 .debug_loc     0x000052fb      0x129 ../../hal/lpc2106-cmucam3\libhal-lpc2106-cmucam3.a(devices.o)
 .debug_loc     0x00005424      0x605 ../../hal/lpc2106-cmucam3\libhal-lpc2106-cmucam3.a(uart_driver.o)

.debug_macinfo
 *(.debug_macinfo)

.debug_weaknames
 *(.debug_weaknames)

.debug_funcnames
 *(.debug_funcnames)

.debug_typenames
 *(.debug_typenames)

.debug_varnames
 *(.debug_varnames)

.note.gnu.arm.ident
 *(.note.gnu.arm.ident)

.ARM.attributes
                0x00000000       0x2c
 *(.ARM.attributes)
 .ARM.attributes
                0x00000000       0x16 c:/sourcery_codebench_lite_for_arm_eabi/bin/../lib/gcc/arm-none-eabi/4.8.1/crti.o
 .ARM.attributes
                0x00000016       0x30 c:/sourcery_codebench_lite_for_arm_eabi/bin/../lib/gcc/arm-none-eabi/4.8.1/crtbegin.o
 .ARM.attributes
                0x00000046       0x32 lpc2106-cmucam3_buildfiles/main.o
 .ARM.attributes
                0x00000078       0x32 ../../lib/cc3-ilp\libcc3-ilp_lpc2106-cmucam3.a(cc3_ilp.o)
 .ARM.attributes
                0x000000aa       0x32 ../../hal/lpc2106-cmucam3\libhal-lpc2106-cmucam3.a(interrupt.o)
 .ARM.attributes
                0x000000dc       0x32 ../../hal/lpc2106-cmucam3\libhal-lpc2106-cmucam3.a(cc3.o)
 .ARM.attributes
                0x0000010e       0x32 ../../hal/lpc2106-cmucam3\libhal-lpc2106-cmucam3.a(cc3_hal.o)
 .ARM.attributes
                0x00000140       0x32 ../../hal/lpc2106-cmucam3\libhal-lpc2106-cmucam3.a(syscalls.o)
 .ARM.attributes
                0x00000172       0x32 ../../hal/lpc2106-cmucam3\libhal-lpc2106-cmucam3.a(serial.o)
 .ARM.attributes
                0x000001a4       0x32 ../../hal/lpc2106-cmucam3\libhal-lpc2106-cmucam3.a(servo.o)
 .ARM.attributes
                0x000001d6       0x32 ../../hal/lpc2106-cmucam3\libhal-lpc2106-cmucam3.a(rdcf2.o)
 .ARM.attributes
                0x00000208       0x32 ../../hal/lpc2106-cmucam3\libhal-lpc2106-cmucam3.a(mmc_hardware.o)
 .ARM.attributes
                0x0000023a       0x32 ../../hal/lpc2106-cmucam3\libhal-lpc2106-cmucam3.a(mmc_driver.o)
 .ARM.attributes
                0x0000026c       0x32 ../../hal/lpc2106-cmucam3\libhal-lpc2106-cmucam3.a(gpio.o)
 .ARM.attributes
                0x0000029e       0x32 ../../hal/lpc2106-cmucam3\libhal-lpc2106-cmucam3.a(devices.o)
 .ARM.attributes
                0x000002d0       0x32 ../../hal/lpc2106-cmucam3\libhal-lpc2106-cmucam3.a(uart_driver.o)
 .ARM.attributes
                0x00000302       0x22 ../../hal/lpc2106-cmucam3\libhal-lpc2106-cmucam3.a(startup.o)
 .ARM.attributes
                0x00000324       0x18 c:/sourcery_codebench_lite_for_arm_eabi/bin/../lib/gcc/arm-none-eabi/4.8.1\libgcc.a(_udivsi3.o)
 .ARM.attributes
                0x0000033c       0x18 c:/sourcery_codebench_lite_for_arm_eabi/bin/../lib/gcc/arm-none-eabi/4.8.1\libgcc.a(_divsi3.o)
 .ARM.attributes
                0x00000354       0x18 c:/sourcery_codebench_lite_for_arm_eabi/bin/../lib/gcc/arm-none-eabi/4.8.1\libgcc.a(_dvmd_tls.o)
 .ARM.attributes
                0x0000036c       0x30 c:/sourcery_codebench_lite_for_arm_eabi/bin/../lib/gcc/arm-none-eabi/4.8.1/../../../../arm-none-eabi/lib\libc.a(lib_a-calloc.o)
 .ARM.attributes
                0x0000039c       0x30 c:/sourcery_codebench_lite_for_arm_eabi/bin/../lib/gcc/arm-none-eabi/4.8.1/../../../../arm-none-eabi/lib\libc.a(lib_a-callocr.o)
 .ARM.attributes
                0x000003cc       0x30 c:/sourcery_codebench_lite_for_arm_eabi/bin/../lib/gcc/arm-none-eabi/4.8.1/../../../../arm-none-eabi/lib\libc.a(lib_a-ctype_.o)
 .ARM.attributes
                0x000003fc       0x30 c:/sourcery_codebench_lite_for_arm_eabi/bin/../lib/gcc/arm-none-eabi/4.8.1/../../../../arm-none-eabi/lib\libc.a(lib_a-exit.o)
 .ARM.attributes
                0x0000042c       0x30 c:/sourcery_codebench_lite_for_arm_eabi/bin/../lib/gcc/arm-none-eabi/4.8.1/../../../../arm-none-eabi/lib\libc.a(lib_a-fclose.o)
 .ARM.attributes
                0x0000045c       0x30 c:/sourcery_codebench_lite_for_arm_eabi/bin/../lib/gcc/arm-none-eabi/4.8.1/../../../../arm-none-eabi/lib\libc.a(lib_a-fflush.o)
 .ARM.attributes
                0x0000048c       0x30 c:/sourcery_codebench_lite_for_arm_eabi/bin/../lib/gcc/arm-none-eabi/4.8.1/../../../../arm-none-eabi/lib\libc.a(lib_a-fgetc.o)
 .ARM.attributes
                0x000004bc       0x30 c:/sourcery_codebench_lite_for_arm_eabi/bin/../lib/gcc/arm-none-eabi/4.8.1/../../../../arm-none-eabi/lib\libc.a(lib_a-findfp.o)
 .ARM.attributes
                0x000004ec       0x30 c:/sourcery_codebench_lite_for_arm_eabi/bin/../lib/gcc/arm-none-eabi/4.8.1/../../../../arm-none-eabi/lib\libc.a(lib_a-fiprintf.o)
 .ARM.attributes
                0x0000051c       0x30 c:/sourcery_codebench_lite_for_arm_eabi/bin/../lib/gcc/arm-none-eabi/4.8.1/../../../../arm-none-eabi/lib\libc.a(lib_a-fopen.o)
 .ARM.attributes
                0x0000054c       0x30 c:/sourcery_codebench_lite_for_arm_eabi/bin/../lib/gcc/arm-none-eabi/4.8.1/../../../../arm-none-eabi/lib\libc.a(lib_a-freer.o)
 .ARM.attributes
                0x0000057c       0x30 c:/sourcery_codebench_lite_for_arm_eabi/bin/../lib/gcc/arm-none-eabi/4.8.1/../../../../arm-none-eabi/lib\libc.a(lib_a-fseek.o)
 .ARM.attributes
                0x000005ac       0x30 c:/sourcery_codebench_lite_for_arm_eabi/bin/../lib/gcc/arm-none-eabi/4.8.1/../../../../arm-none-eabi/lib\libc.a(lib_a-fseeko.o)
 .ARM.attributes
                0x000005dc       0x30 c:/sourcery_codebench_lite_for_arm_eabi/bin/../lib/gcc/arm-none-eabi/4.8.1/../../../../arm-none-eabi/lib\libc.a(lib_a-fstatr.o)
 .ARM.attributes
                0x0000060c       0x30 c:/sourcery_codebench_lite_for_arm_eabi/bin/../lib/gcc/arm-none-eabi/4.8.1/../../../../arm-none-eabi/lib\libc.a(lib_a-fwalk.o)
 .ARM.attributes
                0x0000063c       0x30 c:/sourcery_codebench_lite_for_arm_eabi/bin/../lib/gcc/arm-none-eabi/4.8.1/../../../../arm-none-eabi/lib\libc.a(lib_a-impure.o)
 .ARM.attributes
                0x0000066c       0x30 c:/sourcery_codebench_lite_for_arm_eabi/bin/../lib/gcc/arm-none-eabi/4.8.1/../../../../arm-none-eabi/lib\libc.a(lib_a-iprintf.o)
 .ARM.attributes
                0x0000069c       0x30 c:/sourcery_codebench_lite_for_arm_eabi/bin/../lib/gcc/arm-none-eabi/4.8.1/../../../../arm-none-eabi/lib\libc.a(lib_a-iscanf.o)
 .ARM.attributes
                0x000006cc       0x30 c:/sourcery_codebench_lite_for_arm_eabi/bin/../lib/gcc/arm-none-eabi/4.8.1/../../../../arm-none-eabi/lib\libc.a(lib_a-lcltime_r.o)
 .ARM.attributes
                0x000006fc       0x30 c:/sourcery_codebench_lite_for_arm_eabi/bin/../lib/gcc/arm-none-eabi/4.8.1/../../../../arm-none-eabi/lib\libc.a(lib_a-makebuf.o)
 .ARM.attributes
                0x0000072c       0x30 c:/sourcery_codebench_lite_for_arm_eabi/bin/../lib/gcc/arm-none-eabi/4.8.1/../../../../arm-none-eabi/lib\libc.a(lib_a-malloc.o)
 .ARM.attributes
                0x0000075c       0x30 c:/sourcery_codebench_lite_for_arm_eabi/bin/../lib/gcc/arm-none-eabi/4.8.1/../../../../arm-none-eabi/lib\libc.a(lib_a-mallocr.o)
 .ARM.attributes
                0x0000078c       0x30 c:/sourcery_codebench_lite_for_arm_eabi/bin/../lib/gcc/arm-none-eabi/4.8.1/../../../../arm-none-eabi/lib\libc.a(lib_a-memcmp.o)
 .ARM.attributes
                0x000007bc       0x30 c:/sourcery_codebench_lite_for_arm_eabi/bin/../lib/gcc/arm-none-eabi/4.8.1/../../../../arm-none-eabi/lib\libc.a(lib_a-memcpy-stub.o)
 .ARM.attributes
                0x000007ec       0x30 c:/sourcery_codebench_lite_for_arm_eabi/bin/../lib/gcc/arm-none-eabi/4.8.1/../../../../arm-none-eabi/lib\libc.a(lib_a-memset.o)
 .ARM.attributes
                0x0000081c       0x30 c:/sourcery_codebench_lite_for_arm_eabi/bin/../lib/gcc/arm-none-eabi/4.8.1/../../../../arm-none-eabi/lib\libc.a(lib_a-mktm_r.o)
 .ARM.attributes
                0x0000084c       0x30 c:/sourcery_codebench_lite_for_arm_eabi/bin/../lib/gcc/arm-none-eabi/4.8.1/../../../../arm-none-eabi/lib\libc.a(lib_a-mlock.o)
 .ARM.attributes
                0x0000087c       0x30 c:/sourcery_codebench_lite_for_arm_eabi/bin/../lib/gcc/arm-none-eabi/4.8.1/../../../../arm-none-eabi/lib\libc.a(lib_a-openr.o)
 .ARM.attributes
                0x000008ac       0x30 c:/sourcery_codebench_lite_for_arm_eabi/bin/../lib/gcc/arm-none-eabi/4.8.1/../../../../arm-none-eabi/lib\libc.a(lib_a-perror.o)
 .ARM.attributes
                0x000008dc       0x30 c:/sourcery_codebench_lite_for_arm_eabi/bin/../lib/gcc/arm-none-eabi/4.8.1/../../../../arm-none-eabi/lib\libc.a(lib_a-reent.o)
 .ARM.attributes
                0x0000090c       0x30 c:/sourcery_codebench_lite_for_arm_eabi/bin/../lib/gcc/arm-none-eabi/4.8.1/../../../../arm-none-eabi/lib\libc.a(lib_a-refill.o)
 .ARM.attributes
                0x0000093c       0x30 c:/sourcery_codebench_lite_for_arm_eabi/bin/../lib/gcc/arm-none-eabi/4.8.1/../../../../arm-none-eabi/lib\libc.a(lib_a-rget.o)
 .ARM.attributes
                0x0000096c       0x30 c:/sourcery_codebench_lite_for_arm_eabi/bin/../lib/gcc/arm-none-eabi/4.8.1/../../../../arm-none-eabi/lib\libc.a(lib_a-sbrkr.o)
 .ARM.attributes
                0x0000099c       0x30 c:/sourcery_codebench_lite_for_arm_eabi/bin/../lib/gcc/arm-none-eabi/4.8.1/../../../../arm-none-eabi/lib\libc.a(lib_a-setbuf.o)
 .ARM.attributes
                0x000009cc       0x14 c:/sourcery_codebench_lite_for_arm_eabi/bin/../lib/gcc/arm-none-eabi/4.8.1/../../../../arm-none-eabi/lib\libc.a(lib_a-setjmp.o)
 .ARM.attributes
                0x000009e0       0x30 c:/sourcery_codebench_lite_for_arm_eabi/bin/../lib/gcc/arm-none-eabi/4.8.1/../../../../arm-none-eabi/lib\libc.a(lib_a-setvbuf.o)
 .ARM.attributes
                0x00000a10       0x30 c:/sourcery_codebench_lite_for_arm_eabi/bin/../lib/gcc/arm-none-eabi/4.8.1/../../../../arm-none-eabi/lib\libc.a(lib_a-sniprintf.o)
 .ARM.attributes
                0x00000a40       0x30 c:/sourcery_codebench_lite_for_arm_eabi/bin/../lib/gcc/arm-none-eabi/4.8.1/../../../../arm-none-eabi/lib\libc.a(lib_a-stdio.o)
 .ARM.attributes
                0x00000a70       0x30 c:/sourcery_codebench_lite_for_arm_eabi/bin/../lib/gcc/arm-none-eabi/4.8.1/../../../../arm-none-eabi/lib\libc.a(lib_a-strdup.o)
 .ARM.attributes
                0x00000aa0       0x30 c:/sourcery_codebench_lite_for_arm_eabi/bin/../lib/gcc/arm-none-eabi/4.8.1/../../../../arm-none-eabi/lib\libc.a(lib_a-strdup_r.o)
 .ARM.attributes
                0x00000ad0       0x30 c:/sourcery_codebench_lite_for_arm_eabi/bin/../lib/gcc/arm-none-eabi/4.8.1/../../../../arm-none-eabi/lib\libc.a(lib_a-strerror.o)
 .ARM.attributes
                0x00000b00       0x30 c:/sourcery_codebench_lite_for_arm_eabi/bin/../lib/gcc/arm-none-eabi/4.8.1/../../../../arm-none-eabi/lib\libc.a(lib_a-strlen.o)
 .ARM.attributes
                0x00000b30       0x30 c:/sourcery_codebench_lite_for_arm_eabi/bin/../lib/gcc/arm-none-eabi/4.8.1/../../../../arm-none-eabi/lib\libc.a(lib_a-strtol.o)
 .ARM.attributes
                0x00000b60       0x30 c:/sourcery_codebench_lite_for_arm_eabi/bin/../lib/gcc/arm-none-eabi/4.8.1/../../../../arm-none-eabi/lib\libc.a(lib_a-svfiprintf.o)
 .ARM.attributes
                0x00000b90       0x30 c:/sourcery_codebench_lite_for_arm_eabi/bin/../lib/gcc/arm-none-eabi/4.8.1/../../../../arm-none-eabi/lib\libc.a(lib_a-sysgettod.o)
 .ARM.attributes
                0x00000bc0       0x30 c:/sourcery_codebench_lite_for_arm_eabi/bin/../lib/gcc/arm-none-eabi/4.8.1/../../../../arm-none-eabi/lib\libc.a(lib_a-tzlock.o)
 .ARM.attributes
                0x00000bf0       0x30 c:/sourcery_codebench_lite_for_arm_eabi/bin/../lib/gcc/arm-none-eabi/4.8.1/../../../../arm-none-eabi/lib\libc.a(lib_a-tzvars.o)
 .ARM.attributes
                0x00000c20       0x30 c:/sourcery_codebench_lite_for_arm_eabi/bin/../lib/gcc/arm-none-eabi/4.8.1/../../../../arm-none-eabi/lib\libc.a(lib_a-u_strerr.o)
 .ARM.attributes
                0x00000c50       0x30 c:/sourcery_codebench_lite_for_arm_eabi/bin/../lib/gcc/arm-none-eabi/4.8.1/../../../../arm-none-eabi/lib\libc.a(lib_a-vfiprintf.o)
 .ARM.attributes
                0x00000c80       0x30 c:/sourcery_codebench_lite_for_arm_eabi/bin/../lib/gcc/arm-none-eabi/4.8.1/../../../../arm-none-eabi/lib\libc.a(lib_a-vfiscanf.o)
 .ARM.attributes